15:55:32 | === campaign: basyx / identity-on ===
parity OK: lib/ + scenarios/ + orchestration/ + tools/ identical to /home/rohitj/edc/benchmarking-dsp-native-basyx/k6-scripts
15:55:33 | parity OK against /home/rohitj/edc/benchmarking-dsp-native-basyx/k6-scripts
15:55:33 | preflight OK (consumer API + Prometheus)
15:55:33 | identity bootstrap (identity-setup.js)

         /\      Grafana   /‾‾/  
    /\  /  \     |\  __   /  /   
   /  \/    \    | |/ /  /   ‾‾\ 
  /          \   |   (  |  (‾)  |
 / __________ \  |_|\_\  \_____/ 


     execution: local
        script: /home/rohitj/edc/benchmarking-dsp-native-basyx/k6-scripts/identity-setup.js
        output: -

     scenarios: (100.00%) 1 scenario, 1 max VUs, 10m30s max duration (incl. graceful stop):
              * default: 1 iterations shared among 1 VUs (maxDuration: 10m0s, gracefulStop: 30s)

time="2026-08-03T15:55:33Z" level=info msg="\n=== DCP identity bootstrap (host: localhost) ===\n" source=console
time="2026-08-03T15:55:33Z" level=warning msg="Request Failed" error="Post \"http://localhost:10100/api/identity/v1alpha/participants\": dial tcp 127.0.0.1:10100: connect: connection refused"
time="2026-08-03T15:55:33Z" level=info msg="  ...waiting for identity services (attempt 1/30, status 0)" source=console

running (00m01.0s), 1/1 VUs, 0 complete and 0 interrupted iterations
default   [   0% ] 1 VUs  00m01.0s/10m0s  0/1 shared iters

running (00m02.0s), 1/1 VUs, 0 complete and 0 interrupted iterations
default   [   0% ] 1 VUs  00m02.0s/10m0s  0/1 shared iters
time="2026-08-03T15:55:35Z" level=warning msg="Request Failed" error="Post \"http://localhost:10100/api/identity/v1alpha/participants\": dial tcp 127.0.0.1:10100: connect: connection refused"
time="2026-08-03T15:55:35Z" level=info msg="  ...waiting for identity services (attempt 2/30, status 0)" source=console

running (00m03.0s), 1/1 VUs, 0 complete and 0 interrupted iterations
default   [   0% ] 1 VUs  00m03.0s/10m0s  0/1 shared iters

running (00m04.0s), 1/1 VUs, 0 complete and 0 interrupted iterations
default   [   0% ] 1 VUs  00m04.0s/10m0s  0/1 shared iters
time="2026-08-03T15:55:37Z" level=warning msg="Request Failed" error="Post \"http://localhost:10100/api/identity/v1alpha/participants\": dial tcp 127.0.0.1:10100: connect: connection refused"
time="2026-08-03T15:55:37Z" level=info msg="  ...waiting for identity services (attempt 3/30, status 0)" source=console


  █ TOTAL RESULTS 

    HTTP
    http_req_duration...: avg=0s min=0s med=0s max=0s p(90)=0s p(95)=0s
    http_req_failed.....: 100.00% 3 out of 3
    http_reqs...........: 3       0.669537/s

    EXECUTION
    vus.................: 1       min=1      max=1
    vus_max.............: 1       min=1      max=1

    NETWORK
    data_received.......: 0 B     0 B/s
    data_sent...........: 0 B     0 B/s




running (00m04.5s), 0/1 VUs, 0 complete and 1 interrupted iterations
default ✗ [   0% ] 1 VUs  00m04.5s/10m0s  0/1 shared iters
time="2026-08-03T15:55:37Z" level=error msg="test run was aborted because k6 received a 'interrupt' signal"
15:55:37 | ERROR: identity bootstrap failed — see /home/rohitj/edc/benchmarking-dsp-native-basyx/k6-scripts/results/basyx/campaign-on-2026-08-03T15-55-32Z.log
