----- basyx / steady (rep 1) -----
>>> basyx / steady  ->  /home/rohitj/edc/benchmarking-dsp-native-basyx/k6-scripts/results/basyx/off/steady/2026-08-03T15-59-14Z
parity OK: lib/ + scenarios/ + orchestration/ + tools/ identical to /home/rohitj/edc/benchmarking-dsp-native-basyx/k6-scripts
Health: http://localhost:8090/dsp http://localhost:8888/health + prometheus  OK
Warmup 60s @ 2/s (discarded)
k6 -> Prometheus remote-write: http://localhost:9090/api/v1/write

         /\      Grafana   /‾‾/  
    /\  /  \     |\  __   /  /   
   /  \/    \    | |/ /  /   ‾‾\ 
  /          \   |   (  |  (‾)  |
 / __________ \  |_|\_\  \_____/ 


     execution: local
        script: /home/rohitj/edc/benchmarking-dsp-native-basyx/k6-scripts/basyx-off/steady.js
        output: Prometheus remote write (http://localhost:9090/api/v1/write)

     scenarios: (100.00%) 1 scenario, 200 max VUs, 5m30s max duration (incl. graceful stop):
              * steady: 2.00 iterations/s for 5m0s (maxVUs: 50-200, gracefulStop: 30s)


running (0m01.0s), 001/050 VUs, 1 complete and 0 interrupted iterations
steady   [   0% ] 001/050 VUs  0m00.8s/5m0s  2.00 iters/s

running (0m02.0s), 001/050 VUs, 3 complete and 0 interrupted iterations
steady   [   1% ] 001/050 VUs  0m01.8s/5m0s  2.00 iters/s

running (0m03.0s), 001/050 VUs, 5 complete and 0 interrupted iterations
steady   [   1% ] 001/050 VUs  0m02.8s/5m0s  2.00 iters/s

running (0m04.0s), 001/050 VUs, 7 complete and 0 interrupted iterations
steady   [   1% ] 001/050 VUs  0m03.8s/5m0s  2.00 iters/s

running (0m05.0s), 001/050 VUs, 9 complete and 0 interrupted iterations
steady   [   2% ] 001/050 VUs  0m04.8s/5m0s  2.00 iters/s

running (0m06.0s), 001/050 VUs, 11 complete and 0 interrupted iterations
steady   [   2% ] 001/050 VUs  0m05.8s/5m0s  2.00 iters/s

running (0m07.0s), 001/050 VUs, 13 complete and 0 interrupted iterations
steady   [   2% ] 001/050 VUs  0m06.8s/5m0s  2.00 iters/s

running (0m08.0s), 001/050 VUs, 15 complete and 0 interrupted iterations
steady   [   3% ] 001/050 VUs  0m07.8s/5m0s  2.00 iters/s

running (0m09.0s), 001/050 VUs, 17 complete and 0 interrupted iterations
steady   [   3% ] 001/050 VUs  0m08.8s/5m0s  2.00 iters/s

running (0m10.0s), 001/050 VUs, 19 complete and 0 interrupted iterations
steady   [   3% ] 001/050 VUs  0m09.8s/5m0s  2.00 iters/s

running (0m11.0s), 001/050 VUs, 21 complete and 0 interrupted iterations
steady   [   4% ] 001/050 VUs  0m10.8s/5m0s  2.00 iters/s

running (0m12.0s), 001/050 VUs, 23 complete and 0 interrupted iterations
steady   [   4% ] 001/050 VUs  0m11.8s/5m0s  2.00 iters/s

running (0m13.0s), 001/050 VUs, 25 complete and 0 interrupted iterations
steady   [   4% ] 001/050 VUs  0m12.8s/5m0s  2.00 iters/s

running (0m14.0s), 001/050 VUs, 27 complete and 0 interrupted iterations
steady   [   5% ] 001/050 VUs  0m13.8s/5m0s  2.00 iters/s

running (0m15.0s), 001/050 VUs, 29 complete and 0 interrupted iterations
steady   [   5% ] 001/050 VUs  0m14.8s/5m0s  2.00 iters/s

running (0m16.0s), 001/050 VUs, 31 complete and 0 interrupted iterations
steady   [   5% ] 001/050 VUs  0m15.8s/5m0s  2.00 iters/s

running (0m17.0s), 001/050 VUs, 33 complete and 0 interrupted iterations
steady   [   6% ] 001/050 VUs  0m16.8s/5m0s  2.00 iters/s

running (0m18.0s), 001/050 VUs, 35 complete and 0 interrupted iterations
steady   [   6% ] 001/050 VUs  0m17.8s/5m0s  2.00 iters/s

running (0m19.0s), 001/050 VUs, 37 complete and 0 interrupted iterations
steady   [   6% ] 001/050 VUs  0m18.8s/5m0s  2.00 iters/s

running (0m20.0s), 001/050 VUs, 39 complete and 0 interrupted iterations
steady   [   7% ] 001/050 VUs  0m19.8s/5m0s  2.00 iters/s

running (0m21.0s), 001/050 VUs, 41 complete and 0 interrupted iterations
steady   [   7% ] 001/050 VUs  0m20.8s/5m0s  2.00 iters/s

running (0m22.0s), 001/050 VUs, 43 complete and 0 interrupted iterations
steady   [   7% ] 001/050 VUs  0m21.8s/5m0s  2.00 iters/s

running (0m23.0s), 001/050 VUs, 45 complete and 0 interrupted iterations
steady   [   8% ] 001/050 VUs  0m22.8s/5m0s  2.00 iters/s

running (0m24.0s), 001/050 VUs, 47 complete and 0 interrupted iterations
steady   [   8% ] 001/050 VUs  0m23.8s/5m0s  2.00 iters/s

running (0m25.0s), 001/050 VUs, 49 complete and 0 interrupted iterations
steady   [   8% ] 001/050 VUs  0m24.8s/5m0s  2.00 iters/s

running (0m26.0s), 001/050 VUs, 51 complete and 0 interrupted iterations
steady   [   9% ] 001/050 VUs  0m25.8s/5m0s  2.00 iters/s

running (0m27.0s), 001/050 VUs, 53 complete and 0 interrupted iterations
steady   [   9% ] 001/050 VUs  0m26.8s/5m0s  2.00 iters/s

running (0m28.0s), 001/050 VUs, 55 complete and 0 interrupted iterations
steady   [   9% ] 001/050 VUs  0m27.8s/5m0s  2.00 iters/s

running (0m29.0s), 001/050 VUs, 57 complete and 0 interrupted iterations
steady   [  10% ] 001/050 VUs  0m28.8s/5m0s  2.00 iters/s

running (0m30.0s), 001/050 VUs, 59 complete and 0 interrupted iterations
steady   [  10% ] 001/050 VUs  0m29.8s/5m0s  2.00 iters/s

running (0m31.0s), 001/050 VUs, 61 complete and 0 interrupted iterations
steady   [  10% ] 001/050 VUs  0m30.8s/5m0s  2.00 iters/s

running (0m32.0s), 001/050 VUs, 63 complete and 0 interrupted iterations
steady   [  11% ] 001/050 VUs  0m31.8s/5m0s  2.00 iters/s

running (0m33.0s), 001/050 VUs, 65 complete and 0 interrupted iterations
steady   [  11% ] 001/050 VUs  0m32.8s/5m0s  2.00 iters/s

running (0m34.0s), 001/050 VUs, 67 complete and 0 interrupted iterations
steady   [  11% ] 001/050 VUs  0m33.8s/5m0s  2.00 iters/s

running (0m35.0s), 001/050 VUs, 69 complete and 0 interrupted iterations
steady   [  12% ] 001/050 VUs  0m34.8s/5m0s  2.00 iters/s

running (0m36.0s), 001/050 VUs, 71 complete and 0 interrupted iterations
steady   [  12% ] 001/050 VUs  0m35.8s/5m0s  2.00 iters/s

running (0m37.0s), 001/050 VUs, 73 complete and 0 interrupted iterations
steady   [  12% ] 001/050 VUs  0m36.8s/5m0s  2.00 iters/s

running (0m38.0s), 001/050 VUs, 75 complete and 0 interrupted iterations
steady   [  13% ] 001/050 VUs  0m37.8s/5m0s  2.00 iters/s

running (0m39.0s), 001/050 VUs, 77 complete and 0 interrupted iterations
steady   [  13% ] 001/050 VUs  0m38.8s/5m0s  2.00 iters/s

running (0m40.0s), 001/050 VUs, 79 complete and 0 interrupted iterations
steady   [  13% ] 001/050 VUs  0m39.8s/5m0s  2.00 iters/s

running (0m41.0s), 001/050 VUs, 81 complete and 0 interrupted iterations
steady   [  14% ] 001/050 VUs  0m40.8s/5m0s  2.00 iters/s

running (0m42.0s), 001/050 VUs, 83 complete and 0 interrupted iterations
steady   [  14% ] 001/050 VUs  0m41.8s/5m0s  2.00 iters/s

running (0m43.0s), 001/050 VUs, 85 complete and 0 interrupted iterations
steady   [  14% ] 001/050 VUs  0m42.8s/5m0s  2.00 iters/s

running (0m44.0s), 001/050 VUs, 87 complete and 0 interrupted iterations
steady   [  15% ] 001/050 VUs  0m43.8s/5m0s  2.00 iters/s

running (0m45.0s), 001/050 VUs, 89 complete and 0 interrupted iterations
steady   [  15% ] 001/050 VUs  0m44.8s/5m0s  2.00 iters/s

running (0m46.0s), 001/050 VUs, 91 complete and 0 interrupted iterations
steady   [  15% ] 001/050 VUs  0m45.8s/5m0s  2.00 iters/s

running (0m47.0s), 001/050 VUs, 93 complete and 0 interrupted iterations
steady   [  16% ] 001/050 VUs  0m46.8s/5m0s  2.00 iters/s

running (0m48.0s), 001/050 VUs, 95 complete and 0 interrupted iterations
steady   [  16% ] 001/050 VUs  0m47.8s/5m0s  2.00 iters/s

running (0m49.0s), 001/050 VUs, 97 complete and 0 interrupted iterations
steady   [  16% ] 001/050 VUs  0m48.8s/5m0s  2.00 iters/s

running (0m50.0s), 001/050 VUs, 99 complete and 0 interrupted iterations
steady   [  17% ] 001/050 VUs  0m49.8s/5m0s  2.00 iters/s

running (0m51.0s), 001/050 VUs, 101 complete and 0 interrupted iterations
steady   [  17% ] 001/050 VUs  0m50.8s/5m0s  2.00 iters/s

running (0m52.0s), 001/050 VUs, 103 complete and 0 interrupted iterations
steady   [  17% ] 001/050 VUs  0m51.8s/5m0s  2.00 iters/s

running (0m53.0s), 001/050 VUs, 105 complete and 0 interrupted iterations
steady   [  18% ] 001/050 VUs  0m52.8s/5m0s  2.00 iters/s

running (0m54.0s), 001/050 VUs, 107 complete and 0 interrupted iterations
steady   [  18% ] 001/050 VUs  0m53.8s/5m0s  2.00 iters/s

running (0m55.0s), 001/050 VUs, 109 complete and 0 interrupted iterations
steady   [  18% ] 001/050 VUs  0m54.8s/5m0s  2.00 iters/s

running (0m56.0s), 001/050 VUs, 111 complete and 0 interrupted iterations
steady   [  19% ] 001/050 VUs  0m55.8s/5m0s  2.00 iters/s

running (0m57.0s), 001/050 VUs, 113 complete and 0 interrupted iterations
steady   [  19% ] 001/050 VUs  0m56.8s/5m0s  2.00 iters/s

running (0m58.0s), 001/050 VUs, 115 complete and 0 interrupted iterations
steady   [  19% ] 001/050 VUs  0m57.8s/5m0s  2.00 iters/s

running (0m59.0s), 001/050 VUs, 117 complete and 0 interrupted iterations
steady   [  20% ] 001/050 VUs  0m58.8s/5m0s  2.00 iters/s

running (1m00.0s), 001/050 VUs, 119 complete and 0 interrupted iterations
steady   [  20% ] 001/050 VUs  0m59.8s/5m0s  2.00 iters/s

running (1m01.0s), 001/050 VUs, 121 complete and 0 interrupted iterations
steady   [  20% ] 001/050 VUs  1m00.8s/5m0s  2.00 iters/s

running (1m02.0s), 001/050 VUs, 123 complete and 0 interrupted iterations
steady   [  21% ] 001/050 VUs  1m01.8s/5m0s  2.00 iters/s

running (1m03.0s), 001/050 VUs, 125 complete and 0 interrupted iterations
steady   [  21% ] 001/050 VUs  1m02.8s/5m0s  2.00 iters/s

running (1m04.0s), 001/050 VUs, 127 complete and 0 interrupted iterations
steady   [  21% ] 001/050 VUs  1m03.8s/5m0s  2.00 iters/s

running (1m05.0s), 001/050 VUs, 129 complete and 0 interrupted iterations
steady   [  22% ] 001/050 VUs  1m04.8s/5m0s  2.00 iters/s

running (1m06.0s), 001/050 VUs, 131 complete and 0 interrupted iterations
steady   [  22% ] 001/050 VUs  1m05.8s/5m0s  2.00 iters/s

running (1m07.0s), 001/050 VUs, 133 complete and 0 interrupted iterations
steady   [  22% ] 001/050 VUs  1m06.8s/5m0s  2.00 iters/s

running (1m08.0s), 001/050 VUs, 135 complete and 0 interrupted iterations
steady   [  23% ] 001/050 VUs  1m07.8s/5m0s  2.00 iters/s

running (1m09.0s), 001/050 VUs, 137 complete and 0 interrupted iterations
steady   [  23% ] 001/050 VUs  1m08.8s/5m0s  2.00 iters/s

running (1m10.0s), 001/050 VUs, 139 complete and 0 interrupted iterations
steady   [  23% ] 001/050 VUs  1m09.8s/5m0s  2.00 iters/s

running (1m11.0s), 001/050 VUs, 141 complete and 0 interrupted iterations
steady   [  24% ] 001/050 VUs  1m10.8s/5m0s  2.00 iters/s

running (1m12.0s), 001/050 VUs, 143 complete and 0 interrupted iterations
steady   [  24% ] 001/050 VUs  1m11.8s/5m0s  2.00 iters/s

running (1m13.0s), 001/050 VUs, 145 complete and 0 interrupted iterations
steady   [  24% ] 001/050 VUs  1m12.8s/5m0s  2.00 iters/s

running (1m14.0s), 001/050 VUs, 147 complete and 0 interrupted iterations
steady   [  25% ] 001/050 VUs  1m13.8s/5m0s  2.00 iters/s

running (1m15.0s), 001/050 VUs, 149 complete and 0 interrupted iterations
steady   [  25% ] 001/050 VUs  1m14.8s/5m0s  2.00 iters/s

running (1m16.0s), 001/050 VUs, 151 complete and 0 interrupted iterations
steady   [  25% ] 001/050 VUs  1m15.8s/5m0s  2.00 iters/s

running (1m17.0s), 001/050 VUs, 153 complete and 0 interrupted iterations
steady   [  26% ] 001/050 VUs  1m16.8s/5m0s  2.00 iters/s

running (1m18.0s), 001/050 VUs, 155 complete and 0 interrupted iterations
steady   [  26% ] 001/050 VUs  1m17.8s/5m0s  2.00 iters/s

running (1m19.0s), 001/050 VUs, 157 complete and 0 interrupted iterations
steady   [  26% ] 001/050 VUs  1m18.8s/5m0s  2.00 iters/s

running (1m20.0s), 001/050 VUs, 159 complete and 0 interrupted iterations
steady   [  27% ] 001/050 VUs  1m19.8s/5m0s  2.00 iters/s

running (1m21.0s), 001/050 VUs, 161 complete and 0 interrupted iterations
steady   [  27% ] 001/050 VUs  1m20.8s/5m0s  2.00 iters/s

running (1m22.0s), 001/050 VUs, 163 complete and 0 interrupted iterations
steady   [  27% ] 001/050 VUs  1m21.8s/5m0s  2.00 iters/s

running (1m23.0s), 001/050 VUs, 165 complete and 0 interrupted iterations
steady   [  28% ] 001/050 VUs  1m22.8s/5m0s  2.00 iters/s

running (1m24.0s), 001/050 VUs, 167 complete and 0 interrupted iterations
steady   [  28% ] 001/050 VUs  1m23.8s/5m0s  2.00 iters/s

running (1m25.0s), 001/050 VUs, 169 complete and 0 interrupted iterations
steady   [  28% ] 001/050 VUs  1m24.8s/5m0s  2.00 iters/s

running (1m26.0s), 001/050 VUs, 171 complete and 0 interrupted iterations
steady   [  29% ] 001/050 VUs  1m25.8s/5m0s  2.00 iters/s

running (1m27.0s), 001/050 VUs, 173 complete and 0 interrupted iterations
steady   [  29% ] 001/050 VUs  1m26.8s/5m0s  2.00 iters/s

running (1m28.0s), 001/050 VUs, 175 complete and 0 interrupted iterations
steady   [  29% ] 001/050 VUs  1m27.8s/5m0s  2.00 iters/s

running (1m29.0s), 001/050 VUs, 177 complete and 0 interrupted iterations
steady   [  30% ] 001/050 VUs  1m28.8s/5m0s  2.00 iters/s

running (1m30.0s), 001/050 VUs, 179 complete and 0 interrupted iterations
steady   [  30% ] 001/050 VUs  1m29.8s/5m0s  2.00 iters/s

running (1m31.0s), 001/050 VUs, 181 complete and 0 interrupted iterations
steady   [  30% ] 001/050 VUs  1m30.8s/5m0s  2.00 iters/s

running (1m32.0s), 001/050 VUs, 183 complete and 0 interrupted iterations
steady   [  31% ] 001/050 VUs  1m31.8s/5m0s  2.00 iters/s

running (1m33.0s), 001/050 VUs, 185 complete and 0 interrupted iterations
steady   [  31% ] 001/050 VUs  1m32.8s/5m0s  2.00 iters/s

running (1m34.0s), 001/050 VUs, 187 complete and 0 interrupted iterations
steady   [  31% ] 001/050 VUs  1m33.8s/5m0s  2.00 iters/s

running (1m35.0s), 001/050 VUs, 189 complete and 0 interrupted iterations
steady   [  32% ] 001/050 VUs  1m34.8s/5m0s  2.00 iters/s

running (1m36.0s), 001/050 VUs, 191 complete and 0 interrupted iterations
steady   [  32% ] 001/050 VUs  1m35.8s/5m0s  2.00 iters/s

running (1m37.0s), 001/050 VUs, 193 complete and 0 interrupted iterations
steady   [  32% ] 001/050 VUs  1m36.8s/5m0s  2.00 iters/s

running (1m38.0s), 001/050 VUs, 195 complete and 0 interrupted iterations
steady   [  33% ] 001/050 VUs  1m37.8s/5m0s  2.00 iters/s

running (1m39.0s), 001/050 VUs, 197 complete and 0 interrupted iterations
steady   [  33% ] 001/050 VUs  1m38.8s/5m0s  2.00 iters/s

running (1m40.0s), 001/050 VUs, 199 complete and 0 interrupted iterations
steady   [  33% ] 001/050 VUs  1m39.8s/5m0s  2.00 iters/s

running (1m41.0s), 001/050 VUs, 201 complete and 0 interrupted iterations
steady   [  34% ] 001/050 VUs  1m40.8s/5m0s  2.00 iters/s

running (1m42.0s), 001/050 VUs, 203 complete and 0 interrupted iterations
steady   [  34% ] 001/050 VUs  1m41.8s/5m0s  2.00 iters/s

running (1m43.0s), 001/050 VUs, 205 complete and 0 interrupted iterations
steady   [  34% ] 001/050 VUs  1m42.8s/5m0s  2.00 iters/s

running (1m44.0s), 001/050 VUs, 207 complete and 0 interrupted iterations
steady   [  35% ] 001/050 VUs  1m43.8s/5m0s  2.00 iters/s

running (1m45.0s), 001/050 VUs, 209 complete and 0 interrupted iterations
steady   [  35% ] 001/050 VUs  1m44.8s/5m0s  2.00 iters/s

running (1m46.0s), 001/050 VUs, 211 complete and 0 interrupted iterations
steady   [  35% ] 001/050 VUs  1m45.8s/5m0s  2.00 iters/s

running (1m47.0s), 001/050 VUs, 213 complete and 0 interrupted iterations
steady   [  36% ] 001/050 VUs  1m46.8s/5m0s  2.00 iters/s

running (1m48.0s), 001/050 VUs, 215 complete and 0 interrupted iterations
steady   [  36% ] 001/050 VUs  1m47.8s/5m0s  2.00 iters/s

running (1m49.0s), 001/050 VUs, 217 complete and 0 interrupted iterations
steady   [  36% ] 001/050 VUs  1m48.8s/5m0s  2.00 iters/s

running (1m50.0s), 001/050 VUs, 219 complete and 0 interrupted iterations
steady   [  37% ] 001/050 VUs  1m49.8s/5m0s  2.00 iters/s

running (1m51.0s), 001/050 VUs, 221 complete and 0 interrupted iterations
steady   [  37% ] 001/050 VUs  1m50.8s/5m0s  2.00 iters/s

running (1m52.0s), 001/050 VUs, 223 complete and 0 interrupted iterations
steady   [  37% ] 001/050 VUs  1m51.8s/5m0s  2.00 iters/s

running (1m53.0s), 001/050 VUs, 225 complete and 0 interrupted iterations
steady   [  38% ] 001/050 VUs  1m52.8s/5m0s  2.00 iters/s

running (1m54.0s), 001/050 VUs, 227 complete and 0 interrupted iterations
steady   [  38% ] 001/050 VUs  1m53.8s/5m0s  2.00 iters/s

running (1m55.0s), 001/050 VUs, 229 complete and 0 interrupted iterations
steady   [  38% ] 001/050 VUs  1m54.8s/5m0s  2.00 iters/s

running (1m56.0s), 001/050 VUs, 231 complete and 0 interrupted iterations
steady   [  39% ] 001/050 VUs  1m55.8s/5m0s  2.00 iters/s

running (1m57.0s), 001/050 VUs, 233 complete and 0 interrupted iterations
steady   [  39% ] 001/050 VUs  1m56.8s/5m0s  2.00 iters/s

running (1m58.0s), 001/050 VUs, 235 complete and 0 interrupted iterations
steady   [  39% ] 001/050 VUs  1m57.8s/5m0s  2.00 iters/s

running (1m59.0s), 001/050 VUs, 237 complete and 0 interrupted iterations
steady   [  40% ] 001/050 VUs  1m58.8s/5m0s  2.00 iters/s

running (2m00.0s), 001/050 VUs, 239 complete and 0 interrupted iterations
steady   [  40% ] 001/050 VUs  1m59.8s/5m0s  2.00 iters/s

running (2m01.0s), 001/050 VUs, 241 complete and 0 interrupted iterations
steady   [  40% ] 001/050 VUs  2m00.8s/5m0s  2.00 iters/s

running (2m02.0s), 001/050 VUs, 243 complete and 0 interrupted iterations
steady   [  41% ] 001/050 VUs  2m01.8s/5m0s  2.00 iters/s

running (2m03.0s), 001/050 VUs, 245 complete and 0 interrupted iterations
steady   [  41% ] 001/050 VUs  2m02.8s/5m0s  2.00 iters/s

running (2m04.0s), 001/050 VUs, 247 complete and 0 interrupted iterations
steady   [  41% ] 001/050 VUs  2m03.8s/5m0s  2.00 iters/s

running (2m05.0s), 001/050 VUs, 249 complete and 0 interrupted iterations
steady   [  42% ] 001/050 VUs  2m04.8s/5m0s  2.00 iters/s

running (2m06.0s), 001/050 VUs, 251 complete and 0 interrupted iterations
steady   [  42% ] 001/050 VUs  2m05.8s/5m0s  2.00 iters/s

running (2m07.0s), 001/050 VUs, 253 complete and 0 interrupted iterations
steady   [  42% ] 001/050 VUs  2m06.8s/5m0s  2.00 iters/s

running (2m08.0s), 001/050 VUs, 255 complete and 0 interrupted iterations
steady   [  43% ] 001/050 VUs  2m07.8s/5m0s  2.00 iters/s

running (2m09.0s), 001/050 VUs, 257 complete and 0 interrupted iterations
steady   [  43% ] 001/050 VUs  2m08.8s/5m0s  2.00 iters/s

running (2m10.0s), 001/050 VUs, 259 complete and 0 interrupted iterations
steady   [  43% ] 001/050 VUs  2m09.8s/5m0s  2.00 iters/s

running (2m11.0s), 001/050 VUs, 261 complete and 0 interrupted iterations
steady   [  44% ] 001/050 VUs  2m10.8s/5m0s  2.00 iters/s

running (2m12.0s), 001/050 VUs, 263 complete and 0 interrupted iterations
steady   [  44% ] 001/050 VUs  2m11.8s/5m0s  2.00 iters/s

running (2m13.0s), 001/050 VUs, 265 complete and 0 interrupted iterations
steady   [  44% ] 001/050 VUs  2m12.8s/5m0s  2.00 iters/s

running (2m14.0s), 001/050 VUs, 267 complete and 0 interrupted iterations
steady   [  45% ] 001/050 VUs  2m13.8s/5m0s  2.00 iters/s

running (2m15.0s), 001/050 VUs, 269 complete and 0 interrupted iterations
steady   [  45% ] 001/050 VUs  2m14.8s/5m0s  2.00 iters/s

running (2m16.0s), 001/050 VUs, 271 complete and 0 interrupted iterations
steady   [  45% ] 001/050 VUs  2m15.8s/5m0s  2.00 iters/s

running (2m17.0s), 001/050 VUs, 273 complete and 0 interrupted iterations
steady   [  46% ] 001/050 VUs  2m16.8s/5m0s  2.00 iters/s

running (2m18.0s), 001/050 VUs, 275 complete and 0 interrupted iterations
steady   [  46% ] 001/050 VUs  2m17.8s/5m0s  2.00 iters/s

running (2m19.0s), 001/050 VUs, 277 complete and 0 interrupted iterations
steady   [  46% ] 001/050 VUs  2m18.8s/5m0s  2.00 iters/s

running (2m20.0s), 001/050 VUs, 279 complete and 0 interrupted iterations
steady   [  47% ] 001/050 VUs  2m19.8s/5m0s  2.00 iters/s

running (2m21.0s), 001/050 VUs, 281 complete and 0 interrupted iterations
steady   [  47% ] 001/050 VUs  2m20.8s/5m0s  2.00 iters/s

running (2m22.0s), 001/050 VUs, 283 complete and 0 interrupted iterations
steady   [  47% ] 001/050 VUs  2m21.8s/5m0s  2.00 iters/s

running (2m23.0s), 001/050 VUs, 285 complete and 0 interrupted iterations
steady   [  48% ] 001/050 VUs  2m22.8s/5m0s  2.00 iters/s

running (2m24.0s), 001/050 VUs, 287 complete and 0 interrupted iterations
steady   [  48% ] 001/050 VUs  2m23.8s/5m0s  2.00 iters/s

running (2m25.0s), 001/050 VUs, 289 complete and 0 interrupted iterations
steady   [  48% ] 001/050 VUs  2m24.8s/5m0s  2.00 iters/s

running (2m26.0s), 001/050 VUs, 291 complete and 0 interrupted iterations
steady   [  49% ] 001/050 VUs  2m25.8s/5m0s  2.00 iters/s

running (2m27.0s), 001/050 VUs, 293 complete and 0 interrupted iterations
steady   [  49% ] 001/050 VUs  2m26.8s/5m0s  2.00 iters/s

running (2m28.0s), 001/050 VUs, 295 complete and 0 interrupted iterations
steady   [  49% ] 001/050 VUs  2m27.8s/5m0s  2.00 iters/s

running (2m29.0s), 001/050 VUs, 297 complete and 0 interrupted iterations
steady   [  50% ] 001/050 VUs  2m28.8s/5m0s  2.00 iters/s

running (2m30.0s), 001/050 VUs, 299 complete and 0 interrupted iterations
steady   [  50% ] 001/050 VUs  2m29.8s/5m0s  2.00 iters/s

running (2m31.0s), 001/050 VUs, 301 complete and 0 interrupted iterations
steady   [  50% ] 001/050 VUs  2m30.8s/5m0s  2.00 iters/s

running (2m32.0s), 001/050 VUs, 303 complete and 0 interrupted iterations
steady   [  51% ] 001/050 VUs  2m31.8s/5m0s  2.00 iters/s

running (2m33.0s), 001/050 VUs, 305 complete and 0 interrupted iterations
steady   [  51% ] 001/050 VUs  2m32.8s/5m0s  2.00 iters/s

running (2m34.0s), 001/050 VUs, 307 complete and 0 interrupted iterations
steady   [  51% ] 001/050 VUs  2m33.8s/5m0s  2.00 iters/s

running (2m35.0s), 001/050 VUs, 309 complete and 0 interrupted iterations
steady   [  52% ] 001/050 VUs  2m34.8s/5m0s  2.00 iters/s

running (2m36.0s), 001/050 VUs, 311 complete and 0 interrupted iterations
steady   [  52% ] 001/050 VUs  2m35.8s/5m0s  2.00 iters/s

running (2m37.0s), 001/050 VUs, 313 complete and 0 interrupted iterations
steady   [  52% ] 001/050 VUs  2m36.8s/5m0s  2.00 iters/s

running (2m38.0s), 001/050 VUs, 315 complete and 0 interrupted iterations
steady   [  53% ] 001/050 VUs  2m37.8s/5m0s  2.00 iters/s

running (2m39.0s), 001/050 VUs, 317 complete and 0 interrupted iterations
steady   [  53% ] 001/050 VUs  2m38.8s/5m0s  2.00 iters/s

running (2m40.0s), 001/050 VUs, 319 complete and 0 interrupted iterations
steady   [  53% ] 001/050 VUs  2m39.8s/5m0s  2.00 iters/s

running (2m41.0s), 001/050 VUs, 321 complete and 0 interrupted iterations
steady   [  54% ] 001/050 VUs  2m40.8s/5m0s  2.00 iters/s

running (2m42.0s), 001/050 VUs, 323 complete and 0 interrupted iterations
steady   [  54% ] 001/050 VUs  2m41.8s/5m0s  2.00 iters/s

running (2m43.0s), 001/050 VUs, 325 complete and 0 interrupted iterations
steady   [  54% ] 001/050 VUs  2m42.8s/5m0s  2.00 iters/s

running (2m44.0s), 001/050 VUs, 327 complete and 0 interrupted iterations
steady   [  55% ] 001/050 VUs  2m43.8s/5m0s  2.00 iters/s

running (2m45.0s), 001/050 VUs, 329 complete and 0 interrupted iterations
steady   [  55% ] 001/050 VUs  2m44.8s/5m0s  2.00 iters/s

running (2m46.0s), 001/050 VUs, 331 complete and 0 interrupted iterations
steady   [  55% ] 001/050 VUs  2m45.8s/5m0s  2.00 iters/s

running (2m47.0s), 001/050 VUs, 333 complete and 0 interrupted iterations
steady   [  56% ] 001/050 VUs  2m46.8s/5m0s  2.00 iters/s

running (2m48.0s), 001/050 VUs, 335 complete and 0 interrupted iterations
steady   [  56% ] 001/050 VUs  2m47.8s/5m0s  2.00 iters/s

running (2m49.0s), 001/050 VUs, 337 complete and 0 interrupted iterations
steady   [  56% ] 001/050 VUs  2m48.8s/5m0s  2.00 iters/s

running (2m50.0s), 001/050 VUs, 339 complete and 0 interrupted iterations
steady   [  57% ] 001/050 VUs  2m49.8s/5m0s  2.00 iters/s

running (2m51.0s), 001/050 VUs, 341 complete and 0 interrupted iterations
steady   [  57% ] 001/050 VUs  2m50.8s/5m0s  2.00 iters/s

running (2m52.0s), 001/050 VUs, 343 complete and 0 interrupted iterations
steady   [  57% ] 001/050 VUs  2m51.8s/5m0s  2.00 iters/s

running (2m53.0s), 001/050 VUs, 345 complete and 0 interrupted iterations
steady   [  58% ] 001/050 VUs  2m52.8s/5m0s  2.00 iters/s

running (2m54.0s), 001/050 VUs, 347 complete and 0 interrupted iterations
steady   [  58% ] 001/050 VUs  2m53.8s/5m0s  2.00 iters/s

running (2m55.0s), 001/050 VUs, 349 complete and 0 interrupted iterations
steady   [  58% ] 001/050 VUs  2m54.8s/5m0s  2.00 iters/s

running (2m56.0s), 001/050 VUs, 351 complete and 0 interrupted iterations
steady   [  59% ] 001/050 VUs  2m55.8s/5m0s  2.00 iters/s

running (2m57.0s), 001/050 VUs, 353 complete and 0 interrupted iterations
steady   [  59% ] 001/050 VUs  2m56.8s/5m0s  2.00 iters/s

running (2m58.0s), 001/050 VUs, 355 complete and 0 interrupted iterations
steady   [  59% ] 001/050 VUs  2m57.8s/5m0s  2.00 iters/s

running (2m59.0s), 001/050 VUs, 357 complete and 0 interrupted iterations
steady   [  60% ] 001/050 VUs  2m58.8s/5m0s  2.00 iters/s

running (3m00.0s), 001/050 VUs, 359 complete and 0 interrupted iterations
steady   [  60% ] 001/050 VUs  2m59.8s/5m0s  2.00 iters/s

running (3m01.0s), 001/050 VUs, 361 complete and 0 interrupted iterations
steady   [  60% ] 001/050 VUs  3m00.8s/5m0s  2.00 iters/s

running (3m02.0s), 001/050 VUs, 363 complete and 0 interrupted iterations
steady   [  61% ] 001/050 VUs  3m01.8s/5m0s  2.00 iters/s

running (3m03.0s), 001/050 VUs, 365 complete and 0 interrupted iterations
steady   [  61% ] 001/050 VUs  3m02.8s/5m0s  2.00 iters/s

running (3m04.0s), 001/050 VUs, 367 complete and 0 interrupted iterations
steady   [  61% ] 001/050 VUs  3m03.8s/5m0s  2.00 iters/s

running (3m05.0s), 001/050 VUs, 369 complete and 0 interrupted iterations
steady   [  62% ] 001/050 VUs  3m04.8s/5m0s  2.00 iters/s

running (3m06.0s), 001/050 VUs, 371 complete and 0 interrupted iterations
steady   [  62% ] 001/050 VUs  3m05.8s/5m0s  2.00 iters/s

running (3m07.0s), 001/050 VUs, 373 complete and 0 interrupted iterations
steady   [  62% ] 001/050 VUs  3m06.8s/5m0s  2.00 iters/s

running (3m08.0s), 001/050 VUs, 375 complete and 0 interrupted iterations
steady   [  63% ] 001/050 VUs  3m07.8s/5m0s  2.00 iters/s

running (3m09.0s), 001/050 VUs, 377 complete and 0 interrupted iterations
steady   [  63% ] 001/050 VUs  3m08.8s/5m0s  2.00 iters/s

running (3m10.0s), 001/050 VUs, 379 complete and 0 interrupted iterations
steady   [  63% ] 001/050 VUs  3m09.8s/5m0s  2.00 iters/s

running (3m11.0s), 001/050 VUs, 381 complete and 0 interrupted iterations
steady   [  64% ] 001/050 VUs  3m10.8s/5m0s  2.00 iters/s

running (3m12.0s), 001/050 VUs, 383 complete and 0 interrupted iterations
steady   [  64% ] 001/050 VUs  3m11.8s/5m0s  2.00 iters/s

running (3m13.0s), 001/050 VUs, 385 complete and 0 interrupted iterations
steady   [  64% ] 001/050 VUs  3m12.8s/5m0s  2.00 iters/s

running (3m14.0s), 001/050 VUs, 387 complete and 0 interrupted iterations
steady   [  65% ] 001/050 VUs  3m13.8s/5m0s  2.00 iters/s

running (3m15.0s), 001/050 VUs, 389 complete and 0 interrupted iterations
steady   [  65% ] 001/050 VUs  3m14.8s/5m0s  2.00 iters/s

running (3m16.0s), 001/050 VUs, 391 complete and 0 interrupted iterations
steady   [  65% ] 001/050 VUs  3m15.8s/5m0s  2.00 iters/s

running (3m17.0s), 001/050 VUs, 393 complete and 0 interrupted iterations
steady   [  66% ] 001/050 VUs  3m16.8s/5m0s  2.00 iters/s

running (3m18.0s), 001/050 VUs, 395 complete and 0 interrupted iterations
steady   [  66% ] 001/050 VUs  3m17.8s/5m0s  2.00 iters/s

running (3m19.0s), 001/050 VUs, 397 complete and 0 interrupted iterations
steady   [  66% ] 001/050 VUs  3m18.8s/5m0s  2.00 iters/s

running (3m20.0s), 001/050 VUs, 399 complete and 0 interrupted iterations
steady   [  67% ] 001/050 VUs  3m19.8s/5m0s  2.00 iters/s

running (3m21.0s), 001/050 VUs, 401 complete and 0 interrupted iterations
steady   [  67% ] 001/050 VUs  3m20.8s/5m0s  2.00 iters/s

running (3m22.0s), 001/050 VUs, 403 complete and 0 interrupted iterations
steady   [  67% ] 001/050 VUs  3m21.8s/5m0s  2.00 iters/s

running (3m23.0s), 001/050 VUs, 405 complete and 0 interrupted iterations
steady   [  68% ] 001/050 VUs  3m22.8s/5m0s  2.00 iters/s

running (3m24.0s), 001/050 VUs, 407 complete and 0 interrupted iterations
steady   [  68% ] 001/050 VUs  3m23.8s/5m0s  2.00 iters/s

running (3m25.0s), 001/050 VUs, 409 complete and 0 interrupted iterations
steady   [  68% ] 001/050 VUs  3m24.8s/5m0s  2.00 iters/s

running (3m26.0s), 001/050 VUs, 411 complete and 0 interrupted iterations
steady   [  69% ] 001/050 VUs  3m25.8s/5m0s  2.00 iters/s

running (3m27.0s), 001/050 VUs, 413 complete and 0 interrupted iterations
steady   [  69% ] 001/050 VUs  3m26.8s/5m0s  2.00 iters/s

running (3m28.0s), 001/050 VUs, 415 complete and 0 interrupted iterations
steady   [  69% ] 001/050 VUs  3m27.8s/5m0s  2.00 iters/s

running (3m29.0s), 001/050 VUs, 417 complete and 0 interrupted iterations
steady   [  70% ] 001/050 VUs  3m28.8s/5m0s  2.00 iters/s

running (3m30.0s), 001/050 VUs, 419 complete and 0 interrupted iterations
steady   [  70% ] 001/050 VUs  3m29.8s/5m0s  2.00 iters/s

running (3m31.0s), 001/050 VUs, 421 complete and 0 interrupted iterations
steady   [  70% ] 001/050 VUs  3m30.8s/5m0s  2.00 iters/s

running (3m32.0s), 001/050 VUs, 423 complete and 0 interrupted iterations
steady   [  71% ] 001/050 VUs  3m31.8s/5m0s  2.00 iters/s

running (3m33.0s), 001/050 VUs, 425 complete and 0 interrupted iterations
steady   [  71% ] 001/050 VUs  3m32.8s/5m0s  2.00 iters/s

running (3m34.0s), 001/050 VUs, 427 complete and 0 interrupted iterations
steady   [  71% ] 001/050 VUs  3m33.8s/5m0s  2.00 iters/s

running (3m35.0s), 001/050 VUs, 429 complete and 0 interrupted iterations
steady   [  72% ] 001/050 VUs  3m34.8s/5m0s  2.00 iters/s

running (3m36.0s), 001/050 VUs, 431 complete and 0 interrupted iterations
steady   [  72% ] 001/050 VUs  3m35.8s/5m0s  2.00 iters/s

running (3m37.0s), 001/050 VUs, 433 complete and 0 interrupted iterations
steady   [  72% ] 001/050 VUs  3m36.8s/5m0s  2.00 iters/s

running (3m38.0s), 001/050 VUs, 435 complete and 0 interrupted iterations
steady   [  73% ] 001/050 VUs  3m37.8s/5m0s  2.00 iters/s

running (3m39.0s), 001/050 VUs, 437 complete and 0 interrupted iterations
steady   [  73% ] 001/050 VUs  3m38.8s/5m0s  2.00 iters/s

running (3m40.0s), 001/050 VUs, 439 complete and 0 interrupted iterations
steady   [  73% ] 001/050 VUs  3m39.8s/5m0s  2.00 iters/s

running (3m41.0s), 001/050 VUs, 441 complete and 0 interrupted iterations
steady   [  74% ] 001/050 VUs  3m40.8s/5m0s  2.00 iters/s

running (3m42.0s), 001/050 VUs, 443 complete and 0 interrupted iterations
steady   [  74% ] 001/050 VUs  3m41.8s/5m0s  2.00 iters/s

running (3m43.0s), 001/050 VUs, 445 complete and 0 interrupted iterations
steady   [  74% ] 001/050 VUs  3m42.8s/5m0s  2.00 iters/s

running (3m44.0s), 001/050 VUs, 447 complete and 0 interrupted iterations
steady   [  75% ] 001/050 VUs  3m43.8s/5m0s  2.00 iters/s

running (3m45.0s), 001/050 VUs, 449 complete and 0 interrupted iterations
steady   [  75% ] 001/050 VUs  3m44.8s/5m0s  2.00 iters/s

running (3m46.0s), 001/050 VUs, 451 complete and 0 interrupted iterations
steady   [  75% ] 001/050 VUs  3m45.8s/5m0s  2.00 iters/s

running (3m47.0s), 001/050 VUs, 453 complete and 0 interrupted iterations
steady   [  76% ] 001/050 VUs  3m46.8s/5m0s  2.00 iters/s

running (3m48.0s), 001/050 VUs, 455 complete and 0 interrupted iterations
steady   [  76% ] 001/050 VUs  3m47.8s/5m0s  2.00 iters/s

running (3m49.0s), 001/050 VUs, 457 complete and 0 interrupted iterations
steady   [  76% ] 001/050 VUs  3m48.8s/5m0s  2.00 iters/s

running (3m50.0s), 001/050 VUs, 459 complete and 0 interrupted iterations
steady   [  77% ] 001/050 VUs  3m49.8s/5m0s  2.00 iters/s

running (3m51.0s), 001/050 VUs, 461 complete and 0 interrupted iterations
steady   [  77% ] 001/050 VUs  3m50.8s/5m0s  2.00 iters/s

running (3m52.0s), 001/050 VUs, 463 complete and 0 interrupted iterations
steady   [  77% ] 001/050 VUs  3m51.8s/5m0s  2.00 iters/s

running (3m53.0s), 001/050 VUs, 465 complete and 0 interrupted iterations
steady   [  78% ] 001/050 VUs  3m52.8s/5m0s  2.00 iters/s

running (3m54.0s), 001/050 VUs, 467 complete and 0 interrupted iterations
steady   [  78% ] 001/050 VUs  3m53.8s/5m0s  2.00 iters/s

running (3m55.0s), 001/050 VUs, 469 complete and 0 interrupted iterations
steady   [  78% ] 001/050 VUs  3m54.8s/5m0s  2.00 iters/s

running (3m56.0s), 001/050 VUs, 471 complete and 0 interrupted iterations
steady   [  79% ] 001/050 VUs  3m55.8s/5m0s  2.00 iters/s

running (3m57.0s), 001/050 VUs, 473 complete and 0 interrupted iterations
steady   [  79% ] 001/050 VUs  3m56.8s/5m0s  2.00 iters/s

running (3m58.0s), 001/050 VUs, 475 complete and 0 interrupted iterations
steady   [  79% ] 001/050 VUs  3m57.8s/5m0s  2.00 iters/s

running (3m59.0s), 001/050 VUs, 477 complete and 0 interrupted iterations
steady   [  80% ] 001/050 VUs  3m58.8s/5m0s  2.00 iters/s

running (4m00.0s), 001/050 VUs, 479 complete and 0 interrupted iterations
steady   [  80% ] 001/050 VUs  3m59.8s/5m0s  2.00 iters/s

running (4m01.0s), 001/050 VUs, 481 complete and 0 interrupted iterations
steady   [  80% ] 001/050 VUs  4m00.8s/5m0s  2.00 iters/s

running (4m02.0s), 001/050 VUs, 483 complete and 0 interrupted iterations
steady   [  81% ] 001/050 VUs  4m01.8s/5m0s  2.00 iters/s

running (4m03.0s), 001/050 VUs, 485 complete and 0 interrupted iterations
steady   [  81% ] 001/050 VUs  4m02.8s/5m0s  2.00 iters/s

running (4m04.0s), 001/050 VUs, 487 complete and 0 interrupted iterations
steady   [  81% ] 001/050 VUs  4m03.8s/5m0s  2.00 iters/s

running (4m05.0s), 001/050 VUs, 489 complete and 0 interrupted iterations
steady   [  82% ] 001/050 VUs  4m04.8s/5m0s  2.00 iters/s

running (4m06.0s), 001/050 VUs, 491 complete and 0 interrupted iterations
steady   [  82% ] 001/050 VUs  4m05.8s/5m0s  2.00 iters/s

running (4m07.0s), 001/050 VUs, 493 complete and 0 interrupted iterations
steady   [  82% ] 001/050 VUs  4m06.8s/5m0s  2.00 iters/s

running (4m08.0s), 001/050 VUs, 495 complete and 0 interrupted iterations
steady   [  83% ] 001/050 VUs  4m07.8s/5m0s  2.00 iters/s

running (4m09.0s), 001/050 VUs, 497 complete and 0 interrupted iterations
steady   [  83% ] 001/050 VUs  4m08.8s/5m0s  2.00 iters/s

running (4m10.0s), 001/050 VUs, 499 complete and 0 interrupted iterations
steady   [  83% ] 001/050 VUs  4m09.8s/5m0s  2.00 iters/s

running (4m11.0s), 001/050 VUs, 501 complete and 0 interrupted iterations
steady   [  84% ] 001/050 VUs  4m10.8s/5m0s  2.00 iters/s

running (4m12.0s), 001/050 VUs, 503 complete and 0 interrupted iterations
steady   [  84% ] 001/050 VUs  4m11.8s/5m0s  2.00 iters/s

running (4m13.0s), 001/050 VUs, 505 complete and 0 interrupted iterations
steady   [  84% ] 001/050 VUs  4m12.8s/5m0s  2.00 iters/s

running (4m14.0s), 001/050 VUs, 507 complete and 0 interrupted iterations
steady   [  85% ] 001/050 VUs  4m13.8s/5m0s  2.00 iters/s

running (4m15.0s), 001/050 VUs, 509 complete and 0 interrupted iterations
steady   [  85% ] 001/050 VUs  4m14.8s/5m0s  2.00 iters/s

running (4m16.0s), 001/050 VUs, 511 complete and 0 interrupted iterations
steady   [  85% ] 001/050 VUs  4m15.8s/5m0s  2.00 iters/s

running (4m17.0s), 001/050 VUs, 513 complete and 0 interrupted iterations
steady   [  86% ] 001/050 VUs  4m16.8s/5m0s  2.00 iters/s

running (4m18.0s), 001/050 VUs, 515 complete and 0 interrupted iterations
steady   [  86% ] 001/050 VUs  4m17.8s/5m0s  2.00 iters/s

running (4m19.0s), 001/050 VUs, 517 complete and 0 interrupted iterations
steady   [  86% ] 001/050 VUs  4m18.8s/5m0s  2.00 iters/s

running (4m20.0s), 001/050 VUs, 519 complete and 0 interrupted iterations
steady   [  87% ] 001/050 VUs  4m19.8s/5m0s  2.00 iters/s

running (4m21.0s), 001/050 VUs, 521 complete and 0 interrupted iterations
steady   [  87% ] 001/050 VUs  4m20.8s/5m0s  2.00 iters/s

running (4m22.0s), 001/050 VUs, 523 complete and 0 interrupted iterations
steady   [  87% ] 001/050 VUs  4m21.8s/5m0s  2.00 iters/s

running (4m23.0s), 001/050 VUs, 525 complete and 0 interrupted iterations
steady   [  88% ] 001/050 VUs  4m22.8s/5m0s  2.00 iters/s

running (4m24.0s), 001/050 VUs, 527 complete and 0 interrupted iterations
steady   [  88% ] 001/050 VUs  4m23.8s/5m0s  2.00 iters/s

running (4m25.0s), 001/050 VUs, 529 complete and 0 interrupted iterations
steady   [  88% ] 001/050 VUs  4m24.8s/5m0s  2.00 iters/s

running (4m26.0s), 001/050 VUs, 531 complete and 0 interrupted iterations
steady   [  89% ] 001/050 VUs  4m25.8s/5m0s  2.00 iters/s

running (4m27.0s), 001/050 VUs, 533 complete and 0 interrupted iterations
steady   [  89% ] 001/050 VUs  4m26.8s/5m0s  2.00 iters/s

running (4m28.0s), 001/050 VUs, 535 complete and 0 interrupted iterations
steady   [  89% ] 001/050 VUs  4m27.8s/5m0s  2.00 iters/s

running (4m29.0s), 001/050 VUs, 537 complete and 0 interrupted iterations
steady   [  90% ] 001/050 VUs  4m28.8s/5m0s  2.00 iters/s

running (4m30.0s), 001/050 VUs, 539 complete and 0 interrupted iterations
steady   [  90% ] 001/050 VUs  4m29.8s/5m0s  2.00 iters/s

running (4m31.0s), 001/050 VUs, 541 complete and 0 interrupted iterations
steady   [  90% ] 001/050 VUs  4m30.8s/5m0s  2.00 iters/s

running (4m32.0s), 001/050 VUs, 543 complete and 0 interrupted iterations
steady   [  91% ] 001/050 VUs  4m31.8s/5m0s  2.00 iters/s

running (4m33.0s), 001/050 VUs, 545 complete and 0 interrupted iterations
steady   [  91% ] 001/050 VUs  4m32.8s/5m0s  2.00 iters/s

running (4m34.0s), 001/050 VUs, 547 complete and 0 interrupted iterations
steady   [  91% ] 001/050 VUs  4m33.8s/5m0s  2.00 iters/s

running (4m35.0s), 001/050 VUs, 549 complete and 0 interrupted iterations
steady   [  92% ] 001/050 VUs  4m34.8s/5m0s  2.00 iters/s

running (4m36.0s), 001/050 VUs, 551 complete and 0 interrupted iterations
steady   [  92% ] 001/050 VUs  4m35.8s/5m0s  2.00 iters/s

running (4m37.0s), 001/050 VUs, 553 complete and 0 interrupted iterations
steady   [  92% ] 001/050 VUs  4m36.8s/5m0s  2.00 iters/s

running (4m38.0s), 001/050 VUs, 555 complete and 0 interrupted iterations
steady   [  93% ] 001/050 VUs  4m37.8s/5m0s  2.00 iters/s

running (4m39.0s), 001/050 VUs, 557 complete and 0 interrupted iterations
steady   [  93% ] 001/050 VUs  4m38.8s/5m0s  2.00 iters/s

running (4m40.0s), 001/050 VUs, 559 complete and 0 interrupted iterations
steady   [  93% ] 001/050 VUs  4m39.8s/5m0s  2.00 iters/s

running (4m41.0s), 001/050 VUs, 561 complete and 0 interrupted iterations
steady   [  94% ] 001/050 VUs  4m40.8s/5m0s  2.00 iters/s

running (4m42.0s), 001/050 VUs, 563 complete and 0 interrupted iterations
steady   [  94% ] 001/050 VUs  4m41.8s/5m0s  2.00 iters/s

running (4m43.0s), 001/050 VUs, 565 complete and 0 interrupted iterations
steady   [  94% ] 001/050 VUs  4m42.8s/5m0s  2.00 iters/s

running (4m44.0s), 001/050 VUs, 567 complete and 0 interrupted iterations
steady   [  95% ] 001/050 VUs  4m43.8s/5m0s  2.00 iters/s

running (4m45.0s), 001/050 VUs, 569 complete and 0 interrupted iterations
steady   [  95% ] 001/050 VUs  4m44.8s/5m0s  2.00 iters/s

running (4m46.0s), 001/050 VUs, 571 complete and 0 interrupted iterations
steady   [  95% ] 001/050 VUs  4m45.8s/5m0s  2.00 iters/s

running (4m47.0s), 001/050 VUs, 573 complete and 0 interrupted iterations
steady   [  96% ] 001/050 VUs  4m46.8s/5m0s  2.00 iters/s

running (4m48.0s), 001/050 VUs, 575 complete and 0 interrupted iterations
steady   [  96% ] 001/050 VUs  4m47.8s/5m0s  2.00 iters/s

running (4m49.0s), 001/050 VUs, 577 complete and 0 interrupted iterations
steady   [  96% ] 001/050 VUs  4m48.8s/5m0s  2.00 iters/s

running (4m50.0s), 001/050 VUs, 579 complete and 0 interrupted iterations
steady   [  97% ] 001/050 VUs  4m49.8s/5m0s  2.00 iters/s

running (4m51.0s), 001/050 VUs, 581 complete and 0 interrupted iterations
steady   [  97% ] 001/050 VUs  4m50.8s/5m0s  2.00 iters/s

running (4m52.0s), 001/050 VUs, 583 complete and 0 interrupted iterations
steady   [  97% ] 001/050 VUs  4m51.8s/5m0s  2.00 iters/s

running (4m53.0s), 001/050 VUs, 585 complete and 0 interrupted iterations
steady   [  98% ] 001/050 VUs  4m52.8s/5m0s  2.00 iters/s

running (4m54.0s), 001/050 VUs, 587 complete and 0 interrupted iterations
steady   [  98% ] 001/050 VUs  4m53.8s/5m0s  2.00 iters/s

running (4m55.0s), 001/050 VUs, 589 complete and 0 interrupted iterations
steady   [  98% ] 001/050 VUs  4m54.8s/5m0s  2.00 iters/s

running (4m56.0s), 001/050 VUs, 591 complete and 0 interrupted iterations
steady   [  99% ] 001/050 VUs  4m55.8s/5m0s  2.00 iters/s

running (4m57.0s), 001/050 VUs, 593 complete and 0 interrupted iterations
steady   [  99% ] 001/050 VUs  4m56.8s/5m0s  2.00 iters/s

running (4m58.0s), 001/050 VUs, 595 complete and 0 interrupted iterations
steady   [  99% ] 001/050 VUs  4m57.8s/5m0s  2.00 iters/s

running (4m59.0s), 001/050 VUs, 597 complete and 0 interrupted iterations
steady   [ 100% ] 001/050 VUs  4m58.8s/5m0s  2.00 iters/s

running (5m00.0s), 001/050 VUs, 599 complete and 0 interrupted iterations
steady   [ 100% ] 001/050 VUs  4m59.8s/5m0s  2.00 iters/s

================ DSP benchmark summary ================
-- per-phase latency --
  catalog                    p50=19.0 ms  p95=20.9 ms  p99=28.2 ms  max=31.6 ms  n=600
  negotiation init (POST)    p50=11.2 ms  p95=12.3 ms  p99=14.2 ms  max=25.8 ms  n=600
  time-to-AGREED (async)     p50=253.0 ms  p95=254.0 ms  p99=254.0 ms  max=259.0 ms  n=600
  transfer init (POST)       p50=10.6 ms  p95=11.8 ms  p99=16.2 ms  max=19.9 ms  n=600
  time-to-EDR (async)        p50=252.0 ms  p95=253.0 ms  p99=253.0 ms  max=254.0 ms  n=600
  data pull                  p50=5.0 ms  p95=5.4 ms  p99=6.1 ms  max=8.6 ms  n=600
-- end-to-end + throughput --
  e2e transaction            p50=814.0 ms  p95=822.0 ms  p99=826.0 ms  max=834.0 ms  n=600
  data throughput (MB/s)     p50=0.0  p95=0.0  p99=0.1  max=0.1  n=600
-- outcomes --
  transactions succeeded     count=600  rate=1.997/s
  transactions failed        (no data)
  failed rate                rate=0.00%  (pass=0 fail=600)
    of which TERMINATED      (no data)
    of which TIMED OUT       (no data)
    of which HTTP-FAILED     (no data)
  failure accounting       (no failures)
-- observer effect (poll load) --
  negotiation polls          count=1200  rate=3.994/s
  edr polls                  count=1200  rate=3.994/s
  polls per transaction     negotiation=2.0  edr=2.0  (timeout ceiling=120)
=======================================================
(full summary -> /home/rohitj/edc/benchmarking-dsp-native-basyx/k6-scripts/results/basyx/off/steady/2026-08-03T15-59-14Z/k6-summary.json; POLL_INTERVAL_MS=250; IDENTITY_MODE=off)

running (5m00.4s), 000/050 VUs, 600 complete and 0 interrupted iterations
steady ✓ [ 100% ] 000/050 VUs  5m0s  2.00 iters/s
Prometheus snapshot [1785772815..1785773131] svc=(dsp-native-basyx|consumer-controlplane) win=1m -> /home/rohitj/edc/benchmarking-dsp-native-basyx/k6-scripts/results/basyx/off/steady/2026-08-03T15-59-14Z
  jvm-heap.csv (64 rows)
  jvm-gc-rate.csv (64 rows)
  jvm-threads.csv (64 rows)
  http-throughput.csv (64 rows)
  http-p95.csv (64 rows)
  http-errors.csv (64 rows)
  http-errors-5xx.csv (0 rows)
  http-status.csv (128 rows)
  host-cpu-busy.csv (64 rows)
  host-mem-used.csv (64 rows)
  5xx: no 5xx in window (confirmed: http-status has 128 samples, so the status label IS scraped)
  logs -> /home/rohitj/edc/benchmarking-dsp-native-basyx/k6-scripts/results/basyx/off/steady/2026-08-03T15-59-14Z/logs (1 files)
0
VALIDITY  ok=600  failed=0  failed_rate=0%  dropped_iterations=0
>>> done: /home/rohitj/edc/benchmarking-dsp-native-basyx/k6-scripts/results/basyx/off/steady/2026-08-03T15-59-14Z  (k6 exit 0)
----- basyx / steady (rep 2) -----
>>> basyx / steady  ->  /home/rohitj/edc/benchmarking-dsp-native-basyx/k6-scripts/results/basyx/off/steady/2026-08-03T16-05-33Z
parity OK: lib/ + scenarios/ + orchestration/ + tools/ identical to /home/rohitj/edc/benchmarking-dsp-native-basyx/k6-scripts
Health: http://localhost:8090/dsp http://localhost:8888/health + prometheus  OK
Warmup 60s @ 2/s (discarded)
k6 -> Prometheus remote-write: http://localhost:9090/api/v1/write

         /\      Grafana   /‾‾/  
    /\  /  \     |\  __   /  /   
   /  \/    \    | |/ /  /   ‾‾\ 
  /          \   |   (  |  (‾)  |
 / __________ \  |_|\_\  \_____/ 


     execution: local
        script: /home/rohitj/edc/benchmarking-dsp-native-basyx/k6-scripts/basyx-off/steady.js
        output: Prometheus remote write (http://localhost:9090/api/v1/write)

     scenarios: (100.00%) 1 scenario, 200 max VUs, 5m30s max duration (incl. graceful stop):
              * steady: 2.00 iterations/s for 5m0s (maxVUs: 50-200, gracefulStop: 30s)


running (0m01.0s), 001/050 VUs, 1 complete and 0 interrupted iterations
steady   [   0% ] 001/050 VUs  0m00.8s/5m0s  2.00 iters/s

running (0m02.0s), 001/050 VUs, 3 complete and 0 interrupted iterations
steady   [   1% ] 001/050 VUs  0m01.8s/5m0s  2.00 iters/s

running (0m03.0s), 001/050 VUs, 5 complete and 0 interrupted iterations
steady   [   1% ] 001/050 VUs  0m02.8s/5m0s  2.00 iters/s

running (0m04.0s), 001/050 VUs, 7 complete and 0 interrupted iterations
steady   [   1% ] 001/050 VUs  0m03.8s/5m0s  2.00 iters/s

running (0m05.0s), 001/050 VUs, 9 complete and 0 interrupted iterations
steady   [   2% ] 001/050 VUs  0m04.8s/5m0s  2.00 iters/s

running (0m06.0s), 001/050 VUs, 11 complete and 0 interrupted iterations
steady   [   2% ] 001/050 VUs  0m05.8s/5m0s  2.00 iters/s

running (0m07.0s), 001/050 VUs, 13 complete and 0 interrupted iterations
steady   [   2% ] 001/050 VUs  0m06.8s/5m0s  2.00 iters/s

running (0m08.0s), 001/050 VUs, 15 complete and 0 interrupted iterations
steady   [   3% ] 001/050 VUs  0m07.8s/5m0s  2.00 iters/s

running (0m09.0s), 001/050 VUs, 17 complete and 0 interrupted iterations
steady   [   3% ] 001/050 VUs  0m08.8s/5m0s  2.00 iters/s

running (0m10.0s), 001/050 VUs, 19 complete and 0 interrupted iterations
steady   [   3% ] 001/050 VUs  0m09.8s/5m0s  2.00 iters/s

running (0m11.0s), 001/050 VUs, 21 complete and 0 interrupted iterations
steady   [   4% ] 001/050 VUs  0m10.8s/5m0s  2.00 iters/s

running (0m12.0s), 001/050 VUs, 23 complete and 0 interrupted iterations
steady   [   4% ] 001/050 VUs  0m11.8s/5m0s  2.00 iters/s

running (0m13.0s), 001/050 VUs, 25 complete and 0 interrupted iterations
steady   [   4% ] 001/050 VUs  0m12.8s/5m0s  2.00 iters/s

running (0m14.0s), 001/050 VUs, 27 complete and 0 interrupted iterations
steady   [   5% ] 001/050 VUs  0m13.8s/5m0s  2.00 iters/s

running (0m15.0s), 001/050 VUs, 29 complete and 0 interrupted iterations
steady   [   5% ] 001/050 VUs  0m14.8s/5m0s  2.00 iters/s

running (0m16.0s), 001/050 VUs, 31 complete and 0 interrupted iterations
steady   [   5% ] 001/050 VUs  0m15.8s/5m0s  2.00 iters/s

running (0m17.0s), 001/050 VUs, 33 complete and 0 interrupted iterations
steady   [   6% ] 001/050 VUs  0m16.8s/5m0s  2.00 iters/s

running (0m18.0s), 001/050 VUs, 35 complete and 0 interrupted iterations
steady   [   6% ] 001/050 VUs  0m17.8s/5m0s  2.00 iters/s

running (0m19.0s), 001/050 VUs, 37 complete and 0 interrupted iterations
steady   [   6% ] 001/050 VUs  0m18.8s/5m0s  2.00 iters/s

running (0m20.0s), 001/050 VUs, 39 complete and 0 interrupted iterations
steady   [   7% ] 001/050 VUs  0m19.8s/5m0s  2.00 iters/s

running (0m21.0s), 001/050 VUs, 41 complete and 0 interrupted iterations
steady   [   7% ] 001/050 VUs  0m20.8s/5m0s  2.00 iters/s

running (0m22.0s), 001/050 VUs, 43 complete and 0 interrupted iterations
steady   [   7% ] 001/050 VUs  0m21.8s/5m0s  2.00 iters/s

running (0m23.0s), 001/050 VUs, 45 complete and 0 interrupted iterations
steady   [   8% ] 001/050 VUs  0m22.8s/5m0s  2.00 iters/s

running (0m24.0s), 001/050 VUs, 47 complete and 0 interrupted iterations
steady   [   8% ] 001/050 VUs  0m23.8s/5m0s  2.00 iters/s

running (0m25.0s), 001/050 VUs, 49 complete and 0 interrupted iterations
steady   [   8% ] 001/050 VUs  0m24.8s/5m0s  2.00 iters/s

running (0m26.0s), 001/050 VUs, 51 complete and 0 interrupted iterations
steady   [   9% ] 001/050 VUs  0m25.8s/5m0s  2.00 iters/s

running (0m27.0s), 001/050 VUs, 53 complete and 0 interrupted iterations
steady   [   9% ] 001/050 VUs  0m26.8s/5m0s  2.00 iters/s

running (0m28.0s), 001/050 VUs, 55 complete and 0 interrupted iterations
steady   [   9% ] 001/050 VUs  0m27.8s/5m0s  2.00 iters/s

running (0m29.0s), 001/050 VUs, 57 complete and 0 interrupted iterations
steady   [  10% ] 001/050 VUs  0m28.8s/5m0s  2.00 iters/s

running (0m30.0s), 001/050 VUs, 59 complete and 0 interrupted iterations
steady   [  10% ] 001/050 VUs  0m29.8s/5m0s  2.00 iters/s

running (0m31.0s), 001/050 VUs, 61 complete and 0 interrupted iterations
steady   [  10% ] 001/050 VUs  0m30.8s/5m0s  2.00 iters/s

running (0m32.0s), 001/050 VUs, 63 complete and 0 interrupted iterations
steady   [  11% ] 001/050 VUs  0m31.8s/5m0s  2.00 iters/s

running (0m33.0s), 001/050 VUs, 65 complete and 0 interrupted iterations
steady   [  11% ] 001/050 VUs  0m32.8s/5m0s  2.00 iters/s

running (0m34.0s), 001/050 VUs, 67 complete and 0 interrupted iterations
steady   [  11% ] 001/050 VUs  0m33.8s/5m0s  2.00 iters/s

running (0m35.0s), 001/050 VUs, 69 complete and 0 interrupted iterations
steady   [  12% ] 001/050 VUs  0m34.8s/5m0s  2.00 iters/s

running (0m36.0s), 001/050 VUs, 71 complete and 0 interrupted iterations
steady   [  12% ] 001/050 VUs  0m35.8s/5m0s  2.00 iters/s

running (0m37.0s), 001/050 VUs, 73 complete and 0 interrupted iterations
steady   [  12% ] 001/050 VUs  0m36.8s/5m0s  2.00 iters/s

running (0m38.0s), 001/050 VUs, 75 complete and 0 interrupted iterations
steady   [  13% ] 001/050 VUs  0m37.8s/5m0s  2.00 iters/s

running (0m39.0s), 001/050 VUs, 77 complete and 0 interrupted iterations
steady   [  13% ] 001/050 VUs  0m38.8s/5m0s  2.00 iters/s

running (0m40.0s), 001/050 VUs, 79 complete and 0 interrupted iterations
steady   [  13% ] 001/050 VUs  0m39.8s/5m0s  2.00 iters/s

running (0m41.0s), 001/050 VUs, 81 complete and 0 interrupted iterations
steady   [  14% ] 001/050 VUs  0m40.8s/5m0s  2.00 iters/s

running (0m42.0s), 001/050 VUs, 83 complete and 0 interrupted iterations
steady   [  14% ] 001/050 VUs  0m41.8s/5m0s  2.00 iters/s

running (0m43.0s), 001/050 VUs, 85 complete and 0 interrupted iterations
steady   [  14% ] 001/050 VUs  0m42.8s/5m0s  2.00 iters/s

running (0m44.0s), 001/050 VUs, 87 complete and 0 interrupted iterations
steady   [  15% ] 001/050 VUs  0m43.8s/5m0s  2.00 iters/s

running (0m45.0s), 001/050 VUs, 89 complete and 0 interrupted iterations
steady   [  15% ] 001/050 VUs  0m44.8s/5m0s  2.00 iters/s

running (0m46.0s), 001/050 VUs, 91 complete and 0 interrupted iterations
steady   [  15% ] 001/050 VUs  0m45.8s/5m0s  2.00 iters/s

running (0m47.0s), 001/050 VUs, 93 complete and 0 interrupted iterations
steady   [  16% ] 001/050 VUs  0m46.8s/5m0s  2.00 iters/s

running (0m48.0s), 001/050 VUs, 95 complete and 0 interrupted iterations
steady   [  16% ] 001/050 VUs  0m47.8s/5m0s  2.00 iters/s

running (0m49.0s), 001/050 VUs, 97 complete and 0 interrupted iterations
steady   [  16% ] 001/050 VUs  0m48.8s/5m0s  2.00 iters/s

running (0m50.0s), 001/050 VUs, 99 complete and 0 interrupted iterations
steady   [  17% ] 001/050 VUs  0m49.8s/5m0s  2.00 iters/s

running (0m51.0s), 001/050 VUs, 101 complete and 0 interrupted iterations
steady   [  17% ] 001/050 VUs  0m50.8s/5m0s  2.00 iters/s

running (0m52.0s), 001/050 VUs, 103 complete and 0 interrupted iterations
steady   [  17% ] 001/050 VUs  0m51.8s/5m0s  2.00 iters/s

running (0m53.0s), 001/050 VUs, 105 complete and 0 interrupted iterations
steady   [  18% ] 001/050 VUs  0m52.8s/5m0s  2.00 iters/s

running (0m54.0s), 001/050 VUs, 107 complete and 0 interrupted iterations
steady   [  18% ] 001/050 VUs  0m53.8s/5m0s  2.00 iters/s

running (0m55.0s), 001/050 VUs, 109 complete and 0 interrupted iterations
steady   [  18% ] 001/050 VUs  0m54.8s/5m0s  2.00 iters/s

running (0m56.0s), 001/050 VUs, 111 complete and 0 interrupted iterations
steady   [  19% ] 001/050 VUs  0m55.8s/5m0s  2.00 iters/s

running (0m57.0s), 001/050 VUs, 113 complete and 0 interrupted iterations
steady   [  19% ] 001/050 VUs  0m56.8s/5m0s  2.00 iters/s

running (0m58.0s), 001/050 VUs, 115 complete and 0 interrupted iterations
steady   [  19% ] 001/050 VUs  0m57.8s/5m0s  2.00 iters/s

running (0m59.0s), 001/050 VUs, 117 complete and 0 interrupted iterations
steady   [  20% ] 001/050 VUs  0m58.8s/5m0s  2.00 iters/s

running (1m00.0s), 001/050 VUs, 119 complete and 0 interrupted iterations
steady   [  20% ] 001/050 VUs  0m59.8s/5m0s  2.00 iters/s

running (1m01.0s), 001/050 VUs, 121 complete and 0 interrupted iterations
steady   [  20% ] 001/050 VUs  1m00.8s/5m0s  2.00 iters/s

running (1m02.0s), 001/050 VUs, 123 complete and 0 interrupted iterations
steady   [  21% ] 001/050 VUs  1m01.8s/5m0s  2.00 iters/s

running (1m03.0s), 001/050 VUs, 125 complete and 0 interrupted iterations
steady   [  21% ] 001/050 VUs  1m02.8s/5m0s  2.00 iters/s

running (1m04.0s), 001/050 VUs, 127 complete and 0 interrupted iterations
steady   [  21% ] 001/050 VUs  1m03.8s/5m0s  2.00 iters/s

running (1m05.0s), 001/050 VUs, 129 complete and 0 interrupted iterations
steady   [  22% ] 001/050 VUs  1m04.8s/5m0s  2.00 iters/s

running (1m06.0s), 001/050 VUs, 131 complete and 0 interrupted iterations
steady   [  22% ] 001/050 VUs  1m05.8s/5m0s  2.00 iters/s

running (1m07.0s), 001/050 VUs, 133 complete and 0 interrupted iterations
steady   [  22% ] 001/050 VUs  1m06.8s/5m0s  2.00 iters/s

running (1m08.0s), 001/050 VUs, 135 complete and 0 interrupted iterations
steady   [  23% ] 001/050 VUs  1m07.8s/5m0s  2.00 iters/s

running (1m09.0s), 001/050 VUs, 137 complete and 0 interrupted iterations
steady   [  23% ] 001/050 VUs  1m08.8s/5m0s  2.00 iters/s

running (1m10.0s), 001/050 VUs, 139 complete and 0 interrupted iterations
steady   [  23% ] 001/050 VUs  1m09.8s/5m0s  2.00 iters/s

running (1m11.0s), 001/050 VUs, 141 complete and 0 interrupted iterations
steady   [  24% ] 001/050 VUs  1m10.8s/5m0s  2.00 iters/s

running (1m12.0s), 001/050 VUs, 143 complete and 0 interrupted iterations
steady   [  24% ] 001/050 VUs  1m11.8s/5m0s  2.00 iters/s

running (1m13.0s), 001/050 VUs, 145 complete and 0 interrupted iterations
steady   [  24% ] 001/050 VUs  1m12.8s/5m0s  2.00 iters/s

running (1m14.0s), 001/050 VUs, 147 complete and 0 interrupted iterations
steady   [  25% ] 001/050 VUs  1m13.8s/5m0s  2.00 iters/s

running (1m15.0s), 001/050 VUs, 149 complete and 0 interrupted iterations
steady   [  25% ] 001/050 VUs  1m14.8s/5m0s  2.00 iters/s

running (1m16.0s), 001/050 VUs, 151 complete and 0 interrupted iterations
steady   [  25% ] 001/050 VUs  1m15.8s/5m0s  2.00 iters/s

running (1m17.0s), 001/050 VUs, 153 complete and 0 interrupted iterations
steady   [  26% ] 001/050 VUs  1m16.8s/5m0s  2.00 iters/s

running (1m18.0s), 001/050 VUs, 155 complete and 0 interrupted iterations
steady   [  26% ] 001/050 VUs  1m17.8s/5m0s  2.00 iters/s

running (1m19.0s), 001/050 VUs, 157 complete and 0 interrupted iterations
steady   [  26% ] 001/050 VUs  1m18.8s/5m0s  2.00 iters/s

running (1m20.0s), 001/050 VUs, 159 complete and 0 interrupted iterations
steady   [  27% ] 001/050 VUs  1m19.8s/5m0s  2.00 iters/s

running (1m21.0s), 001/050 VUs, 161 complete and 0 interrupted iterations
steady   [  27% ] 001/050 VUs  1m20.8s/5m0s  2.00 iters/s

running (1m22.0s), 001/050 VUs, 163 complete and 0 interrupted iterations
steady   [  27% ] 001/050 VUs  1m21.8s/5m0s  2.00 iters/s

running (1m23.0s), 001/050 VUs, 165 complete and 0 interrupted iterations
steady   [  28% ] 001/050 VUs  1m22.8s/5m0s  2.00 iters/s

running (1m24.0s), 001/050 VUs, 167 complete and 0 interrupted iterations
steady   [  28% ] 001/050 VUs  1m23.8s/5m0s  2.00 iters/s

running (1m25.0s), 001/050 VUs, 169 complete and 0 interrupted iterations
steady   [  28% ] 001/050 VUs  1m24.8s/5m0s  2.00 iters/s

running (1m26.0s), 001/050 VUs, 171 complete and 0 interrupted iterations
steady   [  29% ] 001/050 VUs  1m25.8s/5m0s  2.00 iters/s

running (1m27.0s), 001/050 VUs, 173 complete and 0 interrupted iterations
steady   [  29% ] 001/050 VUs  1m26.8s/5m0s  2.00 iters/s

running (1m28.0s), 001/050 VUs, 175 complete and 0 interrupted iterations
steady   [  29% ] 001/050 VUs  1m27.8s/5m0s  2.00 iters/s

running (1m29.0s), 001/050 VUs, 177 complete and 0 interrupted iterations
steady   [  30% ] 001/050 VUs  1m28.8s/5m0s  2.00 iters/s

running (1m30.0s), 001/050 VUs, 179 complete and 0 interrupted iterations
steady   [  30% ] 001/050 VUs  1m29.8s/5m0s  2.00 iters/s

running (1m31.0s), 001/050 VUs, 181 complete and 0 interrupted iterations
steady   [  30% ] 001/050 VUs  1m30.8s/5m0s  2.00 iters/s

running (1m32.0s), 001/050 VUs, 183 complete and 0 interrupted iterations
steady   [  31% ] 001/050 VUs  1m31.8s/5m0s  2.00 iters/s

running (1m33.0s), 001/050 VUs, 185 complete and 0 interrupted iterations
steady   [  31% ] 001/050 VUs  1m32.8s/5m0s  2.00 iters/s

running (1m34.0s), 001/050 VUs, 187 complete and 0 interrupted iterations
steady   [  31% ] 001/050 VUs  1m33.8s/5m0s  2.00 iters/s

running (1m35.0s), 001/050 VUs, 189 complete and 0 interrupted iterations
steady   [  32% ] 001/050 VUs  1m34.8s/5m0s  2.00 iters/s

running (1m36.0s), 001/050 VUs, 191 complete and 0 interrupted iterations
steady   [  32% ] 001/050 VUs  1m35.8s/5m0s  2.00 iters/s

running (1m37.0s), 001/050 VUs, 193 complete and 0 interrupted iterations
steady   [  32% ] 001/050 VUs  1m36.8s/5m0s  2.00 iters/s

running (1m38.0s), 001/050 VUs, 195 complete and 0 interrupted iterations
steady   [  33% ] 001/050 VUs  1m37.8s/5m0s  2.00 iters/s

running (1m39.0s), 001/050 VUs, 197 complete and 0 interrupted iterations
steady   [  33% ] 001/050 VUs  1m38.8s/5m0s  2.00 iters/s

running (1m40.0s), 001/050 VUs, 199 complete and 0 interrupted iterations
steady   [  33% ] 001/050 VUs  1m39.8s/5m0s  2.00 iters/s

running (1m41.0s), 001/050 VUs, 201 complete and 0 interrupted iterations
steady   [  34% ] 001/050 VUs  1m40.8s/5m0s  2.00 iters/s

running (1m42.0s), 001/050 VUs, 203 complete and 0 interrupted iterations
steady   [  34% ] 001/050 VUs  1m41.8s/5m0s  2.00 iters/s

running (1m43.0s), 001/050 VUs, 205 complete and 0 interrupted iterations
steady   [  34% ] 001/050 VUs  1m42.8s/5m0s  2.00 iters/s

running (1m44.0s), 001/050 VUs, 207 complete and 0 interrupted iterations
steady   [  35% ] 001/050 VUs  1m43.8s/5m0s  2.00 iters/s

running (1m45.0s), 001/050 VUs, 209 complete and 0 interrupted iterations
steady   [  35% ] 001/050 VUs  1m44.8s/5m0s  2.00 iters/s

running (1m46.0s), 001/050 VUs, 211 complete and 0 interrupted iterations
steady   [  35% ] 001/050 VUs  1m45.8s/5m0s  2.00 iters/s

running (1m47.0s), 001/050 VUs, 213 complete and 0 interrupted iterations
steady   [  36% ] 001/050 VUs  1m46.8s/5m0s  2.00 iters/s

running (1m48.0s), 001/050 VUs, 215 complete and 0 interrupted iterations
steady   [  36% ] 001/050 VUs  1m47.8s/5m0s  2.00 iters/s

running (1m49.0s), 001/050 VUs, 217 complete and 0 interrupted iterations
steady   [  36% ] 001/050 VUs  1m48.8s/5m0s  2.00 iters/s

running (1m50.0s), 001/050 VUs, 219 complete and 0 interrupted iterations
steady   [  37% ] 001/050 VUs  1m49.8s/5m0s  2.00 iters/s

running (1m51.0s), 001/050 VUs, 221 complete and 0 interrupted iterations
steady   [  37% ] 001/050 VUs  1m50.8s/5m0s  2.00 iters/s

running (1m52.0s), 001/050 VUs, 223 complete and 0 interrupted iterations
steady   [  37% ] 001/050 VUs  1m51.8s/5m0s  2.00 iters/s

running (1m53.0s), 001/050 VUs, 225 complete and 0 interrupted iterations
steady   [  38% ] 001/050 VUs  1m52.8s/5m0s  2.00 iters/s

running (1m54.0s), 001/050 VUs, 227 complete and 0 interrupted iterations
steady   [  38% ] 001/050 VUs  1m53.8s/5m0s  2.00 iters/s

running (1m55.0s), 001/050 VUs, 229 complete and 0 interrupted iterations
steady   [  38% ] 001/050 VUs  1m54.8s/5m0s  2.00 iters/s

running (1m56.0s), 001/050 VUs, 231 complete and 0 interrupted iterations
steady   [  39% ] 001/050 VUs  1m55.8s/5m0s  2.00 iters/s

running (1m57.0s), 001/050 VUs, 233 complete and 0 interrupted iterations
steady   [  39% ] 001/050 VUs  1m56.8s/5m0s  2.00 iters/s

running (1m58.0s), 001/050 VUs, 235 complete and 0 interrupted iterations
steady   [  39% ] 001/050 VUs  1m57.8s/5m0s  2.00 iters/s

running (1m59.0s), 001/050 VUs, 237 complete and 0 interrupted iterations
steady   [  40% ] 001/050 VUs  1m58.8s/5m0s  2.00 iters/s

running (2m00.0s), 001/050 VUs, 239 complete and 0 interrupted iterations
steady   [  40% ] 001/050 VUs  1m59.8s/5m0s  2.00 iters/s

running (2m01.0s), 001/050 VUs, 241 complete and 0 interrupted iterations
steady   [  40% ] 001/050 VUs  2m00.8s/5m0s  2.00 iters/s

running (2m02.0s), 001/050 VUs, 243 complete and 0 interrupted iterations
steady   [  41% ] 001/050 VUs  2m01.8s/5m0s  2.00 iters/s

running (2m03.0s), 001/050 VUs, 245 complete and 0 interrupted iterations
steady   [  41% ] 001/050 VUs  2m02.8s/5m0s  2.00 iters/s

running (2m04.0s), 001/050 VUs, 247 complete and 0 interrupted iterations
steady   [  41% ] 001/050 VUs  2m03.8s/5m0s  2.00 iters/s

running (2m05.0s), 001/050 VUs, 249 complete and 0 interrupted iterations
steady   [  42% ] 001/050 VUs  2m04.8s/5m0s  2.00 iters/s

running (2m06.0s), 001/050 VUs, 251 complete and 0 interrupted iterations
steady   [  42% ] 001/050 VUs  2m05.8s/5m0s  2.00 iters/s

running (2m07.0s), 001/050 VUs, 253 complete and 0 interrupted iterations
steady   [  42% ] 001/050 VUs  2m06.8s/5m0s  2.00 iters/s

running (2m08.0s), 001/050 VUs, 255 complete and 0 interrupted iterations
steady   [  43% ] 001/050 VUs  2m07.8s/5m0s  2.00 iters/s

running (2m09.0s), 001/050 VUs, 257 complete and 0 interrupted iterations
steady   [  43% ] 001/050 VUs  2m08.8s/5m0s  2.00 iters/s

running (2m10.0s), 001/050 VUs, 259 complete and 0 interrupted iterations
steady   [  43% ] 001/050 VUs  2m09.8s/5m0s  2.00 iters/s

running (2m11.0s), 001/050 VUs, 261 complete and 0 interrupted iterations
steady   [  44% ] 001/050 VUs  2m10.8s/5m0s  2.00 iters/s

running (2m12.0s), 001/050 VUs, 263 complete and 0 interrupted iterations
steady   [  44% ] 001/050 VUs  2m11.8s/5m0s  2.00 iters/s

running (2m13.0s), 001/050 VUs, 265 complete and 0 interrupted iterations
steady   [  44% ] 001/050 VUs  2m12.8s/5m0s  2.00 iters/s

running (2m14.0s), 001/050 VUs, 267 complete and 0 interrupted iterations
steady   [  45% ] 001/050 VUs  2m13.8s/5m0s  2.00 iters/s

running (2m15.0s), 001/050 VUs, 269 complete and 0 interrupted iterations
steady   [  45% ] 001/050 VUs  2m14.8s/5m0s  2.00 iters/s

running (2m16.0s), 001/050 VUs, 271 complete and 0 interrupted iterations
steady   [  45% ] 001/050 VUs  2m15.8s/5m0s  2.00 iters/s

running (2m17.0s), 001/050 VUs, 273 complete and 0 interrupted iterations
steady   [  46% ] 001/050 VUs  2m16.8s/5m0s  2.00 iters/s

running (2m18.0s), 001/050 VUs, 275 complete and 0 interrupted iterations
steady   [  46% ] 001/050 VUs  2m17.8s/5m0s  2.00 iters/s

running (2m19.0s), 001/050 VUs, 277 complete and 0 interrupted iterations
steady   [  46% ] 001/050 VUs  2m18.8s/5m0s  2.00 iters/s

running (2m20.0s), 001/050 VUs, 279 complete and 0 interrupted iterations
steady   [  47% ] 001/050 VUs  2m19.8s/5m0s  2.00 iters/s

running (2m21.0s), 001/050 VUs, 281 complete and 0 interrupted iterations
steady   [  47% ] 001/050 VUs  2m20.8s/5m0s  2.00 iters/s

running (2m22.0s), 001/050 VUs, 283 complete and 0 interrupted iterations
steady   [  47% ] 001/050 VUs  2m21.8s/5m0s  2.00 iters/s

running (2m23.0s), 001/050 VUs, 285 complete and 0 interrupted iterations
steady   [  48% ] 001/050 VUs  2m22.8s/5m0s  2.00 iters/s

running (2m24.0s), 001/050 VUs, 287 complete and 0 interrupted iterations
steady   [  48% ] 001/050 VUs  2m23.8s/5m0s  2.00 iters/s

running (2m25.0s), 001/050 VUs, 289 complete and 0 interrupted iterations
steady   [  48% ] 001/050 VUs  2m24.8s/5m0s  2.00 iters/s

running (2m26.0s), 001/050 VUs, 291 complete and 0 interrupted iterations
steady   [  49% ] 001/050 VUs  2m25.8s/5m0s  2.00 iters/s

running (2m27.0s), 001/050 VUs, 293 complete and 0 interrupted iterations
steady   [  49% ] 001/050 VUs  2m26.8s/5m0s  2.00 iters/s

running (2m28.0s), 001/050 VUs, 295 complete and 0 interrupted iterations
steady   [  49% ] 001/050 VUs  2m27.8s/5m0s  2.00 iters/s

running (2m29.0s), 001/050 VUs, 297 complete and 0 interrupted iterations
steady   [  50% ] 001/050 VUs  2m28.8s/5m0s  2.00 iters/s

running (2m30.0s), 001/050 VUs, 299 complete and 0 interrupted iterations
steady   [  50% ] 001/050 VUs  2m29.8s/5m0s  2.00 iters/s

running (2m31.0s), 001/050 VUs, 301 complete and 0 interrupted iterations
steady   [  50% ] 001/050 VUs  2m30.8s/5m0s  2.00 iters/s

running (2m32.0s), 001/050 VUs, 303 complete and 0 interrupted iterations
steady   [  51% ] 001/050 VUs  2m31.8s/5m0s  2.00 iters/s

running (2m33.0s), 001/050 VUs, 305 complete and 0 interrupted iterations
steady   [  51% ] 001/050 VUs  2m32.8s/5m0s  2.00 iters/s

running (2m34.0s), 001/050 VUs, 307 complete and 0 interrupted iterations
steady   [  51% ] 001/050 VUs  2m33.8s/5m0s  2.00 iters/s

running (2m35.0s), 001/050 VUs, 309 complete and 0 interrupted iterations
steady   [  52% ] 001/050 VUs  2m34.8s/5m0s  2.00 iters/s

running (2m36.0s), 001/050 VUs, 311 complete and 0 interrupted iterations
steady   [  52% ] 001/050 VUs  2m35.8s/5m0s  2.00 iters/s

running (2m37.0s), 001/050 VUs, 313 complete and 0 interrupted iterations
steady   [  52% ] 001/050 VUs  2m36.8s/5m0s  2.00 iters/s

running (2m38.0s), 001/050 VUs, 315 complete and 0 interrupted iterations
steady   [  53% ] 001/050 VUs  2m37.8s/5m0s  2.00 iters/s

running (2m39.0s), 001/050 VUs, 317 complete and 0 interrupted iterations
steady   [  53% ] 001/050 VUs  2m38.8s/5m0s  2.00 iters/s

running (2m40.0s), 001/050 VUs, 319 complete and 0 interrupted iterations
steady   [  53% ] 001/050 VUs  2m39.8s/5m0s  2.00 iters/s

running (2m41.0s), 001/050 VUs, 321 complete and 0 interrupted iterations
steady   [  54% ] 001/050 VUs  2m40.8s/5m0s  2.00 iters/s

running (2m42.0s), 001/050 VUs, 323 complete and 0 interrupted iterations
steady   [  54% ] 001/050 VUs  2m41.8s/5m0s  2.00 iters/s

running (2m43.0s), 001/050 VUs, 325 complete and 0 interrupted iterations
steady   [  54% ] 001/050 VUs  2m42.8s/5m0s  2.00 iters/s

running (2m44.0s), 001/050 VUs, 327 complete and 0 interrupted iterations
steady   [  55% ] 001/050 VUs  2m43.8s/5m0s  2.00 iters/s

running (2m45.0s), 001/050 VUs, 329 complete and 0 interrupted iterations
steady   [  55% ] 001/050 VUs  2m44.8s/5m0s  2.00 iters/s

running (2m46.0s), 001/050 VUs, 331 complete and 0 interrupted iterations
steady   [  55% ] 001/050 VUs  2m45.8s/5m0s  2.00 iters/s

running (2m47.0s), 001/050 VUs, 333 complete and 0 interrupted iterations
steady   [  56% ] 001/050 VUs  2m46.8s/5m0s  2.00 iters/s

running (2m48.0s), 001/050 VUs, 335 complete and 0 interrupted iterations
steady   [  56% ] 001/050 VUs  2m47.8s/5m0s  2.00 iters/s

running (2m49.0s), 001/050 VUs, 337 complete and 0 interrupted iterations
steady   [  56% ] 001/050 VUs  2m48.8s/5m0s  2.00 iters/s

running (2m50.0s), 001/050 VUs, 339 complete and 0 interrupted iterations
steady   [  57% ] 001/050 VUs  2m49.8s/5m0s  2.00 iters/s

running (2m51.0s), 001/050 VUs, 341 complete and 0 interrupted iterations
steady   [  57% ] 001/050 VUs  2m50.8s/5m0s  2.00 iters/s

running (2m52.0s), 001/050 VUs, 343 complete and 0 interrupted iterations
steady   [  57% ] 001/050 VUs  2m51.8s/5m0s  2.00 iters/s

running (2m53.0s), 001/050 VUs, 345 complete and 0 interrupted iterations
steady   [  58% ] 001/050 VUs  2m52.8s/5m0s  2.00 iters/s

running (2m54.0s), 001/050 VUs, 347 complete and 0 interrupted iterations
steady   [  58% ] 001/050 VUs  2m53.8s/5m0s  2.00 iters/s

running (2m55.0s), 001/050 VUs, 349 complete and 0 interrupted iterations
steady   [  58% ] 001/050 VUs  2m54.8s/5m0s  2.00 iters/s

running (2m56.0s), 001/050 VUs, 351 complete and 0 interrupted iterations
steady   [  59% ] 001/050 VUs  2m55.8s/5m0s  2.00 iters/s

running (2m57.0s), 001/050 VUs, 353 complete and 0 interrupted iterations
steady   [  59% ] 001/050 VUs  2m56.8s/5m0s  2.00 iters/s

running (2m58.0s), 001/050 VUs, 355 complete and 0 interrupted iterations
steady   [  59% ] 001/050 VUs  2m57.8s/5m0s  2.00 iters/s

running (2m59.0s), 001/050 VUs, 357 complete and 0 interrupted iterations
steady   [  60% ] 001/050 VUs  2m58.8s/5m0s  2.00 iters/s

running (3m00.0s), 001/050 VUs, 359 complete and 0 interrupted iterations
steady   [  60% ] 001/050 VUs  2m59.8s/5m0s  2.00 iters/s

running (3m01.0s), 001/050 VUs, 361 complete and 0 interrupted iterations
steady   [  60% ] 001/050 VUs  3m00.8s/5m0s  2.00 iters/s

running (3m02.0s), 001/050 VUs, 363 complete and 0 interrupted iterations
steady   [  61% ] 001/050 VUs  3m01.8s/5m0s  2.00 iters/s

running (3m03.0s), 001/050 VUs, 365 complete and 0 interrupted iterations
steady   [  61% ] 001/050 VUs  3m02.8s/5m0s  2.00 iters/s

running (3m04.0s), 001/050 VUs, 367 complete and 0 interrupted iterations
steady   [  61% ] 001/050 VUs  3m03.8s/5m0s  2.00 iters/s

running (3m05.0s), 001/050 VUs, 369 complete and 0 interrupted iterations
steady   [  62% ] 001/050 VUs  3m04.8s/5m0s  2.00 iters/s

running (3m06.0s), 001/050 VUs, 371 complete and 0 interrupted iterations
steady   [  62% ] 001/050 VUs  3m05.8s/5m0s  2.00 iters/s

running (3m07.0s), 001/050 VUs, 373 complete and 0 interrupted iterations
steady   [  62% ] 001/050 VUs  3m06.8s/5m0s  2.00 iters/s

running (3m08.0s), 001/050 VUs, 375 complete and 0 interrupted iterations
steady   [  63% ] 001/050 VUs  3m07.8s/5m0s  2.00 iters/s

running (3m09.0s), 001/050 VUs, 377 complete and 0 interrupted iterations
steady   [  63% ] 001/050 VUs  3m08.8s/5m0s  2.00 iters/s

running (3m10.0s), 001/050 VUs, 379 complete and 0 interrupted iterations
steady   [  63% ] 001/050 VUs  3m09.8s/5m0s  2.00 iters/s

running (3m11.0s), 001/050 VUs, 381 complete and 0 interrupted iterations
steady   [  64% ] 001/050 VUs  3m10.8s/5m0s  2.00 iters/s

running (3m12.0s), 001/050 VUs, 383 complete and 0 interrupted iterations
steady   [  64% ] 001/050 VUs  3m11.8s/5m0s  2.00 iters/s

running (3m13.0s), 001/050 VUs, 385 complete and 0 interrupted iterations
steady   [  64% ] 001/050 VUs  3m12.8s/5m0s  2.00 iters/s

running (3m14.0s), 001/050 VUs, 387 complete and 0 interrupted iterations
steady   [  65% ] 001/050 VUs  3m13.8s/5m0s  2.00 iters/s

running (3m15.0s), 001/050 VUs, 389 complete and 0 interrupted iterations
steady   [  65% ] 001/050 VUs  3m14.8s/5m0s  2.00 iters/s

running (3m16.0s), 001/050 VUs, 391 complete and 0 interrupted iterations
steady   [  65% ] 001/050 VUs  3m15.8s/5m0s  2.00 iters/s

running (3m17.0s), 001/050 VUs, 393 complete and 0 interrupted iterations
steady   [  66% ] 001/050 VUs  3m16.8s/5m0s  2.00 iters/s

running (3m18.0s), 001/050 VUs, 395 complete and 0 interrupted iterations
steady   [  66% ] 001/050 VUs  3m17.8s/5m0s  2.00 iters/s

running (3m19.0s), 001/050 VUs, 397 complete and 0 interrupted iterations
steady   [  66% ] 001/050 VUs  3m18.8s/5m0s  2.00 iters/s

running (3m20.0s), 001/050 VUs, 399 complete and 0 interrupted iterations
steady   [  67% ] 001/050 VUs  3m19.8s/5m0s  2.00 iters/s

running (3m21.0s), 001/050 VUs, 401 complete and 0 interrupted iterations
steady   [  67% ] 001/050 VUs  3m20.8s/5m0s  2.00 iters/s

running (3m22.0s), 001/050 VUs, 403 complete and 0 interrupted iterations
steady   [  67% ] 001/050 VUs  3m21.8s/5m0s  2.00 iters/s

running (3m23.0s), 001/050 VUs, 405 complete and 0 interrupted iterations
steady   [  68% ] 001/050 VUs  3m22.8s/5m0s  2.00 iters/s

running (3m24.0s), 001/050 VUs, 407 complete and 0 interrupted iterations
steady   [  68% ] 001/050 VUs  3m23.8s/5m0s  2.00 iters/s

running (3m25.0s), 001/050 VUs, 409 complete and 0 interrupted iterations
steady   [  68% ] 001/050 VUs  3m24.8s/5m0s  2.00 iters/s

running (3m26.0s), 001/050 VUs, 411 complete and 0 interrupted iterations
steady   [  69% ] 001/050 VUs  3m25.8s/5m0s  2.00 iters/s

running (3m27.0s), 001/050 VUs, 413 complete and 0 interrupted iterations
steady   [  69% ] 001/050 VUs  3m26.8s/5m0s  2.00 iters/s

running (3m28.0s), 001/050 VUs, 415 complete and 0 interrupted iterations
steady   [  69% ] 001/050 VUs  3m27.8s/5m0s  2.00 iters/s

running (3m29.0s), 001/050 VUs, 417 complete and 0 interrupted iterations
steady   [  70% ] 001/050 VUs  3m28.8s/5m0s  2.00 iters/s

running (3m30.0s), 001/050 VUs, 419 complete and 0 interrupted iterations
steady   [  70% ] 001/050 VUs  3m29.8s/5m0s  2.00 iters/s

running (3m31.0s), 001/050 VUs, 421 complete and 0 interrupted iterations
steady   [  70% ] 001/050 VUs  3m30.8s/5m0s  2.00 iters/s

running (3m32.0s), 001/050 VUs, 423 complete and 0 interrupted iterations
steady   [  71% ] 001/050 VUs  3m31.8s/5m0s  2.00 iters/s

running (3m33.0s), 001/050 VUs, 425 complete and 0 interrupted iterations
steady   [  71% ] 001/050 VUs  3m32.8s/5m0s  2.00 iters/s

running (3m34.0s), 001/050 VUs, 427 complete and 0 interrupted iterations
steady   [  71% ] 001/050 VUs  3m33.8s/5m0s  2.00 iters/s

running (3m35.0s), 001/050 VUs, 429 complete and 0 interrupted iterations
steady   [  72% ] 001/050 VUs  3m34.8s/5m0s  2.00 iters/s

running (3m36.0s), 001/050 VUs, 431 complete and 0 interrupted iterations
steady   [  72% ] 001/050 VUs  3m35.8s/5m0s  2.00 iters/s

running (3m37.0s), 001/050 VUs, 433 complete and 0 interrupted iterations
steady   [  72% ] 001/050 VUs  3m36.8s/5m0s  2.00 iters/s

running (3m38.0s), 001/050 VUs, 435 complete and 0 interrupted iterations
steady   [  73% ] 001/050 VUs  3m37.8s/5m0s  2.00 iters/s

running (3m39.0s), 001/050 VUs, 437 complete and 0 interrupted iterations
steady   [  73% ] 001/050 VUs  3m38.8s/5m0s  2.00 iters/s

running (3m40.0s), 001/050 VUs, 439 complete and 0 interrupted iterations
steady   [  73% ] 001/050 VUs  3m39.8s/5m0s  2.00 iters/s

running (3m41.0s), 001/050 VUs, 441 complete and 0 interrupted iterations
steady   [  74% ] 001/050 VUs  3m40.8s/5m0s  2.00 iters/s

running (3m42.0s), 001/050 VUs, 443 complete and 0 interrupted iterations
steady   [  74% ] 001/050 VUs  3m41.8s/5m0s  2.00 iters/s

running (3m43.0s), 001/050 VUs, 445 complete and 0 interrupted iterations
steady   [  74% ] 001/050 VUs  3m42.8s/5m0s  2.00 iters/s

running (3m44.0s), 001/050 VUs, 447 complete and 0 interrupted iterations
steady   [  75% ] 001/050 VUs  3m43.8s/5m0s  2.00 iters/s

running (3m45.0s), 001/050 VUs, 449 complete and 0 interrupted iterations
steady   [  75% ] 001/050 VUs  3m44.8s/5m0s  2.00 iters/s

running (3m46.0s), 001/050 VUs, 451 complete and 0 interrupted iterations
steady   [  75% ] 001/050 VUs  3m45.8s/5m0s  2.00 iters/s

running (3m47.0s), 001/050 VUs, 453 complete and 0 interrupted iterations
steady   [  76% ] 001/050 VUs  3m46.8s/5m0s  2.00 iters/s

running (3m48.0s), 001/050 VUs, 455 complete and 0 interrupted iterations
steady   [  76% ] 001/050 VUs  3m47.8s/5m0s  2.00 iters/s

running (3m49.0s), 001/050 VUs, 457 complete and 0 interrupted iterations
steady   [  76% ] 001/050 VUs  3m48.8s/5m0s  2.00 iters/s

running (3m50.0s), 001/050 VUs, 459 complete and 0 interrupted iterations
steady   [  77% ] 001/050 VUs  3m49.8s/5m0s  2.00 iters/s

running (3m51.0s), 001/050 VUs, 461 complete and 0 interrupted iterations
steady   [  77% ] 001/050 VUs  3m50.8s/5m0s  2.00 iters/s

running (3m52.0s), 001/050 VUs, 463 complete and 0 interrupted iterations
steady   [  77% ] 001/050 VUs  3m51.8s/5m0s  2.00 iters/s

running (3m53.0s), 001/050 VUs, 465 complete and 0 interrupted iterations
steady   [  78% ] 001/050 VUs  3m52.8s/5m0s  2.00 iters/s

running (3m54.0s), 001/050 VUs, 467 complete and 0 interrupted iterations
steady   [  78% ] 001/050 VUs  3m53.8s/5m0s  2.00 iters/s

running (3m55.0s), 001/050 VUs, 469 complete and 0 interrupted iterations
steady   [  78% ] 001/050 VUs  3m54.8s/5m0s  2.00 iters/s

running (3m56.0s), 001/050 VUs, 471 complete and 0 interrupted iterations
steady   [  79% ] 001/050 VUs  3m55.8s/5m0s  2.00 iters/s

running (3m57.0s), 001/050 VUs, 473 complete and 0 interrupted iterations
steady   [  79% ] 001/050 VUs  3m56.8s/5m0s  2.00 iters/s

running (3m58.0s), 001/050 VUs, 475 complete and 0 interrupted iterations
steady   [  79% ] 001/050 VUs  3m57.8s/5m0s  2.00 iters/s

running (3m59.0s), 001/050 VUs, 477 complete and 0 interrupted iterations
steady   [  80% ] 001/050 VUs  3m58.8s/5m0s  2.00 iters/s

running (4m00.0s), 001/050 VUs, 479 complete and 0 interrupted iterations
steady   [  80% ] 001/050 VUs  3m59.8s/5m0s  2.00 iters/s

running (4m01.0s), 001/050 VUs, 481 complete and 0 interrupted iterations
steady   [  80% ] 001/050 VUs  4m00.8s/5m0s  2.00 iters/s

running (4m02.0s), 001/050 VUs, 483 complete and 0 interrupted iterations
steady   [  81% ] 001/050 VUs  4m01.8s/5m0s  2.00 iters/s

running (4m03.0s), 001/050 VUs, 485 complete and 0 interrupted iterations
steady   [  81% ] 001/050 VUs  4m02.8s/5m0s  2.00 iters/s

running (4m04.0s), 001/050 VUs, 487 complete and 0 interrupted iterations
steady   [  81% ] 001/050 VUs  4m03.8s/5m0s  2.00 iters/s

running (4m05.0s), 001/050 VUs, 489 complete and 0 interrupted iterations
steady   [  82% ] 001/050 VUs  4m04.8s/5m0s  2.00 iters/s

running (4m06.0s), 001/050 VUs, 491 complete and 0 interrupted iterations
steady   [  82% ] 001/050 VUs  4m05.8s/5m0s  2.00 iters/s

running (4m07.0s), 001/050 VUs, 493 complete and 0 interrupted iterations
steady   [  82% ] 001/050 VUs  4m06.8s/5m0s  2.00 iters/s

running (4m08.0s), 001/050 VUs, 495 complete and 0 interrupted iterations
steady   [  83% ] 001/050 VUs  4m07.8s/5m0s  2.00 iters/s

running (4m09.0s), 001/050 VUs, 497 complete and 0 interrupted iterations
steady   [  83% ] 001/050 VUs  4m08.8s/5m0s  2.00 iters/s

running (4m10.0s), 001/050 VUs, 499 complete and 0 interrupted iterations
steady   [  83% ] 001/050 VUs  4m09.8s/5m0s  2.00 iters/s

running (4m11.0s), 001/050 VUs, 501 complete and 0 interrupted iterations
steady   [  84% ] 001/050 VUs  4m10.8s/5m0s  2.00 iters/s

running (4m12.0s), 001/050 VUs, 503 complete and 0 interrupted iterations
steady   [  84% ] 001/050 VUs  4m11.8s/5m0s  2.00 iters/s

running (4m13.0s), 001/050 VUs, 505 complete and 0 interrupted iterations
steady   [  84% ] 001/050 VUs  4m12.8s/5m0s  2.00 iters/s

running (4m14.0s), 001/050 VUs, 507 complete and 0 interrupted iterations
steady   [  85% ] 001/050 VUs  4m13.8s/5m0s  2.00 iters/s

running (4m15.0s), 001/050 VUs, 509 complete and 0 interrupted iterations
steady   [  85% ] 001/050 VUs  4m14.8s/5m0s  2.00 iters/s

running (4m16.0s), 001/050 VUs, 511 complete and 0 interrupted iterations
steady   [  85% ] 001/050 VUs  4m15.8s/5m0s  2.00 iters/s

running (4m17.0s), 001/050 VUs, 513 complete and 0 interrupted iterations
steady   [  86% ] 001/050 VUs  4m16.8s/5m0s  2.00 iters/s

running (4m18.0s), 001/050 VUs, 515 complete and 0 interrupted iterations
steady   [  86% ] 001/050 VUs  4m17.8s/5m0s  2.00 iters/s

running (4m19.0s), 001/050 VUs, 517 complete and 0 interrupted iterations
steady   [  86% ] 001/050 VUs  4m18.8s/5m0s  2.00 iters/s

running (4m20.0s), 001/050 VUs, 519 complete and 0 interrupted iterations
steady   [  87% ] 001/050 VUs  4m19.8s/5m0s  2.00 iters/s

running (4m21.0s), 001/050 VUs, 521 complete and 0 interrupted iterations
steady   [  87% ] 001/050 VUs  4m20.8s/5m0s  2.00 iters/s

running (4m22.0s), 001/050 VUs, 523 complete and 0 interrupted iterations
steady   [  87% ] 001/050 VUs  4m21.8s/5m0s  2.00 iters/s

running (4m23.0s), 001/050 VUs, 525 complete and 0 interrupted iterations
steady   [  88% ] 001/050 VUs  4m22.8s/5m0s  2.00 iters/s

running (4m24.0s), 001/050 VUs, 527 complete and 0 interrupted iterations
steady   [  88% ] 001/050 VUs  4m23.8s/5m0s  2.00 iters/s

running (4m25.0s), 001/050 VUs, 529 complete and 0 interrupted iterations
steady   [  88% ] 001/050 VUs  4m24.8s/5m0s  2.00 iters/s

running (4m26.0s), 001/050 VUs, 531 complete and 0 interrupted iterations
steady   [  89% ] 001/050 VUs  4m25.8s/5m0s  2.00 iters/s

running (4m27.0s), 001/050 VUs, 533 complete and 0 interrupted iterations
steady   [  89% ] 001/050 VUs  4m26.8s/5m0s  2.00 iters/s

running (4m28.0s), 001/050 VUs, 535 complete and 0 interrupted iterations
steady   [  89% ] 001/050 VUs  4m27.8s/5m0s  2.00 iters/s

running (4m29.0s), 001/050 VUs, 537 complete and 0 interrupted iterations
steady   [  90% ] 001/050 VUs  4m28.8s/5m0s  2.00 iters/s

running (4m30.0s), 001/050 VUs, 539 complete and 0 interrupted iterations
steady   [  90% ] 001/050 VUs  4m29.8s/5m0s  2.00 iters/s

running (4m31.0s), 001/050 VUs, 541 complete and 0 interrupted iterations
steady   [  90% ] 001/050 VUs  4m30.8s/5m0s  2.00 iters/s

running (4m32.0s), 001/050 VUs, 543 complete and 0 interrupted iterations
steady   [  91% ] 001/050 VUs  4m31.8s/5m0s  2.00 iters/s

running (4m33.0s), 001/050 VUs, 545 complete and 0 interrupted iterations
steady   [  91% ] 001/050 VUs  4m32.8s/5m0s  2.00 iters/s

running (4m34.0s), 001/050 VUs, 547 complete and 0 interrupted iterations
steady   [  91% ] 001/050 VUs  4m33.8s/5m0s  2.00 iters/s

running (4m35.0s), 001/050 VUs, 549 complete and 0 interrupted iterations
steady   [  92% ] 001/050 VUs  4m34.8s/5m0s  2.00 iters/s

running (4m36.0s), 001/050 VUs, 551 complete and 0 interrupted iterations
steady   [  92% ] 001/050 VUs  4m35.8s/5m0s  2.00 iters/s

running (4m37.0s), 001/050 VUs, 553 complete and 0 interrupted iterations
steady   [  92% ] 001/050 VUs  4m36.8s/5m0s  2.00 iters/s

running (4m38.0s), 001/050 VUs, 555 complete and 0 interrupted iterations
steady   [  93% ] 001/050 VUs  4m37.8s/5m0s  2.00 iters/s

running (4m39.0s), 001/050 VUs, 557 complete and 0 interrupted iterations
steady   [  93% ] 001/050 VUs  4m38.8s/5m0s  2.00 iters/s

running (4m40.0s), 001/050 VUs, 559 complete and 0 interrupted iterations
steady   [  93% ] 001/050 VUs  4m39.8s/5m0s  2.00 iters/s

running (4m41.0s), 001/050 VUs, 561 complete and 0 interrupted iterations
steady   [  94% ] 001/050 VUs  4m40.8s/5m0s  2.00 iters/s

running (4m42.0s), 001/050 VUs, 563 complete and 0 interrupted iterations
steady   [  94% ] 001/050 VUs  4m41.8s/5m0s  2.00 iters/s

running (4m43.0s), 001/050 VUs, 565 complete and 0 interrupted iterations
steady   [  94% ] 001/050 VUs  4m42.8s/5m0s  2.00 iters/s

running (4m44.0s), 001/050 VUs, 567 complete and 0 interrupted iterations
steady   [  95% ] 001/050 VUs  4m43.8s/5m0s  2.00 iters/s

running (4m45.0s), 001/050 VUs, 569 complete and 0 interrupted iterations
steady   [  95% ] 001/050 VUs  4m44.8s/5m0s  2.00 iters/s

running (4m46.0s), 001/050 VUs, 571 complete and 0 interrupted iterations
steady   [  95% ] 001/050 VUs  4m45.8s/5m0s  2.00 iters/s

running (4m47.0s), 001/050 VUs, 573 complete and 0 interrupted iterations
steady   [  96% ] 001/050 VUs  4m46.8s/5m0s  2.00 iters/s

running (4m48.0s), 001/050 VUs, 575 complete and 0 interrupted iterations
steady   [  96% ] 001/050 VUs  4m47.8s/5m0s  2.00 iters/s

running (4m49.0s), 001/050 VUs, 577 complete and 0 interrupted iterations
steady   [  96% ] 001/050 VUs  4m48.8s/5m0s  2.00 iters/s

running (4m50.0s), 001/050 VUs, 579 complete and 0 interrupted iterations
steady   [  97% ] 001/050 VUs  4m49.8s/5m0s  2.00 iters/s

running (4m51.0s), 001/050 VUs, 581 complete and 0 interrupted iterations
steady   [  97% ] 001/050 VUs  4m50.8s/5m0s  2.00 iters/s

running (4m52.0s), 001/050 VUs, 583 complete and 0 interrupted iterations
steady   [  97% ] 001/050 VUs  4m51.8s/5m0s  2.00 iters/s

running (4m53.0s), 001/050 VUs, 585 complete and 0 interrupted iterations
steady   [  98% ] 001/050 VUs  4m52.8s/5m0s  2.00 iters/s

running (4m54.0s), 001/050 VUs, 587 complete and 0 interrupted iterations
steady   [  98% ] 001/050 VUs  4m53.8s/5m0s  2.00 iters/s

running (4m55.0s), 001/050 VUs, 589 complete and 0 interrupted iterations
steady   [  98% ] 001/050 VUs  4m54.8s/5m0s  2.00 iters/s

running (4m56.0s), 001/050 VUs, 591 complete and 0 interrupted iterations
steady   [  99% ] 001/050 VUs  4m55.8s/5m0s  2.00 iters/s

running (4m57.0s), 001/050 VUs, 593 complete and 0 interrupted iterations
steady   [  99% ] 001/050 VUs  4m56.8s/5m0s  2.00 iters/s

running (4m58.0s), 001/050 VUs, 595 complete and 0 interrupted iterations
steady   [  99% ] 001/050 VUs  4m57.8s/5m0s  2.00 iters/s

running (4m59.0s), 001/050 VUs, 597 complete and 0 interrupted iterations
steady   [ 100% ] 001/050 VUs  4m58.8s/5m0s  2.00 iters/s

running (5m00.0s), 001/050 VUs, 599 complete and 0 interrupted iterations
steady   [ 100% ] 001/050 VUs  4m59.8s/5m0s  2.00 iters/s

================ DSP benchmark summary ================
-- per-phase latency --
  catalog                    p50=18.7 ms  p95=20.3 ms  p99=26.9 ms  max=31.7 ms  n=600
  negotiation init (POST)    p50=10.6 ms  p95=11.8 ms  p99=15.3 ms  max=20.0 ms  n=600
  time-to-AGREED (async)     p50=253.0 ms  p95=254.0 ms  p99=254.0 ms  max=254.0 ms  n=600
  transfer init (POST)       p50=11.0 ms  p95=11.8 ms  p99=18.2 ms  max=20.4 ms  n=600
  time-to-EDR (async)        p50=252.0 ms  p95=253.0 ms  p99=253.0 ms  max=259.0 ms  n=600
  data pull                  p50=5.6 ms  p95=6.2 ms  p99=6.5 ms  max=14.7 ms  n=600
-- end-to-end + throughput --
  e2e transaction            p50=813.0 ms  p95=821.0 ms  p99=824.0 ms  max=828.0 ms  n=600
  data throughput (MB/s)     p50=0.0  p95=0.0  p99=0.0  max=0.1  n=600
-- outcomes --
  transactions succeeded     count=600  rate=1.997/s
  transactions failed        (no data)
  failed rate                rate=0.00%  (pass=0 fail=600)
    of which TERMINATED      (no data)
    of which TIMED OUT       (no data)
    of which HTTP-FAILED     (no data)
  failure accounting       (no failures)
-- observer effect (poll load) --
  negotiation polls          count=1200  rate=3.994/s
  edr polls                  count=1200  rate=3.994/s
  polls per transaction     negotiation=2.0  edr=2.0  (timeout ceiling=120)
=======================================================
(full summary -> /home/rohitj/edc/benchmarking-dsp-native-basyx/k6-scripts/results/basyx/off/steady/2026-08-03T16-05-33Z/k6-summary.json; POLL_INTERVAL_MS=250; IDENTITY_MODE=off)

running (5m00.5s), 000/050 VUs, 600 complete and 0 interrupted iterations
steady ✓ [ 100% ] 000/050 VUs  5m0s  2.00 iters/s
Prometheus snapshot [1785773194..1785773510] svc=(dsp-native-basyx|consumer-controlplane) win=1m -> /home/rohitj/edc/benchmarking-dsp-native-basyx/k6-scripts/results/basyx/off/steady/2026-08-03T16-05-33Z
  jvm-heap.csv (64 rows)
  jvm-gc-rate.csv (64 rows)
  jvm-threads.csv (64 rows)
  http-throughput.csv (64 rows)
  http-p95.csv (64 rows)
  http-errors.csv (64 rows)
  http-errors-5xx.csv (0 rows)
  http-status.csv (128 rows)
  host-cpu-busy.csv (64 rows)
  host-mem-used.csv (64 rows)
  5xx: no 5xx in window (confirmed: http-status has 128 samples, so the status label IS scraped)
  logs -> /home/rohitj/edc/benchmarking-dsp-native-basyx/k6-scripts/results/basyx/off/steady/2026-08-03T16-05-33Z/logs (1 files)
0
VALIDITY  ok=600  failed=0  failed_rate=0%  dropped_iterations=0
>>> done: /home/rohitj/edc/benchmarking-dsp-native-basyx/k6-scripts/results/basyx/off/steady/2026-08-03T16-05-33Z  (k6 exit 0)
