----- basyx / steady (rep 1) -----
>>> basyx / steady  ->  /home/rohitj/edc/benchmarking-dsp-native-basyx/k6-scripts/results/basyx/on/steady/2026-08-03T09-29-53Z
parity OK: lib/ + scenarios/ + orchestration/ + tools/ identical to /home/rohitj/edc/benchmarking-dsp-native-basyx/k6-scripts
Health: http://localhost:29010/management + prometheus  OK
Warmup 60s @ 2/s (discarded)
  (warmup non-zero exit ignored)
k6 -> Prometheus remote-write: http://localhost:9090/api/v1/write

         /\      Grafana   /‾‾/  
    /\  /  \     |\  __   /  /   
   /  \/    \    | |/ /  /   ‾‾\ 
  /          \   |   (  |  (‾)  |
 / __________ \  |_|\_\  \_____/ 


     execution: local
        script: /home/rohitj/edc/benchmarking-dsp-native-basyx/k6-scripts/scenarios/steady.js
        output: Prometheus remote write (http://localhost:9090/api/v1/write)

     scenarios: (100.00%) 1 scenario, 200 max VUs, 5m30s max duration (incl. graceful stop):
              * steady: 2.00 iterations/s for 5m0s (maxVUs: 50-200, gracefulStop: 30s)


running (0m01.0s), 002/050 VUs, 0 complete and 0 interrupted iterations
steady   [   0% ] 002/050 VUs  0m00.9s/5m0s  2.00 iters/s

running (0m02.0s), 004/050 VUs, 0 complete and 0 interrupted iterations
steady   [   1% ] 004/050 VUs  0m01.8s/5m0s  2.00 iters/s

running (0m03.0s), 006/050 VUs, 0 complete and 0 interrupted iterations
steady   [   1% ] 006/050 VUs  0m02.9s/5m0s  2.00 iters/s

running (0m04.0s), 007/050 VUs, 1 complete and 0 interrupted iterations
steady   [   1% ] 007/050 VUs  0m03.9s/5m0s  2.00 iters/s

running (0m05.0s), 006/050 VUs, 4 complete and 0 interrupted iterations
steady   [   2% ] 006/050 VUs  0m04.9s/5m0s  2.00 iters/s

running (0m06.0s), 005/050 VUs, 7 complete and 0 interrupted iterations
steady   [   2% ] 005/050 VUs  0m05.8s/5m0s  2.00 iters/s

running (0m07.0s), 005/050 VUs, 9 complete and 0 interrupted iterations
steady   [   2% ] 005/050 VUs  0m06.9s/5m0s  2.00 iters/s

running (0m08.0s), 007/050 VUs, 9 complete and 0 interrupted iterations
steady   [   3% ] 007/050 VUs  0m07.9s/5m0s  2.00 iters/s

running (0m09.0s), 007/050 VUs, 11 complete and 0 interrupted iterations
steady   [   3% ] 007/050 VUs  0m08.9s/5m0s  2.00 iters/s

running (0m10.0s), 009/050 VUs, 11 complete and 0 interrupted iterations
steady   [   3% ] 009/050 VUs  0m09.8s/5m0s  2.00 iters/s

running (0m11.0s), 008/050 VUs, 14 complete and 0 interrupted iterations
steady   [   4% ] 008/050 VUs  0m10.9s/5m0s  2.00 iters/s

running (0m12.0s), 008/050 VUs, 16 complete and 0 interrupted iterations
steady   [   4% ] 008/050 VUs  0m11.9s/5m0s  2.00 iters/s

running (0m13.0s), 010/050 VUs, 16 complete and 0 interrupted iterations
steady   [   4% ] 010/050 VUs  0m12.9s/5m0s  2.00 iters/s

running (0m14.0s), 008/050 VUs, 20 complete and 0 interrupted iterations
steady   [   5% ] 008/050 VUs  0m13.9s/5m0s  2.00 iters/s

running (0m15.0s), 008/050 VUs, 22 complete and 0 interrupted iterations
steady   [   5% ] 008/050 VUs  0m14.9s/5m0s  2.00 iters/s

running (0m16.0s), 010/050 VUs, 22 complete and 0 interrupted iterations
steady   [   5% ] 010/050 VUs  0m15.9s/5m0s  2.00 iters/s

running (0m17.0s), 010/050 VUs, 24 complete and 0 interrupted iterations
steady   [   6% ] 010/050 VUs  0m16.9s/5m0s  2.00 iters/s

running (0m18.0s), 009/050 VUs, 27 complete and 0 interrupted iterations
steady   [   6% ] 009/050 VUs  0m17.9s/5m0s  2.00 iters/s

running (0m19.0s), 010/050 VUs, 28 complete and 0 interrupted iterations
steady   [   6% ] 010/050 VUs  0m18.8s/5m0s  2.00 iters/s

running (0m20.0s), 011/050 VUs, 29 complete and 0 interrupted iterations
steady   [   7% ] 011/050 VUs  0m19.9s/5m0s  2.00 iters/s

running (0m21.0s), 011/050 VUs, 31 complete and 0 interrupted iterations
steady   [   7% ] 011/050 VUs  0m20.9s/5m0s  2.00 iters/s

running (0m22.0s), 008/050 VUs, 36 complete and 0 interrupted iterations
steady   [   7% ] 008/050 VUs  0m21.8s/5m0s  2.00 iters/s

running (0m23.0s), 010/050 VUs, 36 complete and 0 interrupted iterations
steady   [   8% ] 010/050 VUs  0m22.9s/5m0s  2.00 iters/s

running (0m24.0s), 011/050 VUs, 37 complete and 0 interrupted iterations
steady   [   8% ] 011/050 VUs  0m23.9s/5m0s  2.00 iters/s

running (0m25.0s), 009/050 VUs, 41 complete and 0 interrupted iterations
steady   [   8% ] 009/050 VUs  0m24.8s/5m0s  2.00 iters/s

running (0m26.0s), 009/050 VUs, 43 complete and 0 interrupted iterations
steady   [   9% ] 009/050 VUs  0m25.8s/5m0s  2.00 iters/s

running (0m27.0s), 011/050 VUs, 43 complete and 0 interrupted iterations
steady   [   9% ] 011/050 VUs  0m26.9s/5m0s  2.00 iters/s

running (0m28.0s), 012/050 VUs, 44 complete and 0 interrupted iterations
steady   [   9% ] 012/050 VUs  0m27.9s/5m0s  2.00 iters/s

running (0m29.0s), 013/050 VUs, 45 complete and 0 interrupted iterations
steady   [  10% ] 013/050 VUs  0m28.9s/5m0s  2.00 iters/s

running (0m30.0s), 013/050 VUs, 47 complete and 0 interrupted iterations
steady   [  10% ] 013/050 VUs  0m29.9s/5m0s  2.00 iters/s

running (0m31.0s), 014/050 VUs, 48 complete and 0 interrupted iterations
steady   [  10% ] 014/050 VUs  0m30.9s/5m0s  2.00 iters/s

running (0m32.0s), 012/050 VUs, 52 complete and 0 interrupted iterations
steady   [  11% ] 012/050 VUs  0m31.8s/5m0s  2.00 iters/s

running (0m33.0s), 014/050 VUs, 52 complete and 0 interrupted iterations
steady   [  11% ] 014/050 VUs  0m32.9s/5m0s  2.00 iters/s

running (0m34.0s), 015/050 VUs, 53 complete and 0 interrupted iterations
steady   [  11% ] 015/050 VUs  0m33.9s/5m0s  2.00 iters/s

running (0m35.0s), 015/050 VUs, 55 complete and 0 interrupted iterations
steady   [  12% ] 015/050 VUs  0m34.9s/5m0s  2.00 iters/s

running (0m36.0s), 013/050 VUs, 59 complete and 0 interrupted iterations
steady   [  12% ] 013/050 VUs  0m35.9s/5m0s  2.00 iters/s

running (0m37.0s), 015/050 VUs, 59 complete and 0 interrupted iterations
steady   [  12% ] 015/050 VUs  0m36.9s/5m0s  2.00 iters/s

running (0m38.0s), 015/050 VUs, 61 complete and 0 interrupted iterations
steady   [  13% ] 015/050 VUs  0m37.9s/5m0s  2.00 iters/s

running (0m39.0s), 015/050 VUs, 63 complete and 0 interrupted iterations
steady   [  13% ] 015/050 VUs  0m38.8s/5m0s  2.00 iters/s

running (0m40.0s), 013/050 VUs, 67 complete and 0 interrupted iterations
steady   [  13% ] 013/050 VUs  0m39.9s/5m0s  2.00 iters/s

running (0m41.0s), 012/050 VUs, 70 complete and 0 interrupted iterations
steady   [  14% ] 012/050 VUs  0m40.8s/5m0s  2.00 iters/s

running (0m42.0s), 012/050 VUs, 72 complete and 0 interrupted iterations
steady   [  14% ] 012/050 VUs  0m41.9s/5m0s  2.00 iters/s

running (0m43.0s), 011/050 VUs, 75 complete and 0 interrupted iterations
steady   [  14% ] 011/050 VUs  0m42.8s/5m0s  2.00 iters/s

running (0m44.0s), 013/050 VUs, 75 complete and 0 interrupted iterations
steady   [  15% ] 013/050 VUs  0m43.9s/5m0s  2.00 iters/s

running (0m45.0s), 012/050 VUs, 78 complete and 0 interrupted iterations
steady   [  15% ] 012/050 VUs  0m44.8s/5m0s  2.00 iters/s

running (0m46.0s), 012/050 VUs, 80 complete and 0 interrupted iterations
steady   [  15% ] 012/050 VUs  0m45.9s/5m0s  2.00 iters/s

running (0m47.0s), 012/050 VUs, 82 complete and 0 interrupted iterations
steady   [  16% ] 012/050 VUs  0m46.9s/5m0s  2.00 iters/s

running (0m48.0s), 010/050 VUs, 86 complete and 0 interrupted iterations
steady   [  16% ] 010/050 VUs  0m47.8s/5m0s  2.00 iters/s

running (0m49.0s), 011/050 VUs, 87 complete and 0 interrupted iterations
steady   [  16% ] 011/050 VUs  0m48.9s/5m0s  2.00 iters/s

running (0m50.0s), 011/050 VUs, 89 complete and 0 interrupted iterations
steady   [  17% ] 011/050 VUs  0m49.8s/5m0s  2.00 iters/s

running (0m51.0s), 009/050 VUs, 93 complete and 0 interrupted iterations
steady   [  17% ] 009/050 VUs  0m50.9s/5m0s  2.00 iters/s

running (0m52.0s), 010/050 VUs, 94 complete and 0 interrupted iterations
steady   [  17% ] 010/050 VUs  0m51.9s/5m0s  2.00 iters/s

running (0m53.0s), 012/050 VUs, 94 complete and 0 interrupted iterations
steady   [  18% ] 012/050 VUs  0m52.9s/5m0s  2.00 iters/s

running (0m54.0s), 011/050 VUs, 97 complete and 0 interrupted iterations
steady   [  18% ] 011/050 VUs  0m53.9s/5m0s  2.00 iters/s

running (0m55.0s), 011/050 VUs, 99 complete and 0 interrupted iterations
steady   [  18% ] 011/050 VUs  0m54.9s/5m0s  2.00 iters/s

running (0m56.0s), 010/050 VUs, 102 complete and 0 interrupted iterations
steady   [  19% ] 010/050 VUs  0m55.9s/5m0s  2.00 iters/s

running (0m57.0s), 009/050 VUs, 105 complete and 0 interrupted iterations
steady   [  19% ] 009/050 VUs  0m56.9s/5m0s  2.00 iters/s

running (0m58.0s), 008/050 VUs, 108 complete and 0 interrupted iterations
steady   [  19% ] 008/050 VUs  0m57.9s/5m0s  2.00 iters/s

running (0m59.0s), 008/050 VUs, 110 complete and 0 interrupted iterations
steady   [  20% ] 008/050 VUs  0m58.8s/5m0s  2.00 iters/s

running (1m00.0s), 006/050 VUs, 114 complete and 0 interrupted iterations
steady   [  20% ] 006/050 VUs  0m59.9s/5m0s  2.00 iters/s

running (1m01.0s), 005/050 VUs, 117 complete and 0 interrupted iterations
steady   [  20% ] 005/050 VUs  1m00.9s/5m0s  2.00 iters/s

running (1m02.0s), 005/050 VUs, 119 complete and 0 interrupted iterations
steady   [  21% ] 005/050 VUs  1m01.9s/5m0s  2.00 iters/s

running (1m03.0s), 007/050 VUs, 119 complete and 0 interrupted iterations
steady   [  21% ] 007/050 VUs  1m02.9s/5m0s  2.00 iters/s

running (1m04.0s), 006/050 VUs, 122 complete and 0 interrupted iterations
steady   [  21% ] 006/050 VUs  1m03.9s/5m0s  2.00 iters/s

running (1m05.0s), 005/050 VUs, 125 complete and 0 interrupted iterations
steady   [  22% ] 005/050 VUs  1m04.9s/5m0s  2.00 iters/s

running (1m06.0s), 005/050 VUs, 127 complete and 0 interrupted iterations
steady   [  22% ] 005/050 VUs  1m05.8s/5m0s  2.00 iters/s

running (1m07.0s), 005/050 VUs, 129 complete and 0 interrupted iterations
steady   [  22% ] 005/050 VUs  1m06.9s/5m0s  2.00 iters/s

running (1m08.0s), 005/050 VUs, 131 complete and 0 interrupted iterations
steady   [  23% ] 005/050 VUs  1m07.9s/5m0s  2.00 iters/s

running (1m09.0s), 007/050 VUs, 131 complete and 0 interrupted iterations
steady   [  23% ] 007/050 VUs  1m08.9s/5m0s  2.00 iters/s

running (1m10.0s), 004/050 VUs, 136 complete and 0 interrupted iterations
steady   [  23% ] 004/050 VUs  1m09.9s/5m0s  2.00 iters/s

running (1m11.0s), 006/050 VUs, 136 complete and 0 interrupted iterations
steady   [  24% ] 006/050 VUs  1m10.9s/5m0s  2.00 iters/s

running (1m12.0s), 006/050 VUs, 138 complete and 0 interrupted iterations
steady   [  24% ] 006/050 VUs  1m11.9s/5m0s  2.00 iters/s

running (1m13.0s), 004/050 VUs, 142 complete and 0 interrupted iterations
steady   [  24% ] 004/050 VUs  1m12.8s/5m0s  2.00 iters/s

running (1m14.0s), 005/050 VUs, 143 complete and 0 interrupted iterations
steady   [  25% ] 005/050 VUs  1m13.9s/5m0s  2.00 iters/s

running (1m15.0s), 005/050 VUs, 145 complete and 0 interrupted iterations
steady   [  25% ] 005/050 VUs  1m14.9s/5m0s  2.00 iters/s

running (1m16.0s), 005/050 VUs, 147 complete and 0 interrupted iterations
steady   [  25% ] 005/050 VUs  1m15.9s/5m0s  2.00 iters/s

running (1m17.0s), 005/050 VUs, 149 complete and 0 interrupted iterations
steady   [  26% ] 005/050 VUs  1m16.8s/5m0s  2.00 iters/s

running (1m18.0s), 005/050 VUs, 151 complete and 0 interrupted iterations
steady   [  26% ] 005/050 VUs  1m17.9s/5m0s  2.00 iters/s

running (1m19.0s), 005/050 VUs, 153 complete and 0 interrupted iterations
steady   [  26% ] 005/050 VUs  1m18.8s/5m0s  2.00 iters/s

running (1m20.0s), 006/050 VUs, 154 complete and 0 interrupted iterations
steady   [  27% ] 006/050 VUs  1m19.9s/5m0s  2.00 iters/s

running (1m21.0s), 007/050 VUs, 155 complete and 0 interrupted iterations
steady   [  27% ] 007/050 VUs  1m20.9s/5m0s  2.00 iters/s

running (1m22.0s), 008/050 VUs, 156 complete and 0 interrupted iterations
steady   [  27% ] 008/050 VUs  1m21.9s/5m0s  2.00 iters/s

running (1m23.0s), 006/050 VUs, 160 complete and 0 interrupted iterations
steady   [  28% ] 006/050 VUs  1m22.8s/5m0s  2.00 iters/s

running (1m24.0s), 008/050 VUs, 160 complete and 0 interrupted iterations
steady   [  28% ] 008/050 VUs  1m23.9s/5m0s  2.00 iters/s

running (1m25.0s), 008/050 VUs, 162 complete and 0 interrupted iterations
steady   [  28% ] 008/050 VUs  1m24.9s/5m0s  2.00 iters/s

running (1m26.0s), 007/050 VUs, 165 complete and 0 interrupted iterations
steady   [  29% ] 007/050 VUs  1m25.8s/5m0s  2.00 iters/s

running (1m27.0s), 009/050 VUs, 165 complete and 0 interrupted iterations
steady   [  29% ] 009/050 VUs  1m26.9s/5m0s  2.00 iters/s

running (1m28.0s), 007/050 VUs, 169 complete and 0 interrupted iterations
steady   [  29% ] 007/050 VUs  1m27.9s/5m0s  2.00 iters/s

running (1m29.0s), 009/050 VUs, 169 complete and 0 interrupted iterations
steady   [  30% ] 009/050 VUs  1m28.9s/5m0s  2.00 iters/s

running (1m30.0s), 010/050 VUs, 170 complete and 0 interrupted iterations
steady   [  30% ] 010/050 VUs  1m29.9s/5m0s  2.00 iters/s

running (1m31.0s), 010/050 VUs, 172 complete and 0 interrupted iterations
steady   [  30% ] 010/050 VUs  1m30.8s/5m0s  2.00 iters/s

running (1m32.0s), 011/050 VUs, 173 complete and 0 interrupted iterations
steady   [  31% ] 011/050 VUs  1m31.9s/5m0s  2.00 iters/s

running (1m33.0s), 009/050 VUs, 177 complete and 0 interrupted iterations
steady   [  31% ] 009/050 VUs  1m32.9s/5m0s  2.00 iters/s

running (1m34.0s), 010/050 VUs, 178 complete and 0 interrupted iterations
steady   [  31% ] 010/050 VUs  1m33.8s/5m0s  2.00 iters/s

running (1m35.0s), 010/050 VUs, 180 complete and 0 interrupted iterations
steady   [  32% ] 010/050 VUs  1m34.9s/5m0s  2.00 iters/s

running (1m36.0s), 010/050 VUs, 182 complete and 0 interrupted iterations
steady   [  32% ] 010/050 VUs  1m35.9s/5m0s  2.00 iters/s

running (1m37.0s), 012/050 VUs, 182 complete and 0 interrupted iterations
steady   [  32% ] 012/050 VUs  1m36.9s/5m0s  2.00 iters/s

running (1m38.0s), 009/050 VUs, 187 complete and 0 interrupted iterations
steady   [  33% ] 009/050 VUs  1m37.9s/5m0s  2.00 iters/s

running (1m39.0s), 011/050 VUs, 187 complete and 0 interrupted iterations
steady   [  33% ] 011/050 VUs  1m38.9s/5m0s  2.00 iters/s

running (1m40.0s), 012/050 VUs, 188 complete and 0 interrupted iterations
steady   [  33% ] 012/050 VUs  1m39.9s/5m0s  2.00 iters/s

running (1m41.0s), 011/050 VUs, 191 complete and 0 interrupted iterations
steady   [  34% ] 011/050 VUs  1m40.9s/5m0s  2.00 iters/s

running (1m42.0s), 011/050 VUs, 193 complete and 0 interrupted iterations
steady   [  34% ] 011/050 VUs  1m41.9s/5m0s  2.00 iters/s

running (1m43.0s), 012/050 VUs, 194 complete and 0 interrupted iterations
steady   [  34% ] 012/050 VUs  1m42.9s/5m0s  2.00 iters/s

running (1m44.0s), 012/050 VUs, 196 complete and 0 interrupted iterations
steady   [  35% ] 012/050 VUs  1m43.9s/5m0s  2.00 iters/s

running (1m45.0s), 014/050 VUs, 196 complete and 0 interrupted iterations
steady   [  35% ] 014/050 VUs  1m44.9s/5m0s  2.00 iters/s

running (1m46.0s), 013/050 VUs, 199 complete and 0 interrupted iterations
steady   [  35% ] 013/050 VUs  1m45.9s/5m0s  2.00 iters/s

running (1m47.0s), 012/050 VUs, 202 complete and 0 interrupted iterations
steady   [  36% ] 012/050 VUs  1m46.9s/5m0s  2.00 iters/s

running (1m48.0s), 012/050 VUs, 204 complete and 0 interrupted iterations
steady   [  36% ] 012/050 VUs  1m47.9s/5m0s  2.00 iters/s

running (1m49.0s), 012/050 VUs, 206 complete and 0 interrupted iterations
steady   [  36% ] 012/050 VUs  1m48.9s/5m0s  2.00 iters/s

running (1m50.0s), 013/050 VUs, 207 complete and 0 interrupted iterations
steady   [  37% ] 013/050 VUs  1m49.9s/5m0s  2.00 iters/s

running (1m51.0s), 013/050 VUs, 209 complete and 0 interrupted iterations
steady   [  37% ] 013/050 VUs  1m50.8s/5m0s  2.00 iters/s

running (1m52.0s), 012/050 VUs, 212 complete and 0 interrupted iterations
steady   [  37% ] 012/050 VUs  1m51.9s/5m0s  2.00 iters/s

running (1m53.0s), 013/050 VUs, 213 complete and 0 interrupted iterations
steady   [  38% ] 013/050 VUs  1m52.8s/5m0s  2.00 iters/s

running (1m54.0s), 012/050 VUs, 216 complete and 0 interrupted iterations
steady   [  38% ] 012/050 VUs  1m53.8s/5m0s  2.00 iters/s

running (1m55.0s), 014/050 VUs, 216 complete and 0 interrupted iterations
steady   [  38% ] 014/050 VUs  1m54.9s/5m0s  2.00 iters/s

running (1m56.0s), 013/050 VUs, 219 complete and 0 interrupted iterations
steady   [  39% ] 013/050 VUs  1m55.8s/5m0s  2.00 iters/s

running (1m57.0s), 015/050 VUs, 219 complete and 0 interrupted iterations
steady   [  39% ] 015/050 VUs  1m56.9s/5m0s  2.00 iters/s

running (1m58.0s), 014/050 VUs, 222 complete and 0 interrupted iterations
steady   [  39% ] 014/050 VUs  1m57.9s/5m0s  2.00 iters/s

running (1m59.0s), 013/050 VUs, 225 complete and 0 interrupted iterations
steady   [  40% ] 013/050 VUs  1m58.9s/5m0s  2.00 iters/s

running (2m00.0s), 015/050 VUs, 225 complete and 0 interrupted iterations
steady   [  40% ] 015/050 VUs  1m59.9s/5m0s  2.00 iters/s

running (2m01.0s), 015/050 VUs, 227 complete and 0 interrupted iterations
steady   [  40% ] 015/050 VUs  2m00.8s/5m0s  2.00 iters/s

running (2m02.0s), 016/050 VUs, 228 complete and 0 interrupted iterations
steady   [  41% ] 016/050 VUs  2m01.9s/5m0s  2.00 iters/s

running (2m03.0s), 016/050 VUs, 230 complete and 0 interrupted iterations
steady   [  41% ] 016/050 VUs  2m02.9s/5m0s  2.00 iters/s

running (2m04.0s), 018/050 VUs, 230 complete and 0 interrupted iterations
steady   [  41% ] 018/050 VUs  2m03.9s/5m0s  2.00 iters/s

running (2m05.0s), 018/050 VUs, 232 complete and 0 interrupted iterations
steady   [  42% ] 018/050 VUs  2m04.9s/5m0s  2.00 iters/s

running (2m06.0s), 017/050 VUs, 235 complete and 0 interrupted iterations
steady   [  42% ] 017/050 VUs  2m05.9s/5m0s  2.00 iters/s

running (2m07.0s), 015/050 VUs, 239 complete and 0 interrupted iterations
steady   [  42% ] 015/050 VUs  2m06.8s/5m0s  2.00 iters/s

running (2m08.0s), 015/050 VUs, 241 complete and 0 interrupted iterations
steady   [  43% ] 015/050 VUs  2m07.9s/5m0s  2.00 iters/s

running (2m09.0s), 014/050 VUs, 244 complete and 0 interrupted iterations
steady   [  43% ] 014/050 VUs  2m08.8s/5m0s  2.00 iters/s

running (2m10.0s), 014/050 VUs, 246 complete and 0 interrupted iterations
steady   [  43% ] 014/050 VUs  2m09.9s/5m0s  2.00 iters/s

running (2m11.0s), 014/050 VUs, 248 complete and 0 interrupted iterations
steady   [  44% ] 014/050 VUs  2m10.9s/5m0s  2.00 iters/s

running (2m12.0s), 014/050 VUs, 250 complete and 0 interrupted iterations
steady   [  44% ] 014/050 VUs  2m11.9s/5m0s  2.00 iters/s

running (2m13.0s), 015/050 VUs, 251 complete and 0 interrupted iterations
steady   [  44% ] 015/050 VUs  2m12.9s/5m0s  2.00 iters/s

running (2m14.0s), 015/050 VUs, 253 complete and 0 interrupted iterations
steady   [  45% ] 015/050 VUs  2m13.9s/5m0s  2.00 iters/s

running (2m15.0s), 015/050 VUs, 255 complete and 0 interrupted iterations
steady   [  45% ] 015/050 VUs  2m14.9s/5m0s  2.00 iters/s

running (2m16.0s), 014/050 VUs, 258 complete and 0 interrupted iterations
steady   [  45% ] 014/050 VUs  2m15.9s/5m0s  2.00 iters/s

running (2m17.0s), 011/050 VUs, 263 complete and 0 interrupted iterations
steady   [  46% ] 011/050 VUs  2m16.8s/5m0s  2.00 iters/s

running (2m18.0s), 013/050 VUs, 263 complete and 0 interrupted iterations
steady   [  46% ] 013/050 VUs  2m17.9s/5m0s  2.00 iters/s

running (2m19.0s), 013/050 VUs, 265 complete and 0 interrupted iterations
steady   [  46% ] 013/050 VUs  2m18.9s/5m0s  2.00 iters/s

running (2m20.0s), 013/050 VUs, 267 complete and 0 interrupted iterations
steady   [  47% ] 013/050 VUs  2m19.9s/5m0s  2.00 iters/s

running (2m21.0s), 011/050 VUs, 271 complete and 0 interrupted iterations
steady   [  47% ] 011/050 VUs  2m20.9s/5m0s  2.00 iters/s

running (2m22.0s), 009/050 VUs, 275 complete and 0 interrupted iterations
steady   [  47% ] 009/050 VUs  2m21.9s/5m0s  2.00 iters/s

running (2m23.0s), 011/050 VUs, 275 complete and 0 interrupted iterations
steady   [  48% ] 011/050 VUs  2m22.9s/5m0s  2.00 iters/s

running (2m24.0s), 011/050 VUs, 277 complete and 0 interrupted iterations
steady   [  48% ] 011/050 VUs  2m23.9s/5m0s  2.00 iters/s

running (2m25.0s), 011/050 VUs, 279 complete and 0 interrupted iterations
steady   [  48% ] 011/050 VUs  2m24.9s/5m0s  2.00 iters/s

running (2m26.0s), 011/050 VUs, 281 complete and 0 interrupted iterations
steady   [  49% ] 011/050 VUs  2m25.8s/5m0s  2.00 iters/s

running (2m27.0s), 007/050 VUs, 287 complete and 0 interrupted iterations
steady   [  49% ] 007/050 VUs  2m26.8s/5m0s  2.00 iters/s

running (2m28.0s), 007/050 VUs, 289 complete and 0 interrupted iterations
steady   [  49% ] 007/050 VUs  2m27.8s/5m0s  2.00 iters/s

running (2m29.0s), 005/050 VUs, 293 complete and 0 interrupted iterations
steady   [  50% ] 005/050 VUs  2m28.9s/5m0s  2.00 iters/s

running (2m30.0s), 006/050 VUs, 294 complete and 0 interrupted iterations
steady   [  50% ] 006/050 VUs  2m29.9s/5m0s  2.00 iters/s

running (2m31.0s), 006/050 VUs, 296 complete and 0 interrupted iterations
steady   [  50% ] 006/050 VUs  2m30.9s/5m0s  2.00 iters/s

running (2m32.0s), 008/050 VUs, 296 complete and 0 interrupted iterations
steady   [  51% ] 008/050 VUs  2m31.8s/5m0s  2.00 iters/s

running (2m33.0s), 008/050 VUs, 298 complete and 0 interrupted iterations
steady   [  51% ] 008/050 VUs  2m32.9s/5m0s  2.00 iters/s

running (2m34.0s), 007/050 VUs, 301 complete and 0 interrupted iterations
steady   [  51% ] 007/050 VUs  2m33.9s/5m0s  2.00 iters/s

running (2m35.0s), 009/050 VUs, 301 complete and 0 interrupted iterations
steady   [  52% ] 009/050 VUs  2m34.8s/5m0s  2.00 iters/s

running (2m36.0s), 011/050 VUs, 301 complete and 0 interrupted iterations
steady   [  52% ] 011/050 VUs  2m35.9s/5m0s  2.00 iters/s

running (2m37.0s), 010/050 VUs, 304 complete and 0 interrupted iterations
steady   [  52% ] 010/050 VUs  2m36.9s/5m0s  2.00 iters/s

running (2m38.0s), 012/050 VUs, 304 complete and 0 interrupted iterations
steady   [  53% ] 012/050 VUs  2m37.9s/5m0s  2.00 iters/s

running (2m39.0s), 011/050 VUs, 307 complete and 0 interrupted iterations
steady   [  53% ] 011/050 VUs  2m38.8s/5m0s  2.00 iters/s

running (2m40.0s), 012/050 VUs, 308 complete and 0 interrupted iterations
steady   [  53% ] 012/050 VUs  2m39.9s/5m0s  2.00 iters/s

running (2m41.0s), 012/050 VUs, 310 complete and 0 interrupted iterations
steady   [  54% ] 012/050 VUs  2m40.9s/5m0s  2.00 iters/s

running (2m42.0s), 014/050 VUs, 310 complete and 0 interrupted iterations
steady   [  54% ] 014/050 VUs  2m41.9s/5m0s  2.00 iters/s

running (2m43.0s), 016/050 VUs, 310 complete and 0 interrupted iterations
steady   [  54% ] 016/050 VUs  2m42.9s/5m0s  2.00 iters/s

running (2m44.0s), 016/050 VUs, 312 complete and 0 interrupted iterations
steady   [  55% ] 016/050 VUs  2m43.9s/5m0s  2.00 iters/s

running (2m45.0s), 015/050 VUs, 315 complete and 0 interrupted iterations
steady   [  55% ] 015/050 VUs  2m44.9s/5m0s  2.00 iters/s

running (2m46.0s), 016/050 VUs, 316 complete and 0 interrupted iterations
steady   [  55% ] 016/050 VUs  2m45.9s/5m0s  2.00 iters/s

running (2m47.0s), 016/050 VUs, 318 complete and 0 interrupted iterations
steady   [  56% ] 016/050 VUs  2m46.9s/5m0s  2.00 iters/s

running (2m48.0s), 014/050 VUs, 322 complete and 0 interrupted iterations
steady   [  56% ] 014/050 VUs  2m47.9s/5m0s  2.00 iters/s

running (2m49.0s), 016/050 VUs, 322 complete and 0 interrupted iterations
steady   [  56% ] 016/050 VUs  2m48.9s/5m0s  2.00 iters/s

running (2m50.0s), 016/050 VUs, 324 complete and 0 interrupted iterations
steady   [  57% ] 016/050 VUs  2m49.8s/5m0s  2.00 iters/s

running (2m51.0s), 016/050 VUs, 326 complete and 0 interrupted iterations
steady   [  57% ] 016/050 VUs  2m50.8s/5m0s  2.00 iters/s

running (2m52.0s), 015/050 VUs, 329 complete and 0 interrupted iterations
steady   [  57% ] 015/050 VUs  2m51.9s/5m0s  2.00 iters/s

running (2m53.0s), 016/050 VUs, 330 complete and 0 interrupted iterations
steady   [  58% ] 016/050 VUs  2m52.9s/5m0s  2.00 iters/s

running (2m54.0s), 018/050 VUs, 330 complete and 0 interrupted iterations
steady   [  58% ] 018/050 VUs  2m53.9s/5m0s  2.00 iters/s

running (2m55.0s), 018/050 VUs, 332 complete and 0 interrupted iterations
steady   [  58% ] 018/050 VUs  2m54.9s/5m0s  2.00 iters/s

running (2m56.0s), 016/050 VUs, 336 complete and 0 interrupted iterations
steady   [  59% ] 016/050 VUs  2m55.8s/5m0s  2.00 iters/s

running (2m57.0s), 017/050 VUs, 337 complete and 0 interrupted iterations
steady   [  59% ] 017/050 VUs  2m56.9s/5m0s  2.00 iters/s

running (2m58.0s), 016/050 VUs, 340 complete and 0 interrupted iterations
steady   [  59% ] 016/050 VUs  2m57.9s/5m0s  2.00 iters/s

running (2m59.0s), 016/050 VUs, 342 complete and 0 interrupted iterations
steady   [  60% ] 016/050 VUs  2m58.9s/5m0s  2.00 iters/s

running (3m00.0s), 016/050 VUs, 344 complete and 0 interrupted iterations
steady   [  60% ] 016/050 VUs  2m59.9s/5m0s  2.00 iters/s

running (3m01.0s), 014/050 VUs, 348 complete and 0 interrupted iterations
steady   [  60% ] 014/050 VUs  3m00.8s/5m0s  2.00 iters/s

running (3m02.0s), 013/050 VUs, 351 complete and 0 interrupted iterations
steady   [  61% ] 013/050 VUs  3m01.9s/5m0s  2.00 iters/s

running (3m03.0s), 015/050 VUs, 351 complete and 0 interrupted iterations
steady   [  61% ] 015/050 VUs  3m02.8s/5m0s  2.00 iters/s

running (3m04.0s), 015/050 VUs, 353 complete and 0 interrupted iterations
steady   [  61% ] 015/050 VUs  3m03.8s/5m0s  2.00 iters/s

running (3m05.0s), 015/050 VUs, 355 complete and 0 interrupted iterations
steady   [  62% ] 015/050 VUs  3m04.9s/5m0s  2.00 iters/s

running (3m06.0s), 014/050 VUs, 358 complete and 0 interrupted iterations
steady   [  62% ] 014/050 VUs  3m05.9s/5m0s  2.00 iters/s

running (3m07.0s), 012/050 VUs, 362 complete and 0 interrupted iterations
steady   [  62% ] 012/050 VUs  3m06.9s/5m0s  2.00 iters/s

running (3m08.0s), 012/050 VUs, 364 complete and 0 interrupted iterations
steady   [  63% ] 012/050 VUs  3m07.9s/5m0s  2.00 iters/s

running (3m09.0s), 009/050 VUs, 369 complete and 0 interrupted iterations
steady   [  63% ] 009/050 VUs  3m08.9s/5m0s  2.00 iters/s

running (3m10.0s), 008/050 VUs, 372 complete and 0 interrupted iterations
steady   [  63% ] 008/050 VUs  3m09.9s/5m0s  2.00 iters/s

running (3m11.0s), 009/050 VUs, 373 complete and 0 interrupted iterations
steady   [  64% ] 009/050 VUs  3m10.9s/5m0s  2.00 iters/s

running (3m12.0s), 010/050 VUs, 374 complete and 0 interrupted iterations
steady   [  64% ] 010/050 VUs  3m11.9s/5m0s  2.00 iters/s

running (3m13.0s), 006/050 VUs, 380 complete and 0 interrupted iterations
steady   [  64% ] 006/050 VUs  3m12.8s/5m0s  2.00 iters/s

running (3m14.0s), 008/050 VUs, 380 complete and 0 interrupted iterations
steady   [  65% ] 008/050 VUs  3m13.8s/5m0s  2.00 iters/s

running (3m15.0s), 008/050 VUs, 382 complete and 0 interrupted iterations
steady   [  65% ] 008/050 VUs  3m14.9s/5m0s  2.00 iters/s

running (3m16.0s), 007/050 VUs, 385 complete and 0 interrupted iterations
steady   [  65% ] 007/050 VUs  3m15.8s/5m0s  2.00 iters/s

running (3m17.0s), 008/050 VUs, 386 complete and 0 interrupted iterations
steady   [  66% ] 008/050 VUs  3m16.9s/5m0s  2.00 iters/s

running (3m18.0s), 009/050 VUs, 387 complete and 0 interrupted iterations
steady   [  66% ] 009/050 VUs  3m17.9s/5m0s  2.00 iters/s

running (3m19.0s), 011/050 VUs, 387 complete and 0 interrupted iterations
steady   [  66% ] 011/050 VUs  3m18.9s/5m0s  2.00 iters/s

running (3m20.0s), 009/050 VUs, 391 complete and 0 interrupted iterations
steady   [  67% ] 009/050 VUs  3m19.9s/5m0s  2.00 iters/s

running (3m21.0s), 010/050 VUs, 392 complete and 0 interrupted iterations
steady   [  67% ] 010/050 VUs  3m20.8s/5m0s  2.00 iters/s

running (3m22.0s), 010/050 VUs, 394 complete and 0 interrupted iterations
steady   [  67% ] 010/050 VUs  3m21.9s/5m0s  2.00 iters/s

running (3m23.0s), 010/050 VUs, 396 complete and 0 interrupted iterations
steady   [  68% ] 010/050 VUs  3m22.9s/5m0s  2.00 iters/s

running (3m24.0s), 009/050 VUs, 399 complete and 0 interrupted iterations
steady   [  68% ] 009/050 VUs  3m23.9s/5m0s  2.00 iters/s

running (3m25.0s), 009/050 VUs, 401 complete and 0 interrupted iterations
steady   [  68% ] 009/050 VUs  3m24.9s/5m0s  2.00 iters/s

running (3m26.0s), 009/050 VUs, 403 complete and 0 interrupted iterations
steady   [  69% ] 009/050 VUs  3m25.9s/5m0s  2.00 iters/s

running (3m27.0s), 011/050 VUs, 403 complete and 0 interrupted iterations
steady   [  69% ] 011/050 VUs  3m26.8s/5m0s  2.00 iters/s

running (3m28.0s), 012/050 VUs, 404 complete and 0 interrupted iterations
steady   [  69% ] 012/050 VUs  3m27.9s/5m0s  2.00 iters/s

running (3m29.0s), 011/050 VUs, 407 complete and 0 interrupted iterations
steady   [  70% ] 011/050 VUs  3m28.9s/5m0s  2.00 iters/s

running (3m30.0s), 012/050 VUs, 408 complete and 0 interrupted iterations
steady   [  70% ] 012/050 VUs  3m29.9s/5m0s  2.00 iters/s

running (3m31.0s), 011/050 VUs, 411 complete and 0 interrupted iterations
steady   [  70% ] 011/050 VUs  3m30.8s/5m0s  2.00 iters/s

running (3m32.0s), 011/050 VUs, 413 complete and 0 interrupted iterations
steady   [  71% ] 011/050 VUs  3m31.8s/5m0s  2.00 iters/s

running (3m33.0s), 009/050 VUs, 417 complete and 0 interrupted iterations
steady   [  71% ] 009/050 VUs  3m32.9s/5m0s  2.00 iters/s

running (3m34.0s), 010/050 VUs, 418 complete and 0 interrupted iterations
steady   [  71% ] 010/050 VUs  3m33.8s/5m0s  2.00 iters/s

running (3m35.0s), 010/050 VUs, 420 complete and 0 interrupted iterations
steady   [  72% ] 010/050 VUs  3m34.9s/5m0s  2.00 iters/s

running (3m36.0s), 010/050 VUs, 422 complete and 0 interrupted iterations
steady   [  72% ] 010/050 VUs  3m35.9s/5m0s  2.00 iters/s

running (3m37.0s), 012/050 VUs, 422 complete and 0 interrupted iterations
steady   [  72% ] 012/050 VUs  3m36.9s/5m0s  2.00 iters/s

running (3m38.0s), 010/050 VUs, 426 complete and 0 interrupted iterations
steady   [  73% ] 010/050 VUs  3m37.9s/5m0s  2.00 iters/s

running (3m39.0s), 011/050 VUs, 427 complete and 0 interrupted iterations
steady   [  73% ] 011/050 VUs  3m38.9s/5m0s  2.00 iters/s

running (3m40.0s), 013/050 VUs, 427 complete and 0 interrupted iterations
steady   [  73% ] 013/050 VUs  3m39.9s/5m0s  2.00 iters/s

running (3m41.0s), 011/050 VUs, 431 complete and 0 interrupted iterations
steady   [  74% ] 011/050 VUs  3m40.9s/5m0s  2.00 iters/s

running (3m42.0s), 012/050 VUs, 432 complete and 0 interrupted iterations
steady   [  74% ] 012/050 VUs  3m41.8s/5m0s  2.00 iters/s

running (3m43.0s), 010/050 VUs, 436 complete and 0 interrupted iterations
steady   [  74% ] 010/050 VUs  3m42.8s/5m0s  2.00 iters/s

running (3m44.0s), 011/050 VUs, 437 complete and 0 interrupted iterations
steady   [  75% ] 011/050 VUs  3m43.9s/5m0s  2.00 iters/s

running (3m45.0s), 012/050 VUs, 438 complete and 0 interrupted iterations
steady   [  75% ] 012/050 VUs  3m44.9s/5m0s  2.00 iters/s

running (3m46.0s), 009/050 VUs, 443 complete and 0 interrupted iterations
steady   [  75% ] 009/050 VUs  3m45.9s/5m0s  2.00 iters/s

running (3m47.0s), 009/050 VUs, 445 complete and 0 interrupted iterations
steady   [  76% ] 009/050 VUs  3m46.9s/5m0s  2.00 iters/s

running (3m48.0s), 010/050 VUs, 446 complete and 0 interrupted iterations
steady   [  76% ] 010/050 VUs  3m47.9s/5m0s  2.00 iters/s

running (3m49.0s), 008/050 VUs, 450 complete and 0 interrupted iterations
steady   [  76% ] 008/050 VUs  3m48.8s/5m0s  2.00 iters/s

running (3m50.0s), 009/050 VUs, 451 complete and 0 interrupted iterations
steady   [  77% ] 009/050 VUs  3m49.8s/5m0s  2.00 iters/s

running (3m51.0s), 009/050 VUs, 453 complete and 0 interrupted iterations
steady   [  77% ] 009/050 VUs  3m50.9s/5m0s  2.00 iters/s

running (3m52.0s), 008/050 VUs, 456 complete and 0 interrupted iterations
steady   [  77% ] 008/050 VUs  3m51.8s/5m0s  2.00 iters/s

running (3m53.0s), 010/050 VUs, 456 complete and 0 interrupted iterations
steady   [  78% ] 010/050 VUs  3m52.9s/5m0s  2.00 iters/s

running (3m54.0s), 008/050 VUs, 460 complete and 0 interrupted iterations
steady   [  78% ] 008/050 VUs  3m53.8s/5m0s  2.00 iters/s

running (3m55.0s), 010/050 VUs, 460 complete and 0 interrupted iterations
steady   [  78% ] 010/050 VUs  3m54.8s/5m0s  2.00 iters/s

running (3m56.0s), 009/050 VUs, 463 complete and 0 interrupted iterations
steady   [  79% ] 009/050 VUs  3m55.9s/5m0s  2.00 iters/s

running (3m57.0s), 011/050 VUs, 463 complete and 0 interrupted iterations
steady   [  79% ] 011/050 VUs  3m56.8s/5m0s  2.00 iters/s

running (3m58.0s), 011/050 VUs, 465 complete and 0 interrupted iterations
steady   [  79% ] 011/050 VUs  3m57.8s/5m0s  2.00 iters/s

running (3m59.0s), 011/050 VUs, 467 complete and 0 interrupted iterations
steady   [  80% ] 011/050 VUs  3m58.8s/5m0s  2.00 iters/s

running (4m00.0s), 013/050 VUs, 467 complete and 0 interrupted iterations
steady   [  80% ] 013/050 VUs  3m59.9s/5m0s  2.00 iters/s

running (4m01.0s), 010/050 VUs, 472 complete and 0 interrupted iterations
steady   [  80% ] 010/050 VUs  4m00.8s/5m0s  2.00 iters/s

running (4m02.0s), 012/050 VUs, 472 complete and 0 interrupted iterations
steady   [  81% ] 012/050 VUs  4m01.9s/5m0s  2.00 iters/s

running (4m03.0s), 009/050 VUs, 477 complete and 0 interrupted iterations
steady   [  81% ] 009/050 VUs  4m02.9s/5m0s  2.00 iters/s

running (4m04.0s), 011/050 VUs, 477 complete and 0 interrupted iterations
steady   [  81% ] 011/050 VUs  4m03.9s/5m0s  2.00 iters/s

running (4m05.0s), 011/050 VUs, 479 complete and 0 interrupted iterations
steady   [  82% ] 011/050 VUs  4m04.9s/5m0s  2.00 iters/s

running (4m06.0s), 013/050 VUs, 479 complete and 0 interrupted iterations
steady   [  82% ] 013/050 VUs  4m05.8s/5m0s  2.00 iters/s

running (4m07.0s), 010/050 VUs, 484 complete and 0 interrupted iterations
steady   [  82% ] 010/050 VUs  4m06.8s/5m0s  2.00 iters/s

running (4m08.0s), 012/050 VUs, 484 complete and 0 interrupted iterations
steady   [  83% ] 012/050 VUs  4m07.9s/5m0s  2.00 iters/s

running (4m09.0s), 014/050 VUs, 484 complete and 0 interrupted iterations
steady   [  83% ] 014/050 VUs  4m08.8s/5m0s  2.00 iters/s

running (4m10.0s), 012/050 VUs, 488 complete and 0 interrupted iterations
steady   [  83% ] 012/050 VUs  4m09.9s/5m0s  2.00 iters/s

running (4m11.0s), 013/050 VUs, 489 complete and 0 interrupted iterations
steady   [  84% ] 013/050 VUs  4m10.8s/5m0s  2.00 iters/s

running (4m12.0s), 013/050 VUs, 491 complete and 0 interrupted iterations
steady   [  84% ] 013/050 VUs  4m11.9s/5m0s  2.00 iters/s

running (4m13.0s), 012/050 VUs, 494 complete and 0 interrupted iterations
steady   [  84% ] 012/050 VUs  4m12.9s/5m0s  2.00 iters/s

running (4m14.0s), 009/050 VUs, 499 complete and 0 interrupted iterations
steady   [  85% ] 009/050 VUs  4m13.9s/5m0s  2.00 iters/s

running (4m15.0s), 011/050 VUs, 499 complete and 0 interrupted iterations
steady   [  85% ] 011/050 VUs  4m14.9s/5m0s  2.00 iters/s

running (4m16.0s), 010/050 VUs, 502 complete and 0 interrupted iterations
steady   [  85% ] 010/050 VUs  4m15.9s/5m0s  2.00 iters/s

running (4m17.0s), 010/050 VUs, 504 complete and 0 interrupted iterations
steady   [  86% ] 010/050 VUs  4m16.8s/5m0s  2.00 iters/s

running (4m18.0s), 011/050 VUs, 505 complete and 0 interrupted iterations
steady   [  86% ] 011/050 VUs  4m17.9s/5m0s  2.00 iters/s

running (4m19.0s), 011/050 VUs, 507 complete and 0 interrupted iterations
steady   [  86% ] 011/050 VUs  4m18.8s/5m0s  2.00 iters/s

running (4m20.0s), 009/050 VUs, 511 complete and 0 interrupted iterations
steady   [  87% ] 009/050 VUs  4m19.8s/5m0s  2.00 iters/s

running (4m21.0s), 010/050 VUs, 512 complete and 0 interrupted iterations
steady   [  87% ] 010/050 VUs  4m20.9s/5m0s  2.00 iters/s

running (4m22.0s), 010/050 VUs, 514 complete and 0 interrupted iterations
steady   [  87% ] 010/050 VUs  4m21.9s/5m0s  2.00 iters/s

running (4m23.0s), 007/050 VUs, 519 complete and 0 interrupted iterations
steady   [  88% ] 007/050 VUs  4m22.9s/5m0s  2.00 iters/s

running (4m24.0s), 007/050 VUs, 521 complete and 0 interrupted iterations
steady   [  88% ] 007/050 VUs  4m23.9s/5m0s  2.00 iters/s

running (4m25.0s), 007/050 VUs, 523 complete and 0 interrupted iterations
steady   [  88% ] 007/050 VUs  4m24.9s/5m0s  2.00 iters/s

running (4m26.0s), 008/050 VUs, 524 complete and 0 interrupted iterations
steady   [  89% ] 008/050 VUs  4m25.9s/5m0s  2.00 iters/s

running (4m27.0s), 006/050 VUs, 528 complete and 0 interrupted iterations
steady   [  89% ] 006/050 VUs  4m26.9s/5m0s  2.00 iters/s

running (4m28.0s), 007/050 VUs, 529 complete and 0 interrupted iterations
steady   [  89% ] 007/050 VUs  4m27.9s/5m0s  2.00 iters/s

running (4m29.0s), 007/050 VUs, 531 complete and 0 interrupted iterations
steady   [  90% ] 007/050 VUs  4m28.9s/5m0s  2.00 iters/s

running (4m30.0s), 009/050 VUs, 531 complete and 0 interrupted iterations
steady   [  90% ] 009/050 VUs  4m29.9s/5m0s  2.00 iters/s

running (4m31.0s), 007/050 VUs, 535 complete and 0 interrupted iterations
steady   [  90% ] 007/050 VUs  4m30.8s/5m0s  2.00 iters/s

running (4m32.0s), 006/050 VUs, 538 complete and 0 interrupted iterations
steady   [  91% ] 006/050 VUs  4m31.9s/5m0s  2.00 iters/s

running (4m33.0s), 005/050 VUs, 541 complete and 0 interrupted iterations
steady   [  91% ] 005/050 VUs  4m32.8s/5m0s  2.00 iters/s

running (4m34.0s), 005/050 VUs, 543 complete and 0 interrupted iterations
steady   [  91% ] 005/050 VUs  4m33.9s/5m0s  2.00 iters/s

running (4m35.0s), 006/050 VUs, 544 complete and 0 interrupted iterations
steady   [  92% ] 006/050 VUs  4m34.9s/5m0s  2.00 iters/s

running (4m36.0s), 006/050 VUs, 546 complete and 0 interrupted iterations
steady   [  92% ] 006/050 VUs  4m35.9s/5m0s  2.00 iters/s

running (4m37.0s), 005/050 VUs, 549 complete and 0 interrupted iterations
steady   [  92% ] 005/050 VUs  4m36.9s/5m0s  2.00 iters/s

running (4m38.0s), 005/050 VUs, 551 complete and 0 interrupted iterations
steady   [  93% ] 005/050 VUs  4m37.9s/5m0s  2.00 iters/s

running (4m39.0s), 005/050 VUs, 553 complete and 0 interrupted iterations
steady   [  93% ] 005/050 VUs  4m38.8s/5m0s  2.00 iters/s

running (4m40.0s), 007/050 VUs, 553 complete and 0 interrupted iterations
steady   [  93% ] 007/050 VUs  4m39.9s/5m0s  2.00 iters/s

running (4m41.0s), 006/050 VUs, 556 complete and 0 interrupted iterations
steady   [  94% ] 006/050 VUs  4m40.9s/5m0s  2.00 iters/s

running (4m42.0s), 005/050 VUs, 559 complete and 0 interrupted iterations
steady   [  94% ] 005/050 VUs  4m41.9s/5m0s  2.00 iters/s

running (4m43.0s), 007/050 VUs, 559 complete and 0 interrupted iterations
steady   [  94% ] 007/050 VUs  4m42.9s/5m0s  2.00 iters/s

running (4m44.0s), 006/050 VUs, 562 complete and 0 interrupted iterations
steady   [  95% ] 006/050 VUs  4m43.8s/5m0s  2.00 iters/s

running (4m45.0s), 007/050 VUs, 563 complete and 0 interrupted iterations
steady   [  95% ] 007/050 VUs  4m44.9s/5m0s  2.00 iters/s

running (4m46.0s), 008/050 VUs, 564 complete and 0 interrupted iterations
steady   [  95% ] 008/050 VUs  4m45.9s/5m0s  2.00 iters/s

running (4m47.0s), 010/050 VUs, 564 complete and 0 interrupted iterations
steady   [  96% ] 010/050 VUs  4m46.9s/5m0s  2.00 iters/s

running (4m48.0s), 008/050 VUs, 568 complete and 0 interrupted iterations
steady   [  96% ] 008/050 VUs  4m47.9s/5m0s  2.00 iters/s

running (4m49.0s), 008/050 VUs, 570 complete and 0 interrupted iterations
steady   [  96% ] 008/050 VUs  4m48.8s/5m0s  2.00 iters/s

running (4m50.0s), 010/050 VUs, 570 complete and 0 interrupted iterations
steady   [  97% ] 010/050 VUs  4m49.9s/5m0s  2.00 iters/s

running (4m51.0s), 008/050 VUs, 574 complete and 0 interrupted iterations
steady   [  97% ] 008/050 VUs  4m50.8s/5m0s  2.00 iters/s

running (4m52.0s), 010/050 VUs, 574 complete and 0 interrupted iterations
steady   [  97% ] 010/050 VUs  4m51.9s/5m0s  2.00 iters/s

running (4m53.0s), 009/050 VUs, 577 complete and 0 interrupted iterations
steady   [  98% ] 009/050 VUs  4m52.8s/5m0s  2.00 iters/s

running (4m54.0s), 011/050 VUs, 577 complete and 0 interrupted iterations
steady   [  98% ] 011/050 VUs  4m53.9s/5m0s  2.00 iters/s

running (4m55.0s), 008/050 VUs, 582 complete and 0 interrupted iterations
steady   [  98% ] 008/050 VUs  4m54.8s/5m0s  2.00 iters/s

running (4m56.0s), 010/050 VUs, 582 complete and 0 interrupted iterations
steady   [  99% ] 010/050 VUs  4m55.8s/5m0s  2.00 iters/s

running (4m57.0s), 010/050 VUs, 584 complete and 0 interrupted iterations
steady   [  99% ] 010/050 VUs  4m56.9s/5m0s  2.00 iters/s

running (4m58.0s), 009/050 VUs, 587 complete and 0 interrupted iterations
steady   [  99% ] 009/050 VUs  4m57.9s/5m0s  2.00 iters/s

running (4m59.0s), 009/050 VUs, 589 complete and 0 interrupted iterations
steady   [ 100% ] 009/050 VUs  4m58.9s/5m0s  2.00 iters/s

running (5m00.0s), 009/050 VUs, 591 complete and 0 interrupted iterations
steady   [ 100% ] 009/050 VUs  4m59.8s/5m0s  2.00 iters/s

running (5m01.0s), 008/050 VUs, 593 complete and 0 interrupted iterations
steady ↓ [ 100% ] 010/050 VUs  5m0s  2.00 iters/s

running (5m02.0s), 008/050 VUs, 593 complete and 0 interrupted iterations
steady ↓ [ 100% ] 010/050 VUs  5m0s  2.00 iters/s

running (5m03.0s), 005/050 VUs, 596 complete and 0 interrupted iterations
steady ↓ [ 100% ] 010/050 VUs  5m0s  2.00 iters/s

running (5m04.0s), 004/050 VUs, 597 complete and 0 interrupted iterations
steady ↓ [ 100% ] 010/050 VUs  5m0s  2.00 iters/s

running (5m05.0s), 004/050 VUs, 597 complete and 0 interrupted iterations
steady ↓ [ 100% ] 010/050 VUs  5m0s  2.00 iters/s

running (5m06.0s), 004/050 VUs, 597 complete and 0 interrupted iterations
steady ↓ [ 100% ] 010/050 VUs  5m0s  2.00 iters/s

running (5m07.0s), 004/050 VUs, 597 complete and 0 interrupted iterations
steady ↓ [ 100% ] 010/050 VUs  5m0s  2.00 iters/s

running (5m08.0s), 004/050 VUs, 597 complete and 0 interrupted iterations
steady ↓ [ 100% ] 010/050 VUs  5m0s  2.00 iters/s

running (5m09.0s), 004/050 VUs, 597 complete and 0 interrupted iterations
steady ↓ [ 100% ] 010/050 VUs  5m0s  2.00 iters/s

running (5m10.0s), 003/050 VUs, 598 complete and 0 interrupted iterations
steady ↓ [ 100% ] 010/050 VUs  5m0s  2.00 iters/s

running (5m11.0s), 003/050 VUs, 598 complete and 0 interrupted iterations
steady ↓ [ 100% ] 010/050 VUs  5m0s  2.00 iters/s

running (5m12.0s), 003/050 VUs, 598 complete and 0 interrupted iterations
steady ↓ [ 100% ] 010/050 VUs  5m0s  2.00 iters/s

running (5m13.0s), 002/050 VUs, 599 complete and 0 interrupted iterations
steady ↓ [ 100% ] 010/050 VUs  5m0s  2.00 iters/s

running (5m14.0s), 001/050 VUs, 600 complete and 0 interrupted iterations
steady ↓ [ 100% ] 010/050 VUs  5m0s  2.00 iters/s

running (5m15.0s), 001/050 VUs, 600 complete and 0 interrupted iterations
steady ↓ [ 100% ] 010/050 VUs  5m0s  2.00 iters/s

running (5m16.0s), 001/050 VUs, 600 complete and 0 interrupted iterations
steady ↓ [ 100% ] 010/050 VUs  5m0s  2.00 iters/s

================ DSP benchmark summary ================
-- per-phase latency --
  catalog                    p50=70.1 ms  p95=82.3 ms  p99=87.1 ms  max=94.0 ms  n=601
  negotiation init (POST)    p50=7.1 ms  p95=17.3 ms  p99=51.6 ms  max=176.8 ms  n=598
  time-to-AGREED (async)     p50=1782.5 ms  p95=2322.3 ms  p99=2543.0 ms  max=2618.0 ms  n=558
  transfer init (POST)       p50=7.8 ms  p95=22.3 ms  p99=99.0 ms  max=263.6 ms  n=558
  time-to-EDR (async)        p50=765.0 ms  p95=1274.0 ms  p99=1526.0 ms  max=2283.0 ms  n=542
  data pull                  p50=5.1 ms  p95=6.2 ms  p99=7.1 ms  max=14.0 ms  n=542
-- end-to-end + throughput --
  e2e transaction            p50=2662.5 ms  p95=3658.8 ms  p99=3919.9 ms  max=4186.0 ms  n=542
  data throughput (MB/s)     p50=0.0  p95=0.1  p99=0.1  max=0.1  n=542
-- outcomes --
  transactions succeeded     count=542  rate=1.710/s
  transactions failed        count=59  rate=0.186/s
  failed rate                rate=9.82%  (pass=59 fail=542)
    of which TERMINATED      count=1  rate=0.003/s
    of which TIMED OUT       count=55  rate=0.174/s
    of which HTTP-FAILED     count=3  rate=0.009/s
  failure accounting       59/59 classified  (complete)
-- observer effect (poll load) --
  negotiation polls          count=9180  rate=28.966/s
  edr polls                  count=4230  rate=13.347/s
  polls per transaction     negotiation=15.3  edr=7.0  (timeout ceiling=120)
=======================================================
(full summary -> /home/rohitj/edc/benchmarking-dsp-native-basyx/k6-scripts/results/basyx/on/steady/2026-08-03T09-29-53Z/k6-summary.json; POLL_INTERVAL_MS=250; IDENTITY_MODE=on)

running (5m16.9s), 000/050 VUs, 601 complete and 0 interrupted iterations
steady ✓ [ 100% ] 000/050 VUs  5m0s  2.00 iters/s
time="2026-08-03T09:36:34Z" level=error msg="thresholds on metrics 'dsp_transaction_failed_rate' have been crossed"
Prometheus snapshot [1785749477..1785749809] svc=(dsp-native-basyx|consumer-controlplane) win=1m -> /home/rohitj/edc/benchmarking-dsp-native-basyx/k6-scripts/results/basyx/on/steady/2026-08-03T09-29-53Z
  jvm-heap.csv (134 rows)
  jvm-gc-rate.csv (134 rows)
  jvm-threads.csv (134 rows)
  http-throughput.csv (134 rows)
  http-p95.csv (134 rows)
  http-errors.csv (134 rows)
  http-errors-5xx.csv (67 rows)
  http-status.csv (510 rows)
  host-cpu-busy.csv (67 rows)
  host-mem-used.csv (67 rows)
  5xx: 5xx PRESENT (67 samples) — connector-side faults, see http-errors-5xx.csv
  logs -> /home/rohitj/edc/benchmarking-dsp-native-basyx/k6-scripts/results/basyx/on/steady/2026-08-03T09-29-53Z/logs (2 files)
    consumer-controlplane.log:442
    dsp-native-basyx.log:159
Settling 60s (this run stressed the connector; the next one must not inherit its backlog)
VALIDITY  ok=542  failed=59  failed_rate=9%  dropped_iterations=0  <-- >5% FAILURES: past the knee, not a valid operating point
>>> done: /home/rohitj/edc/benchmarking-dsp-native-basyx/k6-scripts/results/basyx/on/steady/2026-08-03T09-29-53Z  (k6 exit 99)
  (steady rep 1 exited non-zero)
----- basyx / steady (rep 2) -----
>>> basyx / steady  ->  /home/rohitj/edc/benchmarking-dsp-native-basyx/k6-scripts/results/basyx/on/steady/2026-08-03T09-37-54Z
parity OK: lib/ + scenarios/ + orchestration/ + tools/ identical to /home/rohitj/edc/benchmarking-dsp-native-basyx/k6-scripts
Health: http://localhost:29010/management + prometheus  OK
Warmup 60s @ 2/s (discarded)
  (warmup non-zero exit ignored)
k6 -> Prometheus remote-write: http://localhost:9090/api/v1/write

         /\      Grafana   /‾‾/  
    /\  /  \     |\  __   /  /   
   /  \/    \    | |/ /  /   ‾‾\ 
  /          \   |   (  |  (‾)  |
 / __________ \  |_|\_\  \_____/ 


     execution: local
        script: /home/rohitj/edc/benchmarking-dsp-native-basyx/k6-scripts/scenarios/steady.js
        output: Prometheus remote write (http://localhost:9090/api/v1/write)

     scenarios: (100.00%) 1 scenario, 200 max VUs, 5m30s max duration (incl. graceful stop):
              * steady: 2.00 iterations/s for 5m0s (maxVUs: 50-200, gracefulStop: 30s)


running (0m01.0s), 002/050 VUs, 0 complete and 0 interrupted iterations
steady   [   0% ] 002/050 VUs  0m00.9s/5m0s  2.00 iters/s

running (0m02.0s), 004/050 VUs, 0 complete and 0 interrupted iterations
steady   [   1% ] 004/050 VUs  0m01.9s/5m0s  2.00 iters/s

running (0m03.0s), 004/050 VUs, 2 complete and 0 interrupted iterations
steady   [   1% ] 004/050 VUs  0m02.9s/5m0s  2.00 iters/s

running (0m04.0s), 004/050 VUs, 4 complete and 0 interrupted iterations
steady   [   1% ] 004/050 VUs  0m03.9s/5m0s  2.00 iters/s

running (0m05.0s), 006/050 VUs, 4 complete and 0 interrupted iterations
steady   [   2% ] 006/050 VUs  0m04.9s/5m0s  2.00 iters/s

running (0m06.0s), 006/050 VUs, 6 complete and 0 interrupted iterations
steady   [   2% ] 006/050 VUs  0m05.9s/5m0s  2.00 iters/s

running (0m07.0s), 006/050 VUs, 8 complete and 0 interrupted iterations
steady   [   2% ] 006/050 VUs  0m06.9s/5m0s  2.00 iters/s

running (0m08.0s), 005/050 VUs, 11 complete and 0 interrupted iterations
steady   [   3% ] 005/050 VUs  0m07.9s/5m0s  2.00 iters/s

running (0m09.0s), 005/050 VUs, 13 complete and 0 interrupted iterations
steady   [   3% ] 005/050 VUs  0m08.9s/5m0s  2.00 iters/s

running (0m10.0s), 005/050 VUs, 15 complete and 0 interrupted iterations
steady   [   3% ] 005/050 VUs  0m09.9s/5m0s  2.00 iters/s

running (0m11.0s), 005/050 VUs, 17 complete and 0 interrupted iterations
steady   [   4% ] 005/050 VUs  0m10.9s/5m0s  2.00 iters/s

running (0m12.0s), 004/050 VUs, 20 complete and 0 interrupted iterations
steady   [   4% ] 004/050 VUs  0m11.9s/5m0s  2.00 iters/s

running (0m13.0s), 004/050 VUs, 22 complete and 0 interrupted iterations
steady   [   4% ] 004/050 VUs  0m12.9s/5m0s  2.00 iters/s

running (0m14.0s), 004/050 VUs, 24 complete and 0 interrupted iterations
steady   [   5% ] 004/050 VUs  0m13.9s/5m0s  2.00 iters/s

running (0m15.0s), 006/050 VUs, 24 complete and 0 interrupted iterations
steady   [   5% ] 006/050 VUs  0m14.9s/5m0s  2.00 iters/s

running (0m16.0s), 005/050 VUs, 27 complete and 0 interrupted iterations
steady   [   5% ] 005/050 VUs  0m15.9s/5m0s  2.00 iters/s

running (0m17.0s), 004/050 VUs, 30 complete and 0 interrupted iterations
steady   [   6% ] 004/050 VUs  0m16.9s/5m0s  2.00 iters/s

running (0m18.0s), 005/050 VUs, 31 complete and 0 interrupted iterations
steady   [   6% ] 005/050 VUs  0m17.9s/5m0s  2.00 iters/s

running (0m19.0s), 005/050 VUs, 33 complete and 0 interrupted iterations
steady   [   6% ] 005/050 VUs  0m18.9s/5m0s  2.00 iters/s

running (0m20.0s), 004/050 VUs, 36 complete and 0 interrupted iterations
steady   [   7% ] 004/050 VUs  0m19.9s/5m0s  2.00 iters/s

running (0m21.0s), 004/050 VUs, 38 complete and 0 interrupted iterations
steady   [   7% ] 004/050 VUs  0m20.9s/5m0s  2.00 iters/s

running (0m22.0s), 004/050 VUs, 40 complete and 0 interrupted iterations
steady   [   7% ] 004/050 VUs  0m21.9s/5m0s  2.00 iters/s

running (0m23.0s), 006/050 VUs, 40 complete and 0 interrupted iterations
steady   [   8% ] 006/050 VUs  0m22.9s/5m0s  2.00 iters/s

running (0m24.0s), 006/050 VUs, 42 complete and 0 interrupted iterations
steady   [   8% ] 006/050 VUs  0m23.9s/5m0s  2.00 iters/s

running (0m25.0s), 005/050 VUs, 45 complete and 0 interrupted iterations
steady   [   8% ] 005/050 VUs  0m24.9s/5m0s  2.00 iters/s

running (0m26.0s), 005/050 VUs, 47 complete and 0 interrupted iterations
steady   [   9% ] 005/050 VUs  0m25.9s/5m0s  2.00 iters/s

running (0m27.0s), 007/050 VUs, 47 complete and 0 interrupted iterations
steady   [   9% ] 007/050 VUs  0m26.9s/5m0s  2.00 iters/s

running (0m28.0s), 005/050 VUs, 51 complete and 0 interrupted iterations
steady   [   9% ] 005/050 VUs  0m27.9s/5m0s  2.00 iters/s

running (0m29.0s), 006/050 VUs, 52 complete and 0 interrupted iterations
steady   [  10% ] 006/050 VUs  0m28.9s/5m0s  2.00 iters/s

running (0m30.0s), 008/050 VUs, 52 complete and 0 interrupted iterations
steady   [  10% ] 008/050 VUs  0m29.9s/5m0s  2.00 iters/s

running (0m31.0s), 008/050 VUs, 54 complete and 0 interrupted iterations
steady   [  10% ] 008/050 VUs  0m30.9s/5m0s  2.00 iters/s

running (0m32.0s), 008/050 VUs, 56 complete and 0 interrupted iterations
steady   [  11% ] 008/050 VUs  0m31.9s/5m0s  2.00 iters/s

running (0m33.0s), 007/050 VUs, 59 complete and 0 interrupted iterations
steady   [  11% ] 007/050 VUs  0m32.9s/5m0s  2.00 iters/s

running (0m34.0s), 007/050 VUs, 61 complete and 0 interrupted iterations
steady   [  11% ] 007/050 VUs  0m33.9s/5m0s  2.00 iters/s

running (0m35.0s), 007/050 VUs, 63 complete and 0 interrupted iterations
steady   [  12% ] 007/050 VUs  0m34.9s/5m0s  2.00 iters/s

running (0m36.0s), 005/050 VUs, 67 complete and 0 interrupted iterations
steady   [  12% ] 005/050 VUs  0m35.9s/5m0s  2.00 iters/s

running (0m37.0s), 006/050 VUs, 68 complete and 0 interrupted iterations
steady   [  12% ] 006/050 VUs  0m36.9s/5m0s  2.00 iters/s

running (0m38.0s), 006/050 VUs, 70 complete and 0 interrupted iterations
steady   [  13% ] 006/050 VUs  0m37.9s/5m0s  2.00 iters/s

running (0m39.0s), 008/050 VUs, 70 complete and 0 interrupted iterations
steady   [  13% ] 008/050 VUs  0m38.9s/5m0s  2.00 iters/s

running (0m40.0s), 008/050 VUs, 72 complete and 0 interrupted iterations
steady   [  13% ] 008/050 VUs  0m39.9s/5m0s  2.00 iters/s

running (0m41.0s), 008/050 VUs, 74 complete and 0 interrupted iterations
steady   [  14% ] 008/050 VUs  0m40.9s/5m0s  2.00 iters/s

running (0m42.0s), 010/050 VUs, 74 complete and 0 interrupted iterations
steady   [  14% ] 010/050 VUs  0m41.9s/5m0s  2.00 iters/s

running (0m43.0s), 012/050 VUs, 74 complete and 0 interrupted iterations
steady   [  14% ] 012/050 VUs  0m42.9s/5m0s  2.00 iters/s

running (0m44.0s), 009/050 VUs, 79 complete and 0 interrupted iterations
steady   [  15% ] 009/050 VUs  0m43.9s/5m0s  2.00 iters/s

running (0m45.0s), 010/050 VUs, 80 complete and 0 interrupted iterations
steady   [  15% ] 010/050 VUs  0m44.9s/5m0s  2.00 iters/s

running (0m46.0s), 011/050 VUs, 81 complete and 0 interrupted iterations
steady   [  15% ] 011/050 VUs  0m45.9s/5m0s  2.00 iters/s

running (0m47.0s), 011/050 VUs, 83 complete and 0 interrupted iterations
steady   [  16% ] 011/050 VUs  0m46.9s/5m0s  2.00 iters/s

running (0m48.0s), 009/050 VUs, 87 complete and 0 interrupted iterations
steady   [  16% ] 009/050 VUs  0m47.9s/5m0s  2.00 iters/s

running (0m49.0s), 011/050 VUs, 87 complete and 0 interrupted iterations
steady   [  16% ] 011/050 VUs  0m48.9s/5m0s  2.00 iters/s

running (0m50.0s), 013/050 VUs, 87 complete and 0 interrupted iterations
steady   [  17% ] 013/050 VUs  0m49.9s/5m0s  2.00 iters/s

running (0m51.0s), 013/050 VUs, 89 complete and 0 interrupted iterations
steady   [  17% ] 013/050 VUs  0m50.9s/5m0s  2.00 iters/s

running (0m52.0s), 013/050 VUs, 91 complete and 0 interrupted iterations
steady   [  17% ] 013/050 VUs  0m51.9s/5m0s  2.00 iters/s

running (0m53.0s), 011/050 VUs, 95 complete and 0 interrupted iterations
steady   [  18% ] 011/050 VUs  0m52.9s/5m0s  2.00 iters/s

running (0m54.0s), 012/050 VUs, 96 complete and 0 interrupted iterations
steady   [  18% ] 012/050 VUs  0m53.9s/5m0s  2.00 iters/s

running (0m55.0s), 012/050 VUs, 98 complete and 0 interrupted iterations
steady   [  18% ] 012/050 VUs  0m54.9s/5m0s  2.00 iters/s

running (0m56.0s), 010/050 VUs, 102 complete and 0 interrupted iterations
steady   [  19% ] 010/050 VUs  0m55.9s/5m0s  2.00 iters/s

running (0m57.0s), 011/050 VUs, 103 complete and 0 interrupted iterations
steady   [  19% ] 011/050 VUs  0m56.9s/5m0s  2.00 iters/s

running (0m58.0s), 011/050 VUs, 105 complete and 0 interrupted iterations
steady   [  19% ] 011/050 VUs  0m57.9s/5m0s  2.00 iters/s

running (0m59.0s), 011/050 VUs, 107 complete and 0 interrupted iterations
steady   [  20% ] 011/050 VUs  0m58.9s/5m0s  2.00 iters/s

running (1m00.0s), 011/050 VUs, 109 complete and 0 interrupted iterations
steady   [  20% ] 011/050 VUs  0m59.9s/5m0s  2.00 iters/s

running (1m01.0s), 011/050 VUs, 111 complete and 0 interrupted iterations
steady   [  20% ] 011/050 VUs  1m00.9s/5m0s  2.00 iters/s

running (1m02.0s), 010/050 VUs, 114 complete and 0 interrupted iterations
steady   [  21% ] 010/050 VUs  1m01.9s/5m0s  2.00 iters/s

running (1m03.0s), 010/050 VUs, 116 complete and 0 interrupted iterations
steady   [  21% ] 010/050 VUs  1m02.9s/5m0s  2.00 iters/s

running (1m04.0s), 010/050 VUs, 118 complete and 0 interrupted iterations
steady   [  21% ] 010/050 VUs  1m03.9s/5m0s  2.00 iters/s

running (1m05.0s), 008/050 VUs, 122 complete and 0 interrupted iterations
steady   [  22% ] 008/050 VUs  1m04.9s/5m0s  2.00 iters/s

running (1m06.0s), 009/050 VUs, 123 complete and 0 interrupted iterations
steady   [  22% ] 009/050 VUs  1m05.9s/5m0s  2.00 iters/s

running (1m07.0s), 010/050 VUs, 124 complete and 0 interrupted iterations
steady   [  22% ] 010/050 VUs  1m06.9s/5m0s  2.00 iters/s

running (1m08.0s), 010/050 VUs, 126 complete and 0 interrupted iterations
steady   [  23% ] 010/050 VUs  1m07.9s/5m0s  2.00 iters/s

running (1m09.0s), 009/050 VUs, 129 complete and 0 interrupted iterations
steady   [  23% ] 009/050 VUs  1m08.9s/5m0s  2.00 iters/s

running (1m10.0s), 008/050 VUs, 132 complete and 0 interrupted iterations
steady   [  23% ] 008/050 VUs  1m09.9s/5m0s  2.00 iters/s

running (1m11.0s), 007/050 VUs, 135 complete and 0 interrupted iterations
steady   [  24% ] 007/050 VUs  1m10.9s/5m0s  2.00 iters/s

running (1m12.0s), 007/050 VUs, 137 complete and 0 interrupted iterations
steady   [  24% ] 007/050 VUs  1m11.9s/5m0s  2.00 iters/s

running (1m13.0s), 007/050 VUs, 139 complete and 0 interrupted iterations
steady   [  24% ] 007/050 VUs  1m12.9s/5m0s  2.00 iters/s

running (1m14.0s), 006/050 VUs, 142 complete and 0 interrupted iterations
steady   [  25% ] 006/050 VUs  1m13.9s/5m0s  2.00 iters/s

running (1m15.0s), 005/050 VUs, 145 complete and 0 interrupted iterations
steady   [  25% ] 005/050 VUs  1m14.9s/5m0s  2.00 iters/s

running (1m16.0s), 004/050 VUs, 148 complete and 0 interrupted iterations
steady   [  25% ] 004/050 VUs  1m15.9s/5m0s  2.00 iters/s

running (1m17.0s), 006/050 VUs, 148 complete and 0 interrupted iterations
steady   [  26% ] 006/050 VUs  1m16.9s/5m0s  2.00 iters/s

running (1m18.0s), 006/050 VUs, 150 complete and 0 interrupted iterations
steady   [  26% ] 006/050 VUs  1m17.9s/5m0s  2.00 iters/s

running (1m19.0s), 006/050 VUs, 152 complete and 0 interrupted iterations
steady   [  26% ] 006/050 VUs  1m18.9s/5m0s  2.00 iters/s

running (1m20.0s), 005/050 VUs, 155 complete and 0 interrupted iterations
steady   [  27% ] 005/050 VUs  1m19.9s/5m0s  2.00 iters/s

running (1m21.0s), 005/050 VUs, 157 complete and 0 interrupted iterations
steady   [  27% ] 005/050 VUs  1m20.9s/5m0s  2.00 iters/s

running (1m22.0s), 005/050 VUs, 159 complete and 0 interrupted iterations
steady   [  27% ] 005/050 VUs  1m21.9s/5m0s  2.00 iters/s

running (1m23.0s), 003/050 VUs, 163 complete and 0 interrupted iterations
steady   [  28% ] 003/050 VUs  1m22.9s/5m0s  2.00 iters/s

running (1m24.0s), 004/050 VUs, 164 complete and 0 interrupted iterations
steady   [  28% ] 004/050 VUs  1m23.9s/5m0s  2.00 iters/s

running (1m25.0s), 004/050 VUs, 166 complete and 0 interrupted iterations
steady   [  28% ] 004/050 VUs  1m24.9s/5m0s  2.00 iters/s

running (1m26.0s), 006/050 VUs, 166 complete and 0 interrupted iterations
steady   [  29% ] 006/050 VUs  1m25.9s/5m0s  2.00 iters/s

running (1m27.0s), 006/050 VUs, 168 complete and 0 interrupted iterations
steady   [  29% ] 006/050 VUs  1m26.9s/5m0s  2.00 iters/s

running (1m28.0s), 006/050 VUs, 170 complete and 0 interrupted iterations
steady   [  29% ] 006/050 VUs  1m27.9s/5m0s  2.00 iters/s

running (1m29.0s), 005/050 VUs, 173 complete and 0 interrupted iterations
steady   [  30% ] 005/050 VUs  1m28.9s/5m0s  2.00 iters/s

running (1m30.0s), 005/050 VUs, 175 complete and 0 interrupted iterations
steady   [  30% ] 005/050 VUs  1m29.9s/5m0s  2.00 iters/s

running (1m31.0s), 005/050 VUs, 177 complete and 0 interrupted iterations
steady   [  30% ] 005/050 VUs  1m30.9s/5m0s  2.00 iters/s

running (1m32.0s), 003/050 VUs, 181 complete and 0 interrupted iterations
steady   [  31% ] 003/050 VUs  1m31.9s/5m0s  2.00 iters/s

running (1m33.0s), 004/050 VUs, 182 complete and 0 interrupted iterations
steady   [  31% ] 004/050 VUs  1m32.9s/5m0s  2.00 iters/s

running (1m34.0s), 005/050 VUs, 183 complete and 0 interrupted iterations
steady   [  31% ] 005/050 VUs  1m33.9s/5m0s  2.00 iters/s

running (1m35.0s), 005/050 VUs, 185 complete and 0 interrupted iterations
steady   [  32% ] 005/050 VUs  1m34.9s/5m0s  2.00 iters/s

running (1m36.0s), 004/050 VUs, 188 complete and 0 interrupted iterations
steady   [  32% ] 004/050 VUs  1m35.9s/5m0s  2.00 iters/s

running (1m37.0s), 005/050 VUs, 189 complete and 0 interrupted iterations
steady   [  32% ] 005/050 VUs  1m36.9s/5m0s  2.00 iters/s

running (1m38.0s), 005/050 VUs, 191 complete and 0 interrupted iterations
steady   [  33% ] 005/050 VUs  1m37.9s/5m0s  2.00 iters/s

running (1m39.0s), 005/050 VUs, 193 complete and 0 interrupted iterations
steady   [  33% ] 005/050 VUs  1m38.9s/5m0s  2.00 iters/s

running (1m40.0s), 006/050 VUs, 194 complete and 0 interrupted iterations
steady   [  33% ] 006/050 VUs  1m39.9s/5m0s  2.00 iters/s

running (1m41.0s), 008/050 VUs, 194 complete and 0 interrupted iterations
steady   [  34% ] 008/050 VUs  1m40.9s/5m0s  2.00 iters/s

running (1m42.0s), 006/050 VUs, 198 complete and 0 interrupted iterations
steady   [  34% ] 006/050 VUs  1m41.9s/5m0s  2.00 iters/s

running (1m43.0s), 008/050 VUs, 198 complete and 0 interrupted iterations
steady   [  34% ] 008/050 VUs  1m42.9s/5m0s  2.00 iters/s

running (1m44.0s), 007/050 VUs, 201 complete and 0 interrupted iterations
steady   [  35% ] 007/050 VUs  1m43.9s/5m0s  2.00 iters/s

running (1m45.0s), 007/050 VUs, 203 complete and 0 interrupted iterations
steady   [  35% ] 007/050 VUs  1m44.9s/5m0s  2.00 iters/s

running (1m46.0s), 009/050 VUs, 203 complete and 0 interrupted iterations
steady   [  35% ] 009/050 VUs  1m45.9s/5m0s  2.00 iters/s

running (1m47.0s), 008/050 VUs, 206 complete and 0 interrupted iterations
steady   [  36% ] 008/050 VUs  1m46.9s/5m0s  2.00 iters/s

running (1m48.0s), 007/050 VUs, 209 complete and 0 interrupted iterations
steady   [  36% ] 007/050 VUs  1m47.9s/5m0s  2.00 iters/s

running (1m49.0s), 008/050 VUs, 210 complete and 0 interrupted iterations
steady   [  36% ] 008/050 VUs  1m48.9s/5m0s  2.00 iters/s

running (1m50.0s), 008/050 VUs, 212 complete and 0 interrupted iterations
steady   [  37% ] 008/050 VUs  1m49.9s/5m0s  2.00 iters/s

running (1m51.0s), 009/050 VUs, 213 complete and 0 interrupted iterations
steady   [  37% ] 009/050 VUs  1m50.9s/5m0s  2.00 iters/s

running (1m52.0s), 011/050 VUs, 213 complete and 0 interrupted iterations
steady   [  37% ] 011/050 VUs  1m51.9s/5m0s  2.00 iters/s

running (1m53.0s), 009/050 VUs, 217 complete and 0 interrupted iterations
steady   [  38% ] 009/050 VUs  1m52.9s/5m0s  2.00 iters/s

running (1m54.0s), 011/050 VUs, 217 complete and 0 interrupted iterations
steady   [  38% ] 011/050 VUs  1m53.9s/5m0s  2.00 iters/s

running (1m55.0s), 010/050 VUs, 220 complete and 0 interrupted iterations
steady   [  38% ] 010/050 VUs  1m54.9s/5m0s  2.00 iters/s

running (1m56.0s), 008/050 VUs, 224 complete and 0 interrupted iterations
steady   [  39% ] 008/050 VUs  1m55.9s/5m0s  2.00 iters/s

running (1m57.0s), 009/050 VUs, 225 complete and 0 interrupted iterations
steady   [  39% ] 009/050 VUs  1m56.9s/5m0s  2.00 iters/s

running (1m58.0s), 007/050 VUs, 229 complete and 0 interrupted iterations
steady   [  39% ] 007/050 VUs  1m57.9s/5m0s  2.00 iters/s

running (1m59.0s), 009/050 VUs, 229 complete and 0 interrupted iterations
steady   [  40% ] 009/050 VUs  1m58.9s/5m0s  2.00 iters/s

running (2m00.0s), 008/050 VUs, 232 complete and 0 interrupted iterations
steady   [  40% ] 008/050 VUs  1m59.9s/5m0s  2.00 iters/s

running (2m01.0s), 008/050 VUs, 234 complete and 0 interrupted iterations
steady   [  40% ] 008/050 VUs  2m00.9s/5m0s  2.00 iters/s

running (2m02.0s), 009/050 VUs, 235 complete and 0 interrupted iterations
steady   [  41% ] 009/050 VUs  2m01.9s/5m0s  2.00 iters/s

running (2m03.0s), 009/050 VUs, 237 complete and 0 interrupted iterations
steady   [  41% ] 009/050 VUs  2m02.9s/5m0s  2.00 iters/s

running (2m04.0s), 008/050 VUs, 240 complete and 0 interrupted iterations
steady   [  41% ] 008/050 VUs  2m03.9s/5m0s  2.00 iters/s

running (2m05.0s), 010/050 VUs, 240 complete and 0 interrupted iterations
steady   [  42% ] 010/050 VUs  2m04.9s/5m0s  2.00 iters/s

running (2m06.0s), 008/050 VUs, 244 complete and 0 interrupted iterations
steady   [  42% ] 008/050 VUs  2m05.9s/5m0s  2.00 iters/s

running (2m07.0s), 010/050 VUs, 244 complete and 0 interrupted iterations
steady   [  42% ] 010/050 VUs  2m06.9s/5m0s  2.00 iters/s

running (2m08.0s), 011/050 VUs, 245 complete and 0 interrupted iterations
steady   [  43% ] 011/050 VUs  2m07.9s/5m0s  2.00 iters/s

running (2m09.0s), 011/050 VUs, 247 complete and 0 interrupted iterations
steady   [  43% ] 011/050 VUs  2m08.9s/5m0s  2.00 iters/s

running (2m10.0s), 011/050 VUs, 249 complete and 0 interrupted iterations
steady   [  43% ] 011/050 VUs  2m09.9s/5m0s  2.00 iters/s

running (2m11.0s), 011/050 VUs, 251 complete and 0 interrupted iterations
steady   [  44% ] 011/050 VUs  2m10.9s/5m0s  2.00 iters/s

running (2m12.0s), 009/050 VUs, 255 complete and 0 interrupted iterations
steady   [  44% ] 009/050 VUs  2m11.9s/5m0s  2.00 iters/s

running (2m13.0s), 011/050 VUs, 255 complete and 0 interrupted iterations
steady   [  44% ] 011/050 VUs  2m12.9s/5m0s  2.00 iters/s

running (2m14.0s), 010/050 VUs, 258 complete and 0 interrupted iterations
steady   [  45% ] 010/050 VUs  2m13.9s/5m0s  2.00 iters/s

running (2m15.0s), 012/050 VUs, 258 complete and 0 interrupted iterations
steady   [  45% ] 012/050 VUs  2m14.9s/5m0s  2.00 iters/s

running (2m16.0s), 013/050 VUs, 259 complete and 0 interrupted iterations
steady   [  45% ] 013/050 VUs  2m15.9s/5m0s  2.00 iters/s

running (2m17.0s), 013/050 VUs, 261 complete and 0 interrupted iterations
steady   [  46% ] 013/050 VUs  2m16.9s/5m0s  2.00 iters/s

running (2m18.0s), 014/050 VUs, 262 complete and 0 interrupted iterations
steady   [  46% ] 014/050 VUs  2m17.9s/5m0s  2.00 iters/s

running (2m19.0s), 011/050 VUs, 267 complete and 0 interrupted iterations
steady   [  46% ] 011/050 VUs  2m18.9s/5m0s  2.00 iters/s

running (2m20.0s), 013/050 VUs, 267 complete and 0 interrupted iterations
steady   [  47% ] 013/050 VUs  2m19.9s/5m0s  2.00 iters/s

running (2m21.0s), 013/050 VUs, 269 complete and 0 interrupted iterations
steady   [  47% ] 013/050 VUs  2m20.9s/5m0s  2.00 iters/s

running (2m22.0s), 012/050 VUs, 272 complete and 0 interrupted iterations
steady   [  47% ] 012/050 VUs  2m21.9s/5m0s  2.00 iters/s

running (2m23.0s), 013/050 VUs, 273 complete and 0 interrupted iterations
steady   [  48% ] 013/050 VUs  2m22.9s/5m0s  2.00 iters/s

running (2m24.0s), 013/050 VUs, 275 complete and 0 interrupted iterations
steady   [  48% ] 013/050 VUs  2m23.9s/5m0s  2.00 iters/s

running (2m25.0s), 014/050 VUs, 276 complete and 0 interrupted iterations
steady   [  48% ] 014/050 VUs  2m24.9s/5m0s  2.00 iters/s

running (2m26.0s), 016/050 VUs, 276 complete and 0 interrupted iterations
steady   [  49% ] 016/050 VUs  2m25.9s/5m0s  2.00 iters/s

running (2m27.0s), 015/050 VUs, 279 complete and 0 interrupted iterations
steady   [  49% ] 015/050 VUs  2m26.9s/5m0s  2.00 iters/s

running (2m28.0s), 015/050 VUs, 281 complete and 0 interrupted iterations
steady   [  49% ] 015/050 VUs  2m27.9s/5m0s  2.00 iters/s

running (2m29.0s), 015/050 VUs, 283 complete and 0 interrupted iterations
steady   [  50% ] 015/050 VUs  2m28.9s/5m0s  2.00 iters/s

running (2m30.0s), 015/050 VUs, 285 complete and 0 interrupted iterations
steady   [  50% ] 015/050 VUs  2m29.9s/5m0s  2.00 iters/s

running (2m31.0s), 014/050 VUs, 288 complete and 0 interrupted iterations
steady   [  50% ] 014/050 VUs  2m30.9s/5m0s  2.00 iters/s

running (2m32.0s), 013/050 VUs, 291 complete and 0 interrupted iterations
steady   [  51% ] 013/050 VUs  2m31.9s/5m0s  2.00 iters/s

running (2m33.0s), 012/050 VUs, 294 complete and 0 interrupted iterations
steady   [  51% ] 012/050 VUs  2m32.9s/5m0s  2.00 iters/s

running (2m34.0s), 011/050 VUs, 297 complete and 0 interrupted iterations
steady   [  51% ] 011/050 VUs  2m33.9s/5m0s  2.00 iters/s

running (2m35.0s), 012/050 VUs, 298 complete and 0 interrupted iterations
steady   [  52% ] 012/050 VUs  2m34.9s/5m0s  2.00 iters/s

running (2m36.0s), 012/050 VUs, 300 complete and 0 interrupted iterations
steady   [  52% ] 012/050 VUs  2m35.9s/5m0s  2.00 iters/s

running (2m37.0s), 009/050 VUs, 305 complete and 0 interrupted iterations
steady   [  52% ] 009/050 VUs  2m36.9s/5m0s  2.00 iters/s

running (2m38.0s), 010/050 VUs, 306 complete and 0 interrupted iterations
steady   [  53% ] 010/050 VUs  2m37.9s/5m0s  2.00 iters/s

running (2m39.0s), 011/050 VUs, 307 complete and 0 interrupted iterations
steady   [  53% ] 011/050 VUs  2m38.9s/5m0s  2.00 iters/s

running (2m40.0s), 011/050 VUs, 309 complete and 0 interrupted iterations
steady   [  53% ] 011/050 VUs  2m39.9s/5m0s  2.00 iters/s

running (2m41.0s), 010/050 VUs, 312 complete and 0 interrupted iterations
steady   [  54% ] 010/050 VUs  2m40.9s/5m0s  2.00 iters/s

running (2m42.0s), 009/050 VUs, 315 complete and 0 interrupted iterations
steady   [  54% ] 009/050 VUs  2m41.9s/5m0s  2.00 iters/s

running (2m43.0s), 008/050 VUs, 318 complete and 0 interrupted iterations
steady   [  54% ] 008/050 VUs  2m42.9s/5m0s  2.00 iters/s

running (2m44.0s), 010/050 VUs, 318 complete and 0 interrupted iterations
steady   [  55% ] 010/050 VUs  2m43.9s/5m0s  2.00 iters/s

running (2m45.0s), 008/050 VUs, 322 complete and 0 interrupted iterations
steady   [  55% ] 008/050 VUs  2m44.9s/5m0s  2.00 iters/s

running (2m46.0s), 008/050 VUs, 324 complete and 0 interrupted iterations
steady   [  55% ] 008/050 VUs  2m45.9s/5m0s  2.00 iters/s

running (2m47.0s), 010/050 VUs, 324 complete and 0 interrupted iterations
steady   [  56% ] 010/050 VUs  2m46.9s/5m0s  2.00 iters/s

running (2m48.0s), 007/050 VUs, 329 complete and 0 interrupted iterations
steady   [  56% ] 007/050 VUs  2m47.9s/5m0s  2.00 iters/s

running (2m49.0s), 009/050 VUs, 329 complete and 0 interrupted iterations
steady   [  56% ] 009/050 VUs  2m48.9s/5m0s  2.00 iters/s

running (2m50.0s), 011/050 VUs, 329 complete and 0 interrupted iterations
steady   [  57% ] 011/050 VUs  2m49.9s/5m0s  2.00 iters/s

running (2m51.0s), 010/050 VUs, 332 complete and 0 interrupted iterations
steady   [  57% ] 010/050 VUs  2m50.9s/5m0s  2.00 iters/s

running (2m52.0s), 009/050 VUs, 335 complete and 0 interrupted iterations
steady   [  57% ] 009/050 VUs  2m51.9s/5m0s  2.00 iters/s

running (2m53.0s), 008/050 VUs, 338 complete and 0 interrupted iterations
steady   [  58% ] 008/050 VUs  2m52.9s/5m0s  2.00 iters/s

running (2m54.0s), 006/050 VUs, 342 complete and 0 interrupted iterations
steady   [  58% ] 006/050 VUs  2m53.9s/5m0s  2.00 iters/s

running (2m55.0s), 008/050 VUs, 342 complete and 0 interrupted iterations
steady   [  58% ] 008/050 VUs  2m54.9s/5m0s  2.00 iters/s

running (2m56.0s), 008/050 VUs, 344 complete and 0 interrupted iterations
steady   [  59% ] 008/050 VUs  2m55.9s/5m0s  2.00 iters/s

running (2m57.0s), 010/050 VUs, 344 complete and 0 interrupted iterations
steady   [  59% ] 010/050 VUs  2m56.9s/5m0s  2.00 iters/s

running (2m58.0s), 012/050 VUs, 344 complete and 0 interrupted iterations
steady   [  59% ] 012/050 VUs  2m57.9s/5m0s  2.00 iters/s

running (2m59.0s), 010/050 VUs, 348 complete and 0 interrupted iterations
steady   [  60% ] 010/050 VUs  2m58.9s/5m0s  2.00 iters/s

running (3m00.0s), 009/050 VUs, 351 complete and 0 interrupted iterations
steady   [  60% ] 009/050 VUs  2m59.9s/5m0s  2.00 iters/s

running (3m01.0s), 009/050 VUs, 353 complete and 0 interrupted iterations
steady   [  60% ] 009/050 VUs  3m00.9s/5m0s  2.00 iters/s

running (3m02.0s), 009/050 VUs, 355 complete and 0 interrupted iterations
steady   [  61% ] 009/050 VUs  3m01.9s/5m0s  2.00 iters/s

running (3m03.0s), 009/050 VUs, 357 complete and 0 interrupted iterations
steady   [  61% ] 009/050 VUs  3m02.9s/5m0s  2.00 iters/s

running (3m04.0s), 008/050 VUs, 360 complete and 0 interrupted iterations
steady   [  61% ] 008/050 VUs  3m03.9s/5m0s  2.00 iters/s

running (3m05.0s), 008/050 VUs, 362 complete and 0 interrupted iterations
steady   [  62% ] 008/050 VUs  3m04.9s/5m0s  2.00 iters/s

running (3m06.0s), 008/050 VUs, 364 complete and 0 interrupted iterations
steady   [  62% ] 008/050 VUs  3m05.9s/5m0s  2.00 iters/s

running (3m07.0s), 008/050 VUs, 366 complete and 0 interrupted iterations
steady   [  62% ] 008/050 VUs  3m06.9s/5m0s  2.00 iters/s

running (3m08.0s), 010/050 VUs, 366 complete and 0 interrupted iterations
steady   [  63% ] 010/050 VUs  3m07.9s/5m0s  2.00 iters/s

running (3m09.0s), 008/050 VUs, 370 complete and 0 interrupted iterations
steady   [  63% ] 008/050 VUs  3m08.9s/5m0s  2.00 iters/s

running (3m10.0s), 008/050 VUs, 372 complete and 0 interrupted iterations
steady   [  63% ] 008/050 VUs  3m09.9s/5m0s  2.00 iters/s

running (3m11.0s), 008/050 VUs, 374 complete and 0 interrupted iterations
steady   [  64% ] 008/050 VUs  3m10.9s/5m0s  2.00 iters/s

running (3m12.0s), 007/050 VUs, 377 complete and 0 interrupted iterations
steady   [  64% ] 007/050 VUs  3m11.9s/5m0s  2.00 iters/s

running (3m13.0s), 007/050 VUs, 379 complete and 0 interrupted iterations
steady   [  64% ] 007/050 VUs  3m12.9s/5m0s  2.00 iters/s

running (3m14.0s), 009/050 VUs, 379 complete and 0 interrupted iterations
steady   [  65% ] 009/050 VUs  3m13.9s/5m0s  2.00 iters/s

running (3m15.0s), 009/050 VUs, 381 complete and 0 interrupted iterations
steady   [  65% ] 009/050 VUs  3m14.9s/5m0s  2.00 iters/s

running (3m16.0s), 011/050 VUs, 381 complete and 0 interrupted iterations
steady   [  65% ] 011/050 VUs  3m15.9s/5m0s  2.00 iters/s

running (3m17.0s), 006/050 VUs, 388 complete and 0 interrupted iterations
steady   [  66% ] 006/050 VUs  3m16.9s/5m0s  2.00 iters/s

running (3m18.0s), 006/050 VUs, 390 complete and 0 interrupted iterations
steady   [  66% ] 006/050 VUs  3m17.9s/5m0s  2.00 iters/s

running (3m19.0s), 008/050 VUs, 390 complete and 0 interrupted iterations
steady   [  66% ] 008/050 VUs  3m18.9s/5m0s  2.00 iters/s

running (3m20.0s), 007/050 VUs, 393 complete and 0 interrupted iterations
steady   [  67% ] 007/050 VUs  3m19.9s/5m0s  2.00 iters/s

running (3m21.0s), 007/050 VUs, 395 complete and 0 interrupted iterations
steady   [  67% ] 007/050 VUs  3m20.9s/5m0s  2.00 iters/s

running (3m22.0s), 009/050 VUs, 395 complete and 0 interrupted iterations
steady   [  67% ] 009/050 VUs  3m21.9s/5m0s  2.00 iters/s

running (3m23.0s), 009/050 VUs, 397 complete and 0 interrupted iterations
steady   [  68% ] 009/050 VUs  3m22.9s/5m0s  2.00 iters/s

running (3m24.0s), 008/050 VUs, 400 complete and 0 interrupted iterations
steady   [  68% ] 008/050 VUs  3m23.9s/5m0s  2.00 iters/s

running (3m25.0s), 008/050 VUs, 402 complete and 0 interrupted iterations
steady   [  68% ] 008/050 VUs  3m24.9s/5m0s  2.00 iters/s

running (3m26.0s), 008/050 VUs, 404 complete and 0 interrupted iterations
steady   [  69% ] 008/050 VUs  3m25.9s/5m0s  2.00 iters/s

running (3m27.0s), 007/050 VUs, 407 complete and 0 interrupted iterations
steady   [  69% ] 007/050 VUs  3m26.9s/5m0s  2.00 iters/s

running (3m28.0s), 007/050 VUs, 409 complete and 0 interrupted iterations
steady   [  69% ] 007/050 VUs  3m27.9s/5m0s  2.00 iters/s

running (3m29.0s), 007/050 VUs, 411 complete and 0 interrupted iterations
steady   [  70% ] 007/050 VUs  3m28.9s/5m0s  2.00 iters/s

running (3m30.0s), 007/050 VUs, 413 complete and 0 interrupted iterations
steady   [  70% ] 007/050 VUs  3m29.9s/5m0s  2.00 iters/s

running (3m31.0s), 008/050 VUs, 414 complete and 0 interrupted iterations
steady   [  70% ] 008/050 VUs  3m30.9s/5m0s  2.00 iters/s

running (3m32.0s), 010/050 VUs, 414 complete and 0 interrupted iterations
steady   [  71% ] 010/050 VUs  3m31.9s/5m0s  2.00 iters/s

running (3m33.0s), 010/050 VUs, 416 complete and 0 interrupted iterations
steady   [  71% ] 010/050 VUs  3m32.9s/5m0s  2.00 iters/s

running (3m34.0s), 012/050 VUs, 416 complete and 0 interrupted iterations
steady   [  71% ] 012/050 VUs  3m33.9s/5m0s  2.00 iters/s

running (3m35.0s), 010/050 VUs, 420 complete and 0 interrupted iterations
steady   [  72% ] 010/050 VUs  3m34.9s/5m0s  2.00 iters/s

running (3m36.0s), 009/050 VUs, 423 complete and 0 interrupted iterations
steady   [  72% ] 009/050 VUs  3m35.9s/5m0s  2.00 iters/s

running (3m37.0s), 009/050 VUs, 425 complete and 0 interrupted iterations
steady   [  72% ] 009/050 VUs  3m36.9s/5m0s  2.00 iters/s

running (3m38.0s), 009/050 VUs, 427 complete and 0 interrupted iterations
steady   [  73% ] 009/050 VUs  3m37.9s/5m0s  2.00 iters/s

running (3m39.0s), 011/050 VUs, 427 complete and 0 interrupted iterations
steady   [  73% ] 011/050 VUs  3m38.9s/5m0s  2.00 iters/s

running (3m40.0s), 013/050 VUs, 427 complete and 0 interrupted iterations
steady   [  73% ] 013/050 VUs  3m39.9s/5m0s  2.00 iters/s

running (3m41.0s), 010/050 VUs, 432 complete and 0 interrupted iterations
steady   [  74% ] 010/050 VUs  3m40.9s/5m0s  2.00 iters/s

running (3m42.0s), 010/050 VUs, 434 complete and 0 interrupted iterations
steady   [  74% ] 010/050 VUs  3m41.9s/5m0s  2.00 iters/s

running (3m43.0s), 009/050 VUs, 437 complete and 0 interrupted iterations
steady   [  74% ] 009/050 VUs  3m42.9s/5m0s  2.00 iters/s

running (3m44.0s), 010/050 VUs, 438 complete and 0 interrupted iterations
steady   [  75% ] 010/050 VUs  3m43.9s/5m0s  2.00 iters/s

running (3m45.0s), 011/050 VUs, 439 complete and 0 interrupted iterations
steady   [  75% ] 011/050 VUs  3m44.9s/5m0s  2.00 iters/s

running (3m46.0s), 010/050 VUs, 442 complete and 0 interrupted iterations
steady   [  75% ] 010/050 VUs  3m45.9s/5m0s  2.00 iters/s

running (3m47.0s), 012/050 VUs, 442 complete and 0 interrupted iterations
steady   [  76% ] 012/050 VUs  3m46.9s/5m0s  2.00 iters/s

running (3m48.0s), 013/050 VUs, 443 complete and 0 interrupted iterations
steady   [  76% ] 013/050 VUs  3m47.9s/5m0s  2.00 iters/s

running (3m49.0s), 012/050 VUs, 446 complete and 0 interrupted iterations
steady   [  76% ] 012/050 VUs  3m48.9s/5m0s  2.00 iters/s

running (3m50.0s), 012/050 VUs, 448 complete and 0 interrupted iterations
steady   [  77% ] 012/050 VUs  3m49.9s/5m0s  2.00 iters/s

running (3m51.0s), 012/050 VUs, 450 complete and 0 interrupted iterations
steady   [  77% ] 012/050 VUs  3m50.9s/5m0s  2.00 iters/s

running (3m52.0s), 009/050 VUs, 455 complete and 0 interrupted iterations
steady   [  77% ] 009/050 VUs  3m51.9s/5m0s  2.00 iters/s

running (3m53.0s), 011/050 VUs, 455 complete and 0 interrupted iterations
steady   [  78% ] 011/050 VUs  3m52.9s/5m0s  2.00 iters/s

running (3m54.0s), 008/050 VUs, 460 complete and 0 interrupted iterations
steady   [  78% ] 008/050 VUs  3m53.9s/5m0s  2.00 iters/s

running (3m55.0s), 010/050 VUs, 460 complete and 0 interrupted iterations
steady   [  78% ] 010/050 VUs  3m54.9s/5m0s  2.00 iters/s

running (3m56.0s), 011/050 VUs, 461 complete and 0 interrupted iterations
steady   [  79% ] 011/050 VUs  3m55.9s/5m0s  2.00 iters/s

running (3m57.0s), 012/050 VUs, 462 complete and 0 interrupted iterations
steady   [  79% ] 012/050 VUs  3m56.9s/5m0s  2.00 iters/s

running (3m58.0s), 009/050 VUs, 467 complete and 0 interrupted iterations
steady   [  79% ] 009/050 VUs  3m57.9s/5m0s  2.00 iters/s

running (3m59.0s), 010/050 VUs, 468 complete and 0 interrupted iterations
steady   [  80% ] 010/050 VUs  3m58.9s/5m0s  2.00 iters/s

running (4m00.0s), 011/050 VUs, 469 complete and 0 interrupted iterations
steady   [  80% ] 011/050 VUs  3m59.9s/5m0s  2.00 iters/s

running (4m01.0s), 011/050 VUs, 471 complete and 0 interrupted iterations
steady   [  80% ] 011/050 VUs  4m00.9s/5m0s  2.00 iters/s

running (4m02.0s), 009/050 VUs, 475 complete and 0 interrupted iterations
steady   [  81% ] 009/050 VUs  4m01.9s/5m0s  2.00 iters/s

running (4m03.0s), 009/050 VUs, 477 complete and 0 interrupted iterations
steady   [  81% ] 009/050 VUs  4m02.9s/5m0s  2.00 iters/s

running (4m04.0s), 007/050 VUs, 481 complete and 0 interrupted iterations
steady   [  81% ] 007/050 VUs  4m03.9s/5m0s  2.00 iters/s

running (4m05.0s), 009/050 VUs, 481 complete and 0 interrupted iterations
steady   [  82% ] 009/050 VUs  4m04.9s/5m0s  2.00 iters/s

running (4m06.0s), 010/050 VUs, 482 complete and 0 interrupted iterations
steady   [  82% ] 010/050 VUs  4m05.9s/5m0s  2.00 iters/s

running (4m07.0s), 010/050 VUs, 484 complete and 0 interrupted iterations
steady   [  82% ] 010/050 VUs  4m06.9s/5m0s  2.00 iters/s

running (4m08.0s), 010/050 VUs, 486 complete and 0 interrupted iterations
steady   [  83% ] 010/050 VUs  4m07.9s/5m0s  2.00 iters/s

running (4m09.0s), 009/050 VUs, 489 complete and 0 interrupted iterations
steady   [  83% ] 009/050 VUs  4m08.9s/5m0s  2.00 iters/s

running (4m10.0s), 009/050 VUs, 491 complete and 0 interrupted iterations
steady   [  83% ] 009/050 VUs  4m09.9s/5m0s  2.00 iters/s

running (4m11.0s), 009/050 VUs, 493 complete and 0 interrupted iterations
steady   [  84% ] 009/050 VUs  4m10.9s/5m0s  2.00 iters/s

running (4m12.0s), 006/050 VUs, 498 complete and 0 interrupted iterations
steady   [  84% ] 006/050 VUs  4m11.9s/5m0s  2.00 iters/s

running (4m13.0s), 007/050 VUs, 499 complete and 0 interrupted iterations
steady   [  84% ] 007/050 VUs  4m12.9s/5m0s  2.00 iters/s

running (4m14.0s), 007/050 VUs, 501 complete and 0 interrupted iterations
steady   [  85% ] 007/050 VUs  4m13.9s/5m0s  2.00 iters/s

running (4m15.0s), 008/050 VUs, 502 complete and 0 interrupted iterations
steady   [  85% ] 008/050 VUs  4m14.9s/5m0s  2.00 iters/s

running (4m16.0s), 008/050 VUs, 504 complete and 0 interrupted iterations
steady   [  85% ] 008/050 VUs  4m15.9s/5m0s  2.00 iters/s

running (4m17.0s), 008/050 VUs, 506 complete and 0 interrupted iterations
steady   [  86% ] 008/050 VUs  4m16.9s/5m0s  2.00 iters/s

running (4m18.0s), 007/050 VUs, 509 complete and 0 interrupted iterations
steady   [  86% ] 007/050 VUs  4m17.9s/5m0s  2.00 iters/s

running (4m19.0s), 006/050 VUs, 512 complete and 0 interrupted iterations
steady   [  86% ] 006/050 VUs  4m18.9s/5m0s  2.00 iters/s

running (4m20.0s), 006/050 VUs, 514 complete and 0 interrupted iterations
steady   [  87% ] 006/050 VUs  4m19.9s/5m0s  2.00 iters/s

running (4m21.0s), 004/050 VUs, 518 complete and 0 interrupted iterations
steady   [  87% ] 004/050 VUs  4m20.9s/5m0s  2.00 iters/s

running (4m22.0s), 006/050 VUs, 518 complete and 0 interrupted iterations
steady   [  87% ] 006/050 VUs  4m21.9s/5m0s  2.00 iters/s

running (4m23.0s), 007/050 VUs, 519 complete and 0 interrupted iterations
steady   [  88% ] 007/050 VUs  4m22.9s/5m0s  2.00 iters/s

running (4m24.0s), 007/050 VUs, 521 complete and 0 interrupted iterations
steady   [  88% ] 007/050 VUs  4m23.9s/5m0s  2.00 iters/s

running (4m25.0s), 007/050 VUs, 523 complete and 0 interrupted iterations
steady   [  88% ] 007/050 VUs  4m24.9s/5m0s  2.00 iters/s

running (4m26.0s), 006/050 VUs, 526 complete and 0 interrupted iterations
steady   [  89% ] 006/050 VUs  4m25.9s/5m0s  2.00 iters/s

running (4m27.0s), 005/050 VUs, 529 complete and 0 interrupted iterations
steady   [  89% ] 005/050 VUs  4m26.9s/5m0s  2.00 iters/s

running (4m28.0s), 005/050 VUs, 531 complete and 0 interrupted iterations
steady   [  89% ] 005/050 VUs  4m27.9s/5m0s  2.00 iters/s

running (4m29.0s), 005/050 VUs, 533 complete and 0 interrupted iterations
steady   [  90% ] 005/050 VUs  4m28.9s/5m0s  2.00 iters/s

running (4m30.0s), 004/050 VUs, 536 complete and 0 interrupted iterations
steady   [  90% ] 004/050 VUs  4m29.9s/5m0s  2.00 iters/s

running (4m31.0s), 006/050 VUs, 536 complete and 0 interrupted iterations
steady   [  90% ] 006/050 VUs  4m30.9s/5m0s  2.00 iters/s

running (4m32.0s), 006/050 VUs, 538 complete and 0 interrupted iterations
steady   [  91% ] 006/050 VUs  4m31.9s/5m0s  2.00 iters/s

running (4m33.0s), 004/050 VUs, 542 complete and 0 interrupted iterations
steady   [  91% ] 004/050 VUs  4m32.9s/5m0s  2.00 iters/s

running (4m34.0s), 005/050 VUs, 543 complete and 0 interrupted iterations
steady   [  91% ] 005/050 VUs  4m33.9s/5m0s  2.00 iters/s

running (4m35.0s), 005/050 VUs, 545 complete and 0 interrupted iterations
steady   [  92% ] 005/050 VUs  4m34.9s/5m0s  2.00 iters/s

running (4m36.0s), 005/050 VUs, 547 complete and 0 interrupted iterations
steady   [  92% ] 005/050 VUs  4m35.9s/5m0s  2.00 iters/s

running (4m37.0s), 004/050 VUs, 550 complete and 0 interrupted iterations
steady   [  92% ] 004/050 VUs  4m36.9s/5m0s  2.00 iters/s

running (4m38.0s), 004/050 VUs, 552 complete and 0 interrupted iterations
steady   [  93% ] 004/050 VUs  4m37.9s/5m0s  2.00 iters/s

running (4m39.0s), 005/050 VUs, 553 complete and 0 interrupted iterations
steady   [  93% ] 005/050 VUs  4m38.9s/5m0s  2.00 iters/s

running (4m40.0s), 005/050 VUs, 555 complete and 0 interrupted iterations
steady   [  93% ] 005/050 VUs  4m39.9s/5m0s  2.00 iters/s

running (4m41.0s), 005/050 VUs, 557 complete and 0 interrupted iterations
steady   [  94% ] 005/050 VUs  4m40.9s/5m0s  2.00 iters/s

running (4m42.0s), 005/050 VUs, 559 complete and 0 interrupted iterations
steady   [  94% ] 005/050 VUs  4m41.9s/5m0s  2.00 iters/s

running (4m43.0s), 007/050 VUs, 559 complete and 0 interrupted iterations
steady   [  94% ] 007/050 VUs  4m42.9s/5m0s  2.00 iters/s

running (4m44.0s), 005/050 VUs, 563 complete and 0 interrupted iterations
steady   [  95% ] 005/050 VUs  4m43.9s/5m0s  2.00 iters/s

running (4m45.0s), 007/050 VUs, 563 complete and 0 interrupted iterations
steady   [  95% ] 007/050 VUs  4m44.9s/5m0s  2.00 iters/s

running (4m46.0s), 008/050 VUs, 564 complete and 0 interrupted iterations
steady   [  95% ] 008/050 VUs  4m45.9s/5m0s  2.00 iters/s

running (4m47.0s), 007/050 VUs, 567 complete and 0 interrupted iterations
steady   [  96% ] 007/050 VUs  4m46.9s/5m0s  2.00 iters/s

running (4m48.0s), 008/050 VUs, 568 complete and 0 interrupted iterations
steady   [  96% ] 008/050 VUs  4m47.9s/5m0s  2.00 iters/s

running (4m49.0s), 010/050 VUs, 568 complete and 0 interrupted iterations
steady   [  96% ] 010/050 VUs  4m48.9s/5m0s  2.00 iters/s

running (4m50.0s), 012/050 VUs, 568 complete and 0 interrupted iterations
steady   [  97% ] 012/050 VUs  4m49.9s/5m0s  2.00 iters/s

running (4m51.0s), 009/050 VUs, 573 complete and 0 interrupted iterations
steady   [  97% ] 009/050 VUs  4m50.9s/5m0s  2.00 iters/s

running (4m52.0s), 011/050 VUs, 573 complete and 0 interrupted iterations
steady   [  97% ] 011/050 VUs  4m51.9s/5m0s  2.00 iters/s

running (4m53.0s), 011/050 VUs, 575 complete and 0 interrupted iterations
steady   [  98% ] 011/050 VUs  4m52.9s/5m0s  2.00 iters/s

running (4m54.0s), 010/050 VUs, 578 complete and 0 interrupted iterations
steady   [  98% ] 010/050 VUs  4m53.9s/5m0s  2.00 iters/s

running (4m55.0s), 010/050 VUs, 580 complete and 0 interrupted iterations
steady   [  98% ] 010/050 VUs  4m54.9s/5m0s  2.00 iters/s

running (4m56.0s), 010/050 VUs, 582 complete and 0 interrupted iterations
steady   [  99% ] 010/050 VUs  4m55.9s/5m0s  2.00 iters/s

running (4m57.0s), 009/050 VUs, 585 complete and 0 interrupted iterations
steady   [  99% ] 009/050 VUs  4m56.9s/5m0s  2.00 iters/s

running (4m58.0s), 010/050 VUs, 586 complete and 0 interrupted iterations
steady   [  99% ] 010/050 VUs  4m57.9s/5m0s  2.00 iters/s

running (4m59.0s), 012/050 VUs, 586 complete and 0 interrupted iterations
steady   [ 100% ] 012/050 VUs  4m58.9s/5m0s  2.00 iters/s

running (5m00.0s), 012/050 VUs, 588 complete and 0 interrupted iterations
steady   [ 100% ] 012/050 VUs  4m59.9s/5m0s  2.00 iters/s

running (5m01.0s), 011/050 VUs, 590 complete and 0 interrupted iterations
steady ↓ [ 100% ] 011/050 VUs  5m0s  2.00 iters/s

running (5m02.0s), 008/050 VUs, 593 complete and 0 interrupted iterations
steady ↓ [ 100% ] 011/050 VUs  5m0s  2.00 iters/s

running (5m03.0s), 006/050 VUs, 595 complete and 0 interrupted iterations
steady ↓ [ 100% ] 011/050 VUs  5m0s  2.00 iters/s

running (5m04.0s), 006/050 VUs, 595 complete and 0 interrupted iterations
steady ↓ [ 100% ] 011/050 VUs  5m0s  2.00 iters/s

running (5m05.0s), 006/050 VUs, 595 complete and 0 interrupted iterations
steady ↓ [ 100% ] 011/050 VUs  5m0s  2.00 iters/s

running (5m06.0s), 006/050 VUs, 595 complete and 0 interrupted iterations
steady ↓ [ 100% ] 011/050 VUs  5m0s  2.00 iters/s

running (5m07.0s), 006/050 VUs, 595 complete and 0 interrupted iterations
steady ↓ [ 100% ] 011/050 VUs  5m0s  2.00 iters/s

running (5m08.0s), 006/050 VUs, 595 complete and 0 interrupted iterations
steady ↓ [ 100% ] 011/050 VUs  5m0s  2.00 iters/s

running (5m09.0s), 006/050 VUs, 595 complete and 0 interrupted iterations
steady ↓ [ 100% ] 011/050 VUs  5m0s  2.00 iters/s

running (5m10.0s), 006/050 VUs, 595 complete and 0 interrupted iterations
steady ↓ [ 100% ] 011/050 VUs  5m0s  2.00 iters/s

running (5m11.0s), 006/050 VUs, 595 complete and 0 interrupted iterations
steady ↓ [ 100% ] 011/050 VUs  5m0s  2.00 iters/s

running (5m12.0s), 005/050 VUs, 596 complete and 0 interrupted iterations
steady ↓ [ 100% ] 011/050 VUs  5m0s  2.00 iters/s

running (5m13.0s), 005/050 VUs, 596 complete and 0 interrupted iterations
steady ↓ [ 100% ] 011/050 VUs  5m0s  2.00 iters/s

running (5m14.0s), 005/050 VUs, 596 complete and 0 interrupted iterations
steady ↓ [ 100% ] 011/050 VUs  5m0s  2.00 iters/s

running (5m15.0s), 003/050 VUs, 598 complete and 0 interrupted iterations
steady ↓ [ 100% ] 011/050 VUs  5m0s  2.00 iters/s

running (5m16.0s), 002/050 VUs, 599 complete and 0 interrupted iterations
steady ↓ [ 100% ] 011/050 VUs  5m0s  2.00 iters/s

running (5m17.0s), 002/050 VUs, 599 complete and 0 interrupted iterations
steady ↓ [ 100% ] 011/050 VUs  5m0s  2.00 iters/s

running (5m18.0s), 002/050 VUs, 599 complete and 0 interrupted iterations
steady ↓ [ 100% ] 011/050 VUs  5m0s  2.00 iters/s

running (5m19.0s), 002/050 VUs, 599 complete and 0 interrupted iterations
steady ↓ [ 100% ] 011/050 VUs  5m0s  2.00 iters/s

running (5m20.0s), 001/050 VUs, 600 complete and 0 interrupted iterations
steady ↓ [ 100% ] 011/050 VUs  5m0s  2.00 iters/s

running (5m21.0s), 001/050 VUs, 600 complete and 0 interrupted iterations
steady ↓ [ 100% ] 011/050 VUs  5m0s  2.00 iters/s

running (5m22.0s), 001/050 VUs, 600 complete and 0 interrupted iterations
steady ↓ [ 100% ] 011/050 VUs  5m0s  2.00 iters/s

running (5m23.0s), 001/050 VUs, 600 complete and 0 interrupted iterations
steady ↓ [ 100% ] 011/050 VUs  5m0s  2.00 iters/s

running (5m24.0s), 001/050 VUs, 600 complete and 0 interrupted iterations
steady ↓ [ 100% ] 011/050 VUs  5m0s  2.00 iters/s

running (5m25.0s), 001/050 VUs, 600 complete and 0 interrupted iterations
steady ↓ [ 100% ] 011/050 VUs  5m0s  2.00 iters/s

================ DSP benchmark summary ================
-- per-phase latency --
  catalog                    p50=66.5 ms  p95=76.5 ms  p99=80.5 ms  max=258.3 ms  n=601
  negotiation init (POST)    p50=6.9 ms  p95=20.4 ms  p99=43.7 ms  max=174.2 ms  n=600
  time-to-AGREED (async)     p50=1780.0 ms  p95=2336.5 ms  p99=2543.9 ms  max=2824.0 ms  n=572
  transfer init (POST)       p50=8.0 ms  p95=15.4 ms  p99=54.1 ms  max=135.8 ms  n=572
  time-to-EDR (async)        p50=513.0 ms  p95=1274.0 ms  p99=1525.0 ms  max=1553.0 ms  n=561
  data pull                  p50=5.7 ms  p95=6.8 ms  p99=7.7 ms  max=19.4 ms  n=561
-- end-to-end + throughput --
  e2e transaction            p50=2631.0 ms  p95=3438.0 ms  p99=3902.8 ms  max=4144.0 ms  n=561
  data throughput (MB/s)     p50=0.0  p95=0.1  p99=0.1  max=0.1  n=561
-- outcomes --
  transactions succeeded     count=561  rate=1.724/s
  transactions failed        count=40  rate=0.123/s
  failed rate                rate=6.66%  (pass=40 fail=561)
    of which TERMINATED      count=2  rate=0.006/s
    of which TIMED OUT       count=37  rate=0.114/s
    of which HTTP-FAILED     count=1  rate=0.003/s
  failure accounting       40/40 classified  (complete)
-- observer effect (poll load) --
  negotiation polls          count=7847  rate=24.116/s
  edr polls                  count=3411  rate=10.483/s
  polls per transaction     negotiation=13.1  edr=5.7  (timeout ceiling=120)
=======================================================
(full summary -> /home/rohitj/edc/benchmarking-dsp-native-basyx/k6-scripts/results/basyx/on/steady/2026-08-03T09-37-54Z/k6-summary.json; POLL_INTERVAL_MS=250; IDENTITY_MODE=on)

running (5m25.4s), 000/050 VUs, 601 complete and 0 interrupted iterations
steady ✓ [ 100% ] 000/050 VUs  5m0s  2.00 iters/s
time="2026-08-03T09:44:44Z" level=error msg="thresholds on metrics 'dsp_transaction_failed_rate' have been crossed"
Prometheus snapshot [1785749958..1785750299] svc=(dsp-native-basyx|consumer-controlplane) win=1m -> /home/rohitj/edc/benchmarking-dsp-native-basyx/k6-scripts/results/basyx/on/steady/2026-08-03T09-37-54Z
  jvm-heap.csv (138 rows)
  jvm-gc-rate.csv (138 rows)
  jvm-threads.csv (138 rows)
  http-throughput.csv (138 rows)
  http-p95.csv (138 rows)
  http-errors.csv (138 rows)
  http-errors-5xx.csv (69 rows)
  http-status.csv (552 rows)
  host-cpu-busy.csv (69 rows)
  host-mem-used.csv (69 rows)
  5xx: 5xx PRESENT (69 samples) — connector-side faults, see http-errors-5xx.csv
  logs -> /home/rohitj/edc/benchmarking-dsp-native-basyx/k6-scripts/results/basyx/on/steady/2026-08-03T09-37-54Z/logs (2 files)
    consumer-controlplane.log:299
    dsp-native-basyx.log:119
Settling 60s (this run stressed the connector; the next one must not inherit its backlog)
VALIDITY  ok=561  failed=40  failed_rate=6%  dropped_iterations=0  <-- >5% FAILURES: past the knee, not a valid operating point
>>> done: /home/rohitj/edc/benchmarking-dsp-native-basyx/k6-scripts/results/basyx/on/steady/2026-08-03T09-37-54Z  (k6 exit 99)
  (steady rep 2 exited non-zero)
