----- basyx / saturation-open (rep 1) -----
>>> basyx / saturation-open  ->  /home/rohitj/edc/benchmarking-dsp-native-basyx/k6-scripts/results/basyx/off/saturation-open/2026-08-03T16-59-26Z
parity OK: lib/ + scenarios/ + orchestration/ + tools/ identical to /home/rohitj/edc/benchmarking-dsp-native-basyx/k6-scripts
Health: http://localhost:8090/dsp http://localhost:8888/health + prometheus  OK
Warmup 60s @ 2/s (discarded)
k6 -> Prometheus remote-write: http://localhost:9090/api/v1/write

         /\      Grafana   /‾‾/  
    /\  /  \     |\  __   /  /   
   /  \/    \    | |/ /  /   ‾‾\ 
  /          \   |   (  |  (‾)  |
 / __________ \  |_|\_\  \_____/ 


     execution: local
        script: /home/rohitj/edc/benchmarking-dsp-native-basyx/k6-scripts/basyx-off/saturation-open.js
        output: Prometheus remote write (http://localhost:9090/api/v1/write)

     scenarios: (100.00%) 1 scenario, 800 max VUs, 11m0s max duration (incl. graceful stop):
              * saturation: Up to 12.00 iterations/s for 10m30s over 7 stages (maxVUs: 100-800, gracefulStop: 30s)


running (00m01.0s), 000/100 VUs, 0 complete and 0 interrupted iterations
saturation   [   0% ] 000/100 VUs  00m00.8s/10m30s  01.00 iters/s

running (00m02.0s), 001/100 VUs, 0 complete and 0 interrupted iterations
saturation   [   0% ] 001/100 VUs  00m01.8s/10m30s  01.00 iters/s

running (00m03.0s), 001/100 VUs, 1 complete and 0 interrupted iterations
saturation   [   0% ] 001/100 VUs  00m02.8s/10m30s  01.00 iters/s

running (00m04.0s), 001/100 VUs, 2 complete and 0 interrupted iterations
saturation   [   1% ] 001/100 VUs  00m03.8s/10m30s  01.00 iters/s

running (00m05.0s), 001/100 VUs, 3 complete and 0 interrupted iterations
saturation   [   1% ] 001/100 VUs  00m04.8s/10m30s  01.00 iters/s

running (00m06.0s), 001/100 VUs, 4 complete and 0 interrupted iterations
saturation   [   1% ] 001/100 VUs  00m05.8s/10m30s  01.00 iters/s

running (00m07.0s), 001/100 VUs, 5 complete and 0 interrupted iterations
saturation   [   1% ] 001/100 VUs  00m06.8s/10m30s  01.00 iters/s

running (00m08.0s), 001/100 VUs, 6 complete and 0 interrupted iterations
saturation   [   1% ] 001/100 VUs  00m07.8s/10m30s  01.00 iters/s

running (00m09.0s), 001/100 VUs, 7 complete and 0 interrupted iterations
saturation   [   1% ] 001/100 VUs  00m08.8s/10m30s  01.00 iters/s

running (00m10.0s), 001/100 VUs, 8 complete and 0 interrupted iterations
saturation   [   2% ] 001/100 VUs  00m09.8s/10m30s  01.00 iters/s

running (00m11.0s), 001/100 VUs, 9 complete and 0 interrupted iterations
saturation   [   2% ] 001/100 VUs  00m10.8s/10m30s  01.00 iters/s

running (00m12.0s), 001/100 VUs, 10 complete and 0 interrupted iterations
saturation   [   2% ] 001/100 VUs  00m11.8s/10m30s  01.00 iters/s

running (00m13.0s), 001/100 VUs, 11 complete and 0 interrupted iterations
saturation   [   2% ] 001/100 VUs  00m12.8s/10m30s  01.00 iters/s

running (00m14.0s), 001/100 VUs, 12 complete and 0 interrupted iterations
saturation   [   2% ] 001/100 VUs  00m13.8s/10m30s  01.00 iters/s

running (00m15.0s), 001/100 VUs, 13 complete and 0 interrupted iterations
saturation   [   2% ] 001/100 VUs  00m14.8s/10m30s  01.00 iters/s

running (00m16.0s), 001/100 VUs, 14 complete and 0 interrupted iterations
saturation   [   3% ] 001/100 VUs  00m15.8s/10m30s  01.00 iters/s

running (00m17.0s), 001/100 VUs, 15 complete and 0 interrupted iterations
saturation   [   3% ] 001/100 VUs  00m16.8s/10m30s  01.00 iters/s

running (00m18.0s), 001/100 VUs, 16 complete and 0 interrupted iterations
saturation   [   3% ] 001/100 VUs  00m17.8s/10m30s  01.00 iters/s

running (00m19.0s), 001/100 VUs, 17 complete and 0 interrupted iterations
saturation   [   3% ] 001/100 VUs  00m18.8s/10m30s  01.00 iters/s

running (00m20.0s), 001/100 VUs, 18 complete and 0 interrupted iterations
saturation   [   3% ] 001/100 VUs  00m19.8s/10m30s  01.00 iters/s

running (00m21.0s), 001/100 VUs, 19 complete and 0 interrupted iterations
saturation   [   3% ] 001/100 VUs  00m20.8s/10m30s  01.00 iters/s

running (00m22.0s), 001/100 VUs, 20 complete and 0 interrupted iterations
saturation   [   3% ] 001/100 VUs  00m21.8s/10m30s  01.00 iters/s

running (00m23.0s), 001/100 VUs, 21 complete and 0 interrupted iterations
saturation   [   4% ] 001/100 VUs  00m22.8s/10m30s  01.00 iters/s

running (00m24.0s), 001/100 VUs, 22 complete and 0 interrupted iterations
saturation   [   4% ] 001/100 VUs  00m23.8s/10m30s  01.00 iters/s

running (00m25.0s), 001/100 VUs, 23 complete and 0 interrupted iterations
saturation   [   4% ] 001/100 VUs  00m24.8s/10m30s  01.00 iters/s

running (00m26.0s), 001/100 VUs, 24 complete and 0 interrupted iterations
saturation   [   4% ] 001/100 VUs  00m25.8s/10m30s  01.00 iters/s

running (00m27.0s), 001/100 VUs, 25 complete and 0 interrupted iterations
saturation   [   4% ] 001/100 VUs  00m26.8s/10m30s  01.00 iters/s

running (00m28.0s), 001/100 VUs, 26 complete and 0 interrupted iterations
saturation   [   4% ] 001/100 VUs  00m27.8s/10m30s  01.00 iters/s

running (00m29.0s), 001/100 VUs, 27 complete and 0 interrupted iterations
saturation   [   5% ] 001/100 VUs  00m28.8s/10m30s  01.00 iters/s

running (00m30.0s), 001/100 VUs, 28 complete and 0 interrupted iterations
saturation   [   5% ] 001/100 VUs  00m29.8s/10m30s  01.00 iters/s

running (00m31.0s), 001/100 VUs, 29 complete and 0 interrupted iterations
saturation   [   5% ] 001/100 VUs  00m30.8s/10m30s  01.00 iters/s

running (00m32.0s), 001/100 VUs, 30 complete and 0 interrupted iterations
saturation   [   5% ] 001/100 VUs  00m31.8s/10m30s  01.00 iters/s

running (00m33.0s), 001/100 VUs, 31 complete and 0 interrupted iterations
saturation   [   5% ] 001/100 VUs  00m32.8s/10m30s  01.00 iters/s

running (00m34.0s), 001/100 VUs, 32 complete and 0 interrupted iterations
saturation   [   5% ] 001/100 VUs  00m33.8s/10m30s  01.00 iters/s

running (00m35.0s), 001/100 VUs, 33 complete and 0 interrupted iterations
saturation   [   6% ] 001/100 VUs  00m34.8s/10m30s  01.00 iters/s

running (00m36.0s), 001/100 VUs, 34 complete and 0 interrupted iterations
saturation   [   6% ] 001/100 VUs  00m35.8s/10m30s  01.00 iters/s

running (00m37.0s), 001/100 VUs, 35 complete and 0 interrupted iterations
saturation   [   6% ] 001/100 VUs  00m36.8s/10m30s  01.00 iters/s

running (00m38.0s), 001/100 VUs, 36 complete and 0 interrupted iterations
saturation   [   6% ] 001/100 VUs  00m37.8s/10m30s  01.00 iters/s

running (00m39.0s), 001/100 VUs, 37 complete and 0 interrupted iterations
saturation   [   6% ] 001/100 VUs  00m38.8s/10m30s  01.00 iters/s

running (00m40.0s), 001/100 VUs, 38 complete and 0 interrupted iterations
saturation   [   6% ] 001/100 VUs  00m39.8s/10m30s  01.00 iters/s

running (00m41.0s), 001/100 VUs, 39 complete and 0 interrupted iterations
saturation   [   6% ] 001/100 VUs  00m40.8s/10m30s  01.00 iters/s

running (00m42.0s), 001/100 VUs, 40 complete and 0 interrupted iterations
saturation   [   7% ] 001/100 VUs  00m41.8s/10m30s  01.00 iters/s

running (00m43.0s), 001/100 VUs, 41 complete and 0 interrupted iterations
saturation   [   7% ] 001/100 VUs  00m42.8s/10m30s  01.00 iters/s

running (00m44.0s), 001/100 VUs, 42 complete and 0 interrupted iterations
saturation   [   7% ] 001/100 VUs  00m43.8s/10m30s  01.00 iters/s

running (00m45.0s), 001/100 VUs, 43 complete and 0 interrupted iterations
saturation   [   7% ] 001/100 VUs  00m44.8s/10m30s  01.00 iters/s

running (00m46.0s), 001/100 VUs, 44 complete and 0 interrupted iterations
saturation   [   7% ] 001/100 VUs  00m45.8s/10m30s  01.00 iters/s

running (00m47.0s), 001/100 VUs, 45 complete and 0 interrupted iterations
saturation   [   7% ] 001/100 VUs  00m46.8s/10m30s  01.00 iters/s

running (00m48.0s), 001/100 VUs, 46 complete and 0 interrupted iterations
saturation   [   8% ] 001/100 VUs  00m47.8s/10m30s  01.00 iters/s

running (00m49.0s), 001/100 VUs, 47 complete and 0 interrupted iterations
saturation   [   8% ] 001/100 VUs  00m48.8s/10m30s  01.00 iters/s

running (00m50.0s), 001/100 VUs, 48 complete and 0 interrupted iterations
saturation   [   8% ] 001/100 VUs  00m49.8s/10m30s  01.00 iters/s

running (00m51.0s), 001/100 VUs, 49 complete and 0 interrupted iterations
saturation   [   8% ] 001/100 VUs  00m50.8s/10m30s  01.00 iters/s

running (00m52.0s), 001/100 VUs, 50 complete and 0 interrupted iterations
saturation   [   8% ] 001/100 VUs  00m51.8s/10m30s  01.00 iters/s

running (00m53.0s), 001/100 VUs, 51 complete and 0 interrupted iterations
saturation   [   8% ] 001/100 VUs  00m52.8s/10m30s  01.00 iters/s

running (00m54.0s), 001/100 VUs, 52 complete and 0 interrupted iterations
saturation   [   9% ] 001/100 VUs  00m53.8s/10m30s  01.00 iters/s

running (00m55.0s), 001/100 VUs, 53 complete and 0 interrupted iterations
saturation   [   9% ] 001/100 VUs  00m54.8s/10m30s  01.00 iters/s

running (00m56.0s), 001/100 VUs, 54 complete and 0 interrupted iterations
saturation   [   9% ] 001/100 VUs  00m55.8s/10m30s  01.00 iters/s

running (00m57.0s), 001/100 VUs, 55 complete and 0 interrupted iterations
saturation   [   9% ] 001/100 VUs  00m56.8s/10m30s  01.00 iters/s

running (00m58.0s), 001/100 VUs, 56 complete and 0 interrupted iterations
saturation   [   9% ] 001/100 VUs  00m57.8s/10m30s  01.00 iters/s

running (00m59.0s), 001/100 VUs, 57 complete and 0 interrupted iterations
saturation   [   9% ] 001/100 VUs  00m58.8s/10m30s  01.00 iters/s

running (01m00.0s), 001/100 VUs, 58 complete and 0 interrupted iterations
saturation   [   9% ] 001/100 VUs  00m59.8s/10m30s  01.00 iters/s

running (01m01.0s), 001/100 VUs, 59 complete and 0 interrupted iterations
saturation   [  10% ] 001/100 VUs  01m00.8s/10m30s  01.00 iters/s

running (01m02.0s), 001/100 VUs, 60 complete and 0 interrupted iterations
saturation   [  10% ] 001/100 VUs  01m01.8s/10m30s  01.00 iters/s

running (01m03.0s), 001/100 VUs, 61 complete and 0 interrupted iterations
saturation   [  10% ] 001/100 VUs  01m02.8s/10m30s  01.00 iters/s

running (01m04.0s), 001/100 VUs, 62 complete and 0 interrupted iterations
saturation   [  10% ] 001/100 VUs  01m03.8s/10m30s  01.00 iters/s

running (01m05.0s), 001/100 VUs, 63 complete and 0 interrupted iterations
saturation   [  10% ] 001/100 VUs  01m04.8s/10m30s  01.00 iters/s

running (01m06.0s), 001/100 VUs, 64 complete and 0 interrupted iterations
saturation   [  10% ] 001/100 VUs  01m05.8s/10m30s  01.00 iters/s

running (01m07.0s), 001/100 VUs, 65 complete and 0 interrupted iterations
saturation   [  11% ] 001/100 VUs  01m06.8s/10m30s  01.00 iters/s

running (01m08.0s), 001/100 VUs, 66 complete and 0 interrupted iterations
saturation   [  11% ] 001/100 VUs  01m07.8s/10m30s  01.00 iters/s

running (01m09.0s), 001/100 VUs, 67 complete and 0 interrupted iterations
saturation   [  11% ] 001/100 VUs  01m08.8s/10m30s  01.00 iters/s

running (01m10.0s), 001/100 VUs, 68 complete and 0 interrupted iterations
saturation   [  11% ] 001/100 VUs  01m09.8s/10m30s  01.00 iters/s

running (01m11.0s), 001/100 VUs, 69 complete and 0 interrupted iterations
saturation   [  11% ] 001/100 VUs  01m10.8s/10m30s  01.00 iters/s

running (01m12.0s), 001/100 VUs, 70 complete and 0 interrupted iterations
saturation   [  11% ] 001/100 VUs  01m11.8s/10m30s  01.00 iters/s

running (01m13.0s), 001/100 VUs, 71 complete and 0 interrupted iterations
saturation   [  12% ] 001/100 VUs  01m12.8s/10m30s  01.00 iters/s

running (01m14.0s), 001/100 VUs, 72 complete and 0 interrupted iterations
saturation   [  12% ] 001/100 VUs  01m13.8s/10m30s  01.00 iters/s

running (01m15.0s), 001/100 VUs, 73 complete and 0 interrupted iterations
saturation   [  12% ] 001/100 VUs  01m14.8s/10m30s  01.00 iters/s

running (01m16.0s), 001/100 VUs, 74 complete and 0 interrupted iterations
saturation   [  12% ] 001/100 VUs  01m15.8s/10m30s  01.00 iters/s

running (01m17.0s), 001/100 VUs, 75 complete and 0 interrupted iterations
saturation   [  12% ] 001/100 VUs  01m16.8s/10m30s  01.00 iters/s

running (01m18.0s), 001/100 VUs, 76 complete and 0 interrupted iterations
saturation   [  12% ] 001/100 VUs  01m17.8s/10m30s  01.00 iters/s

running (01m19.0s), 001/100 VUs, 77 complete and 0 interrupted iterations
saturation   [  13% ] 001/100 VUs  01m18.8s/10m30s  01.00 iters/s

running (01m20.0s), 001/100 VUs, 78 complete and 0 interrupted iterations
saturation   [  13% ] 001/100 VUs  01m19.8s/10m30s  01.00 iters/s

running (01m21.0s), 001/100 VUs, 79 complete and 0 interrupted iterations
saturation   [  13% ] 001/100 VUs  01m20.8s/10m30s  01.00 iters/s

running (01m22.0s), 001/100 VUs, 80 complete and 0 interrupted iterations
saturation   [  13% ] 001/100 VUs  01m21.8s/10m30s  01.00 iters/s

running (01m23.0s), 001/100 VUs, 81 complete and 0 interrupted iterations
saturation   [  13% ] 001/100 VUs  01m22.8s/10m30s  01.00 iters/s

running (01m24.0s), 001/100 VUs, 82 complete and 0 interrupted iterations
saturation   [  13% ] 001/100 VUs  01m23.8s/10m30s  01.00 iters/s

running (01m25.0s), 001/100 VUs, 83 complete and 0 interrupted iterations
saturation   [  13% ] 001/100 VUs  01m24.8s/10m30s  01.00 iters/s

running (01m26.0s), 001/100 VUs, 84 complete and 0 interrupted iterations
saturation   [  14% ] 001/100 VUs  01m25.8s/10m30s  01.00 iters/s

running (01m27.0s), 001/100 VUs, 85 complete and 0 interrupted iterations
saturation   [  14% ] 001/100 VUs  01m26.8s/10m30s  01.00 iters/s

running (01m28.0s), 001/100 VUs, 86 complete and 0 interrupted iterations
saturation   [  14% ] 001/100 VUs  01m27.8s/10m30s  01.00 iters/s

running (01m29.0s), 001/100 VUs, 87 complete and 0 interrupted iterations
saturation   [  14% ] 001/100 VUs  01m28.8s/10m30s  01.00 iters/s

running (01m30.0s), 001/100 VUs, 88 complete and 0 interrupted iterations
saturation   [  14% ] 001/100 VUs  01m29.8s/10m30s  01.00 iters/s

running (01m31.0s), 001/100 VUs, 89 complete and 0 interrupted iterations
saturation   [  14% ] 001/100 VUs  01m30.8s/10m30s  01.01 iters/s

running (01m32.0s), 001/100 VUs, 90 complete and 0 interrupted iterations
saturation   [  15% ] 001/100 VUs  01m31.8s/10m30s  01.02 iters/s

running (01m33.0s), 000/100 VUs, 92 complete and 0 interrupted iterations
saturation   [  15% ] 000/100 VUs  01m32.8s/10m30s  01.03 iters/s

running (01m34.0s), 000/100 VUs, 93 complete and 0 interrupted iterations
saturation   [  15% ] 000/100 VUs  01m33.8s/10m30s  01.04 iters/s

running (01m35.0s), 000/100 VUs, 94 complete and 0 interrupted iterations
saturation   [  15% ] 000/100 VUs  01m34.8s/10m30s  01.05 iters/s

running (01m36.0s), 001/100 VUs, 95 complete and 0 interrupted iterations
saturation   [  15% ] 001/100 VUs  01m35.8s/10m30s  01.07 iters/s

running (01m37.0s), 001/100 VUs, 96 complete and 0 interrupted iterations
saturation   [  15% ] 001/100 VUs  01m36.8s/10m30s  01.08 iters/s

running (01m38.0s), 001/100 VUs, 97 complete and 0 interrupted iterations
saturation   [  16% ] 001/100 VUs  01m37.8s/10m30s  01.09 iters/s

running (01m39.0s), 001/100 VUs, 98 complete and 0 interrupted iterations
saturation   [  16% ] 001/100 VUs  01m38.8s/10m30s  01.10 iters/s

running (01m40.0s), 001/100 VUs, 99 complete and 0 interrupted iterations
saturation   [  16% ] 001/100 VUs  01m39.8s/10m30s  01.11 iters/s

running (01m41.0s), 001/100 VUs, 100 complete and 0 interrupted iterations
saturation   [  16% ] 001/100 VUs  01m40.8s/10m30s  01.12 iters/s

running (01m42.0s), 001/100 VUs, 101 complete and 0 interrupted iterations
saturation   [  16% ] 001/100 VUs  01m41.8s/10m30s  01.13 iters/s

running (01m43.0s), 001/100 VUs, 102 complete and 0 interrupted iterations
saturation   [  16% ] 001/100 VUs  01m42.8s/10m30s  01.14 iters/s

running (01m44.0s), 001/100 VUs, 103 complete and 0 interrupted iterations
saturation   [  16% ] 001/100 VUs  01m43.8s/10m30s  01.15 iters/s

running (01m45.0s), 001/100 VUs, 105 complete and 0 interrupted iterations
saturation   [  17% ] 001/100 VUs  01m44.8s/10m30s  01.17 iters/s

running (01m46.0s), 001/100 VUs, 106 complete and 0 interrupted iterations
saturation   [  17% ] 001/100 VUs  01m45.8s/10m30s  01.18 iters/s

running (01m47.0s), 001/100 VUs, 107 complete and 0 interrupted iterations
saturation   [  17% ] 001/100 VUs  01m46.8s/10m30s  01.19 iters/s

running (01m48.0s), 001/100 VUs, 108 complete and 0 interrupted iterations
saturation   [  17% ] 001/100 VUs  01m47.8s/10m30s  01.20 iters/s

running (01m49.0s), 001/100 VUs, 109 complete and 0 interrupted iterations
saturation   [  17% ] 001/100 VUs  01m48.8s/10m30s  01.21 iters/s

running (01m50.0s), 002/100 VUs, 110 complete and 0 interrupted iterations
saturation   [  17% ] 002/100 VUs  01m49.8s/10m30s  01.22 iters/s

running (01m51.0s), 001/100 VUs, 112 complete and 0 interrupted iterations
saturation   [  18% ] 001/100 VUs  01m50.8s/10m30s  01.23 iters/s

running (01m52.0s), 001/100 VUs, 113 complete and 0 interrupted iterations
saturation   [  18% ] 001/100 VUs  01m51.8s/10m30s  01.24 iters/s

running (01m53.0s), 001/100 VUs, 114 complete and 0 interrupted iterations
saturation   [  18% ] 001/100 VUs  01m52.8s/10m30s  01.25 iters/s

running (01m54.0s), 001/100 VUs, 115 complete and 0 interrupted iterations
saturation   [  18% ] 001/100 VUs  01m53.8s/10m30s  01.26 iters/s

running (01m55.0s), 001/100 VUs, 117 complete and 0 interrupted iterations
saturation   [  18% ] 001/100 VUs  01m54.8s/10m30s  01.28 iters/s

running (01m56.0s), 001/100 VUs, 118 complete and 0 interrupted iterations
saturation   [  18% ] 001/100 VUs  01m55.8s/10m30s  01.29 iters/s

running (01m57.0s), 001/100 VUs, 119 complete and 0 interrupted iterations
saturation   [  19% ] 001/100 VUs  01m56.8s/10m30s  01.30 iters/s

running (01m58.0s), 001/100 VUs, 121 complete and 0 interrupted iterations
saturation   [  19% ] 001/100 VUs  01m57.8s/10m30s  01.31 iters/s

running (01m59.0s), 001/100 VUs, 122 complete and 0 interrupted iterations
saturation   [  19% ] 001/100 VUs  01m58.8s/10m30s  01.32 iters/s

running (02m00.0s), 001/100 VUs, 123 complete and 0 interrupted iterations
saturation   [  19% ] 001/100 VUs  01m59.8s/10m30s  01.33 iters/s

running (02m01.0s), 002/100 VUs, 124 complete and 0 interrupted iterations
saturation   [  19% ] 002/100 VUs  02m00.8s/10m30s  01.35 iters/s

running (02m02.0s), 001/100 VUs, 126 complete and 0 interrupted iterations
saturation   [  19% ] 001/100 VUs  02m01.8s/10m30s  01.35 iters/s

running (02m03.0s), 001/100 VUs, 127 complete and 0 interrupted iterations
saturation   [  19% ] 001/100 VUs  02m02.8s/10m30s  01.36 iters/s

running (02m04.0s), 001/100 VUs, 129 complete and 0 interrupted iterations
saturation   [  20% ] 001/100 VUs  02m03.8s/10m30s  01.38 iters/s

running (02m05.0s), 001/100 VUs, 130 complete and 0 interrupted iterations
saturation   [  20% ] 001/100 VUs  02m04.8s/10m30s  01.39 iters/s

running (02m06.0s), 001/100 VUs, 131 complete and 0 interrupted iterations
saturation   [  20% ] 001/100 VUs  02m05.8s/10m30s  01.39 iters/s

running (02m07.0s), 001/100 VUs, 133 complete and 0 interrupted iterations
saturation   [  20% ] 001/100 VUs  02m06.8s/10m30s  01.41 iters/s

running (02m08.0s), 001/100 VUs, 134 complete and 0 interrupted iterations
saturation   [  20% ] 001/100 VUs  02m07.8s/10m30s  01.42 iters/s

running (02m09.0s), 001/100 VUs, 136 complete and 0 interrupted iterations
saturation   [  20% ] 001/100 VUs  02m08.8s/10m30s  01.43 iters/s

running (02m10.0s), 001/100 VUs, 137 complete and 0 interrupted iterations
saturation   [  21% ] 001/100 VUs  02m09.8s/10m30s  01.44 iters/s

running (02m11.0s), 002/100 VUs, 138 complete and 0 interrupted iterations
saturation   [  21% ] 002/100 VUs  02m10.8s/10m30s  01.46 iters/s

running (02m12.0s), 001/100 VUs, 140 complete and 0 interrupted iterations
saturation   [  21% ] 001/100 VUs  02m11.8s/10m30s  01.46 iters/s

running (02m13.0s), 002/100 VUs, 141 complete and 0 interrupted iterations
saturation   [  21% ] 002/100 VUs  02m12.8s/10m30s  01.48 iters/s

running (02m14.0s), 001/100 VUs, 143 complete and 0 interrupted iterations
saturation   [  21% ] 001/100 VUs  02m13.8s/10m30s  01.49 iters/s

running (02m15.0s), 001/100 VUs, 144 complete and 0 interrupted iterations
saturation   [  21% ] 001/100 VUs  02m14.8s/10m30s  01.49 iters/s

running (02m16.0s), 001/100 VUs, 146 complete and 0 interrupted iterations
saturation   [  22% ] 001/100 VUs  02m15.8s/10m30s  01.51 iters/s

running (02m17.0s), 002/100 VUs, 147 complete and 0 interrupted iterations
saturation   [  22% ] 002/100 VUs  02m16.8s/10m30s  01.52 iters/s

running (02m18.0s), 001/100 VUs, 149 complete and 0 interrupted iterations
saturation   [  22% ] 001/100 VUs  02m17.8s/10m30s  01.53 iters/s

running (02m19.0s), 002/100 VUs, 150 complete and 0 interrupted iterations
saturation   [  22% ] 002/100 VUs  02m18.8s/10m30s  01.55 iters/s

running (02m20.0s), 001/100 VUs, 152 complete and 0 interrupted iterations
saturation   [  22% ] 001/100 VUs  02m19.8s/10m30s  01.55 iters/s

running (02m21.0s), 002/100 VUs, 153 complete and 0 interrupted iterations
saturation   [  22% ] 002/100 VUs  02m20.8s/10m30s  01.57 iters/s

running (02m22.0s), 001/100 VUs, 155 complete and 0 interrupted iterations
saturation   [  23% ] 001/100 VUs  02m21.8s/10m30s  01.57 iters/s

running (02m23.0s), 001/100 VUs, 157 complete and 0 interrupted iterations
saturation   [  23% ] 001/100 VUs  02m22.8s/10m30s  01.59 iters/s

running (02m24.0s), 001/100 VUs, 158 complete and 0 interrupted iterations
saturation   [  23% ] 001/100 VUs  02m23.8s/10m30s  01.60 iters/s

running (02m25.0s), 001/100 VUs, 160 complete and 0 interrupted iterations
saturation   [  23% ] 001/100 VUs  02m24.8s/10m30s  01.61 iters/s

running (02m26.0s), 002/100 VUs, 161 complete and 0 interrupted iterations
saturation   [  23% ] 002/100 VUs  02m25.8s/10m30s  01.62 iters/s

running (02m27.0s), 001/100 VUs, 163 complete and 0 interrupted iterations
saturation   [  23% ] 001/100 VUs  02m26.8s/10m30s  01.63 iters/s

running (02m28.0s), 001/100 VUs, 165 complete and 0 interrupted iterations
saturation   [  23% ] 001/100 VUs  02m27.8s/10m30s  01.64 iters/s

running (02m29.0s), 002/100 VUs, 166 complete and 0 interrupted iterations
saturation   [  24% ] 002/100 VUs  02m28.8s/10m30s  01.66 iters/s

running (02m30.0s), 001/100 VUs, 168 complete and 0 interrupted iterations
saturation   [  24% ] 001/100 VUs  02m29.8s/10m30s  01.66 iters/s

running (02m31.0s), 002/100 VUs, 169 complete and 0 interrupted iterations
saturation   [  24% ] 002/100 VUs  02m30.8s/10m30s  01.68 iters/s

running (02m32.0s), 002/100 VUs, 171 complete and 0 interrupted iterations
saturation   [  24% ] 002/100 VUs  02m31.8s/10m30s  01.69 iters/s

running (02m33.0s), 001/100 VUs, 173 complete and 0 interrupted iterations
saturation   [  24% ] 001/100 VUs  02m32.8s/10m30s  01.70 iters/s

running (02m34.0s), 001/100 VUs, 175 complete and 0 interrupted iterations
saturation   [  24% ] 001/100 VUs  02m33.8s/10m30s  01.71 iters/s

running (02m35.0s), 002/100 VUs, 176 complete and 0 interrupted iterations
saturation   [  25% ] 002/100 VUs  02m34.8s/10m30s  01.72 iters/s

running (02m36.0s), 001/100 VUs, 178 complete and 0 interrupted iterations
saturation   [  25% ] 001/100 VUs  02m35.8s/10m30s  01.73 iters/s

running (02m37.0s), 001/100 VUs, 180 complete and 0 interrupted iterations
saturation   [  25% ] 001/100 VUs  02m36.8s/10m30s  01.74 iters/s

running (02m38.0s), 002/100 VUs, 181 complete and 0 interrupted iterations
saturation   [  25% ] 002/100 VUs  02m37.8s/10m30s  01.75 iters/s

running (02m39.0s), 002/100 VUs, 183 complete and 0 interrupted iterations
saturation   [  25% ] 002/100 VUs  02m38.8s/10m30s  01.77 iters/s

running (02m40.0s), 001/100 VUs, 185 complete and 0 interrupted iterations
saturation   [  25% ] 001/100 VUs  02m39.8s/10m30s  01.77 iters/s

running (02m41.0s), 001/100 VUs, 187 complete and 0 interrupted iterations
saturation   [  26% ] 001/100 VUs  02m40.8s/10m30s  01.79 iters/s

running (02m42.0s), 002/100 VUs, 188 complete and 0 interrupted iterations
saturation   [  26% ] 002/100 VUs  02m41.8s/10m30s  01.80 iters/s

running (02m43.0s), 002/100 VUs, 190 complete and 0 interrupted iterations
saturation   [  26% ] 002/100 VUs  02m42.8s/10m30s  01.81 iters/s

running (02m44.0s), 002/100 VUs, 192 complete and 0 interrupted iterations
saturation   [  26% ] 002/100 VUs  02m43.8s/10m30s  01.82 iters/s

running (02m45.0s), 001/100 VUs, 194 complete and 0 interrupted iterations
saturation   [  26% ] 001/100 VUs  02m44.8s/10m30s  01.83 iters/s

running (02m46.0s), 001/100 VUs, 196 complete and 0 interrupted iterations
saturation   [  26% ] 001/100 VUs  02m45.8s/10m30s  01.84 iters/s

running (02m47.0s), 001/100 VUs, 198 complete and 0 interrupted iterations
saturation   [  26% ] 001/100 VUs  02m46.8s/10m30s  01.85 iters/s

running (02m48.0s), 002/100 VUs, 199 complete and 0 interrupted iterations
saturation   [  27% ] 002/100 VUs  02m47.8s/10m30s  01.86 iters/s

running (02m49.0s), 002/100 VUs, 201 complete and 0 interrupted iterations
saturation   [  27% ] 002/100 VUs  02m48.8s/10m30s  01.88 iters/s

running (02m50.0s), 002/100 VUs, 203 complete and 0 interrupted iterations
saturation   [  27% ] 002/100 VUs  02m49.8s/10m30s  01.89 iters/s

running (02m51.0s), 002/100 VUs, 205 complete and 0 interrupted iterations
saturation   [  27% ] 002/100 VUs  02m50.8s/10m30s  01.90 iters/s

running (02m52.0s), 002/100 VUs, 207 complete and 0 interrupted iterations
saturation   [  27% ] 002/100 VUs  02m51.8s/10m30s  01.91 iters/s

running (02m53.0s), 001/100 VUs, 209 complete and 0 interrupted iterations
saturation   [  27% ] 001/100 VUs  02m52.8s/10m30s  01.92 iters/s

running (02m54.0s), 001/100 VUs, 211 complete and 0 interrupted iterations
saturation   [  28% ] 001/100 VUs  02m53.8s/10m30s  01.93 iters/s

running (02m55.0s), 001/100 VUs, 213 complete and 0 interrupted iterations
saturation   [  28% ] 001/100 VUs  02m54.8s/10m30s  01.94 iters/s

running (02m56.0s), 001/100 VUs, 215 complete and 0 interrupted iterations
saturation   [  28% ] 001/100 VUs  02m55.8s/10m30s  01.95 iters/s

running (02m57.0s), 001/100 VUs, 217 complete and 0 interrupted iterations
saturation   [  28% ] 001/100 VUs  02m56.8s/10m30s  01.96 iters/s

running (02m58.0s), 001/100 VUs, 219 complete and 0 interrupted iterations
saturation   [  28% ] 001/100 VUs  02m57.8s/10m30s  01.97 iters/s

running (02m59.0s), 002/100 VUs, 220 complete and 0 interrupted iterations
saturation   [  28% ] 002/100 VUs  02m58.8s/10m30s  01.99 iters/s

running (03m00.0s), 002/100 VUs, 222 complete and 0 interrupted iterations
saturation   [  29% ] 002/100 VUs  02m59.8s/10m30s  02.00 iters/s

running (03m01.0s), 002/100 VUs, 224 complete and 0 interrupted iterations
saturation   [  29% ] 002/100 VUs  03m00.8s/10m30s  02.01 iters/s

running (03m02.0s), 002/100 VUs, 226 complete and 0 interrupted iterations
saturation   [  29% ] 002/100 VUs  03m01.8s/10m30s  02.02 iters/s

running (03m03.0s), 002/100 VUs, 228 complete and 0 interrupted iterations
saturation   [  29% ] 002/100 VUs  03m02.8s/10m30s  02.03 iters/s

running (03m04.0s), 001/100 VUs, 231 complete and 0 interrupted iterations
saturation   [  29% ] 001/100 VUs  03m03.8s/10m30s  02.04 iters/s

running (03m05.0s), 001/100 VUs, 233 complete and 0 interrupted iterations
saturation   [  29% ] 001/100 VUs  03m04.8s/10m30s  02.05 iters/s

running (03m06.0s), 001/100 VUs, 235 complete and 0 interrupted iterations
saturation   [  29% ] 001/100 VUs  03m05.8s/10m30s  02.06 iters/s

running (03m07.0s), 001/100 VUs, 237 complete and 0 interrupted iterations
saturation   [  30% ] 001/100 VUs  03m06.8s/10m30s  02.07 iters/s

running (03m08.0s), 002/100 VUs, 239 complete and 0 interrupted iterations
saturation   [  30% ] 002/100 VUs  03m07.8s/10m30s  02.09 iters/s

running (03m09.0s), 002/100 VUs, 241 complete and 0 interrupted iterations
saturation   [  30% ] 002/100 VUs  03m08.8s/10m30s  02.10 iters/s

running (03m10.0s), 002/100 VUs, 243 complete and 0 interrupted iterations
saturation   [  30% ] 002/100 VUs  03m09.8s/10m30s  02.11 iters/s

running (03m11.0s), 002/100 VUs, 245 complete and 0 interrupted iterations
saturation   [  30% ] 002/100 VUs  03m10.8s/10m30s  02.12 iters/s

running (03m12.0s), 002/100 VUs, 247 complete and 0 interrupted iterations
saturation   [  30% ] 002/100 VUs  03m11.8s/10m30s  02.13 iters/s

running (03m13.0s), 002/100 VUs, 249 complete and 0 interrupted iterations
saturation   [  31% ] 002/100 VUs  03m12.8s/10m30s  02.14 iters/s

running (03m14.0s), 002/100 VUs, 251 complete and 0 interrupted iterations
saturation   [  31% ] 002/100 VUs  03m13.8s/10m30s  02.15 iters/s

running (03m15.0s), 001/100 VUs, 254 complete and 0 interrupted iterations
saturation   [  31% ] 001/100 VUs  03m14.8s/10m30s  02.16 iters/s

running (03m16.0s), 002/100 VUs, 256 complete and 0 interrupted iterations
saturation   [  31% ] 002/100 VUs  03m15.8s/10m30s  02.18 iters/s

running (03m17.0s), 002/100 VUs, 258 complete and 0 interrupted iterations
saturation   [  31% ] 002/100 VUs  03m16.8s/10m30s  02.19 iters/s

running (03m18.0s), 002/100 VUs, 260 complete and 0 interrupted iterations
saturation   [  31% ] 002/100 VUs  03m17.8s/10m30s  02.20 iters/s

running (03m19.0s), 002/100 VUs, 262 complete and 0 interrupted iterations
saturation   [  32% ] 002/100 VUs  03m18.8s/10m30s  02.21 iters/s

running (03m20.0s), 002/100 VUs, 264 complete and 0 interrupted iterations
saturation   [  32% ] 002/100 VUs  03m19.8s/10m30s  02.22 iters/s

running (03m21.0s), 002/100 VUs, 267 complete and 0 interrupted iterations
saturation   [  32% ] 002/100 VUs  03m20.8s/10m30s  02.23 iters/s

running (03m22.0s), 002/100 VUs, 269 complete and 0 interrupted iterations
saturation   [  32% ] 002/100 VUs  03m21.8s/10m30s  02.24 iters/s

running (03m23.0s), 002/100 VUs, 271 complete and 0 interrupted iterations
saturation   [  32% ] 002/100 VUs  03m22.8s/10m30s  02.25 iters/s

running (03m24.0s), 002/100 VUs, 273 complete and 0 interrupted iterations
saturation   [  32% ] 002/100 VUs  03m23.8s/10m30s  02.26 iters/s

running (03m25.0s), 002/100 VUs, 276 complete and 0 interrupted iterations
saturation   [  33% ] 002/100 VUs  03m24.8s/10m30s  02.28 iters/s

running (03m26.0s), 002/100 VUs, 278 complete and 0 interrupted iterations
saturation   [  33% ] 002/100 VUs  03m25.8s/10m30s  02.29 iters/s

running (03m27.0s), 002/100 VUs, 280 complete and 0 interrupted iterations
saturation   [  33% ] 002/100 VUs  03m26.8s/10m30s  02.30 iters/s

running (03m28.0s), 001/100 VUs, 283 complete and 0 interrupted iterations
saturation   [  33% ] 001/100 VUs  03m27.8s/10m30s  02.31 iters/s

running (03m29.0s), 002/100 VUs, 285 complete and 0 interrupted iterations
saturation   [  33% ] 002/100 VUs  03m28.8s/10m30s  02.32 iters/s

running (03m30.0s), 002/100 VUs, 287 complete and 0 interrupted iterations
saturation   [  33% ] 002/100 VUs  03m29.8s/10m30s  02.33 iters/s

running (03m31.0s), 002/100 VUs, 289 complete and 0 interrupted iterations
saturation   [  33% ] 002/100 VUs  03m30.8s/10m30s  02.34 iters/s

running (03m32.0s), 002/100 VUs, 292 complete and 0 interrupted iterations
saturation   [  34% ] 002/100 VUs  03m31.8s/10m30s  02.35 iters/s

running (03m33.0s), 002/100 VUs, 294 complete and 0 interrupted iterations
saturation   [  34% ] 002/100 VUs  03m32.8s/10m30s  02.36 iters/s

running (03m34.0s), 002/100 VUs, 297 complete and 0 interrupted iterations
saturation   [  34% ] 002/100 VUs  03m33.8s/10m30s  02.38 iters/s

running (03m35.0s), 002/100 VUs, 299 complete and 0 interrupted iterations
saturation   [  34% ] 002/100 VUs  03m34.8s/10m30s  02.39 iters/s

running (03m36.0s), 002/100 VUs, 301 complete and 0 interrupted iterations
saturation   [  34% ] 002/100 VUs  03m35.8s/10m30s  02.40 iters/s

running (03m37.0s), 002/100 VUs, 304 complete and 0 interrupted iterations
saturation   [  34% ] 002/100 VUs  03m36.8s/10m30s  02.41 iters/s

running (03m38.0s), 002/100 VUs, 306 complete and 0 interrupted iterations
saturation   [  35% ] 002/100 VUs  03m37.8s/10m30s  02.42 iters/s

running (03m39.0s), 003/100 VUs, 308 complete and 0 interrupted iterations
saturation   [  35% ] 003/100 VUs  03m38.8s/10m30s  02.43 iters/s

running (03m40.0s), 002/100 VUs, 311 complete and 0 interrupted iterations
saturation   [  35% ] 002/100 VUs  03m39.8s/10m30s  02.44 iters/s

running (03m41.0s), 002/100 VUs, 313 complete and 0 interrupted iterations
saturation   [  35% ] 002/100 VUs  03m40.8s/10m30s  02.45 iters/s

running (03m42.0s), 002/100 VUs, 316 complete and 0 interrupted iterations
saturation   [  35% ] 002/100 VUs  03m41.8s/10m30s  02.47 iters/s

running (03m43.0s), 002/100 VUs, 318 complete and 0 interrupted iterations
saturation   [  35% ] 002/100 VUs  03m42.8s/10m30s  02.47 iters/s

running (03m44.0s), 002/100 VUs, 321 complete and 0 interrupted iterations
saturation   [  36% ] 002/100 VUs  03m43.8s/10m30s  02.49 iters/s

running (03m45.0s), 002/100 VUs, 323 complete and 0 interrupted iterations
saturation   [  36% ] 002/100 VUs  03m44.8s/10m30s  02.50 iters/s

running (03m46.0s), 002/100 VUs, 326 complete and 0 interrupted iterations
saturation   [  36% ] 002/100 VUs  03m45.8s/10m30s  02.51 iters/s

running (03m47.0s), 002/100 VUs, 328 complete and 0 interrupted iterations
saturation   [  36% ] 002/100 VUs  03m46.8s/10m30s  02.52 iters/s

running (03m48.0s), 002/100 VUs, 331 complete and 0 interrupted iterations
saturation   [  36% ] 002/100 VUs  03m47.8s/10m30s  02.53 iters/s

running (03m49.0s), 002/100 VUs, 333 complete and 0 interrupted iterations
saturation   [  36% ] 002/100 VUs  03m48.8s/10m30s  02.54 iters/s

running (03m50.0s), 002/100 VUs, 336 complete and 0 interrupted iterations
saturation   [  36% ] 002/100 VUs  03m49.8s/10m30s  02.55 iters/s

running (03m51.0s), 003/100 VUs, 338 complete and 0 interrupted iterations
saturation   [  37% ] 003/100 VUs  03m50.8s/10m30s  02.57 iters/s

running (03m52.0s), 002/100 VUs, 341 complete and 0 interrupted iterations
saturation   [  37% ] 002/100 VUs  03m51.8s/10m30s  02.58 iters/s

running (03m53.0s), 003/100 VUs, 343 complete and 0 interrupted iterations
saturation   [  37% ] 003/100 VUs  03m52.8s/10m30s  02.59 iters/s

running (03m54.0s), 002/100 VUs, 346 complete and 0 interrupted iterations
saturation   [  37% ] 002/100 VUs  03m53.8s/10m30s  02.60 iters/s

running (03m55.0s), 002/100 VUs, 349 complete and 0 interrupted iterations
saturation   [  37% ] 002/100 VUs  03m54.8s/10m30s  02.61 iters/s

running (03m56.0s), 002/100 VUs, 351 complete and 0 interrupted iterations
saturation   [  37% ] 002/100 VUs  03m55.8s/10m30s  02.62 iters/s

running (03m57.0s), 002/100 VUs, 354 complete and 0 interrupted iterations
saturation   [  38% ] 002/100 VUs  03m56.8s/10m30s  02.63 iters/s

running (03m58.0s), 002/100 VUs, 357 complete and 0 interrupted iterations
saturation   [  38% ] 002/100 VUs  03m57.8s/10m30s  02.64 iters/s

running (03m59.0s), 002/100 VUs, 359 complete and 0 interrupted iterations
saturation   [  38% ] 002/100 VUs  03m58.8s/10m30s  02.65 iters/s

running (04m00.0s), 002/100 VUs, 362 complete and 0 interrupted iterations
saturation   [  38% ] 002/100 VUs  03m59.8s/10m30s  02.66 iters/s

running (04m01.0s), 003/100 VUs, 364 complete and 0 interrupted iterations
saturation   [  38% ] 003/100 VUs  04m00.8s/10m30s  02.68 iters/s

running (04m02.0s), 002/100 VUs, 367 complete and 0 interrupted iterations
saturation   [  38% ] 002/100 VUs  04m01.8s/10m30s  02.69 iters/s

running (04m03.0s), 002/100 VUs, 370 complete and 0 interrupted iterations
saturation   [  39% ] 002/100 VUs  04m02.8s/10m30s  02.70 iters/s

running (04m04.0s), 002/100 VUs, 373 complete and 0 interrupted iterations
saturation   [  39% ] 002/100 VUs  04m03.8s/10m30s  02.71 iters/s

running (04m05.0s), 003/100 VUs, 375 complete and 0 interrupted iterations
saturation   [  39% ] 003/100 VUs  04m04.8s/10m30s  02.72 iters/s

running (04m06.0s), 002/100 VUs, 378 complete and 0 interrupted iterations
saturation   [  39% ] 002/100 VUs  04m05.8s/10m30s  02.73 iters/s

running (04m07.0s), 002/100 VUs, 381 complete and 0 interrupted iterations
saturation   [  39% ] 002/100 VUs  04m06.8s/10m30s  02.74 iters/s

running (04m08.0s), 003/100 VUs, 383 complete and 0 interrupted iterations
saturation   [  39% ] 003/100 VUs  04m07.8s/10m30s  02.75 iters/s

running (04m09.0s), 002/100 VUs, 386 complete and 0 interrupted iterations
saturation   [  39% ] 002/100 VUs  04m08.8s/10m30s  02.76 iters/s

running (04m10.0s), 002/100 VUs, 389 complete and 0 interrupted iterations
saturation   [  40% ] 002/100 VUs  04m09.8s/10m30s  02.77 iters/s

running (04m11.0s), 002/100 VUs, 392 complete and 0 interrupted iterations
saturation   [  40% ] 002/100 VUs  04m10.8s/10m30s  02.79 iters/s

running (04m12.0s), 003/100 VUs, 394 complete and 0 interrupted iterations
saturation   [  40% ] 003/100 VUs  04m11.8s/10m30s  02.80 iters/s

running (04m13.0s), 003/100 VUs, 397 complete and 0 interrupted iterations
saturation   [  40% ] 003/100 VUs  04m12.8s/10m30s  02.81 iters/s

running (04m14.0s), 002/100 VUs, 400 complete and 0 interrupted iterations
saturation   [  40% ] 002/100 VUs  04m13.8s/10m30s  02.82 iters/s

running (04m15.0s), 002/100 VUs, 403 complete and 0 interrupted iterations
saturation   [  40% ] 002/100 VUs  04m14.8s/10m30s  02.83 iters/s

running (04m16.0s), 002/100 VUs, 406 complete and 0 interrupted iterations
saturation   [  41% ] 002/100 VUs  04m15.8s/10m30s  02.84 iters/s

running (04m17.0s), 002/100 VUs, 409 complete and 0 interrupted iterations
saturation   [  41% ] 002/100 VUs  04m16.8s/10m30s  02.85 iters/s

running (04m18.0s), 003/100 VUs, 411 complete and 0 interrupted iterations
saturation   [  41% ] 003/100 VUs  04m17.8s/10m30s  02.87 iters/s

running (04m19.0s), 003/100 VUs, 414 complete and 0 interrupted iterations
saturation   [  41% ] 003/100 VUs  04m18.8s/10m30s  02.88 iters/s

running (04m20.0s), 003/100 VUs, 417 complete and 0 interrupted iterations
saturation   [  41% ] 003/100 VUs  04m19.8s/10m30s  02.89 iters/s

running (04m21.0s), 002/100 VUs, 420 complete and 0 interrupted iterations
saturation   [  41% ] 002/100 VUs  04m20.8s/10m30s  02.90 iters/s

running (04m22.0s), 002/100 VUs, 423 complete and 0 interrupted iterations
saturation   [  42% ] 002/100 VUs  04m21.8s/10m30s  02.91 iters/s

running (04m23.0s), 002/100 VUs, 426 complete and 0 interrupted iterations
saturation   [  42% ] 002/100 VUs  04m22.8s/10m30s  02.92 iters/s

running (04m24.0s), 002/100 VUs, 429 complete and 0 interrupted iterations
saturation   [  42% ] 002/100 VUs  04m23.8s/10m30s  02.93 iters/s

running (04m25.0s), 002/100 VUs, 432 complete and 0 interrupted iterations
saturation   [  42% ] 002/100 VUs  04m24.8s/10m30s  02.94 iters/s

running (04m26.0s), 002/100 VUs, 435 complete and 0 interrupted iterations
saturation   [  42% ] 002/100 VUs  04m25.8s/10m30s  02.95 iters/s

running (04m27.0s), 002/100 VUs, 438 complete and 0 interrupted iterations
saturation   [  42% ] 002/100 VUs  04m26.8s/10m30s  02.96 iters/s

running (04m28.0s), 002/100 VUs, 441 complete and 0 interrupted iterations
saturation   [  43% ] 002/100 VUs  04m27.8s/10m30s  02.98 iters/s

running (04m29.0s), 003/100 VUs, 443 complete and 0 interrupted iterations
saturation   [  43% ] 003/100 VUs  04m28.8s/10m30s  02.99 iters/s

running (04m30.0s), 003/100 VUs, 446 complete and 0 interrupted iterations
saturation   [  43% ] 003/100 VUs  04m29.8s/10m30s  03.00 iters/s

running (04m31.0s), 003/100 VUs, 449 complete and 0 interrupted iterations
saturation   [  43% ] 003/100 VUs  04m30.8s/10m30s  03.02 iters/s

running (04m32.0s), 003/100 VUs, 452 complete and 0 interrupted iterations
saturation   [  43% ] 003/100 VUs  04m31.8s/10m30s  03.04 iters/s

running (04m33.0s), 003/100 VUs, 455 complete and 0 interrupted iterations
saturation   [  43% ] 003/100 VUs  04m32.8s/10m30s  03.06 iters/s

running (04m34.0s), 002/100 VUs, 459 complete and 0 interrupted iterations
saturation   [  43% ] 002/100 VUs  04m33.8s/10m30s  03.08 iters/s

running (04m35.0s), 002/100 VUs, 462 complete and 0 interrupted iterations
saturation   [  44% ] 002/100 VUs  04m34.8s/10m30s  03.11 iters/s

running (04m36.0s), 002/100 VUs, 465 complete and 0 interrupted iterations
saturation   [  44% ] 002/100 VUs  04m35.8s/10m30s  03.13 iters/s

running (04m37.0s), 003/100 VUs, 468 complete and 0 interrupted iterations
saturation   [  44% ] 003/100 VUs  04m36.8s/10m30s  03.16 iters/s

running (04m38.0s), 003/100 VUs, 471 complete and 0 interrupted iterations
saturation   [  44% ] 003/100 VUs  04m37.8s/10m30s  03.18 iters/s

running (04m39.0s), 003/100 VUs, 474 complete and 0 interrupted iterations
saturation   [  44% ] 003/100 VUs  04m38.8s/10m30s  03.20 iters/s

running (04m40.0s), 003/100 VUs, 477 complete and 0 interrupted iterations
saturation   [  44% ] 003/100 VUs  04m39.8s/10m30s  03.22 iters/s

running (04m41.0s), 002/100 VUs, 481 complete and 0 interrupted iterations
saturation   [  45% ] 002/100 VUs  04m40.8s/10m30s  03.24 iters/s

running (04m42.0s), 003/100 VUs, 484 complete and 0 interrupted iterations
saturation   [  45% ] 003/100 VUs  04m41.8s/10m30s  03.27 iters/s

running (04m43.0s), 003/100 VUs, 487 complete and 0 interrupted iterations
saturation   [  45% ] 003/100 VUs  04m42.8s/10m30s  03.29 iters/s

running (04m44.0s), 003/100 VUs, 490 complete and 0 interrupted iterations
saturation   [  45% ] 003/100 VUs  04m43.8s/10m30s  03.31 iters/s

running (04m45.0s), 002/100 VUs, 494 complete and 0 interrupted iterations
saturation   [  45% ] 002/100 VUs  04m44.8s/10m30s  03.33 iters/s

running (04m46.0s), 003/100 VUs, 497 complete and 0 interrupted iterations
saturation   [  45% ] 003/100 VUs  04m45.8s/10m30s  03.35 iters/s

running (04m47.0s), 003/100 VUs, 500 complete and 0 interrupted iterations
saturation   [  46% ] 003/100 VUs  04m46.8s/10m30s  03.37 iters/s

running (04m48.0s), 003/100 VUs, 504 complete and 0 interrupted iterations
saturation   [  46% ] 003/100 VUs  04m47.8s/10m30s  03.40 iters/s

running (04m49.0s), 003/100 VUs, 507 complete and 0 interrupted iterations
saturation   [  46% ] 003/100 VUs  04m48.8s/10m30s  03.42 iters/s

running (04m50.0s), 003/100 VUs, 510 complete and 0 interrupted iterations
saturation   [  46% ] 003/100 VUs  04m49.8s/10m30s  03.44 iters/s

running (04m51.0s), 003/100 VUs, 514 complete and 0 interrupted iterations
saturation   [  46% ] 003/100 VUs  04m50.8s/10m30s  03.46 iters/s

running (04m52.0s), 003/100 VUs, 517 complete and 0 interrupted iterations
saturation   [  46% ] 003/100 VUs  04m51.8s/10m30s  03.48 iters/s

running (04m53.0s), 003/100 VUs, 521 complete and 0 interrupted iterations
saturation   [  46% ] 003/100 VUs  04m52.8s/10m30s  03.51 iters/s

running (04m54.0s), 003/100 VUs, 524 complete and 0 interrupted iterations
saturation   [  47% ] 003/100 VUs  04m53.8s/10m30s  03.53 iters/s

running (04m55.0s), 003/100 VUs, 528 complete and 0 interrupted iterations
saturation   [  47% ] 003/100 VUs  04m54.8s/10m30s  03.55 iters/s

running (04m56.0s), 003/100 VUs, 531 complete and 0 interrupted iterations
saturation   [  47% ] 003/100 VUs  04m55.8s/10m30s  03.57 iters/s

running (04m57.0s), 003/100 VUs, 535 complete and 0 interrupted iterations
saturation   [  47% ] 003/100 VUs  04m56.8s/10m30s  03.60 iters/s

running (04m58.0s), 003/100 VUs, 539 complete and 0 interrupted iterations
saturation   [  47% ] 003/100 VUs  04m57.8s/10m30s  03.62 iters/s

running (04m59.0s), 003/100 VUs, 542 complete and 0 interrupted iterations
saturation   [  47% ] 003/100 VUs  04m58.8s/10m30s  03.64 iters/s

running (05m00.0s), 003/100 VUs, 546 complete and 0 interrupted iterations
saturation   [  48% ] 003/100 VUs  04m59.8s/10m30s  03.66 iters/s

running (05m01.0s), 004/100 VUs, 549 complete and 0 interrupted iterations
saturation   [  48% ] 004/100 VUs  05m00.8s/10m30s  03.69 iters/s

running (05m02.0s), 003/100 VUs, 553 complete and 0 interrupted iterations
saturation   [  48% ] 003/100 VUs  05m01.8s/10m30s  03.71 iters/s

running (05m03.0s), 003/100 VUs, 557 complete and 0 interrupted iterations
saturation   [  48% ] 003/100 VUs  05m02.8s/10m30s  03.73 iters/s

running (05m04.0s), 003/100 VUs, 561 complete and 0 interrupted iterations
saturation   [  48% ] 003/100 VUs  05m03.8s/10m30s  03.75 iters/s

running (05m05.0s), 003/100 VUs, 564 complete and 0 interrupted iterations
saturation   [  48% ] 003/100 VUs  05m04.8s/10m30s  03.77 iters/s

running (05m06.0s), 003/100 VUs, 568 complete and 0 interrupted iterations
saturation   [  49% ] 003/100 VUs  05m05.8s/10m30s  03.79 iters/s

running (05m07.0s), 003/100 VUs, 572 complete and 0 interrupted iterations
saturation   [  49% ] 003/100 VUs  05m06.8s/10m30s  03.82 iters/s

running (05m08.0s), 003/100 VUs, 576 complete and 0 interrupted iterations
saturation   [  49% ] 003/100 VUs  05m07.8s/10m30s  03.84 iters/s

running (05m09.0s), 004/100 VUs, 579 complete and 0 interrupted iterations
saturation   [  49% ] 004/100 VUs  05m08.8s/10m30s  03.86 iters/s

running (05m10.0s), 004/100 VUs, 583 complete and 0 interrupted iterations
saturation   [  49% ] 004/100 VUs  05m09.8s/10m30s  03.89 iters/s

running (05m11.0s), 004/100 VUs, 587 complete and 0 interrupted iterations
saturation   [  49% ] 004/100 VUs  05m10.8s/10m30s  03.91 iters/s

running (05m12.0s), 003/100 VUs, 591 complete and 0 interrupted iterations
saturation   [  49% ] 003/100 VUs  05m11.8s/10m30s  03.93 iters/s

running (05m13.0s), 003/100 VUs, 595 complete and 0 interrupted iterations
saturation   [  50% ] 003/100 VUs  05m12.8s/10m30s  03.95 iters/s

running (05m14.0s), 003/100 VUs, 599 complete and 0 interrupted iterations
saturation   [  50% ] 003/100 VUs  05m13.8s/10m30s  03.97 iters/s

running (05m15.0s), 003/100 VUs, 603 complete and 0 interrupted iterations
saturation   [  50% ] 003/100 VUs  05m14.8s/10m30s  03.99 iters/s

running (05m16.0s), 003/100 VUs, 607 complete and 0 interrupted iterations
saturation   [  50% ] 003/100 VUs  05m15.8s/10m30s  04.02 iters/s

running (05m17.0s), 003/100 VUs, 611 complete and 0 interrupted iterations
saturation   [  50% ] 003/100 VUs  05m16.8s/10m30s  04.04 iters/s

running (05m18.0s), 003/100 VUs, 615 complete and 0 interrupted iterations
saturation   [  50% ] 003/100 VUs  05m17.8s/10m30s  04.06 iters/s

running (05m19.0s), 003/100 VUs, 619 complete and 0 interrupted iterations
saturation   [  51% ] 003/100 VUs  05m18.8s/10m30s  04.08 iters/s

running (05m20.0s), 004/100 VUs, 623 complete and 0 interrupted iterations
saturation   [  51% ] 004/100 VUs  05m19.8s/10m30s  04.11 iters/s

running (05m21.0s), 004/100 VUs, 627 complete and 0 interrupted iterations
saturation   [  51% ] 004/100 VUs  05m20.8s/10m30s  04.13 iters/s

running (05m22.0s), 004/100 VUs, 631 complete and 0 interrupted iterations
saturation   [  51% ] 004/100 VUs  05m21.8s/10m30s  04.15 iters/s

running (05m23.0s), 004/100 VUs, 635 complete and 0 interrupted iterations
saturation   [  51% ] 004/100 VUs  05m22.8s/10m30s  04.17 iters/s

running (05m24.0s), 003/100 VUs, 640 complete and 0 interrupted iterations
saturation   [  51% ] 003/100 VUs  05m23.8s/10m30s  04.20 iters/s

running (05m25.0s), 003/100 VUs, 644 complete and 0 interrupted iterations
saturation   [  52% ] 003/100 VUs  05m24.8s/10m30s  04.22 iters/s

running (05m26.0s), 004/100 VUs, 648 complete and 0 interrupted iterations
saturation   [  52% ] 004/100 VUs  05m25.8s/10m30s  04.24 iters/s

running (05m27.0s), 004/100 VUs, 652 complete and 0 interrupted iterations
saturation   [  52% ] 004/100 VUs  05m26.8s/10m30s  04.26 iters/s

running (05m28.0s), 003/100 VUs, 657 complete and 0 interrupted iterations
saturation   [  52% ] 003/100 VUs  05m27.8s/10m30s  04.28 iters/s

running (05m29.0s), 003/100 VUs, 661 complete and 0 interrupted iterations
saturation   [  52% ] 003/100 VUs  05m28.8s/10m30s  04.31 iters/s

running (05m30.0s), 004/100 VUs, 665 complete and 0 interrupted iterations
saturation   [  52% ] 004/100 VUs  05m29.8s/10m30s  04.33 iters/s

running (05m31.0s), 004/100 VUs, 669 complete and 0 interrupted iterations
saturation   [  53% ] 004/100 VUs  05m30.8s/10m30s  04.35 iters/s

running (05m32.0s), 003/100 VUs, 674 complete and 0 interrupted iterations
saturation   [  53% ] 003/100 VUs  05m31.8s/10m30s  04.37 iters/s

running (05m33.0s), 004/100 VUs, 678 complete and 0 interrupted iterations
saturation   [  53% ] 004/100 VUs  05m32.8s/10m30s  04.40 iters/s

running (05m34.0s), 003/100 VUs, 683 complete and 0 interrupted iterations
saturation   [  53% ] 003/100 VUs  05m33.8s/10m30s  04.42 iters/s

running (05m35.0s), 004/100 VUs, 687 complete and 0 interrupted iterations
saturation   [  53% ] 004/100 VUs  05m34.8s/10m30s  04.44 iters/s

running (05m36.0s), 004/100 VUs, 691 complete and 0 interrupted iterations
saturation   [  53% ] 004/100 VUs  05m35.8s/10m30s  04.46 iters/s

running (05m37.0s), 004/100 VUs, 696 complete and 0 interrupted iterations
saturation   [  53% ] 004/100 VUs  05m36.8s/10m30s  04.49 iters/s

running (05m38.0s), 004/100 VUs, 700 complete and 0 interrupted iterations
saturation   [  54% ] 004/100 VUs  05m37.8s/10m30s  04.51 iters/s

running (05m39.0s), 004/100 VUs, 705 complete and 0 interrupted iterations
saturation   [  54% ] 004/100 VUs  05m38.8s/10m30s  04.53 iters/s

running (05m40.0s), 004/100 VUs, 709 complete and 0 interrupted iterations
saturation   [  54% ] 004/100 VUs  05m39.8s/10m30s  04.55 iters/s

running (05m41.0s), 004/100 VUs, 714 complete and 0 interrupted iterations
saturation   [  54% ] 004/100 VUs  05m40.8s/10m30s  04.58 iters/s

running (05m42.0s), 004/100 VUs, 718 complete and 0 interrupted iterations
saturation   [  54% ] 004/100 VUs  05m41.8s/10m30s  04.59 iters/s

running (05m43.0s), 004/100 VUs, 723 complete and 0 interrupted iterations
saturation   [  54% ] 004/100 VUs  05m42.8s/10m30s  04.62 iters/s

running (05m44.0s), 004/100 VUs, 728 complete and 0 interrupted iterations
saturation   [  55% ] 004/100 VUs  05m43.8s/10m30s  04.64 iters/s

running (05m45.0s), 004/100 VUs, 732 complete and 0 interrupted iterations
saturation   [  55% ] 004/100 VUs  05m44.8s/10m30s  04.66 iters/s

running (05m46.0s), 004/100 VUs, 737 complete and 0 interrupted iterations
saturation   [  55% ] 004/100 VUs  05m45.8s/10m30s  04.69 iters/s

running (05m47.0s), 004/100 VUs, 742 complete and 0 interrupted iterations
saturation   [  55% ] 004/100 VUs  05m46.8s/10m30s  04.71 iters/s

running (05m48.0s), 004/100 VUs, 746 complete and 0 interrupted iterations
saturation   [  55% ] 004/100 VUs  05m47.8s/10m30s  04.73 iters/s

running (05m49.0s), 004/100 VUs, 751 complete and 0 interrupted iterations
saturation   [  55% ] 004/100 VUs  05m48.8s/10m30s  04.75 iters/s

running (05m50.0s), 004/100 VUs, 756 complete and 0 interrupted iterations
saturation   [  56% ] 004/100 VUs  05m49.8s/10m30s  04.77 iters/s

running (05m51.0s), 004/100 VUs, 761 complete and 0 interrupted iterations
saturation   [  56% ] 004/100 VUs  05m50.8s/10m30s  04.80 iters/s

running (05m52.0s), 004/100 VUs, 765 complete and 0 interrupted iterations
saturation   [  56% ] 004/100 VUs  05m51.8s/10m30s  04.82 iters/s

running (05m53.0s), 004/100 VUs, 770 complete and 0 interrupted iterations
saturation   [  56% ] 004/100 VUs  05m52.8s/10m30s  04.84 iters/s

running (05m54.0s), 004/100 VUs, 775 complete and 0 interrupted iterations
saturation   [  56% ] 004/100 VUs  05m53.8s/10m30s  04.86 iters/s

running (05m55.0s), 004/100 VUs, 780 complete and 0 interrupted iterations
saturation   [  56% ] 004/100 VUs  05m54.8s/10m30s  04.89 iters/s

running (05m56.0s), 004/100 VUs, 785 complete and 0 interrupted iterations
saturation   [  56% ] 004/100 VUs  05m55.8s/10m30s  04.91 iters/s

running (05m57.0s), 004/100 VUs, 790 complete and 0 interrupted iterations
saturation   [  57% ] 004/100 VUs  05m56.8s/10m30s  04.93 iters/s

running (05m58.0s), 005/100 VUs, 794 complete and 0 interrupted iterations
saturation   [  57% ] 005/100 VUs  05m57.8s/10m30s  04.95 iters/s

running (05m59.0s), 005/100 VUs, 799 complete and 0 interrupted iterations
saturation   [  57% ] 005/100 VUs  05m58.8s/10m30s  04.98 iters/s

running (06m00.0s), 005/100 VUs, 804 complete and 0 interrupted iterations
saturation   [  57% ] 005/100 VUs  05m59.8s/10m30s  05.00 iters/s

running (06m01.0s), 005/100 VUs, 809 complete and 0 interrupted iterations
saturation   [  57% ] 005/100 VUs  06m00.8s/10m30s  05.03 iters/s

running (06m02.0s), 005/100 VUs, 814 complete and 0 interrupted iterations
saturation   [  57% ] 005/100 VUs  06m01.8s/10m30s  05.06 iters/s

running (06m03.0s), 005/100 VUs, 819 complete and 0 interrupted iterations
saturation   [  58% ] 005/100 VUs  06m02.8s/10m30s  05.10 iters/s

running (06m04.0s), 004/100 VUs, 825 complete and 0 interrupted iterations
saturation   [  58% ] 004/100 VUs  06m03.8s/10m30s  05.13 iters/s

running (06m05.0s), 004/100 VUs, 830 complete and 0 interrupted iterations
saturation   [  58% ] 004/100 VUs  06m04.8s/10m30s  05.16 iters/s

running (06m06.0s), 004/100 VUs, 835 complete and 0 interrupted iterations
saturation   [  58% ] 004/100 VUs  06m05.8s/10m30s  05.19 iters/s

running (06m07.0s), 004/100 VUs, 840 complete and 0 interrupted iterations
saturation   [  58% ] 004/100 VUs  06m06.8s/10m30s  05.22 iters/s

running (06m08.0s), 005/100 VUs, 845 complete and 0 interrupted iterations
saturation   [  58% ] 005/100 VUs  06m07.8s/10m30s  05.26 iters/s

running (06m09.0s), 005/100 VUs, 850 complete and 0 interrupted iterations
saturation   [  59% ] 005/100 VUs  06m08.8s/10m30s  05.29 iters/s

running (06m10.0s), 004/100 VUs, 856 complete and 0 interrupted iterations
saturation   [  59% ] 004/100 VUs  06m09.8s/10m30s  05.33 iters/s

running (06m11.0s), 005/100 VUs, 861 complete and 0 interrupted iterations
saturation   [  59% ] 005/100 VUs  06m10.8s/10m30s  05.36 iters/s

running (06m12.0s), 005/100 VUs, 866 complete and 0 interrupted iterations
saturation   [  59% ] 005/100 VUs  06m11.8s/10m30s  05.39 iters/s

running (06m13.0s), 004/100 VUs, 872 complete and 0 interrupted iterations
saturation   [  59% ] 004/100 VUs  06m12.8s/10m30s  05.43 iters/s

running (06m14.0s), 005/100 VUs, 877 complete and 0 interrupted iterations
saturation   [  59% ] 005/100 VUs  06m13.8s/10m30s  05.46 iters/s

running (06m15.0s), 004/100 VUs, 883 complete and 0 interrupted iterations
saturation   [  59% ] 004/100 VUs  06m14.8s/10m30s  05.49 iters/s

running (06m16.0s), 005/100 VUs, 888 complete and 0 interrupted iterations
saturation   [  60% ] 005/100 VUs  06m15.8s/10m30s  05.53 iters/s

running (06m17.0s), 004/100 VUs, 894 complete and 0 interrupted iterations
saturation   [  60% ] 004/100 VUs  06m16.8s/10m30s  05.56 iters/s

running (06m18.0s), 005/100 VUs, 899 complete and 0 interrupted iterations
saturation   [  60% ] 005/100 VUs  06m17.8s/10m30s  05.59 iters/s

running (06m19.0s), 005/100 VUs, 905 complete and 0 interrupted iterations
saturation   [  60% ] 005/100 VUs  06m18.8s/10m30s  05.63 iters/s

running (06m20.0s), 005/100 VUs, 910 complete and 0 interrupted iterations
saturation   [  60% ] 005/100 VUs  06m19.8s/10m30s  05.66 iters/s

running (06m21.0s), 005/100 VUs, 916 complete and 0 interrupted iterations
saturation   [  60% ] 005/100 VUs  06m20.8s/10m30s  05.70 iters/s

running (06m22.0s), 005/100 VUs, 922 complete and 0 interrupted iterations
saturation   [  61% ] 005/100 VUs  06m21.8s/10m30s  05.73 iters/s

running (06m23.0s), 005/100 VUs, 927 complete and 0 interrupted iterations
saturation   [  61% ] 005/100 VUs  06m22.8s/10m30s  05.76 iters/s

running (06m24.0s), 005/100 VUs, 933 complete and 0 interrupted iterations
saturation   [  61% ] 005/100 VUs  06m23.8s/10m30s  05.79 iters/s

running (06m25.0s), 005/100 VUs, 939 complete and 0 interrupted iterations
saturation   [  61% ] 005/100 VUs  06m24.8s/10m30s  05.83 iters/s

running (06m26.0s), 005/100 VUs, 945 complete and 0 interrupted iterations
saturation   [  61% ] 005/100 VUs  06m25.8s/10m30s  05.86 iters/s

running (06m27.0s), 005/100 VUs, 951 complete and 0 interrupted iterations
saturation   [  61% ] 005/100 VUs  06m26.8s/10m30s  05.90 iters/s

running (06m28.0s), 005/100 VUs, 957 complete and 0 interrupted iterations
saturation   [  62% ] 005/100 VUs  06m27.8s/10m30s  05.93 iters/s

running (06m29.0s), 006/100 VUs, 962 complete and 0 interrupted iterations
saturation   [  62% ] 006/100 VUs  06m28.8s/10m30s  05.96 iters/s

running (06m30.0s), 005/100 VUs, 968 complete and 0 interrupted iterations
saturation   [  62% ] 005/100 VUs  06m29.8s/10m30s  05.99 iters/s

running (06m31.0s), 006/100 VUs, 974 complete and 0 interrupted iterations
saturation   [  62% ] 006/100 VUs  06m30.8s/10m30s  06.03 iters/s

running (06m32.0s), 006/100 VUs, 980 complete and 0 interrupted iterations
saturation   [  62% ] 006/100 VUs  06m31.8s/10m30s  06.06 iters/s

running (06m33.0s), 006/100 VUs, 986 complete and 0 interrupted iterations
saturation   [  62% ] 006/100 VUs  06m32.8s/10m30s  06.10 iters/s

running (06m34.0s), 005/100 VUs, 993 complete and 0 interrupted iterations
saturation   [  63% ] 005/100 VUs  06m33.8s/10m30s  06.13 iters/s

running (06m35.0s), 005/100 VUs, 999 complete and 0 interrupted iterations
saturation   [  63% ] 005/100 VUs  06m34.8s/10m30s  06.16 iters/s

running (06m36.0s), 005/100 VUs, 1005 complete and 0 interrupted iterations
saturation   [  63% ] 005/100 VUs  06m35.8s/10m30s  06.19 iters/s

running (06m37.0s), 005/100 VUs, 1011 complete and 0 interrupted iterations
saturation   [  63% ] 005/100 VUs  06m36.8s/10m30s  06.23 iters/s

running (06m38.0s), 006/100 VUs, 1017 complete and 0 interrupted iterations
saturation   [  63% ] 006/100 VUs  06m37.8s/10m30s  06.26 iters/s

running (06m39.0s), 006/100 VUs, 1023 complete and 0 interrupted iterations
saturation   [  63% ] 006/100 VUs  06m38.8s/10m30s  06.30 iters/s

running (06m40.0s), 005/100 VUs, 1030 complete and 0 interrupted iterations
saturation   [  63% ] 005/100 VUs  06m39.8s/10m30s  06.33 iters/s

running (06m41.0s), 005/100 VUs, 1036 complete and 0 interrupted iterations
saturation   [  64% ] 005/100 VUs  06m40.8s/10m30s  06.36 iters/s

running (06m42.0s), 006/100 VUs, 1042 complete and 0 interrupted iterations
saturation   [  64% ] 006/100 VUs  06m41.8s/10m30s  06.40 iters/s

running (06m43.0s), 005/100 VUs, 1049 complete and 0 interrupted iterations
saturation   [  64% ] 005/100 VUs  06m42.8s/10m30s  06.43 iters/s

running (06m44.0s), 006/100 VUs, 1055 complete and 0 interrupted iterations
saturation   [  64% ] 006/100 VUs  06m43.8s/10m30s  06.46 iters/s

running (06m45.0s), 005/100 VUs, 1062 complete and 0 interrupted iterations
saturation   [  64% ] 005/100 VUs  06m44.8s/10m30s  06.49 iters/s

running (06m46.0s), 006/100 VUs, 1068 complete and 0 interrupted iterations
saturation   [  64% ] 006/100 VUs  06m45.8s/10m30s  06.53 iters/s

running (06m47.0s), 005/100 VUs, 1075 complete and 0 interrupted iterations
saturation   [  65% ] 005/100 VUs  06m46.8s/10m30s  06.56 iters/s

running (06m48.0s), 006/100 VUs, 1081 complete and 0 interrupted iterations
saturation   [  65% ] 006/100 VUs  06m47.8s/10m30s  06.60 iters/s

running (06m49.0s), 005/100 VUs, 1088 complete and 0 interrupted iterations
saturation   [  65% ] 005/100 VUs  06m48.8s/10m30s  06.63 iters/s

running (06m50.0s), 006/100 VUs, 1094 complete and 0 interrupted iterations
saturation   [  65% ] 006/100 VUs  06m49.8s/10m30s  06.66 iters/s

running (06m51.0s), 006/100 VUs, 1101 complete and 0 interrupted iterations
saturation   [  65% ] 006/100 VUs  06m50.8s/10m30s  06.70 iters/s

running (06m52.0s), 005/100 VUs, 1108 complete and 0 interrupted iterations
saturation   [  65% ] 005/100 VUs  06m51.8s/10m30s  06.73 iters/s

running (06m53.0s), 006/100 VUs, 1114 complete and 0 interrupted iterations
saturation   [  66% ] 006/100 VUs  06m52.8s/10m30s  06.76 iters/s

running (06m54.0s), 006/100 VUs, 1121 complete and 0 interrupted iterations
saturation   [  66% ] 006/100 VUs  06m53.8s/10m30s  06.79 iters/s

running (06m55.0s), 006/100 VUs, 1128 complete and 0 interrupted iterations
saturation   [  66% ] 006/100 VUs  06m54.8s/10m30s  06.83 iters/s

running (06m56.0s), 006/100 VUs, 1135 complete and 0 interrupted iterations
saturation   [  66% ] 006/100 VUs  06m55.8s/10m30s  06.86 iters/s

running (06m57.0s), 005/100 VUs, 1142 complete and 0 interrupted iterations
saturation   [  66% ] 005/100 VUs  06m56.8s/10m30s  06.89 iters/s

running (06m58.0s), 005/100 VUs, 1149 complete and 0 interrupted iterations
saturation   [  66% ] 005/100 VUs  06m57.8s/10m30s  06.93 iters/s

running (06m59.0s), 006/100 VUs, 1155 complete and 0 interrupted iterations
saturation   [  66% ] 006/100 VUs  06m58.8s/10m30s  06.96 iters/s

running (07m00.0s), 006/100 VUs, 1162 complete and 0 interrupted iterations
saturation   [  67% ] 006/100 VUs  06m59.8s/10m30s  06.99 iters/s

running (07m01.0s), 006/100 VUs, 1169 complete and 0 interrupted iterations
saturation   [  67% ] 006/100 VUs  07m00.8s/10m30s  07.03 iters/s

running (07m02.0s), 006/100 VUs, 1176 complete and 0 interrupted iterations
saturation   [  67% ] 006/100 VUs  07m01.8s/10m30s  07.06 iters/s

running (07m03.0s), 006/100 VUs, 1183 complete and 0 interrupted iterations
saturation   [  67% ] 006/100 VUs  07m02.8s/10m30s  07.09 iters/s

running (07m04.0s), 007/100 VUs, 1190 complete and 0 interrupted iterations
saturation   [  67% ] 007/100 VUs  07m03.8s/10m30s  07.13 iters/s

running (07m05.0s), 006/100 VUs, 1198 complete and 0 interrupted iterations
saturation   [  67% ] 006/100 VUs  07m04.8s/10m30s  07.16 iters/s

running (07m06.0s), 006/100 VUs, 1205 complete and 0 interrupted iterations
saturation   [  68% ] 006/100 VUs  07m05.8s/10m30s  07.19 iters/s

running (07m07.0s), 006/100 VUs, 1212 complete and 0 interrupted iterations
saturation   [  68% ] 006/100 VUs  07m06.8s/10m30s  07.23 iters/s

running (07m08.0s), 006/100 VUs, 1219 complete and 0 interrupted iterations
saturation   [  68% ] 006/100 VUs  07m07.8s/10m30s  07.26 iters/s

running (07m09.0s), 007/100 VUs, 1226 complete and 0 interrupted iterations
saturation   [  68% ] 007/100 VUs  07m08.8s/10m30s  07.30 iters/s

running (07m10.0s), 006/100 VUs, 1234 complete and 0 interrupted iterations
saturation   [  68% ] 006/100 VUs  07m09.8s/10m30s  07.33 iters/s

running (07m11.0s), 006/100 VUs, 1241 complete and 0 interrupted iterations
saturation   [  68% ] 006/100 VUs  07m10.8s/10m30s  07.36 iters/s

running (07m12.0s), 007/100 VUs, 1248 complete and 0 interrupted iterations
saturation   [  69% ] 007/100 VUs  07m11.8s/10m30s  07.40 iters/s

running (07m13.0s), 006/100 VUs, 1256 complete and 0 interrupted iterations
saturation   [  69% ] 006/100 VUs  07m12.8s/10m30s  07.43 iters/s

running (07m14.0s), 007/100 VUs, 1263 complete and 0 interrupted iterations
saturation   [  69% ] 007/100 VUs  07m13.8s/10m30s  07.46 iters/s

running (07m15.0s), 006/100 VUs, 1271 complete and 0 interrupted iterations
saturation   [  69% ] 006/100 VUs  07m14.8s/10m30s  07.49 iters/s

running (07m16.0s), 007/100 VUs, 1278 complete and 0 interrupted iterations
saturation   [  69% ] 007/100 VUs  07m15.8s/10m30s  07.53 iters/s

running (07m17.0s), 006/100 VUs, 1286 complete and 0 interrupted iterations
saturation   [  69% ] 006/100 VUs  07m16.8s/10m30s  07.56 iters/s

running (07m18.0s), 007/100 VUs, 1293 complete and 0 interrupted iterations
saturation   [  69% ] 007/100 VUs  07m17.8s/10m30s  07.60 iters/s

running (07m19.0s), 006/100 VUs, 1301 complete and 0 interrupted iterations
saturation   [  70% ] 006/100 VUs  07m18.8s/10m30s  07.63 iters/s

running (07m20.0s), 007/100 VUs, 1308 complete and 0 interrupted iterations
saturation   [  70% ] 007/100 VUs  07m19.8s/10m30s  07.66 iters/s

running (07m21.0s), 007/100 VUs, 1316 complete and 0 interrupted iterations
saturation   [  70% ] 007/100 VUs  07m20.8s/10m30s  07.70 iters/s

running (07m22.0s), 006/100 VUs, 1324 complete and 0 interrupted iterations
saturation   [  70% ] 006/100 VUs  07m21.8s/10m30s  07.73 iters/s

running (07m23.0s), 007/100 VUs, 1331 complete and 0 interrupted iterations
saturation   [  70% ] 007/100 VUs  07m22.8s/10m30s  07.76 iters/s

running (07m24.0s), 007/100 VUs, 1339 complete and 0 interrupted iterations
saturation   [  70% ] 007/100 VUs  07m23.8s/10m30s  07.80 iters/s

running (07m25.0s), 007/100 VUs, 1347 complete and 0 interrupted iterations
saturation   [  71% ] 007/100 VUs  07m24.8s/10m30s  07.83 iters/s

running (07m26.0s), 006/100 VUs, 1355 complete and 0 interrupted iterations
saturation   [  71% ] 006/100 VUs  07m25.8s/10m30s  07.86 iters/s

running (07m27.0s), 006/100 VUs, 1363 complete and 0 interrupted iterations
saturation   [  71% ] 006/100 VUs  07m26.8s/10m30s  07.89 iters/s

running (07m28.0s), 006/100 VUs, 1371 complete and 0 interrupted iterations
saturation   [  71% ] 006/100 VUs  07m27.8s/10m30s  07.93 iters/s

running (07m29.0s), 007/100 VUs, 1378 complete and 0 interrupted iterations
saturation   [  71% ] 007/100 VUs  07m28.8s/10m30s  07.96 iters/s

running (07m30.0s), 007/100 VUs, 1386 complete and 0 interrupted iterations
saturation   [  71% ] 007/100 VUs  07m29.8s/10m30s  07.99 iters/s

running (07m31.0s), 007/100 VUs, 1394 complete and 0 interrupted iterations
saturation   [  72% ] 007/100 VUs  07m30.8s/10m30s  08.04 iters/s

running (07m32.0s), 007/100 VUs, 1402 complete and 0 interrupted iterations
saturation   [  72% ] 007/100 VUs  07m31.8s/10m30s  08.08 iters/s

running (07m33.0s), 007/100 VUs, 1410 complete and 0 interrupted iterations
saturation   [  72% ] 007/100 VUs  07m32.8s/10m30s  08.12 iters/s

running (07m34.0s), 006/100 VUs, 1419 complete and 0 interrupted iterations
saturation   [  72% ] 006/100 VUs  07m33.8s/10m30s  08.17 iters/s

running (07m35.0s), 007/100 VUs, 1427 complete and 0 interrupted iterations
saturation   [  72% ] 007/100 VUs  07m34.8s/10m30s  08.22 iters/s

running (07m36.0s), 007/100 VUs, 1435 complete and 0 interrupted iterations
saturation   [  72% ] 007/100 VUs  07m35.8s/10m30s  08.26 iters/s

running (07m37.0s), 007/100 VUs, 1443 complete and 0 interrupted iterations
saturation   [  73% ] 007/100 VUs  07m36.8s/10m30s  08.30 iters/s

running (07m38.0s), 008/100 VUs, 1451 complete and 0 interrupted iterations
saturation   [  73% ] 008/100 VUs  07m37.8s/10m30s  08.35 iters/s

running (07m39.0s), 007/100 VUs, 1460 complete and 0 interrupted iterations
saturation   [  73% ] 007/100 VUs  07m38.8s/10m30s  08.39 iters/s

running (07m40.0s), 007/100 VUs, 1468 complete and 0 interrupted iterations
saturation   [  73% ] 007/100 VUs  07m39.8s/10m30s  08.44 iters/s

running (07m41.0s), 007/100 VUs, 1477 complete and 0 interrupted iterations
saturation   [  73% ] 007/100 VUs  07m40.8s/10m30s  08.48 iters/s

running (07m42.0s), 007/100 VUs, 1485 complete and 0 interrupted iterations
saturation   [  73% ] 007/100 VUs  07m41.8s/10m30s  08.52 iters/s

running (07m43.0s), 007/100 VUs, 1494 complete and 0 interrupted iterations
saturation   [  73% ] 007/100 VUs  07m42.8s/10m30s  08.57 iters/s

running (07m44.0s), 007/100 VUs, 1502 complete and 0 interrupted iterations
saturation   [  74% ] 007/100 VUs  07m43.8s/10m30s  08.61 iters/s

running (07m45.0s), 007/100 VUs, 1511 complete and 0 interrupted iterations
saturation   [  74% ] 007/100 VUs  07m44.8s/10m30s  08.66 iters/s

running (07m46.0s), 008/100 VUs, 1519 complete and 0 interrupted iterations
saturation   [  74% ] 008/100 VUs  07m45.8s/10m30s  08.71 iters/s

running (07m47.0s), 007/100 VUs, 1528 complete and 0 interrupted iterations
saturation   [  74% ] 007/100 VUs  07m46.8s/10m30s  08.75 iters/s

running (07m48.0s), 007/100 VUs, 1537 complete and 0 interrupted iterations
saturation   [  74% ] 007/100 VUs  07m47.8s/10m30s  08.79 iters/s

running (07m49.0s), 007/100 VUs, 1546 complete and 0 interrupted iterations
saturation   [  74% ] 007/100 VUs  07m48.8s/10m30s  08.84 iters/s

running (07m50.0s), 008/100 VUs, 1554 complete and 0 interrupted iterations
saturation   [  75% ] 008/100 VUs  07m49.8s/10m30s  08.88 iters/s

running (07m51.0s), 008/100 VUs, 1563 complete and 0 interrupted iterations
saturation   [  75% ] 008/100 VUs  07m50.8s/10m30s  08.93 iters/s

running (07m52.0s), 008/100 VUs, 1572 complete and 0 interrupted iterations
saturation   [  75% ] 008/100 VUs  07m51.8s/10m30s  08.97 iters/s

running (07m53.0s), 008/100 VUs, 1581 complete and 0 interrupted iterations
saturation   [  75% ] 008/100 VUs  07m52.8s/10m30s  09.02 iters/s

running (07m54.0s), 008/100 VUs, 1590 complete and 0 interrupted iterations
saturation   [  75% ] 008/100 VUs  07m53.8s/10m30s  09.06 iters/s

running (07m55.0s), 008/100 VUs, 1599 complete and 0 interrupted iterations
saturation   [  75% ] 008/100 VUs  07m54.8s/10m30s  09.10 iters/s

running (07m56.0s), 008/100 VUs, 1608 complete and 0 interrupted iterations
saturation   [  76% ] 008/100 VUs  07m55.8s/10m30s  09.15 iters/s

running (07m57.0s), 008/100 VUs, 1617 complete and 0 interrupted iterations
saturation   [  76% ] 008/100 VUs  07m56.8s/10m30s  09.19 iters/s

running (07m58.0s), 007/100 VUs, 1627 complete and 0 interrupted iterations
saturation   [  76% ] 007/100 VUs  07m57.8s/10m30s  09.24 iters/s

running (07m59.0s), 008/100 VUs, 1636 complete and 0 interrupted iterations
saturation   [  76% ] 008/100 VUs  07m58.8s/10m30s  09.28 iters/s

running (08m00.0s), 008/100 VUs, 1645 complete and 0 interrupted iterations
saturation   [  76% ] 008/100 VUs  07m59.8s/10m30s  09.33 iters/s

running (08m01.0s), 008/100 VUs, 1654 complete and 0 interrupted iterations
saturation   [  76% ] 008/100 VUs  08m00.8s/10m30s  09.37 iters/s

running (08m02.0s), 008/100 VUs, 1664 complete and 0 interrupted iterations
saturation   [  76% ] 008/100 VUs  08m01.8s/10m30s  09.42 iters/s

running (08m03.0s), 008/100 VUs, 1673 complete and 0 interrupted iterations
saturation   [  77% ] 008/100 VUs  08m02.8s/10m30s  09.46 iters/s

running (08m04.0s), 009/100 VUs, 1682 complete and 0 interrupted iterations
saturation   [  77% ] 009/100 VUs  08m03.8s/10m30s  09.51 iters/s

running (08m05.0s), 008/100 VUs, 1692 complete and 0 interrupted iterations
saturation   [  77% ] 008/100 VUs  08m04.8s/10m30s  09.55 iters/s

running (08m06.0s), 008/100 VUs, 1702 complete and 0 interrupted iterations
saturation   [  77% ] 008/100 VUs  08m05.8s/10m30s  09.59 iters/s

running (08m07.0s), 008/100 VUs, 1711 complete and 0 interrupted iterations
saturation   [  77% ] 008/100 VUs  08m06.8s/10m30s  09.64 iters/s

running (08m08.0s), 008/100 VUs, 1721 complete and 0 interrupted iterations
saturation   [  77% ] 008/100 VUs  08m07.8s/10m30s  09.68 iters/s

running (08m09.0s), 009/100 VUs, 1730 complete and 0 interrupted iterations
saturation   [  78% ] 009/100 VUs  08m08.8s/10m30s  09.73 iters/s

running (08m10.0s), 008/100 VUs, 1740 complete and 0 interrupted iterations
saturation   [  78% ] 008/100 VUs  08m09.8s/10m30s  09.77 iters/s

running (08m11.0s), 008/100 VUs, 1750 complete and 0 interrupted iterations
saturation   [  78% ] 008/100 VUs  08m10.8s/10m30s  09.81 iters/s

running (08m12.0s), 008/100 VUs, 1760 complete and 0 interrupted iterations
saturation   [  78% ] 008/100 VUs  08m11.8s/10m30s  09.86 iters/s

running (08m13.0s), 009/100 VUs, 1769 complete and 0 interrupted iterations
saturation   [  78% ] 009/100 VUs  08m12.8s/10m30s  09.90 iters/s

running (08m14.0s), 009/100 VUs, 1779 complete and 0 interrupted iterations
saturation   [  78% ] 009/100 VUs  08m13.8s/10m30s  09.95 iters/s

running (08m15.0s), 009/100 VUs, 1789 complete and 0 interrupted iterations
saturation   [  79% ] 009/100 VUs  08m14.8s/10m30s  09.99 iters/s

running (08m16.0s), 009/100 VUs, 1799 complete and 0 interrupted iterations
saturation   [  79% ] 009/100 VUs  08m15.8s/10m30s  10.04 iters/s

running (08m17.0s), 009/100 VUs, 1809 complete and 0 interrupted iterations
saturation   [  79% ] 009/100 VUs  08m16.8s/10m30s  10.08 iters/s

running (08m18.0s), 009/100 VUs, 1819 complete and 0 interrupted iterations
saturation   [  79% ] 009/100 VUs  08m17.8s/10m30s  10.13 iters/s

running (08m19.0s), 008/100 VUs, 1830 complete and 0 interrupted iterations
saturation   [  79% ] 008/100 VUs  08m18.8s/10m30s  10.17 iters/s

running (08m20.0s), 008/100 VUs, 1840 complete and 0 interrupted iterations
saturation   [  79% ] 008/100 VUs  08m19.8s/10m30s  10.21 iters/s

running (08m21.0s), 009/100 VUs, 1850 complete and 0 interrupted iterations
saturation   [  79% ] 009/100 VUs  08m20.8s/10m30s  10.26 iters/s

running (08m22.0s), 009/100 VUs, 1860 complete and 0 interrupted iterations
saturation   [  80% ] 009/100 VUs  08m21.8s/10m30s  10.30 iters/s

running (08m23.0s), 009/100 VUs, 1870 complete and 0 interrupted iterations
saturation   [  80% ] 009/100 VUs  08m22.8s/10m30s  10.35 iters/s

running (08m24.0s), 009/100 VUs, 1881 complete and 0 interrupted iterations
saturation   [  80% ] 009/100 VUs  08m23.8s/10m30s  10.39 iters/s

running (08m25.0s), 009/100 VUs, 1891 complete and 0 interrupted iterations
saturation   [  80% ] 009/100 VUs  08m24.8s/10m30s  10.44 iters/s

running (08m26.0s), 008/100 VUs, 1902 complete and 0 interrupted iterations
saturation   [  80% ] 008/100 VUs  08m25.8s/10m30s  10.48 iters/s

running (08m27.0s), 009/100 VUs, 1912 complete and 0 interrupted iterations
saturation   [  80% ] 009/100 VUs  08m26.8s/10m30s  10.53 iters/s

running (08m28.0s), 009/100 VUs, 1922 complete and 0 interrupted iterations
saturation   [  81% ] 009/100 VUs  08m27.8s/10m30s  10.57 iters/s

running (08m29.0s), 009/100 VUs, 1933 complete and 0 interrupted iterations
saturation   [  81% ] 009/100 VUs  08m28.8s/10m30s  10.61 iters/s

running (08m30.0s), 009/100 VUs, 1944 complete and 0 interrupted iterations
saturation   [  81% ] 009/100 VUs  08m29.8s/10m30s  10.66 iters/s

running (08m31.0s), 009/100 VUs, 1954 complete and 0 interrupted iterations
saturation   [  81% ] 009/100 VUs  08m30.8s/10m30s  10.70 iters/s

running (08m32.0s), 009/100 VUs, 1965 complete and 0 interrupted iterations
saturation   [  81% ] 009/100 VUs  08m31.8s/10m30s  10.75 iters/s

running (08m33.0s), 009/100 VUs, 1976 complete and 0 interrupted iterations
saturation   [  81% ] 009/100 VUs  08m32.8s/10m30s  10.79 iters/s

running (08m34.0s), 010/100 VUs, 1986 complete and 0 interrupted iterations
saturation   [  82% ] 010/100 VUs  08m33.8s/10m30s  10.84 iters/s

running (08m35.0s), 010/100 VUs, 1997 complete and 0 interrupted iterations
saturation   [  82% ] 010/100 VUs  08m34.8s/10m30s  10.88 iters/s

running (08m36.0s), 009/100 VUs, 2008 complete and 0 interrupted iterations
saturation   [  82% ] 009/100 VUs  08m35.8s/10m30s  10.92 iters/s

running (08m37.0s), 009/100 VUs, 2019 complete and 0 interrupted iterations
saturation   [  82% ] 009/100 VUs  08m36.8s/10m30s  10.97 iters/s

running (08m38.0s), 009/100 VUs, 2030 complete and 0 interrupted iterations
saturation   [  82% ] 009/100 VUs  08m37.8s/10m30s  11.01 iters/s

running (08m39.0s), 009/100 VUs, 2041 complete and 0 interrupted iterations
saturation   [  82% ] 009/100 VUs  08m38.8s/10m30s  11.06 iters/s

running (08m40.0s), 010/100 VUs, 2052 complete and 0 interrupted iterations
saturation   [  83% ] 010/100 VUs  08m39.8s/10m30s  11.11 iters/s

running (08m41.0s), 010/100 VUs, 2063 complete and 0 interrupted iterations
saturation   [  83% ] 010/100 VUs  08m40.8s/10m30s  11.15 iters/s

running (08m42.0s), 010/100 VUs, 2074 complete and 0 interrupted iterations
saturation   [  83% ] 010/100 VUs  08m41.8s/10m30s  11.19 iters/s

running (08m43.0s), 010/100 VUs, 2085 complete and 0 interrupted iterations
saturation   [  83% ] 010/100 VUs  08m42.8s/10m30s  11.24 iters/s

running (08m44.0s), 009/100 VUs, 2097 complete and 0 interrupted iterations
saturation   [  83% ] 009/100 VUs  08m43.8s/10m30s  11.28 iters/s

running (08m45.0s), 010/100 VUs, 2108 complete and 0 interrupted iterations
saturation   [  83% ] 010/100 VUs  08m44.8s/10m30s  11.33 iters/s

running (08m46.0s), 010/100 VUs, 2119 complete and 0 interrupted iterations
saturation   [  83% ] 010/100 VUs  08m45.8s/10m30s  11.37 iters/s

running (08m47.0s), 009/100 VUs, 2131 complete and 0 interrupted iterations
saturation   [  84% ] 009/100 VUs  08m46.8s/10m30s  11.41 iters/s

running (08m48.0s), 010/100 VUs, 2142 complete and 0 interrupted iterations
saturation   [  84% ] 010/100 VUs  08m47.8s/10m30s  11.46 iters/s

running (08m49.0s), 009/100 VUs, 2154 complete and 0 interrupted iterations
saturation   [  84% ] 009/100 VUs  08m48.8s/10m30s  11.50 iters/s

running (08m50.0s), 010/100 VUs, 2165 complete and 0 interrupted iterations
saturation   [  84% ] 010/100 VUs  08m49.8s/10m30s  11.55 iters/s

running (08m51.0s), 010/100 VUs, 2176 complete and 0 interrupted iterations
saturation   [  84% ] 010/100 VUs  08m50.8s/10m30s  11.59 iters/s

running (08m52.0s), 010/100 VUs, 2188 complete and 0 interrupted iterations
saturation   [  84% ] 010/100 VUs  08m51.8s/10m30s  11.64 iters/s

running (08m53.0s), 010/100 VUs, 2200 complete and 0 interrupted iterations
saturation   [  85% ] 010/100 VUs  08m52.8s/10m30s  11.68 iters/s

running (08m54.0s), 010/100 VUs, 2211 complete and 0 interrupted iterations
saturation   [  85% ] 010/100 VUs  08m53.8s/10m30s  11.72 iters/s

running (08m55.0s), 010/100 VUs, 2223 complete and 0 interrupted iterations
saturation   [  85% ] 010/100 VUs  08m54.8s/10m30s  11.77 iters/s

running (08m56.0s), 010/100 VUs, 2235 complete and 0 interrupted iterations
saturation   [  85% ] 010/100 VUs  08m55.8s/10m30s  11.82 iters/s

running (08m57.0s), 010/100 VUs, 2247 complete and 0 interrupted iterations
saturation   [  85% ] 010/100 VUs  08m56.8s/10m30s  11.86 iters/s

running (08m58.0s), 010/100 VUs, 2259 complete and 0 interrupted iterations
saturation   [  85% ] 010/100 VUs  08m57.8s/10m30s  11.91 iters/s

running (08m59.0s), 011/100 VUs, 2270 complete and 0 interrupted iterations
saturation   [  86% ] 011/100 VUs  08m58.8s/10m30s  11.95 iters/s

running (09m00.0s), 010/100 VUs, 2282 complete and 0 interrupted iterations
saturation   [  86% ] 010/100 VUs  08m59.8s/10m30s  11.99 iters/s

running (09m01.0s), 010/100 VUs, 2294 complete and 0 interrupted iterations
saturation   [  86% ] 010/100 VUs  09m00.8s/10m30s  12.00 iters/s

running (09m02.0s), 010/100 VUs, 2306 complete and 0 interrupted iterations
saturation   [  86% ] 010/100 VUs  09m01.8s/10m30s  12.00 iters/s

running (09m03.0s), 010/100 VUs, 2318 complete and 0 interrupted iterations
saturation   [  86% ] 010/100 VUs  09m02.8s/10m30s  12.00 iters/s

running (09m04.0s), 010/100 VUs, 2330 complete and 0 interrupted iterations
saturation   [  86% ] 010/100 VUs  09m03.8s/10m30s  12.00 iters/s

running (09m05.0s), 010/100 VUs, 2342 complete and 0 interrupted iterations
saturation   [  86% ] 010/100 VUs  09m04.8s/10m30s  12.00 iters/s

running (09m06.0s), 010/100 VUs, 2354 complete and 0 interrupted iterations
saturation   [  87% ] 010/100 VUs  09m05.8s/10m30s  12.00 iters/s

running (09m07.0s), 010/100 VUs, 2366 complete and 0 interrupted iterations
saturation   [  87% ] 010/100 VUs  09m06.8s/10m30s  12.00 iters/s

running (09m08.0s), 010/100 VUs, 2378 complete and 0 interrupted iterations
saturation   [  87% ] 010/100 VUs  09m07.8s/10m30s  12.00 iters/s

running (09m09.0s), 010/100 VUs, 2390 complete and 0 interrupted iterations
saturation   [  87% ] 010/100 VUs  09m08.8s/10m30s  12.00 iters/s

running (09m10.0s), 010/100 VUs, 2402 complete and 0 interrupted iterations
saturation   [  87% ] 010/100 VUs  09m09.8s/10m30s  12.00 iters/s

running (09m11.0s), 010/100 VUs, 2414 complete and 0 interrupted iterations
saturation   [  87% ] 010/100 VUs  09m10.8s/10m30s  12.00 iters/s

running (09m12.0s), 010/100 VUs, 2426 complete and 0 interrupted iterations
saturation   [  88% ] 010/100 VUs  09m11.8s/10m30s  12.00 iters/s

running (09m13.0s), 010/100 VUs, 2438 complete and 0 interrupted iterations
saturation   [  88% ] 010/100 VUs  09m12.8s/10m30s  12.00 iters/s

running (09m14.0s), 010/100 VUs, 2450 complete and 0 interrupted iterations
saturation   [  88% ] 010/100 VUs  09m13.8s/10m30s  12.00 iters/s

running (09m15.0s), 010/100 VUs, 2462 complete and 0 interrupted iterations
saturation   [  88% ] 010/100 VUs  09m14.8s/10m30s  12.00 iters/s

running (09m16.0s), 010/100 VUs, 2474 complete and 0 interrupted iterations
saturation   [  88% ] 010/100 VUs  09m15.8s/10m30s  12.00 iters/s

running (09m17.0s), 010/100 VUs, 2486 complete and 0 interrupted iterations
saturation   [  88% ] 010/100 VUs  09m16.8s/10m30s  12.00 iters/s

running (09m18.0s), 010/100 VUs, 2498 complete and 0 interrupted iterations
saturation   [  89% ] 010/100 VUs  09m17.8s/10m30s  12.00 iters/s

running (09m19.0s), 010/100 VUs, 2510 complete and 0 interrupted iterations
saturation   [  89% ] 010/100 VUs  09m18.8s/10m30s  12.00 iters/s

running (09m20.0s), 010/100 VUs, 2522 complete and 0 interrupted iterations
saturation   [  89% ] 010/100 VUs  09m19.8s/10m30s  12.00 iters/s

running (09m21.0s), 010/100 VUs, 2534 complete and 0 interrupted iterations
saturation   [  89% ] 010/100 VUs  09m20.8s/10m30s  12.00 iters/s

running (09m22.0s), 010/100 VUs, 2546 complete and 0 interrupted iterations
saturation   [  89% ] 010/100 VUs  09m21.8s/10m30s  12.00 iters/s

running (09m23.0s), 010/100 VUs, 2558 complete and 0 interrupted iterations
saturation   [  89% ] 010/100 VUs  09m22.8s/10m30s  12.00 iters/s

running (09m24.0s), 010/100 VUs, 2570 complete and 0 interrupted iterations
saturation   [  89% ] 010/100 VUs  09m23.8s/10m30s  12.00 iters/s

running (09m25.0s), 010/100 VUs, 2582 complete and 0 interrupted iterations
saturation   [  90% ] 010/100 VUs  09m24.8s/10m30s  12.00 iters/s

running (09m26.0s), 010/100 VUs, 2594 complete and 0 interrupted iterations
saturation   [  90% ] 010/100 VUs  09m25.8s/10m30s  12.00 iters/s

running (09m27.0s), 010/100 VUs, 2606 complete and 0 interrupted iterations
saturation   [  90% ] 010/100 VUs  09m26.8s/10m30s  12.00 iters/s

running (09m28.0s), 010/100 VUs, 2618 complete and 0 interrupted iterations
saturation   [  90% ] 010/100 VUs  09m27.8s/10m30s  12.00 iters/s

running (09m29.0s), 010/100 VUs, 2630 complete and 0 interrupted iterations
saturation   [  90% ] 010/100 VUs  09m28.8s/10m30s  12.00 iters/s

running (09m30.0s), 010/100 VUs, 2642 complete and 0 interrupted iterations
saturation   [  90% ] 010/100 VUs  09m29.8s/10m30s  12.00 iters/s

running (09m31.0s), 010/100 VUs, 2654 complete and 0 interrupted iterations
saturation   [  91% ] 010/100 VUs  09m30.8s/10m30s  12.00 iters/s

running (09m32.0s), 010/100 VUs, 2666 complete and 0 interrupted iterations
saturation   [  91% ] 010/100 VUs  09m31.8s/10m30s  12.00 iters/s

running (09m33.0s), 010/100 VUs, 2678 complete and 0 interrupted iterations
saturation   [  91% ] 010/100 VUs  09m32.8s/10m30s  12.00 iters/s

running (09m34.0s), 010/100 VUs, 2690 complete and 0 interrupted iterations
saturation   [  91% ] 010/100 VUs  09m33.8s/10m30s  12.00 iters/s

running (09m35.0s), 010/100 VUs, 2702 complete and 0 interrupted iterations
saturation   [  91% ] 010/100 VUs  09m34.8s/10m30s  12.00 iters/s

running (09m36.0s), 010/100 VUs, 2714 complete and 0 interrupted iterations
saturation   [  91% ] 010/100 VUs  09m35.8s/10m30s  12.00 iters/s

running (09m37.0s), 010/100 VUs, 2726 complete and 0 interrupted iterations
saturation   [  92% ] 010/100 VUs  09m36.8s/10m30s  12.00 iters/s

running (09m38.0s), 010/100 VUs, 2738 complete and 0 interrupted iterations
saturation   [  92% ] 010/100 VUs  09m37.8s/10m30s  12.00 iters/s

running (09m39.0s), 010/100 VUs, 2750 complete and 0 interrupted iterations
saturation   [  92% ] 010/100 VUs  09m38.8s/10m30s  12.00 iters/s

running (09m40.0s), 010/100 VUs, 2762 complete and 0 interrupted iterations
saturation   [  92% ] 010/100 VUs  09m39.8s/10m30s  12.00 iters/s

running (09m41.0s), 010/100 VUs, 2774 complete and 0 interrupted iterations
saturation   [  92% ] 010/100 VUs  09m40.8s/10m30s  12.00 iters/s

running (09m42.0s), 010/100 VUs, 2786 complete and 0 interrupted iterations
saturation   [  92% ] 010/100 VUs  09m41.8s/10m30s  12.00 iters/s

running (09m43.0s), 010/100 VUs, 2798 complete and 0 interrupted iterations
saturation   [  93% ] 010/100 VUs  09m42.8s/10m30s  12.00 iters/s

running (09m44.0s), 010/100 VUs, 2810 complete and 0 interrupted iterations
saturation   [  93% ] 010/100 VUs  09m43.8s/10m30s  12.00 iters/s

running (09m45.0s), 010/100 VUs, 2822 complete and 0 interrupted iterations
saturation   [  93% ] 010/100 VUs  09m44.8s/10m30s  12.00 iters/s

running (09m46.0s), 010/100 VUs, 2834 complete and 0 interrupted iterations
saturation   [  93% ] 010/100 VUs  09m45.8s/10m30s  12.00 iters/s

running (09m47.0s), 010/100 VUs, 2846 complete and 0 interrupted iterations
saturation   [  93% ] 010/100 VUs  09m46.8s/10m30s  12.00 iters/s

running (09m48.0s), 010/100 VUs, 2858 complete and 0 interrupted iterations
saturation   [  93% ] 010/100 VUs  09m47.8s/10m30s  12.00 iters/s

running (09m49.0s), 010/100 VUs, 2870 complete and 0 interrupted iterations
saturation   [  93% ] 010/100 VUs  09m48.8s/10m30s  12.00 iters/s

running (09m50.0s), 010/100 VUs, 2882 complete and 0 interrupted iterations
saturation   [  94% ] 010/100 VUs  09m49.8s/10m30s  12.00 iters/s

running (09m51.0s), 010/100 VUs, 2894 complete and 0 interrupted iterations
saturation   [  94% ] 010/100 VUs  09m50.8s/10m30s  12.00 iters/s

running (09m52.0s), 010/100 VUs, 2906 complete and 0 interrupted iterations
saturation   [  94% ] 010/100 VUs  09m51.8s/10m30s  12.00 iters/s

running (09m53.0s), 010/100 VUs, 2918 complete and 0 interrupted iterations
saturation   [  94% ] 010/100 VUs  09m52.8s/10m30s  12.00 iters/s

running (09m54.0s), 010/100 VUs, 2930 complete and 0 interrupted iterations
saturation   [  94% ] 010/100 VUs  09m53.8s/10m30s  12.00 iters/s

running (09m55.0s), 010/100 VUs, 2942 complete and 0 interrupted iterations
saturation   [  94% ] 010/100 VUs  09m54.8s/10m30s  12.00 iters/s

running (09m56.0s), 010/100 VUs, 2954 complete and 0 interrupted iterations
saturation   [  95% ] 010/100 VUs  09m55.8s/10m30s  12.00 iters/s

running (09m57.0s), 010/100 VUs, 2966 complete and 0 interrupted iterations
saturation   [  95% ] 010/100 VUs  09m56.8s/10m30s  12.00 iters/s

running (09m58.0s), 010/100 VUs, 2978 complete and 0 interrupted iterations
saturation   [  95% ] 010/100 VUs  09m57.8s/10m30s  12.00 iters/s

running (09m59.0s), 010/100 VUs, 2990 complete and 0 interrupted iterations
saturation   [  95% ] 010/100 VUs  09m58.8s/10m30s  12.00 iters/s

running (10m00.0s), 010/100 VUs, 3002 complete and 0 interrupted iterations
saturation   [  95% ] 010/100 VUs  09m59.8s/10m30s  12.00 iters/s

running (10m01.0s), 010/100 VUs, 3014 complete and 0 interrupted iterations
saturation   [  95% ] 010/100 VUs  10m00.8s/10m30s  12.00 iters/s

running (10m02.0s), 010/100 VUs, 3026 complete and 0 interrupted iterations
saturation   [  96% ] 010/100 VUs  10m01.8s/10m30s  12.00 iters/s

running (10m03.0s), 010/100 VUs, 3038 complete and 0 interrupted iterations
saturation   [  96% ] 010/100 VUs  10m02.8s/10m30s  12.00 iters/s

running (10m04.0s), 010/100 VUs, 3050 complete and 0 interrupted iterations
saturation   [  96% ] 010/100 VUs  10m03.8s/10m30s  12.00 iters/s

running (10m05.0s), 010/100 VUs, 3062 complete and 0 interrupted iterations
saturation   [  96% ] 010/100 VUs  10m04.8s/10m30s  12.00 iters/s

running (10m06.0s), 010/100 VUs, 3074 complete and 0 interrupted iterations
saturation   [  96% ] 010/100 VUs  10m05.8s/10m30s  12.00 iters/s

running (10m07.0s), 010/100 VUs, 3086 complete and 0 interrupted iterations
saturation   [  96% ] 010/100 VUs  10m06.8s/10m30s  12.00 iters/s

running (10m08.0s), 010/100 VUs, 3098 complete and 0 interrupted iterations
saturation   [  96% ] 010/100 VUs  10m07.8s/10m30s  12.00 iters/s

running (10m09.0s), 010/100 VUs, 3110 complete and 0 interrupted iterations
saturation   [  97% ] 010/100 VUs  10m08.8s/10m30s  12.00 iters/s

running (10m10.0s), 010/100 VUs, 3122 complete and 0 interrupted iterations
saturation   [  97% ] 010/100 VUs  10m09.8s/10m30s  12.00 iters/s

running (10m11.0s), 010/100 VUs, 3134 complete and 0 interrupted iterations
saturation   [  97% ] 010/100 VUs  10m10.8s/10m30s  12.00 iters/s

running (10m12.0s), 010/100 VUs, 3146 complete and 0 interrupted iterations
saturation   [  97% ] 010/100 VUs  10m11.8s/10m30s  12.00 iters/s

running (10m13.0s), 010/100 VUs, 3158 complete and 0 interrupted iterations
saturation   [  97% ] 010/100 VUs  10m12.8s/10m30s  12.00 iters/s

running (10m14.0s), 010/100 VUs, 3170 complete and 0 interrupted iterations
saturation   [  97% ] 010/100 VUs  10m13.8s/10m30s  12.00 iters/s

running (10m15.0s), 010/100 VUs, 3182 complete and 0 interrupted iterations
saturation   [  98% ] 010/100 VUs  10m14.8s/10m30s  12.00 iters/s

running (10m16.0s), 010/100 VUs, 3194 complete and 0 interrupted iterations
saturation   [  98% ] 010/100 VUs  10m15.8s/10m30s  12.00 iters/s

running (10m17.0s), 010/100 VUs, 3206 complete and 0 interrupted iterations
saturation   [  98% ] 010/100 VUs  10m16.8s/10m30s  12.00 iters/s

running (10m18.0s), 010/100 VUs, 3218 complete and 0 interrupted iterations
saturation   [  98% ] 010/100 VUs  10m17.8s/10m30s  12.00 iters/s

running (10m19.0s), 010/100 VUs, 3230 complete and 0 interrupted iterations
saturation   [  98% ] 010/100 VUs  10m18.8s/10m30s  12.00 iters/s

running (10m20.0s), 010/100 VUs, 3242 complete and 0 interrupted iterations
saturation   [  98% ] 010/100 VUs  10m19.8s/10m30s  12.00 iters/s

running (10m21.0s), 010/100 VUs, 3254 complete and 0 interrupted iterations
saturation   [  99% ] 010/100 VUs  10m20.8s/10m30s  12.00 iters/s

running (10m22.0s), 010/100 VUs, 3266 complete and 0 interrupted iterations
saturation   [  99% ] 010/100 VUs  10m21.8s/10m30s  12.00 iters/s

running (10m23.0s), 009/100 VUs, 3279 complete and 0 interrupted iterations
saturation   [  99% ] 009/100 VUs  10m22.8s/10m30s  12.00 iters/s

running (10m24.0s), 010/100 VUs, 3290 complete and 0 interrupted iterations
saturation   [  99% ] 010/100 VUs  10m23.8s/10m30s  12.00 iters/s

running (10m25.0s), 010/100 VUs, 3302 complete and 0 interrupted iterations
saturation   [  99% ] 010/100 VUs  10m24.8s/10m30s  12.00 iters/s

running (10m26.0s), 010/100 VUs, 3314 complete and 0 interrupted iterations
saturation   [  99% ] 010/100 VUs  10m25.8s/10m30s  12.00 iters/s

running (10m27.0s), 010/100 VUs, 3326 complete and 0 interrupted iterations
saturation   [  99% ] 010/100 VUs  10m26.8s/10m30s  12.00 iters/s

running (10m28.0s), 010/100 VUs, 3338 complete and 0 interrupted iterations
saturation   [ 100% ] 010/100 VUs  10m27.8s/10m30s  12.00 iters/s

running (10m29.0s), 010/100 VUs, 3350 complete and 0 interrupted iterations
saturation   [ 100% ] 010/100 VUs  10m28.8s/10m30s  12.00 iters/s

running (10m30.0s), 010/100 VUs, 3362 complete and 0 interrupted iterations
saturation   [ 100% ] 010/100 VUs  10m29.8s/10m30s  12.00 iters/s

running (10m30.9s), 000/100 VUs, 3374 complete and 0 interrupted iterations
saturation ✓ [ 100% ] 000/100 VUs  10m30s  12.00 iters/s

================ DSP benchmark summary ================
-- per-phase latency --
  catalog                    p50=18.3 ms  p95=25.2 ms  p99=27.9 ms  max=33.9 ms  n=3374
  negotiation init (POST)    p50=10.2 ms  p95=12.1 ms  p99=17.9 ms  max=23.3 ms  n=3374
  time-to-AGREED (async)     p50=253.0 ms  p95=254.0 ms  p99=254.0 ms  max=269.0 ms  n=3374
  transfer init (POST)       p50=29.5 ms  p95=34.8 ms  p99=42.6 ms  max=50.0 ms  n=3374
  time-to-EDR (async)        p50=252.0 ms  p95=253.0 ms  p99=254.0 ms  max=260.0 ms  n=3374
  data pull                  p50=23.7 ms  p95=30.6 ms  p99=37.7 ms  max=48.4 ms  n=3374
-- end-to-end + throughput --
  e2e transaction            p50=849.0 ms  p95=862.0 ms  p99=868.0 ms  max=890.0 ms  n=3374
  data throughput (MB/s)     p50=0.0  p95=0.0  p99=0.0  max=0.0  n=3374
-- outcomes --
  transactions succeeded     count=3374  rate=5.348/s
  transactions failed        (no data)
  failed rate                rate=0.00%  (pass=0 fail=3374)
    of which TERMINATED      (no data)
    of which TIMED OUT       (no data)
    of which HTTP-FAILED     (no data)
  failure accounting       (no failures)
-- observer effect (poll load) --
  negotiation polls          count=6748  rate=10.696/s
  edr polls                  count=6748  rate=10.696/s
  polls per transaction     negotiation=2.0  edr=2.0  (timeout ceiling=120)
=======================================================
(full summary -> /home/rohitj/edc/benchmarking-dsp-native-basyx/k6-scripts/results/basyx/off/saturation-open/2026-08-03T16-59-26Z/k6-summary.json; POLL_INTERVAL_MS=250; IDENTITY_MODE=off)

running (10m30.9s), 000/100 VUs, 3374 complete and 0 interrupted iterations
saturation ✓ [ 100% ] 000/100 VUs  10m30s  12.00 iters/s
Prometheus snapshot [1785776427..1785777074] svc=(dsp-native-basyx|consumer-controlplane) win=1m -> /home/rohitj/edc/benchmarking-dsp-native-basyx/k6-scripts/results/basyx/off/saturation-open/2026-08-03T16-59-26Z
  jvm-heap.csv (130 rows)
  jvm-gc-rate.csv (130 rows)
  jvm-threads.csv (130 rows)
  http-throughput.csv (130 rows)
  http-p95.csv (130 rows)
  http-errors.csv (130 rows)
  http-errors-5xx.csv (0 rows)
  http-status.csv (260 rows)
  host-cpu-busy.csv (130 rows)
  host-mem-used.csv (130 rows)
  5xx: no 5xx in window (confirmed: http-status has 260 samples, so the status label IS scraped)
  logs -> /home/rohitj/edc/benchmarking-dsp-native-basyx/k6-scripts/results/basyx/off/saturation-open/2026-08-03T16-59-26Z/logs (1 files)
0
Settling 60s (this run stressed the connector; the next one must not inherit its backlog)
VALIDITY  ok=3374  failed=0  failed_rate=0%  dropped_iterations=0
>>> done: /home/rohitj/edc/benchmarking-dsp-native-basyx/k6-scripts/results/basyx/off/saturation-open/2026-08-03T16-59-26Z  (k6 exit 0)
