
         /\      Grafana   /‾‾/  
    /\  /  \     |\  __   /  /   
   /  \/    \    | |/ /  /   ‾‾\ 
  /          \   |   (  |  (‾)  |
 / __________ \  |_|\_\  \_____/ 


     execution: local
        script: /home/rohitj/edc/benchmarking-dsp-native-basyx/k6-scripts/basyx-off/saturation-open.js
        output: Prometheus remote write (http://localhost:9090/api/v1/write)

     scenarios: (100.00%) 1 scenario, 800 max VUs, 11m0s max duration (incl. graceful stop):
              * saturation: Up to 6.00 iterations/s for 10m30s over 7 stages (maxVUs: 600-800, gracefulStop: 30s)


running (00m00.8s), 000/600 VUs, 0 complete and 0 interrupted iterations
saturation   [   0% ] 000/600 VUs  00m00.5s/10m30s  1.00 iters/s

running (00m01.8s), 001/600 VUs, 0 complete and 0 interrupted iterations
saturation   [   0% ] 001/600 VUs  00m01.5s/10m30s  1.00 iters/s

running (00m02.8s), 001/600 VUs, 1 complete and 0 interrupted iterations
saturation   [   0% ] 001/600 VUs  00m02.5s/10m30s  1.00 iters/s

running (00m03.8s), 001/600 VUs, 2 complete and 0 interrupted iterations
saturation   [   1% ] 001/600 VUs  00m03.5s/10m30s  1.00 iters/s

running (00m04.8s), 001/600 VUs, 3 complete and 0 interrupted iterations
saturation   [   1% ] 001/600 VUs  00m04.5s/10m30s  1.00 iters/s

running (00m05.8s), 001/600 VUs, 4 complete and 0 interrupted iterations
saturation   [   1% ] 001/600 VUs  00m05.5s/10m30s  1.00 iters/s

running (00m06.8s), 001/600 VUs, 5 complete and 0 interrupted iterations
saturation   [   1% ] 001/600 VUs  00m06.5s/10m30s  1.00 iters/s

running (00m07.8s), 001/600 VUs, 6 complete and 0 interrupted iterations
saturation   [   1% ] 001/600 VUs  00m07.5s/10m30s  1.00 iters/s

running (00m08.8s), 001/600 VUs, 7 complete and 0 interrupted iterations
saturation   [   1% ] 001/600 VUs  00m08.5s/10m30s  1.00 iters/s

running (00m09.8s), 001/600 VUs, 8 complete and 0 interrupted iterations
saturation   [   2% ] 001/600 VUs  00m09.5s/10m30s  1.00 iters/s

running (00m10.8s), 001/600 VUs, 9 complete and 0 interrupted iterations
saturation   [   2% ] 001/600 VUs  00m10.5s/10m30s  1.00 iters/s

running (00m11.8s), 001/600 VUs, 10 complete and 0 interrupted iterations
saturation   [   2% ] 001/600 VUs  00m11.5s/10m30s  1.00 iters/s

running (00m12.8s), 001/600 VUs, 11 complete and 0 interrupted iterations
saturation   [   2% ] 001/600 VUs  00m12.5s/10m30s  1.00 iters/s

running (00m13.8s), 001/600 VUs, 12 complete and 0 interrupted iterations
saturation   [   2% ] 001/600 VUs  00m13.5s/10m30s  1.00 iters/s

running (00m14.8s), 001/600 VUs, 13 complete and 0 interrupted iterations
saturation   [   2% ] 001/600 VUs  00m14.5s/10m30s  1.00 iters/s

running (00m15.8s), 001/600 VUs, 14 complete and 0 interrupted iterations
saturation   [   2% ] 001/600 VUs  00m15.5s/10m30s  1.00 iters/s

running (00m16.8s), 001/600 VUs, 15 complete and 0 interrupted iterations
saturation   [   3% ] 001/600 VUs  00m16.5s/10m30s  1.00 iters/s

running (00m17.8s), 001/600 VUs, 16 complete and 0 interrupted iterations
saturation   [   3% ] 001/600 VUs  00m17.5s/10m30s  1.00 iters/s

running (00m18.8s), 001/600 VUs, 17 complete and 0 interrupted iterations
saturation   [   3% ] 001/600 VUs  00m18.5s/10m30s  1.00 iters/s

running (00m19.8s), 001/600 VUs, 18 complete and 0 interrupted iterations
saturation   [   3% ] 001/600 VUs  00m19.5s/10m30s  1.00 iters/s

running (00m20.8s), 001/600 VUs, 19 complete and 0 interrupted iterations
saturation   [   3% ] 001/600 VUs  00m20.5s/10m30s  1.00 iters/s

running (00m21.8s), 001/600 VUs, 20 complete and 0 interrupted iterations
saturation   [   3% ] 001/600 VUs  00m21.5s/10m30s  1.00 iters/s

running (00m22.8s), 001/600 VUs, 21 complete and 0 interrupted iterations
saturation   [   4% ] 001/600 VUs  00m22.5s/10m30s  1.00 iters/s

running (00m23.8s), 001/600 VUs, 22 complete and 0 interrupted iterations
saturation   [   4% ] 001/600 VUs  00m23.5s/10m30s  1.00 iters/s

running (00m24.8s), 001/600 VUs, 23 complete and 0 interrupted iterations
saturation   [   4% ] 001/600 VUs  00m24.5s/10m30s  1.00 iters/s

running (00m25.8s), 001/600 VUs, 24 complete and 0 interrupted iterations
saturation   [   4% ] 001/600 VUs  00m25.5s/10m30s  1.00 iters/s

running (00m26.8s), 001/600 VUs, 25 complete and 0 interrupted iterations
saturation   [   4% ] 001/600 VUs  00m26.5s/10m30s  1.00 iters/s

running (00m27.8s), 001/600 VUs, 26 complete and 0 interrupted iterations
saturation   [   4% ] 001/600 VUs  00m27.5s/10m30s  1.00 iters/s

running (00m28.8s), 001/600 VUs, 27 complete and 0 interrupted iterations
saturation   [   5% ] 001/600 VUs  00m28.5s/10m30s  1.00 iters/s

running (00m29.8s), 001/600 VUs, 28 complete and 0 interrupted iterations
saturation   [   5% ] 001/600 VUs  00m29.5s/10m30s  1.00 iters/s

running (00m30.8s), 001/600 VUs, 29 complete and 0 interrupted iterations
saturation   [   5% ] 001/600 VUs  00m30.5s/10m30s  1.00 iters/s

running (00m31.8s), 001/600 VUs, 30 complete and 0 interrupted iterations
saturation   [   5% ] 001/600 VUs  00m31.5s/10m30s  1.00 iters/s

running (00m32.8s), 001/600 VUs, 31 complete and 0 interrupted iterations
saturation   [   5% ] 001/600 VUs  00m32.5s/10m30s  1.00 iters/s

running (00m33.8s), 001/600 VUs, 32 complete and 0 interrupted iterations
saturation   [   5% ] 001/600 VUs  00m33.5s/10m30s  1.00 iters/s

running (00m34.8s), 001/600 VUs, 33 complete and 0 interrupted iterations
saturation   [   5% ] 001/600 VUs  00m34.5s/10m30s  1.00 iters/s

running (00m35.8s), 001/600 VUs, 34 complete and 0 interrupted iterations
saturation   [   6% ] 001/600 VUs  00m35.5s/10m30s  1.00 iters/s

running (00m36.8s), 001/600 VUs, 35 complete and 0 interrupted iterations
saturation   [   6% ] 001/600 VUs  00m36.5s/10m30s  1.00 iters/s

running (00m37.8s), 001/600 VUs, 36 complete and 0 interrupted iterations
saturation   [   6% ] 001/600 VUs  00m37.5s/10m30s  1.00 iters/s

running (00m38.8s), 001/600 VUs, 37 complete and 0 interrupted iterations
saturation   [   6% ] 001/600 VUs  00m38.5s/10m30s  1.00 iters/s

running (00m39.8s), 001/600 VUs, 38 complete and 0 interrupted iterations
saturation   [   6% ] 001/600 VUs  00m39.5s/10m30s  1.00 iters/s

running (00m40.8s), 001/600 VUs, 39 complete and 0 interrupted iterations
saturation   [   6% ] 001/600 VUs  00m40.5s/10m30s  1.00 iters/s

running (00m41.8s), 001/600 VUs, 40 complete and 0 interrupted iterations
saturation   [   7% ] 001/600 VUs  00m41.5s/10m30s  1.00 iters/s

running (00m42.8s), 001/600 VUs, 41 complete and 0 interrupted iterations
saturation   [   7% ] 001/600 VUs  00m42.5s/10m30s  1.00 iters/s

running (00m43.8s), 001/600 VUs, 42 complete and 0 interrupted iterations
saturation   [   7% ] 001/600 VUs  00m43.5s/10m30s  1.00 iters/s

running (00m44.8s), 001/600 VUs, 43 complete and 0 interrupted iterations
saturation   [   7% ] 001/600 VUs  00m44.5s/10m30s  1.00 iters/s

running (00m45.8s), 001/600 VUs, 44 complete and 0 interrupted iterations
saturation   [   7% ] 001/600 VUs  00m45.5s/10m30s  1.00 iters/s

running (00m46.8s), 001/600 VUs, 45 complete and 0 interrupted iterations
saturation   [   7% ] 001/600 VUs  00m46.5s/10m30s  1.00 iters/s

running (00m47.8s), 001/600 VUs, 46 complete and 0 interrupted iterations
saturation   [   8% ] 001/600 VUs  00m47.5s/10m30s  1.00 iters/s

running (00m48.8s), 001/600 VUs, 47 complete and 0 interrupted iterations
saturation   [   8% ] 001/600 VUs  00m48.5s/10m30s  1.00 iters/s

running (00m49.8s), 001/600 VUs, 48 complete and 0 interrupted iterations
saturation   [   8% ] 001/600 VUs  00m49.5s/10m30s  1.00 iters/s

running (00m50.8s), 001/600 VUs, 49 complete and 0 interrupted iterations
saturation   [   8% ] 001/600 VUs  00m50.5s/10m30s  1.00 iters/s

running (00m51.8s), 001/600 VUs, 50 complete and 0 interrupted iterations
saturation   [   8% ] 001/600 VUs  00m51.5s/10m30s  1.00 iters/s

running (00m52.8s), 001/600 VUs, 51 complete and 0 interrupted iterations
saturation   [   8% ] 001/600 VUs  00m52.5s/10m30s  1.00 iters/s

running (00m53.8s), 001/600 VUs, 52 complete and 0 interrupted iterations
saturation   [   8% ] 001/600 VUs  00m53.5s/10m30s  1.00 iters/s

running (00m54.8s), 001/600 VUs, 53 complete and 0 interrupted iterations
saturation   [   9% ] 001/600 VUs  00m54.5s/10m30s  1.00 iters/s

running (00m55.8s), 001/600 VUs, 54 complete and 0 interrupted iterations
saturation   [   9% ] 001/600 VUs  00m55.5s/10m30s  1.00 iters/s

running (00m56.8s), 001/600 VUs, 55 complete and 0 interrupted iterations
saturation   [   9% ] 001/600 VUs  00m56.5s/10m30s  1.00 iters/s

running (00m57.8s), 001/600 VUs, 56 complete and 0 interrupted iterations
saturation   [   9% ] 001/600 VUs  00m57.5s/10m30s  1.00 iters/s

running (00m58.8s), 001/600 VUs, 57 complete and 0 interrupted iterations
saturation   [   9% ] 001/600 VUs  00m58.5s/10m30s  1.00 iters/s

running (00m59.8s), 001/600 VUs, 58 complete and 0 interrupted iterations
saturation   [   9% ] 001/600 VUs  00m59.5s/10m30s  1.00 iters/s

running (01m00.8s), 001/600 VUs, 59 complete and 0 interrupted iterations
saturation   [  10% ] 001/600 VUs  01m00.5s/10m30s  1.00 iters/s

running (01m01.8s), 001/600 VUs, 60 complete and 0 interrupted iterations
saturation   [  10% ] 001/600 VUs  01m01.5s/10m30s  1.00 iters/s

running (01m02.8s), 001/600 VUs, 61 complete and 0 interrupted iterations
saturation   [  10% ] 001/600 VUs  01m02.5s/10m30s  1.00 iters/s

running (01m03.8s), 001/600 VUs, 62 complete and 0 interrupted iterations
saturation   [  10% ] 001/600 VUs  01m03.5s/10m30s  1.00 iters/s

running (01m04.8s), 001/600 VUs, 63 complete and 0 interrupted iterations
saturation   [  10% ] 001/600 VUs  01m04.5s/10m30s  1.00 iters/s

running (01m05.8s), 001/600 VUs, 64 complete and 0 interrupted iterations
saturation   [  10% ] 001/600 VUs  01m05.5s/10m30s  1.00 iters/s

running (01m06.8s), 001/600 VUs, 65 complete and 0 interrupted iterations
saturation   [  11% ] 001/600 VUs  01m06.5s/10m30s  1.00 iters/s

running (01m07.8s), 001/600 VUs, 66 complete and 0 interrupted iterations
saturation   [  11% ] 001/600 VUs  01m07.5s/10m30s  1.00 iters/s

running (01m08.8s), 001/600 VUs, 67 complete and 0 interrupted iterations
saturation   [  11% ] 001/600 VUs  01m08.5s/10m30s  1.00 iters/s

running (01m09.8s), 001/600 VUs, 68 complete and 0 interrupted iterations
saturation   [  11% ] 001/600 VUs  01m09.5s/10m30s  1.00 iters/s

running (01m10.8s), 001/600 VUs, 69 complete and 0 interrupted iterations
saturation   [  11% ] 001/600 VUs  01m10.5s/10m30s  1.00 iters/s

running (01m11.8s), 001/600 VUs, 70 complete and 0 interrupted iterations
saturation   [  11% ] 001/600 VUs  01m11.5s/10m30s  1.00 iters/s

running (01m12.8s), 001/600 VUs, 71 complete and 0 interrupted iterations
saturation   [  12% ] 001/600 VUs  01m12.5s/10m30s  1.00 iters/s

running (01m13.8s), 001/600 VUs, 72 complete and 0 interrupted iterations
saturation   [  12% ] 001/600 VUs  01m13.5s/10m30s  1.00 iters/s

running (01m14.8s), 001/600 VUs, 73 complete and 0 interrupted iterations
saturation   [  12% ] 001/600 VUs  01m14.5s/10m30s  1.00 iters/s

running (01m15.8s), 001/600 VUs, 74 complete and 0 interrupted iterations
saturation   [  12% ] 001/600 VUs  01m15.5s/10m30s  1.00 iters/s

running (01m16.8s), 001/600 VUs, 75 complete and 0 interrupted iterations
saturation   [  12% ] 001/600 VUs  01m16.5s/10m30s  1.00 iters/s

running (01m17.8s), 001/600 VUs, 76 complete and 0 interrupted iterations
saturation   [  12% ] 001/600 VUs  01m17.5s/10m30s  1.00 iters/s

running (01m18.8s), 001/600 VUs, 77 complete and 0 interrupted iterations
saturation   [  12% ] 001/600 VUs  01m18.5s/10m30s  1.00 iters/s

running (01m19.8s), 001/600 VUs, 78 complete and 0 interrupted iterations
saturation   [  13% ] 001/600 VUs  01m19.5s/10m30s  1.00 iters/s

running (01m20.8s), 001/600 VUs, 79 complete and 0 interrupted iterations
saturation   [  13% ] 001/600 VUs  01m20.5s/10m30s  1.00 iters/s

running (01m21.8s), 001/600 VUs, 80 complete and 0 interrupted iterations
saturation   [  13% ] 001/600 VUs  01m21.5s/10m30s  1.00 iters/s

running (01m22.8s), 001/600 VUs, 81 complete and 0 interrupted iterations
saturation   [  13% ] 001/600 VUs  01m22.5s/10m30s  1.00 iters/s

running (01m23.8s), 001/600 VUs, 82 complete and 0 interrupted iterations
saturation   [  13% ] 001/600 VUs  01m23.5s/10m30s  1.00 iters/s

running (01m24.8s), 001/600 VUs, 83 complete and 0 interrupted iterations
saturation   [  13% ] 001/600 VUs  01m24.5s/10m30s  1.00 iters/s

running (01m25.8s), 001/600 VUs, 84 complete and 0 interrupted iterations
saturation   [  14% ] 001/600 VUs  01m25.5s/10m30s  1.00 iters/s

running (01m26.8s), 001/600 VUs, 85 complete and 0 interrupted iterations
saturation   [  14% ] 001/600 VUs  01m26.5s/10m30s  1.00 iters/s

running (01m27.8s), 001/600 VUs, 86 complete and 0 interrupted iterations
saturation   [  14% ] 001/600 VUs  01m27.5s/10m30s  1.00 iters/s

running (01m28.8s), 001/600 VUs, 87 complete and 0 interrupted iterations
saturation   [  14% ] 001/600 VUs  01m28.5s/10m30s  1.00 iters/s

running (01m29.8s), 001/600 VUs, 88 complete and 0 interrupted iterations
saturation   [  14% ] 001/600 VUs  01m29.5s/10m30s  1.00 iters/s

running (01m30.8s), 001/600 VUs, 89 complete and 0 interrupted iterations
saturation   [  14% ] 001/600 VUs  01m30.5s/10m30s  1.01 iters/s

running (01m31.8s), 001/600 VUs, 90 complete and 0 interrupted iterations
saturation   [  15% ] 001/600 VUs  01m31.5s/10m30s  1.02 iters/s

running (01m32.8s), 001/600 VUs, 91 complete and 0 interrupted iterations
saturation   [  15% ] 001/600 VUs  01m32.5s/10m30s  1.03 iters/s

running (01m33.8s), 001/600 VUs, 92 complete and 0 interrupted iterations
saturation   [  15% ] 001/600 VUs  01m33.5s/10m30s  1.04 iters/s

running (01m34.8s), 001/600 VUs, 93 complete and 0 interrupted iterations
saturation   [  15% ] 001/600 VUs  01m34.5s/10m30s  1.05 iters/s

running (01m35.8s), 001/600 VUs, 94 complete and 0 interrupted iterations
saturation   [  15% ] 001/600 VUs  01m35.5s/10m30s  1.06 iters/s

running (01m36.8s), 001/600 VUs, 95 complete and 0 interrupted iterations
saturation   [  15% ] 001/600 VUs  01m36.5s/10m30s  1.07 iters/s

running (01m37.8s), 001/600 VUs, 96 complete and 0 interrupted iterations
saturation   [  15% ] 001/600 VUs  01m37.5s/10m30s  1.08 iters/s

running (01m38.8s), 001/600 VUs, 97 complete and 0 interrupted iterations
saturation   [  16% ] 001/600 VUs  01m38.5s/10m30s  1.09 iters/s

running (01m39.8s), 000/600 VUs, 99 complete and 0 interrupted iterations
saturation   [  16% ] 000/600 VUs  01m39.5s/10m30s  1.10 iters/s

running (01m40.8s), 001/600 VUs, 100 complete and 0 interrupted iterations
saturation   [  16% ] 001/600 VUs  01m40.5s/10m30s  1.12 iters/s

running (01m41.8s), 001/600 VUs, 101 complete and 0 interrupted iterations
saturation   [  16% ] 001/600 VUs  01m41.5s/10m30s  1.13 iters/s

running (01m42.8s), 001/600 VUs, 102 complete and 0 interrupted iterations
saturation   [  16% ] 001/600 VUs  01m42.5s/10m30s  1.14 iters/s

running (01m43.8s), 001/600 VUs, 103 complete and 0 interrupted iterations
saturation   [  16% ] 001/600 VUs  01m43.5s/10m30s  1.15 iters/s

running (01m44.8s), 001/600 VUs, 104 complete and 0 interrupted iterations
saturation   [  17% ] 001/600 VUs  01m44.5s/10m30s  1.16 iters/s

running (01m45.8s), 001/600 VUs, 105 complete and 0 interrupted iterations
saturation   [  17% ] 001/600 VUs  01m45.5s/10m30s  1.17 iters/s

running (01m46.8s), 001/600 VUs, 106 complete and 0 interrupted iterations
saturation   [  17% ] 001/600 VUs  01m46.5s/10m30s  1.18 iters/s

running (01m47.8s), 001/600 VUs, 108 complete and 0 interrupted iterations
saturation   [  17% ] 001/600 VUs  01m47.5s/10m30s  1.20 iters/s

running (01m48.8s), 001/600 VUs, 109 complete and 0 interrupted iterations
saturation   [  17% ] 001/600 VUs  01m48.5s/10m30s  1.21 iters/s

running (01m49.8s), 001/600 VUs, 110 complete and 0 interrupted iterations
saturation   [  17% ] 001/600 VUs  01m49.5s/10m30s  1.22 iters/s

running (01m50.8s), 001/600 VUs, 111 complete and 0 interrupted iterations
saturation   [  18% ] 001/600 VUs  01m50.5s/10m30s  1.22 iters/s

running (01m51.8s), 002/600 VUs, 112 complete and 0 interrupted iterations
saturation   [  18% ] 002/600 VUs  01m51.5s/10m30s  1.24 iters/s

running (01m52.8s), 001/600 VUs, 114 complete and 0 interrupted iterations
saturation   [  18% ] 001/600 VUs  01m52.5s/10m30s  1.25 iters/s

running (01m53.8s), 001/600 VUs, 115 complete and 0 interrupted iterations
saturation   [  18% ] 001/600 VUs  01m53.5s/10m30s  1.26 iters/s

running (01m54.8s), 001/600 VUs, 116 complete and 0 interrupted iterations
saturation   [  18% ] 001/600 VUs  01m54.5s/10m30s  1.27 iters/s

running (01m55.8s), 002/600 VUs, 117 complete and 0 interrupted iterations
saturation   [  18% ] 002/600 VUs  01m55.5s/10m30s  1.29 iters/s

running (01m56.8s), 001/600 VUs, 119 complete and 0 interrupted iterations
saturation   [  18% ] 001/600 VUs  01m56.5s/10m30s  1.30 iters/s

running (01m57.8s), 001/600 VUs, 120 complete and 0 interrupted iterations
saturation   [  19% ] 001/600 VUs  01m57.5s/10m30s  1.30 iters/s

running (01m58.8s), 001/600 VUs, 121 complete and 0 interrupted iterations
saturation   [  19% ] 001/600 VUs  01m58.5s/10m30s  1.31 iters/s

running (01m59.8s), 001/600 VUs, 123 complete and 0 interrupted iterations
saturation   [  19% ] 001/600 VUs  01m59.5s/10m30s  1.33 iters/s

running (02m00.8s), 001/600 VUs, 124 complete and 0 interrupted iterations
saturation   [  19% ] 001/600 VUs  02m00.5s/10m30s  1.34 iters/s

running (02m01.8s), 001/600 VUs, 125 complete and 0 interrupted iterations
saturation   [  19% ] 001/600 VUs  02m01.5s/10m30s  1.35 iters/s

running (02m02.8s), 001/600 VUs, 127 complete and 0 interrupted iterations
saturation   [  19% ] 001/600 VUs  02m02.5s/10m30s  1.36 iters/s

running (02m03.8s), 001/600 VUs, 128 complete and 0 interrupted iterations
saturation   [  20% ] 001/600 VUs  02m03.5s/10m30s  1.37 iters/s

running (02m04.8s), 002/600 VUs, 129 complete and 0 interrupted iterations
saturation   [  20% ] 002/600 VUs  02m04.5s/10m30s  1.39 iters/s

running (02m05.8s), 001/600 VUs, 131 complete and 0 interrupted iterations
saturation   [  20% ] 001/600 VUs  02m05.5s/10m30s  1.39 iters/s

running (02m06.8s), 001/600 VUs, 132 complete and 0 interrupted iterations
saturation   [  20% ] 001/600 VUs  02m06.5s/10m30s  1.40 iters/s

running (02m07.8s), 001/600 VUs, 134 complete and 0 interrupted iterations
saturation   [  20% ] 001/600 VUs  02m07.5s/10m30s  1.42 iters/s

running (02m08.8s), 001/600 VUs, 135 complete and 0 interrupted iterations
saturation   [  20% ] 001/600 VUs  02m08.5s/10m30s  1.43 iters/s

running (02m09.8s), 002/600 VUs, 136 complete and 0 interrupted iterations
saturation   [  21% ] 002/600 VUs  02m09.5s/10m30s  1.44 iters/s

running (02m10.8s), 001/600 VUs, 138 complete and 0 interrupted iterations
saturation   [  21% ] 001/600 VUs  02m10.5s/10m30s  1.45 iters/s

running (02m11.8s), 002/600 VUs, 139 complete and 0 interrupted iterations
saturation   [  21% ] 002/600 VUs  02m11.5s/10m30s  1.46 iters/s

running (02m12.8s), 001/600 VUs, 141 complete and 0 interrupted iterations
saturation   [  21% ] 001/600 VUs  02m12.5s/10m30s  1.47 iters/s

running (02m13.8s), 001/600 VUs, 142 complete and 0 interrupted iterations
saturation   [  21% ] 001/600 VUs  02m13.5s/10m30s  1.48 iters/s

running (02m14.8s), 001/600 VUs, 144 complete and 0 interrupted iterations
saturation   [  21% ] 001/600 VUs  02m14.5s/10m30s  1.49 iters/s

running (02m15.8s), 001/600 VUs, 145 complete and 0 interrupted iterations
saturation   [  22% ] 001/600 VUs  02m15.5s/10m30s  1.50 iters/s

running (02m16.8s), 001/600 VUs, 147 complete and 0 interrupted iterations
saturation   [  22% ] 001/600 VUs  02m16.5s/10m30s  1.52 iters/s

running (02m17.8s), 001/600 VUs, 148 complete and 0 interrupted iterations
saturation   [  22% ] 001/600 VUs  02m17.5s/10m30s  1.52 iters/s

running (02m18.8s), 001/600 VUs, 150 complete and 0 interrupted iterations
saturation   [  22% ] 001/600 VUs  02m18.5s/10m30s  1.54 iters/s

running (02m19.8s), 002/600 VUs, 151 complete and 0 interrupted iterations
saturation   [  22% ] 002/600 VUs  02m19.5s/10m30s  1.55 iters/s

running (02m20.8s), 001/600 VUs, 153 complete and 0 interrupted iterations
saturation   [  22% ] 001/600 VUs  02m20.5s/10m30s  1.56 iters/s

running (02m21.8s), 002/600 VUs, 154 complete and 0 interrupted iterations
saturation   [  22% ] 002/600 VUs  02m21.5s/10m30s  1.57 iters/s

running (02m22.8s), 001/600 VUs, 156 complete and 0 interrupted iterations
saturation   [  23% ] 001/600 VUs  02m22.5s/10m30s  1.58 iters/s

running (02m23.8s), 002/600 VUs, 157 complete and 0 interrupted iterations
saturation   [  23% ] 002/600 VUs  02m23.5s/10m30s  1.60 iters/s

running (02m24.8s), 001/600 VUs, 159 complete and 0 interrupted iterations
saturation   [  23% ] 001/600 VUs  02m24.5s/10m30s  1.60 iters/s

running (02m25.8s), 001/600 VUs, 161 complete and 0 interrupted iterations
saturation   [  23% ] 001/600 VUs  02m25.5s/10m30s  1.62 iters/s

running (02m26.8s), 002/600 VUs, 162 complete and 0 interrupted iterations
saturation   [  23% ] 002/600 VUs  02m26.5s/10m30s  1.63 iters/s

running (02m27.8s), 001/600 VUs, 164 complete and 0 interrupted iterations
saturation   [  23% ] 001/600 VUs  02m27.5s/10m30s  1.64 iters/s

running (02m28.8s), 001/600 VUs, 166 complete and 0 interrupted iterations
saturation   [  24% ] 001/600 VUs  02m28.5s/10m30s  1.65 iters/s

running (02m29.8s), 002/600 VUs, 167 complete and 0 interrupted iterations
saturation   [  24% ] 002/600 VUs  02m29.5s/10m30s  1.66 iters/s

running (02m30.8s), 001/600 VUs, 169 complete and 0 interrupted iterations
saturation   [  24% ] 001/600 VUs  02m30.5s/10m30s  1.67 iters/s

running (02m31.8s), 001/600 VUs, 171 complete and 0 interrupted iterations
saturation   [  24% ] 001/600 VUs  02m31.5s/10m30s  1.68 iters/s

running (02m32.8s), 002/600 VUs, 172 complete and 0 interrupted iterations
saturation   [  24% ] 002/600 VUs  02m32.5s/10m30s  1.70 iters/s

running (02m33.8s), 001/600 VUs, 174 complete and 0 interrupted iterations
saturation   [  24% ] 001/600 VUs  02m33.5s/10m30s  1.70 iters/s

running (02m34.8s), 001/600 VUs, 176 complete and 0 interrupted iterations
saturation   [  25% ] 001/600 VUs  02m34.5s/10m30s  1.72 iters/s

running (02m35.8s), 002/600 VUs, 177 complete and 0 interrupted iterations
saturation   [  25% ] 002/600 VUs  02m35.5s/10m30s  1.73 iters/s

running (02m36.8s), 002/600 VUs, 179 complete and 0 interrupted iterations
saturation   [  25% ] 002/600 VUs  02m36.5s/10m30s  1.74 iters/s

running (02m37.8s), 001/600 VUs, 181 complete and 0 interrupted iterations
saturation   [  25% ] 001/600 VUs  02m37.5s/10m30s  1.75 iters/s

running (02m38.8s), 001/600 VUs, 183 complete and 0 interrupted iterations
saturation   [  25% ] 001/600 VUs  02m38.5s/10m30s  1.76 iters/s

running (02m39.8s), 002/600 VUs, 184 complete and 0 interrupted iterations
saturation   [  25% ] 002/600 VUs  02m39.5s/10m30s  1.77 iters/s

running (02m40.8s), 002/600 VUs, 186 complete and 0 interrupted iterations
saturation   [  25% ] 002/600 VUs  02m40.5s/10m30s  1.79 iters/s

running (02m41.8s), 001/600 VUs, 188 complete and 0 interrupted iterations
saturation   [  26% ] 001/600 VUs  02m41.5s/10m30s  1.79 iters/s

running (02m42.8s), 001/600 VUs, 190 complete and 0 interrupted iterations
saturation   [  26% ] 001/600 VUs  02m42.5s/10m30s  1.80 iters/s

running (02m43.8s), 002/600 VUs, 191 complete and 0 interrupted iterations
saturation   [  26% ] 002/600 VUs  02m43.5s/10m30s  1.82 iters/s

running (02m44.8s), 002/600 VUs, 193 complete and 0 interrupted iterations
saturation   [  26% ] 002/600 VUs  02m44.5s/10m30s  1.83 iters/s

running (02m45.8s), 002/600 VUs, 195 complete and 0 interrupted iterations
saturation   [  26% ] 002/600 VUs  02m45.5s/10m30s  1.84 iters/s

running (02m46.8s), 001/600 VUs, 197 complete and 0 interrupted iterations
saturation   [  26% ] 001/600 VUs  02m46.5s/10m30s  1.85 iters/s

running (02m47.8s), 001/600 VUs, 199 complete and 0 interrupted iterations
saturation   [  27% ] 001/600 VUs  02m47.5s/10m30s  1.86 iters/s

running (02m48.8s), 001/600 VUs, 201 complete and 0 interrupted iterations
saturation   [  27% ] 001/600 VUs  02m48.5s/10m30s  1.87 iters/s

running (02m49.8s), 002/600 VUs, 202 complete and 0 interrupted iterations
saturation   [  27% ] 002/600 VUs  02m49.5s/10m30s  1.88 iters/s

running (02m50.8s), 002/600 VUs, 204 complete and 0 interrupted iterations
saturation   [  27% ] 002/600 VUs  02m50.5s/10m30s  1.89 iters/s

running (02m51.8s), 002/600 VUs, 206 complete and 0 interrupted iterations
saturation   [  27% ] 002/600 VUs  02m51.5s/10m30s  1.91 iters/s

running (02m52.8s), 002/600 VUs, 208 complete and 0 interrupted iterations
saturation   [  27% ] 002/600 VUs  02m52.5s/10m30s  1.92 iters/s

running (02m53.8s), 002/600 VUs, 210 complete and 0 interrupted iterations
saturation   [  28% ] 002/600 VUs  02m53.5s/10m30s  1.93 iters/s

running (02m54.8s), 002/600 VUs, 212 complete and 0 interrupted iterations
saturation   [  28% ] 002/600 VUs  02m54.5s/10m30s  1.94 iters/s

running (02m55.8s), 002/600 VUs, 214 complete and 0 interrupted iterations
saturation   [  28% ] 002/600 VUs  02m55.5s/10m30s  1.95 iters/s

running (02m56.8s), 001/600 VUs, 216 complete and 0 interrupted iterations
saturation   [  28% ] 001/600 VUs  02m56.5s/10m30s  1.96 iters/s

running (02m57.8s), 001/600 VUs, 218 complete and 0 interrupted iterations
saturation   [  28% ] 001/600 VUs  02m57.5s/10m30s  1.97 iters/s

running (02m58.8s), 001/600 VUs, 220 complete and 0 interrupted iterations
saturation   [  28% ] 001/600 VUs  02m58.5s/10m30s  1.98 iters/s

running (02m59.8s), 001/600 VUs, 222 complete and 0 interrupted iterations
saturation   [  28% ] 001/600 VUs  02m59.5s/10m30s  1.99 iters/s

running (03m00.8s), 001/600 VUs, 224 complete and 0 interrupted iterations
saturation   [  29% ] 001/600 VUs  03m00.5s/10m30s  2.00 iters/s

running (03m01.8s), 001/600 VUs, 226 complete and 0 interrupted iterations
saturation   [  29% ] 001/600 VUs  03m01.5s/10m30s  2.01 iters/s

running (03m02.8s), 001/600 VUs, 228 complete and 0 interrupted iterations
saturation   [  29% ] 001/600 VUs  03m02.5s/10m30s  2.02 iters/s

running (03m03.8s), 001/600 VUs, 230 complete and 0 interrupted iterations
saturation   [  29% ] 001/600 VUs  03m03.5s/10m30s  2.04 iters/s

running (03m04.8s), 002/600 VUs, 232 complete and 0 interrupted iterations
saturation   [  29% ] 002/600 VUs  03m04.5s/10m30s  2.05 iters/s

running (03m05.8s), 002/600 VUs, 234 complete and 0 interrupted iterations
saturation   [  29% ] 002/600 VUs  03m05.5s/10m30s  2.06 iters/s

running (03m06.8s), 002/600 VUs, 236 complete and 0 interrupted iterations
saturation   [  30% ] 002/600 VUs  03m06.5s/10m30s  2.07 iters/s

running (03m07.8s), 002/600 VUs, 238 complete and 0 interrupted iterations
saturation   [  30% ] 002/600 VUs  03m07.5s/10m30s  2.08 iters/s

running (03m08.8s), 002/600 VUs, 240 complete and 0 interrupted iterations
saturation   [  30% ] 002/600 VUs  03m08.5s/10m30s  2.09 iters/s

running (03m09.8s), 002/600 VUs, 242 complete and 0 interrupted iterations
saturation   [  30% ] 002/600 VUs  03m09.5s/10m30s  2.11 iters/s

running (03m10.8s), 002/600 VUs, 244 complete and 0 interrupted iterations
saturation   [  30% ] 002/600 VUs  03m10.5s/10m30s  2.12 iters/s

running (03m11.8s), 002/600 VUs, 246 complete and 0 interrupted iterations
saturation   [  30% ] 002/600 VUs  03m11.5s/10m30s  2.13 iters/s

running (03m12.8s), 002/600 VUs, 248 complete and 0 interrupted iterations
saturation   [  31% ] 002/600 VUs  03m12.5s/10m30s  2.14 iters/s

running (03m13.8s), 001/600 VUs, 251 complete and 0 interrupted iterations
saturation   [  31% ] 001/600 VUs  03m13.5s/10m30s  2.15 iters/s

running (03m14.8s), 002/600 VUs, 253 complete and 0 interrupted iterations
saturation   [  31% ] 002/600 VUs  03m14.5s/10m30s  2.16 iters/s

running (03m15.8s), 002/600 VUs, 255 complete and 0 interrupted iterations
saturation   [  31% ] 002/600 VUs  03m15.5s/10m30s  2.17 iters/s

running (03m16.8s), 002/600 VUs, 257 complete and 0 interrupted iterations
saturation   [  31% ] 002/600 VUs  03m16.5s/10m30s  2.18 iters/s

running (03m17.8s), 002/600 VUs, 259 complete and 0 interrupted iterations
saturation   [  31% ] 002/600 VUs  03m17.5s/10m30s  2.19 iters/s

running (03m18.8s), 002/600 VUs, 261 complete and 0 interrupted iterations
saturation   [  32% ] 002/600 VUs  03m18.5s/10m30s  2.20 iters/s

running (03m19.8s), 002/600 VUs, 264 complete and 0 interrupted iterations
saturation   [  32% ] 002/600 VUs  03m19.5s/10m30s  2.22 iters/s

running (03m20.8s), 002/600 VUs, 266 complete and 0 interrupted iterations
saturation   [  32% ] 002/600 VUs  03m20.5s/10m30s  2.23 iters/s

running (03m21.8s), 002/600 VUs, 268 complete and 0 interrupted iterations
saturation   [  32% ] 002/600 VUs  03m21.5s/10m30s  2.24 iters/s

running (03m22.8s), 002/600 VUs, 270 complete and 0 interrupted iterations
saturation   [  32% ] 002/600 VUs  03m22.5s/10m30s  2.25 iters/s

running (03m23.8s), 001/600 VUs, 273 complete and 0 interrupted iterations
saturation   [  32% ] 001/600 VUs  03m23.5s/10m30s  2.26 iters/s

running (03m24.8s), 002/600 VUs, 275 complete and 0 interrupted iterations
saturation   [  32% ] 002/600 VUs  03m24.5s/10m30s  2.27 iters/s

running (03m25.8s), 002/600 VUs, 277 complete and 0 interrupted iterations
saturation   [  33% ] 002/600 VUs  03m25.5s/10m30s  2.28 iters/s

running (03m26.8s), 002/600 VUs, 279 complete and 0 interrupted iterations
saturation   [  33% ] 002/600 VUs  03m26.5s/10m30s  2.29 iters/s

running (03m27.8s), 002/600 VUs, 282 complete and 0 interrupted iterations
saturation   [  33% ] 002/600 VUs  03m27.5s/10m30s  2.31 iters/s

running (03m28.8s), 002/600 VUs, 284 complete and 0 interrupted iterations
saturation   [  33% ] 002/600 VUs  03m28.5s/10m30s  2.32 iters/s

running (03m29.8s), 002/600 VUs, 286 complete and 0 interrupted iterations
saturation   [  33% ] 002/600 VUs  03m29.5s/10m30s  2.33 iters/s

running (03m30.8s), 002/600 VUs, 289 complete and 0 interrupted iterations
saturation   [  33% ] 002/600 VUs  03m30.5s/10m30s  2.34 iters/s

running (03m31.8s), 002/600 VUs, 291 complete and 0 interrupted iterations
saturation   [  34% ] 002/600 VUs  03m31.5s/10m30s  2.35 iters/s

running (03m32.8s), 002/600 VUs, 293 complete and 0 interrupted iterations
saturation   [  34% ] 002/600 VUs  03m32.5s/10m30s  2.36 iters/s

running (03m33.8s), 002/600 VUs, 296 complete and 0 interrupted iterations
saturation   [  34% ] 002/600 VUs  03m33.5s/10m30s  2.37 iters/s

running (03m34.8s), 002/600 VUs, 298 complete and 0 interrupted iterations
saturation   [  34% ] 002/600 VUs  03m34.5s/10m30s  2.38 iters/s

running (03m35.8s), 002/600 VUs, 300 complete and 0 interrupted iterations
saturation   [  34% ] 002/600 VUs  03m35.5s/10m30s  2.39 iters/s

running (03m36.8s), 002/600 VUs, 303 complete and 0 interrupted iterations
saturation   [  34% ] 002/600 VUs  03m36.5s/10m30s  2.41 iters/s

running (03m37.8s), 002/600 VUs, 305 complete and 0 interrupted iterations
saturation   [  35% ] 002/600 VUs  03m37.5s/10m30s  2.42 iters/s

running (03m38.8s), 002/600 VUs, 308 complete and 0 interrupted iterations
saturation   [  35% ] 002/600 VUs  03m38.5s/10m30s  2.43 iters/s

running (03m39.8s), 002/600 VUs, 310 complete and 0 interrupted iterations
saturation   [  35% ] 002/600 VUs  03m39.5s/10m30s  2.44 iters/s

running (03m40.8s), 003/600 VUs, 312 complete and 0 interrupted iterations
saturation   [  35% ] 003/600 VUs  03m40.5s/10m30s  2.45 iters/s

running (03m41.8s), 002/600 VUs, 315 complete and 0 interrupted iterations
saturation   [  35% ] 002/600 VUs  03m41.5s/10m30s  2.46 iters/s

running (03m42.8s), 002/600 VUs, 317 complete and 0 interrupted iterations
saturation   [  35% ] 002/600 VUs  03m42.5s/10m30s  2.47 iters/s

running (03m43.8s), 002/600 VUs, 320 complete and 0 interrupted iterations
saturation   [  35% ] 002/600 VUs  03m43.5s/10m30s  2.48 iters/s

running (03m44.8s), 002/600 VUs, 322 complete and 0 interrupted iterations
saturation   [  36% ] 002/600 VUs  03m44.5s/10m30s  2.49 iters/s

running (03m45.8s), 002/600 VUs, 325 complete and 0 interrupted iterations
saturation   [  36% ] 002/600 VUs  03m45.5s/10m30s  2.51 iters/s

running (03m46.8s), 002/600 VUs, 327 complete and 0 interrupted iterations
saturation   [  36% ] 002/600 VUs  03m46.5s/10m30s  2.51 iters/s

running (03m47.8s), 002/600 VUs, 330 complete and 0 interrupted iterations
saturation   [  36% ] 002/600 VUs  03m47.5s/10m30s  2.53 iters/s

running (03m48.8s), 002/600 VUs, 332 complete and 0 interrupted iterations
saturation   [  36% ] 002/600 VUs  03m48.5s/10m30s  2.54 iters/s

running (03m49.8s), 002/600 VUs, 335 complete and 0 interrupted iterations
saturation   [  36% ] 002/600 VUs  03m49.5s/10m30s  2.55 iters/s

running (03m50.8s), 003/600 VUs, 337 complete and 0 interrupted iterations
saturation   [  37% ] 003/600 VUs  03m50.5s/10m30s  2.56 iters/s

running (03m51.8s), 002/600 VUs, 340 complete and 0 interrupted iterations
saturation   [  37% ] 002/600 VUs  03m51.5s/10m30s  2.57 iters/s

running (03m52.8s), 002/600 VUs, 343 complete and 0 interrupted iterations
saturation   [  37% ] 002/600 VUs  03m52.5s/10m30s  2.58 iters/s

running (03m53.8s), 002/600 VUs, 345 complete and 0 interrupted iterations
saturation   [  37% ] 002/600 VUs  03m53.5s/10m30s  2.59 iters/s

running (03m54.8s), 002/600 VUs, 348 complete and 0 interrupted iterations
saturation   [  37% ] 002/600 VUs  03m54.5s/10m30s  2.61 iters/s

running (03m55.8s), 003/600 VUs, 350 complete and 0 interrupted iterations
saturation   [  37% ] 003/600 VUs  03m55.5s/10m30s  2.62 iters/s

running (03m56.8s), 002/600 VUs, 353 complete and 0 interrupted iterations
saturation   [  38% ] 002/600 VUs  03m56.5s/10m30s  2.63 iters/s

running (03m57.8s), 002/600 VUs, 356 complete and 0 interrupted iterations
saturation   [  38% ] 002/600 VUs  03m57.5s/10m30s  2.64 iters/s

running (03m58.8s), 002/600 VUs, 358 complete and 0 interrupted iterations
saturation   [  38% ] 002/600 VUs  03m58.5s/10m30s  2.65 iters/s

running (03m59.8s), 002/600 VUs, 361 complete and 0 interrupted iterations
saturation   [  38% ] 002/600 VUs  03m59.5s/10m30s  2.66 iters/s

running (04m00.8s), 003/600 VUs, 363 complete and 0 interrupted iterations
saturation   [  38% ] 003/600 VUs  04m00.5s/10m30s  2.67 iters/s

running (04m01.8s), 002/600 VUs, 366 complete and 0 interrupted iterations
saturation   [  38% ] 002/600 VUs  04m01.5s/10m30s  2.68 iters/s

running (04m02.8s), 002/600 VUs, 369 complete and 0 interrupted iterations
saturation   [  38% ] 002/600 VUs  04m02.5s/10m30s  2.69 iters/s

running (04m03.8s), 002/600 VUs, 372 complete and 0 interrupted iterations
saturation   [  39% ] 002/600 VUs  04m03.5s/10m30s  2.71 iters/s

running (04m04.8s), 003/600 VUs, 374 complete and 0 interrupted iterations
saturation   [  39% ] 003/600 VUs  04m04.5s/10m30s  2.72 iters/s

running (04m05.8s), 002/600 VUs, 377 complete and 0 interrupted iterations
saturation   [  39% ] 002/600 VUs  04m05.5s/10m30s  2.73 iters/s

running (04m06.8s), 002/600 VUs, 380 complete and 0 interrupted iterations
saturation   [  39% ] 002/600 VUs  04m06.5s/10m30s  2.74 iters/s

running (04m07.8s), 003/600 VUs, 382 complete and 0 interrupted iterations
saturation   [  39% ] 003/600 VUs  04m07.5s/10m30s  2.75 iters/s

running (04m08.8s), 002/600 VUs, 385 complete and 0 interrupted iterations
saturation   [  39% ] 002/600 VUs  04m08.5s/10m30s  2.76 iters/s

running (04m09.8s), 002/600 VUs, 388 complete and 0 interrupted iterations
saturation   [  40% ] 002/600 VUs  04m09.5s/10m30s  2.77 iters/s

running (04m10.8s), 002/600 VUs, 391 complete and 0 interrupted iterations
saturation   [  40% ] 002/600 VUs  04m10.5s/10m30s  2.78 iters/s

running (04m11.8s), 003/600 VUs, 393 complete and 0 interrupted iterations
saturation   [  40% ] 003/600 VUs  04m11.5s/10m30s  2.79 iters/s

running (04m12.8s), 003/600 VUs, 396 complete and 0 interrupted iterations
saturation   [  40% ] 003/600 VUs  04m12.5s/10m30s  2.81 iters/s

running (04m13.8s), 002/600 VUs, 399 complete and 0 interrupted iterations
saturation   [  40% ] 002/600 VUs  04m13.5s/10m30s  2.81 iters/s

running (04m14.8s), 002/600 VUs, 402 complete and 0 interrupted iterations
saturation   [  40% ] 002/600 VUs  04m14.5s/10m30s  2.83 iters/s

running (04m15.8s), 002/600 VUs, 405 complete and 0 interrupted iterations
saturation   [  41% ] 002/600 VUs  04m15.5s/10m30s  2.84 iters/s

running (04m16.8s), 002/600 VUs, 408 complete and 0 interrupted iterations
saturation   [  41% ] 002/600 VUs  04m16.5s/10m30s  2.85 iters/s

running (04m17.8s), 003/600 VUs, 410 complete and 0 interrupted iterations
saturation   [  41% ] 003/600 VUs  04m17.5s/10m30s  2.86 iters/s

running (04m18.8s), 003/600 VUs, 413 complete and 0 interrupted iterations
saturation   [  41% ] 003/600 VUs  04m18.5s/10m30s  2.87 iters/s

running (04m19.8s), 002/600 VUs, 416 complete and 0 interrupted iterations
saturation   [  41% ] 003/600 VUs  04m19.5s/10m30s  2.88 iters/s

running (04m20.8s), 002/600 VUs, 419 complete and 0 interrupted iterations
saturation   [  41% ] 002/600 VUs  04m20.5s/10m30s  2.89 iters/s

running (04m21.8s), 002/600 VUs, 422 complete and 0 interrupted iterations
saturation   [  42% ] 002/600 VUs  04m21.5s/10m30s  2.90 iters/s

running (04m22.8s), 002/600 VUs, 425 complete and 0 interrupted iterations
saturation   [  42% ] 002/600 VUs  04m22.5s/10m30s  2.92 iters/s

running (04m23.8s), 002/600 VUs, 428 complete and 0 interrupted iterations
saturation   [  42% ] 002/600 VUs  04m23.5s/10m30s  2.93 iters/s

running (04m24.8s), 002/600 VUs, 431 complete and 0 interrupted iterations
saturation   [  42% ] 002/600 VUs  04m24.5s/10m30s  2.94 iters/s

running (04m25.8s), 002/600 VUs, 434 complete and 0 interrupted iterations
saturation   [  42% ] 002/600 VUs  04m25.5s/10m30s  2.95 iters/s

running (04m26.8s), 003/600 VUs, 436 complete and 0 interrupted iterations
saturation   [  42% ] 003/600 VUs  04m26.5s/10m30s  2.96 iters/s

running (04m27.8s), 003/600 VUs, 439 complete and 0 interrupted iterations
saturation   [  42% ] 003/600 VUs  04m27.5s/10m30s  2.97 iters/s

running (04m28.8s), 003/600 VUs, 442 complete and 0 interrupted iterations
saturation   [  43% ] 003/600 VUs  04m28.5s/10m30s  2.98 iters/s

running (04m29.8s), 003/600 VUs, 445 complete and 0 interrupted iterations
saturation   [  43% ] 003/600 VUs  04m29.5s/10m30s  2.99 iters/s

running (04m30.8s), 003/600 VUs, 448 complete and 0 interrupted iterations
saturation   [  43% ] 003/600 VUs  04m30.5s/10m30s  3.01 iters/s

running (04m31.8s), 003/600 VUs, 451 complete and 0 interrupted iterations
saturation   [  43% ] 003/600 VUs  04m31.5s/10m30s  3.02 iters/s

running (04m32.8s), 003/600 VUs, 454 complete and 0 interrupted iterations
saturation   [  43% ] 003/600 VUs  04m32.5s/10m30s  3.03 iters/s

running (04m33.8s), 003/600 VUs, 457 complete and 0 interrupted iterations
saturation   [  43% ] 003/600 VUs  04m33.5s/10m30s  3.04 iters/s

running (04m34.8s), 003/600 VUs, 460 complete and 0 interrupted iterations
saturation   [  44% ] 003/600 VUs  04m34.5s/10m30s  3.05 iters/s

running (04m35.8s), 003/600 VUs, 463 complete and 0 interrupted iterations
saturation   [  44% ] 003/600 VUs  04m35.5s/10m30s  3.06 iters/s

running (04m36.8s), 002/600 VUs, 467 complete and 0 interrupted iterations
saturation   [  44% ] 002/600 VUs  04m36.5s/10m30s  3.07 iters/s

running (04m37.8s), 002/600 VUs, 470 complete and 0 interrupted iterations
saturation   [  44% ] 002/600 VUs  04m37.5s/10m30s  3.08 iters/s

running (04m38.8s), 002/600 VUs, 473 complete and 0 interrupted iterations
saturation   [  44% ] 002/600 VUs  04m38.5s/10m30s  3.09 iters/s

running (04m39.8s), 002/600 VUs, 476 complete and 0 interrupted iterations
saturation   [  44% ] 002/600 VUs  04m39.5s/10m30s  3.10 iters/s

running (04m40.8s), 002/600 VUs, 479 complete and 0 interrupted iterations
saturation   [  45% ] 002/600 VUs  04m40.5s/10m30s  3.11 iters/s

running (04m41.8s), 003/600 VUs, 482 complete and 0 interrupted iterations
saturation   [  45% ] 003/600 VUs  04m41.5s/10m30s  3.13 iters/s

running (04m42.8s), 003/600 VUs, 485 complete and 0 interrupted iterations
saturation   [  45% ] 003/600 VUs  04m42.5s/10m30s  3.14 iters/s

running (04m43.8s), 003/600 VUs, 488 complete and 0 interrupted iterations
saturation   [  45% ] 003/600 VUs  04m43.5s/10m30s  3.15 iters/s

running (04m44.8s), 003/600 VUs, 491 complete and 0 interrupted iterations
saturation   [  45% ] 003/600 VUs  04m44.5s/10m30s  3.16 iters/s

running (04m45.8s), 002/600 VUs, 495 complete and 0 interrupted iterations
saturation   [  45% ] 002/600 VUs  04m45.5s/10m30s  3.17 iters/s

running (04m46.8s), 002/600 VUs, 498 complete and 0 interrupted iterations
saturation   [  45% ] 002/600 VUs  04m46.5s/10m30s  3.18 iters/s

running (04m47.8s), 003/600 VUs, 501 complete and 0 interrupted iterations
saturation   [  46% ] 003/600 VUs  04m47.5s/10m30s  3.20 iters/s

running (04m48.8s), 003/600 VUs, 504 complete and 0 interrupted iterations
saturation   [  46% ] 003/600 VUs  04m48.5s/10m30s  3.21 iters/s

running (04m49.8s), 003/600 VUs, 507 complete and 0 interrupted iterations
saturation   [  46% ] 003/600 VUs  04m49.5s/10m30s  3.22 iters/s

running (04m50.8s), 002/600 VUs, 511 complete and 0 interrupted iterations
saturation   [  46% ] 002/600 VUs  04m50.5s/10m30s  3.23 iters/s

running (04m51.8s), 002/600 VUs, 514 complete and 0 interrupted iterations
saturation   [  46% ] 002/600 VUs  04m51.5s/10m30s  3.24 iters/s

running (04m52.8s), 003/600 VUs, 517 complete and 0 interrupted iterations
saturation   [  46% ] 003/600 VUs  04m52.5s/10m30s  3.25 iters/s

running (04m53.8s), 003/600 VUs, 520 complete and 0 interrupted iterations
saturation   [  47% ] 003/600 VUs  04m53.5s/10m30s  3.26 iters/s

running (04m54.8s), 003/600 VUs, 523 complete and 0 interrupted iterations
saturation   [  47% ] 003/600 VUs  04m54.5s/10m30s  3.27 iters/s

running (04m55.8s), 002/600 VUs, 527 complete and 0 interrupted iterations
saturation   [  47% ] 002/600 VUs  04m55.5s/10m30s  3.28 iters/s

running (04m56.8s), 003/600 VUs, 530 complete and 0 interrupted iterations
saturation   [  47% ] 003/600 VUs  04m56.5s/10m30s  3.29 iters/s

running (04m57.8s), 003/600 VUs, 533 complete and 0 interrupted iterations
saturation   [  47% ] 003/600 VUs  04m57.5s/10m30s  3.30 iters/s

running (04m58.8s), 002/600 VUs, 537 complete and 0 interrupted iterations
saturation   [  47% ] 002/600 VUs  04m58.5s/10m30s  3.31 iters/s

running (04m59.8s), 003/600 VUs, 540 complete and 0 interrupted iterations
saturation   [  48% ] 003/600 VUs  04m59.5s/10m30s  3.33 iters/s

running (05m00.8s), 003/600 VUs, 543 complete and 0 interrupted iterations
saturation   [  48% ] 003/600 VUs  05m00.5s/10m30s  3.34 iters/s

running (05m01.8s), 002/600 VUs, 547 complete and 0 interrupted iterations
saturation   [  48% ] 002/600 VUs  05m01.5s/10m30s  3.35 iters/s

running (05m02.8s), 003/600 VUs, 550 complete and 0 interrupted iterations
saturation   [  48% ] 003/600 VUs  05m02.5s/10m30s  3.36 iters/s

running (05m03.8s), 003/600 VUs, 553 complete and 0 interrupted iterations
saturation   [  48% ] 003/600 VUs  05m03.5s/10m30s  3.37 iters/s

running (05m04.8s), 002/600 VUs, 557 complete and 0 interrupted iterations
saturation   [  48% ] 002/600 VUs  05m04.5s/10m30s  3.38 iters/s

running (05m05.8s), 003/600 VUs, 560 complete and 0 interrupted iterations
saturation   [  48% ] 003/600 VUs  05m05.5s/10m30s  3.39 iters/s

running (05m06.8s), 003/600 VUs, 563 complete and 0 interrupted iterations
saturation   [  49% ] 003/600 VUs  05m06.5s/10m30s  3.40 iters/s

running (05m07.8s), 003/600 VUs, 567 complete and 0 interrupted iterations
saturation   [  49% ] 003/600 VUs  05m07.5s/10m30s  3.42 iters/s

running (05m08.8s), 003/600 VUs, 570 complete and 0 interrupted iterations
saturation   [  49% ] 003/600 VUs  05m08.5s/10m30s  3.43 iters/s

running (05m09.8s), 003/600 VUs, 574 complete and 0 interrupted iterations
saturation   [  49% ] 003/600 VUs  05m09.5s/10m30s  3.44 iters/s

running (05m10.8s), 003/600 VUs, 577 complete and 0 interrupted iterations
saturation   [  49% ] 003/600 VUs  05m10.5s/10m30s  3.45 iters/s

running (05m11.8s), 002/600 VUs, 581 complete and 0 interrupted iterations
saturation   [  49% ] 002/600 VUs  05m11.5s/10m30s  3.46 iters/s

running (05m12.8s), 003/600 VUs, 584 complete and 0 interrupted iterations
saturation   [  50% ] 003/600 VUs  05m12.5s/10m30s  3.47 iters/s

running (05m13.8s), 003/600 VUs, 587 complete and 0 interrupted iterations
saturation   [  50% ] 003/600 VUs  05m13.5s/10m30s  3.48 iters/s

running (05m14.8s), 003/600 VUs, 591 complete and 0 interrupted iterations
saturation   [  50% ] 003/600 VUs  05m14.5s/10m30s  3.49 iters/s

running (05m15.8s), 003/600 VUs, 594 complete and 0 interrupted iterations
saturation   [  50% ] 003/600 VUs  05m15.5s/10m30s  3.50 iters/s

running (05m16.8s), 003/600 VUs, 598 complete and 0 interrupted iterations
saturation   [  50% ] 003/600 VUs  05m16.5s/10m30s  3.52 iters/s

running (05m17.8s), 003/600 VUs, 601 complete and 0 interrupted iterations
saturation   [  50% ] 003/600 VUs  05m17.5s/10m30s  3.53 iters/s

running (05m18.8s), 003/600 VUs, 605 complete and 0 interrupted iterations
saturation   [  51% ] 003/600 VUs  05m18.5s/10m30s  3.54 iters/s

running (05m19.8s), 003/600 VUs, 608 complete and 0 interrupted iterations
saturation   [  51% ] 003/600 VUs  05m19.5s/10m30s  3.55 iters/s

running (05m20.8s), 003/600 VUs, 612 complete and 0 interrupted iterations
saturation   [  51% ] 003/600 VUs  05m20.5s/10m30s  3.56 iters/s

running (05m21.8s), 003/600 VUs, 616 complete and 0 interrupted iterations
saturation   [  51% ] 003/600 VUs  05m21.5s/10m30s  3.57 iters/s

running (05m22.8s), 003/600 VUs, 619 complete and 0 interrupted iterations
saturation   [  51% ] 003/600 VUs  05m22.5s/10m30s  3.58 iters/s

running (05m23.8s), 003/600 VUs, 623 complete and 0 interrupted iterations
saturation   [  51% ] 003/600 VUs  05m23.5s/10m30s  3.59 iters/s

running (05m24.8s), 003/600 VUs, 626 complete and 0 interrupted iterations
saturation   [  52% ] 003/600 VUs  05m24.5s/10m30s  3.60 iters/s

running (05m25.8s), 003/600 VUs, 630 complete and 0 interrupted iterations
saturation   [  52% ] 003/600 VUs  05m25.5s/10m30s  3.62 iters/s

running (05m26.8s), 004/600 VUs, 633 complete and 0 interrupted iterations
saturation   [  52% ] 004/600 VUs  05m26.5s/10m30s  3.63 iters/s

running (05m27.8s), 003/600 VUs, 637 complete and 0 interrupted iterations
saturation   [  52% ] 003/600 VUs  05m27.5s/10m30s  3.64 iters/s

running (05m28.8s), 003/600 VUs, 641 complete and 0 interrupted iterations
saturation   [  52% ] 003/600 VUs  05m28.5s/10m30s  3.65 iters/s

running (05m29.8s), 004/600 VUs, 644 complete and 0 interrupted iterations
saturation   [  52% ] 004/600 VUs  05m29.5s/10m30s  3.66 iters/s

running (05m30.8s), 003/600 VUs, 648 complete and 0 interrupted iterations
saturation   [  52% ] 003/600 VUs  05m30.5s/10m30s  3.67 iters/s

running (05m31.8s), 003/600 VUs, 652 complete and 0 interrupted iterations
saturation   [  53% ] 003/600 VUs  05m31.5s/10m30s  3.68 iters/s

running (05m32.8s), 004/600 VUs, 655 complete and 0 interrupted iterations
saturation   [  53% ] 004/600 VUs  05m32.5s/10m30s  3.70 iters/s

running (05m33.8s), 003/600 VUs, 659 complete and 0 interrupted iterations
saturation   [  53% ] 003/600 VUs  05m33.5s/10m30s  3.70 iters/s

running (05m34.8s), 003/600 VUs, 663 complete and 0 interrupted iterations
saturation   [  53% ] 003/600 VUs  05m34.5s/10m30s  3.72 iters/s

running (05m35.8s), 003/600 VUs, 667 complete and 0 interrupted iterations
saturation   [  53% ] 003/600 VUs  05m35.5s/10m30s  3.73 iters/s

running (05m36.8s), 003/600 VUs, 670 complete and 0 interrupted iterations
saturation   [  53% ] 003/600 VUs  05m36.5s/10m30s  3.74 iters/s

running (05m37.8s), 003/600 VUs, 674 complete and 0 interrupted iterations
saturation   [  54% ] 003/600 VUs  05m37.5s/10m30s  3.75 iters/s

running (05m38.8s), 003/600 VUs, 678 complete and 0 interrupted iterations
saturation   [  54% ] 003/600 VUs  05m38.5s/10m30s  3.76 iters/s

running (05m39.8s), 004/600 VUs, 681 complete and 0 interrupted iterations
saturation   [  54% ] 004/600 VUs  05m39.5s/10m30s  3.77 iters/s

running (05m40.8s), 003/600 VUs, 685 complete and 0 interrupted iterations
saturation   [  54% ] 003/600 VUs  05m40.5s/10m30s  3.78 iters/s

running (05m41.8s), 003/600 VUs, 689 complete and 0 interrupted iterations
saturation   [  54% ] 003/600 VUs  05m41.5s/10m30s  3.79 iters/s

running (05m42.8s), 003/600 VUs, 693 complete and 0 interrupted iterations
saturation   [  54% ] 003/600 VUs  05m42.5s/10m30s  3.80 iters/s

running (05m43.8s), 003/600 VUs, 697 complete and 0 interrupted iterations
saturation   [  55% ] 003/600 VUs  05m43.5s/10m30s  3.82 iters/s

running (05m44.8s), 004/600 VUs, 700 complete and 0 interrupted iterations
saturation   [  55% ] 004/600 VUs  05m44.5s/10m30s  3.83 iters/s

running (05m45.8s), 004/600 VUs, 704 complete and 0 interrupted iterations
saturation   [  55% ] 004/600 VUs  05m45.5s/10m30s  3.84 iters/s

running (05m46.8s), 003/600 VUs, 708 complete and 0 interrupted iterations
saturation   [  55% ] 003/600 VUs  05m46.5s/10m30s  3.85 iters/s

running (05m47.8s), 003/600 VUs, 712 complete and 0 interrupted iterations
saturation   [  55% ] 003/600 VUs  05m47.5s/10m30s  3.86 iters/s

running (05m48.8s), 003/600 VUs, 716 complete and 0 interrupted iterations
saturation   [  55% ] 003/600 VUs  05m48.5s/10m30s  3.87 iters/s

running (05m49.8s), 003/600 VUs, 720 complete and 0 interrupted iterations
saturation   [  55% ] 003/600 VUs  05m49.5s/10m30s  3.88 iters/s

running (05m50.8s), 003/600 VUs, 724 complete and 0 interrupted iterations
saturation   [  56% ] 003/600 VUs  05m50.5s/10m30s  3.89 iters/s

running (05m51.8s), 004/600 VUs, 727 complete and 0 interrupted iterations
saturation   [  56% ] 004/600 VUs  05m51.5s/10m30s  3.91 iters/s

running (05m52.8s), 004/600 VUs, 731 complete and 0 interrupted iterations
saturation   [  56% ] 004/600 VUs  05m52.5s/10m30s  3.92 iters/s

running (05m53.8s), 004/600 VUs, 735 complete and 0 interrupted iterations
saturation   [  56% ] 004/600 VUs  05m53.5s/10m30s  3.93 iters/s

running (05m54.8s), 004/600 VUs, 739 complete and 0 interrupted iterations
saturation   [  56% ] 004/600 VUs  05m54.5s/10m30s  3.94 iters/s

running (05m55.8s), 003/600 VUs, 743 complete and 0 interrupted iterations
saturation   [  56% ] 003/600 VUs  05m55.5s/10m30s  3.95 iters/s

running (05m56.8s), 003/600 VUs, 747 complete and 0 interrupted iterations
saturation   [  57% ] 003/600 VUs  05m56.5s/10m30s  3.96 iters/s

running (05m57.8s), 003/600 VUs, 751 complete and 0 interrupted iterations
saturation   [  57% ] 003/600 VUs  05m57.5s/10m30s  3.97 iters/s

running (05m58.8s), 003/600 VUs, 755 complete and 0 interrupted iterations
saturation   [  57% ] 003/600 VUs  05m58.5s/10m30s  3.98 iters/s

running (05m59.8s), 003/600 VUs, 759 complete and 0 interrupted iterations
saturation   [  57% ] 003/600 VUs  05m59.5s/10m30s  3.99 iters/s

running (06m00.8s), 003/600 VUs, 763 complete and 0 interrupted iterations
saturation   [  57% ] 003/600 VUs  06m00.5s/10m30s  4.00 iters/s

running (06m01.8s), 003/600 VUs, 767 complete and 0 interrupted iterations
saturation   [  57% ] 003/600 VUs  06m01.5s/10m30s  4.02 iters/s

running (06m02.8s), 003/600 VUs, 771 complete and 0 interrupted iterations
saturation   [  58% ] 003/600 VUs  06m02.5s/10m30s  4.03 iters/s

running (06m03.8s), 003/600 VUs, 775 complete and 0 interrupted iterations
saturation   [  58% ] 003/600 VUs  06m03.5s/10m30s  4.04 iters/s

running (06m04.8s), 003/600 VUs, 779 complete and 0 interrupted iterations
saturation   [  58% ] 003/600 VUs  06m04.5s/10m30s  4.05 iters/s

running (06m05.8s), 004/600 VUs, 783 complete and 0 interrupted iterations
saturation   [  58% ] 004/600 VUs  06m05.5s/10m30s  4.06 iters/s

running (06m06.8s), 004/600 VUs, 787 complete and 0 interrupted iterations
saturation   [  58% ] 004/600 VUs  06m06.5s/10m30s  4.07 iters/s

running (06m07.8s), 004/600 VUs, 791 complete and 0 interrupted iterations
saturation   [  58% ] 004/600 VUs  06m07.5s/10m30s  4.08 iters/s

running (06m08.8s), 004/600 VUs, 795 complete and 0 interrupted iterations
saturation   [  58% ] 004/600 VUs  06m08.5s/10m30s  4.09 iters/s

running (06m09.8s), 004/600 VUs, 799 complete and 0 interrupted iterations
saturation   [  59% ] 004/600 VUs  06m09.5s/10m30s  4.11 iters/s

running (06m10.8s), 004/600 VUs, 803 complete and 0 interrupted iterations
saturation   [  59% ] 004/600 VUs  06m10.5s/10m30s  4.12 iters/s

running (06m11.8s), 003/600 VUs, 808 complete and 0 interrupted iterations
saturation   [  59% ] 003/600 VUs  06m11.5s/10m30s  4.13 iters/s

running (06m12.8s), 003/600 VUs, 812 complete and 0 interrupted iterations
saturation   [  59% ] 003/600 VUs  06m12.5s/10m30s  4.14 iters/s

running (06m13.8s), 003/600 VUs, 816 complete and 0 interrupted iterations
saturation   [  59% ] 003/600 VUs  06m13.5s/10m30s  4.15 iters/s

running (06m14.8s), 003/600 VUs, 820 complete and 0 interrupted iterations
saturation   [  59% ] 003/600 VUs  06m14.5s/10m30s  4.16 iters/s

running (06m15.8s), 004/600 VUs, 824 complete and 0 interrupted iterations
saturation   [  60% ] 004/600 VUs  06m15.5s/10m30s  4.17 iters/s

running (06m16.8s), 004/600 VUs, 828 complete and 0 interrupted iterations
saturation   [  60% ] 004/600 VUs  06m16.5s/10m30s  4.18 iters/s

running (06m17.8s), 003/600 VUs, 833 complete and 0 interrupted iterations
saturation   [  60% ] 003/600 VUs  06m17.5s/10m30s  4.19 iters/s

running (06m18.8s), 003/600 VUs, 837 complete and 0 interrupted iterations
saturation   [  60% ] 003/600 VUs  06m18.5s/10m30s  4.20 iters/s

running (06m19.8s), 003/600 VUs, 841 complete and 0 interrupted iterations
saturation   [  60% ] 003/600 VUs  06m19.5s/10m30s  4.22 iters/s

running (06m20.8s), 004/600 VUs, 845 complete and 0 interrupted iterations
saturation   [  60% ] 004/600 VUs  06m20.5s/10m30s  4.23 iters/s

running (06m21.8s), 004/600 VUs, 849 complete and 0 interrupted iterations
saturation   [  61% ] 004/600 VUs  06m21.5s/10m30s  4.24 iters/s

running (06m22.8s), 003/600 VUs, 854 complete and 0 interrupted iterations
saturation   [  61% ] 003/600 VUs  06m22.5s/10m30s  4.25 iters/s

running (06m23.8s), 003/600 VUs, 858 complete and 0 interrupted iterations
saturation   [  61% ] 003/600 VUs  06m23.5s/10m30s  4.26 iters/s

running (06m24.8s), 004/600 VUs, 862 complete and 0 interrupted iterations
saturation   [  61% ] 004/600 VUs  06m24.5s/10m30s  4.27 iters/s

running (06m25.8s), 004/600 VUs, 866 complete and 0 interrupted iterations
saturation   [  61% ] 004/600 VUs  06m25.5s/10m30s  4.28 iters/s

running (06m26.8s), 003/600 VUs, 871 complete and 0 interrupted iterations
saturation   [  61% ] 003/600 VUs  06m26.5s/10m30s  4.29 iters/s

running (06m27.8s), 004/600 VUs, 875 complete and 0 interrupted iterations
saturation   [  62% ] 004/600 VUs  06m27.5s/10m30s  4.31 iters/s

running (06m28.8s), 004/600 VUs, 879 complete and 0 interrupted iterations
saturation   [  62% ] 004/600 VUs  06m28.5s/10m30s  4.32 iters/s

running (06m29.8s), 003/600 VUs, 884 complete and 0 interrupted iterations
saturation   [  62% ] 003/600 VUs  06m29.5s/10m30s  4.33 iters/s

running (06m30.8s), 003/600 VUs, 888 complete and 0 interrupted iterations
saturation   [  62% ] 003/600 VUs  06m30.5s/10m30s  4.34 iters/s

running (06m31.8s), 004/600 VUs, 892 complete and 0 interrupted iterations
saturation   [  62% ] 004/600 VUs  06m31.5s/10m30s  4.35 iters/s

running (06m32.8s), 004/600 VUs, 896 complete and 0 interrupted iterations
saturation   [  62% ] 004/600 VUs  06m32.5s/10m30s  4.36 iters/s

running (06m33.8s), 004/600 VUs, 901 complete and 0 interrupted iterations
saturation   [  62% ] 004/600 VUs  06m33.5s/10m30s  4.37 iters/s

running (06m34.8s), 004/600 VUs, 905 complete and 0 interrupted iterations
saturation   [  63% ] 004/600 VUs  06m34.5s/10m30s  4.38 iters/s

running (06m35.8s), 003/600 VUs, 910 complete and 0 interrupted iterations
saturation   [  63% ] 003/600 VUs  06m35.5s/10m30s  4.39 iters/s

running (06m36.8s), 004/600 VUs, 914 complete and 0 interrupted iterations
saturation   [  63% ] 004/600 VUs  06m36.5s/10m30s  4.41 iters/s

running (06m37.8s), 004/600 VUs, 918 complete and 0 interrupted iterations
saturation   [  63% ] 004/600 VUs  06m37.5s/10m30s  4.42 iters/s

running (06m38.8s), 004/600 VUs, 923 complete and 0 interrupted iterations
saturation   [  63% ] 004/600 VUs  06m38.5s/10m30s  4.43 iters/s

running (06m39.8s), 004/600 VUs, 927 complete and 0 interrupted iterations
saturation   [  63% ] 004/600 VUs  06m39.5s/10m30s  4.44 iters/s

running (06m40.8s), 003/600 VUs, 932 complete and 0 interrupted iterations
saturation   [  64% ] 003/600 VUs  06m40.5s/10m30s  4.45 iters/s

running (06m41.8s), 004/600 VUs, 936 complete and 0 interrupted iterations
saturation   [  64% ] 004/600 VUs  06m41.5s/10m30s  4.46 iters/s

running (06m42.8s), 003/600 VUs, 941 complete and 0 interrupted iterations
saturation   [  64% ] 003/600 VUs  06m42.5s/10m30s  4.47 iters/s

running (06m43.8s), 004/600 VUs, 945 complete and 0 interrupted iterations
saturation   [  64% ] 004/600 VUs  06m43.5s/10m30s  4.48 iters/s

running (06m44.8s), 003/600 VUs, 950 complete and 0 interrupted iterations
saturation   [  64% ] 003/600 VUs  06m44.5s/10m30s  4.49 iters/s

running (06m45.8s), 004/600 VUs, 954 complete and 0 interrupted iterations
saturation   [  64% ] 004/600 VUs  06m45.5s/10m30s  4.51 iters/s

running (06m46.8s), 003/600 VUs, 959 complete and 0 interrupted iterations
saturation   [  65% ] 003/600 VUs  06m46.5s/10m30s  4.52 iters/s

running (06m47.8s), 004/600 VUs, 963 complete and 0 interrupted iterations
saturation   [  65% ] 004/600 VUs  06m47.5s/10m30s  4.53 iters/s

running (06m48.8s), 003/600 VUs, 968 complete and 0 interrupted iterations
saturation   [  65% ] 003/600 VUs  06m48.5s/10m30s  4.54 iters/s

running (06m49.8s), 004/600 VUs, 972 complete and 0 interrupted iterations
saturation   [  65% ] 004/600 VUs  06m49.5s/10m30s  4.55 iters/s

running (06m50.8s), 003/600 VUs, 977 complete and 0 interrupted iterations
saturation   [  65% ] 003/600 VUs  06m50.5s/10m30s  4.56 iters/s

running (06m51.8s), 004/600 VUs, 981 complete and 0 interrupted iterations
saturation   [  65% ] 004/600 VUs  06m51.5s/10m30s  4.57 iters/s

running (06m52.8s), 004/600 VUs, 986 complete and 0 interrupted iterations
saturation   [  65% ] 004/600 VUs  06m52.5s/10m30s  4.58 iters/s

running (06m53.8s), 004/600 VUs, 990 complete and 0 interrupted iterations
saturation   [  66% ] 004/600 VUs  06m53.5s/10m30s  4.59 iters/s

running (06m54.8s), 004/600 VUs, 995 complete and 0 interrupted iterations
saturation   [  66% ] 004/600 VUs  06m54.5s/10m30s  4.61 iters/s

running (06m55.8s), 003/600 VUs, 1000 complete and 0 interrupted iterations
saturation   [  66% ] 003/600 VUs  06m55.5s/10m30s  4.62 iters/s

running (06m56.8s), 004/600 VUs, 1004 complete and 0 interrupted iterations
saturation   [  66% ] 004/600 VUs  06m56.5s/10m30s  4.63 iters/s

running (06m57.8s), 004/600 VUs, 1009 complete and 0 interrupted iterations
saturation   [  66% ] 004/600 VUs  06m57.5s/10m30s  4.64 iters/s

running (06m58.8s), 004/600 VUs, 1013 complete and 0 interrupted iterations
saturation   [  66% ] 004/600 VUs  06m58.5s/10m30s  4.65 iters/s

running (06m59.8s), 004/600 VUs, 1018 complete and 0 interrupted iterations
saturation   [  67% ] 004/600 VUs  06m59.5s/10m30s  4.66 iters/s

running (07m00.8s), 004/600 VUs, 1023 complete and 0 interrupted iterations
saturation   [  67% ] 004/600 VUs  07m00.5s/10m30s  4.67 iters/s

running (07m01.8s), 004/600 VUs, 1027 complete and 0 interrupted iterations
saturation   [  67% ] 004/600 VUs  07m01.5s/10m30s  4.68 iters/s

running (07m02.8s), 004/600 VUs, 1032 complete and 0 interrupted iterations
saturation   [  67% ] 004/600 VUs  07m02.5s/10m30s  4.69 iters/s

running (07m03.8s), 004/600 VUs, 1037 complete and 0 interrupted iterations
saturation   [  67% ] 004/600 VUs  07m03.5s/10m30s  4.71 iters/s

running (07m04.8s), 004/600 VUs, 1041 complete and 0 interrupted iterations
saturation   [  67% ] 004/600 VUs  07m04.5s/10m30s  4.72 iters/s

running (07m05.8s), 004/600 VUs, 1046 complete and 0 interrupted iterations
saturation   [  68% ] 004/600 VUs  07m05.5s/10m30s  4.73 iters/s

running (07m06.8s), 004/600 VUs, 1051 complete and 0 interrupted iterations
saturation   [  68% ] 004/600 VUs  07m06.5s/10m30s  4.74 iters/s

running (07m07.8s), 004/600 VUs, 1056 complete and 0 interrupted iterations
saturation   [  68% ] 004/600 VUs  07m07.5s/10m30s  4.75 iters/s

running (07m08.8s), 004/600 VUs, 1060 complete and 0 interrupted iterations
saturation   [  68% ] 004/600 VUs  07m08.5s/10m30s  4.76 iters/s

running (07m09.8s), 004/600 VUs, 1065 complete and 0 interrupted iterations
saturation   [  68% ] 004/600 VUs  07m09.5s/10m30s  4.77 iters/s

running (07m10.8s), 004/600 VUs, 1070 complete and 0 interrupted iterations
saturation   [  68% ] 004/600 VUs  07m10.5s/10m30s  4.78 iters/s

running (07m11.8s), 004/600 VUs, 1075 complete and 0 interrupted iterations
saturation   [  68% ] 004/600 VUs  07m11.5s/10m30s  4.79 iters/s

running (07m12.8s), 005/600 VUs, 1079 complete and 0 interrupted iterations
saturation   [  69% ] 005/600 VUs  07m12.5s/10m30s  4.81 iters/s

running (07m13.8s), 004/600 VUs, 1084 complete and 0 interrupted iterations
saturation   [  69% ] 004/600 VUs  07m13.5s/10m30s  4.82 iters/s

running (07m14.8s), 004/600 VUs, 1089 complete and 0 interrupted iterations
saturation   [  69% ] 004/600 VUs  07m14.5s/10m30s  4.83 iters/s

running (07m15.8s), 004/600 VUs, 1094 complete and 0 interrupted iterations
saturation   [  69% ] 004/600 VUs  07m15.5s/10m30s  4.84 iters/s

running (07m16.8s), 004/600 VUs, 1099 complete and 0 interrupted iterations
saturation   [  69% ] 004/600 VUs  07m16.5s/10m30s  4.85 iters/s

running (07m17.8s), 004/600 VUs, 1104 complete and 0 interrupted iterations
saturation   [  69% ] 004/600 VUs  07m17.5s/10m30s  4.86 iters/s

running (07m18.8s), 005/600 VUs, 1108 complete and 0 interrupted iterations
saturation   [  70% ] 005/600 VUs  07m18.5s/10m30s  4.87 iters/s

running (07m19.8s), 004/600 VUs, 1113 complete and 0 interrupted iterations
saturation   [  70% ] 004/600 VUs  07m19.5s/10m30s  4.88 iters/s

running (07m20.8s), 004/600 VUs, 1118 complete and 0 interrupted iterations
saturation   [  70% ] 004/600 VUs  07m20.5s/10m30s  4.89 iters/s

running (07m21.8s), 004/600 VUs, 1123 complete and 0 interrupted iterations
saturation   [  70% ] 004/600 VUs  07m21.5s/10m30s  4.90 iters/s

running (07m22.8s), 004/600 VUs, 1128 complete and 0 interrupted iterations
saturation   [  70% ] 004/600 VUs  07m22.5s/10m30s  4.92 iters/s

running (07m23.8s), 004/600 VUs, 1133 complete and 0 interrupted iterations
saturation   [  70% ] 004/600 VUs  07m23.5s/10m30s  4.93 iters/s

running (07m24.8s), 004/600 VUs, 1138 complete and 0 interrupted iterations
saturation   [  71% ] 004/600 VUs  07m24.5s/10m30s  4.94 iters/s

running (07m25.8s), 004/600 VUs, 1143 complete and 0 interrupted iterations
saturation   [  71% ] 004/600 VUs  07m25.5s/10m30s  4.95 iters/s

running (07m26.8s), 004/600 VUs, 1148 complete and 0 interrupted iterations
saturation   [  71% ] 004/600 VUs  07m26.5s/10m30s  4.96 iters/s

running (07m27.8s), 004/600 VUs, 1153 complete and 0 interrupted iterations
saturation   [  71% ] 004/600 VUs  07m27.5s/10m30s  4.97 iters/s

running (07m28.8s), 004/600 VUs, 1158 complete and 0 interrupted iterations
saturation   [  71% ] 004/600 VUs  07m28.5s/10m30s  4.98 iters/s

running (07m29.8s), 004/600 VUs, 1163 complete and 0 interrupted iterations
saturation   [  71% ] 004/600 VUs  07m29.5s/10m30s  4.99 iters/s

running (07m30.8s), 004/600 VUs, 1168 complete and 0 interrupted iterations
saturation   [  72% ] 004/600 VUs  07m30.5s/10m30s  5.01 iters/s

running (07m31.8s), 004/600 VUs, 1173 complete and 0 interrupted iterations
saturation   [  72% ] 004/600 VUs  07m31.5s/10m30s  5.02 iters/s

running (07m32.8s), 004/600 VUs, 1178 complete and 0 interrupted iterations
saturation   [  72% ] 004/600 VUs  07m32.5s/10m30s  5.03 iters/s

running (07m33.8s), 004/600 VUs, 1183 complete and 0 interrupted iterations
saturation   [  72% ] 004/600 VUs  07m33.5s/10m30s  5.04 iters/s

running (07m34.8s), 004/600 VUs, 1188 complete and 0 interrupted iterations
saturation   [  72% ] 004/600 VUs  07m34.5s/10m30s  5.05 iters/s

running (07m35.8s), 004/600 VUs, 1193 complete and 0 interrupted iterations
saturation   [  72% ] 004/600 VUs  07m35.5s/10m30s  5.06 iters/s

running (07m36.8s), 004/600 VUs, 1198 complete and 0 interrupted iterations
saturation   [  72% ] 004/600 VUs  07m36.5s/10m30s  5.07 iters/s

running (07m37.8s), 004/600 VUs, 1203 complete and 0 interrupted iterations
saturation   [  73% ] 004/600 VUs  07m37.5s/10m30s  5.08 iters/s

running (07m38.8s), 004/600 VUs, 1208 complete and 0 interrupted iterations
saturation   [  73% ] 004/600 VUs  07m38.5s/10m30s  5.09 iters/s

running (07m39.8s), 004/600 VUs, 1213 complete and 0 interrupted iterations
saturation   [  73% ] 004/600 VUs  07m39.5s/10m30s  5.10 iters/s

running (07m40.8s), 004/600 VUs, 1218 complete and 0 interrupted iterations
saturation   [  73% ] 004/600 VUs  07m40.5s/10m30s  5.12 iters/s

running (07m41.8s), 005/600 VUs, 1223 complete and 0 interrupted iterations
saturation   [  73% ] 005/600 VUs  07m41.5s/10m30s  5.13 iters/s

running (07m42.8s), 005/600 VUs, 1228 complete and 0 interrupted iterations
saturation   [  73% ] 005/600 VUs  07m42.5s/10m30s  5.14 iters/s

running (07m43.8s), 005/600 VUs, 1233 complete and 0 interrupted iterations
saturation   [  74% ] 005/600 VUs  07m43.5s/10m30s  5.15 iters/s

running (07m44.8s), 004/600 VUs, 1239 complete and 0 interrupted iterations
saturation   [  74% ] 004/600 VUs  07m44.5s/10m30s  5.16 iters/s

running (07m45.8s), 004/600 VUs, 1244 complete and 0 interrupted iterations
saturation   [  74% ] 004/600 VUs  07m45.5s/10m30s  5.17 iters/s

running (07m46.8s), 004/600 VUs, 1249 complete and 0 interrupted iterations
saturation   [  74% ] 004/600 VUs  07m46.5s/10m30s  5.18 iters/s

running (07m47.8s), 004/600 VUs, 1254 complete and 0 interrupted iterations
saturation   [  74% ] 004/600 VUs  07m47.5s/10m30s  5.19 iters/s

running (07m48.8s), 005/600 VUs, 1259 complete and 0 interrupted iterations
saturation   [  74% ] 005/600 VUs  07m48.5s/10m30s  5.21 iters/s

running (07m49.8s), 004/600 VUs, 1265 complete and 0 interrupted iterations
saturation   [  75% ] 004/600 VUs  07m49.5s/10m30s  5.22 iters/s

running (07m50.8s), 004/600 VUs, 1270 complete and 0 interrupted iterations
saturation   [  75% ] 004/600 VUs  07m50.5s/10m30s  5.23 iters/s

running (07m51.8s), 004/600 VUs, 1275 complete and 0 interrupted iterations
saturation   [  75% ] 004/600 VUs  07m51.5s/10m30s  5.24 iters/s

running (07m52.8s), 005/600 VUs, 1280 complete and 0 interrupted iterations
saturation   [  75% ] 005/600 VUs  07m52.5s/10m30s  5.25 iters/s

running (07m53.8s), 005/600 VUs, 1285 complete and 0 interrupted iterations
saturation   [  75% ] 005/600 VUs  07m53.5s/10m30s  5.26 iters/s

running (07m54.8s), 004/600 VUs, 1291 complete and 0 interrupted iterations
saturation   [  75% ] 004/600 VUs  07m54.5s/10m30s  5.27 iters/s

running (07m55.8s), 004/600 VUs, 1296 complete and 0 interrupted iterations
saturation   [  75% ] 004/600 VUs  07m55.5s/10m30s  5.28 iters/s

running (07m56.8s), 005/600 VUs, 1301 complete and 0 interrupted iterations
saturation   [  76% ] 005/600 VUs  07m56.5s/10m30s  5.29 iters/s

running (07m57.8s), 004/600 VUs, 1307 complete and 0 interrupted iterations
saturation   [  76% ] 004/600 VUs  07m57.5s/10m30s  5.31 iters/s

running (07m58.8s), 004/600 VUs, 1312 complete and 0 interrupted iterations
saturation   [  76% ] 004/600 VUs  07m58.5s/10m30s  5.32 iters/s

running (07m59.8s), 005/600 VUs, 1317 complete and 0 interrupted iterations
saturation   [  76% ] 005/600 VUs  07m59.5s/10m30s  5.33 iters/s

running (08m00.8s), 005/600 VUs, 1322 complete and 0 interrupted iterations
saturation   [  76% ] 005/600 VUs  08m00.5s/10m30s  5.34 iters/s

running (08m01.8s), 004/600 VUs, 1328 complete and 0 interrupted iterations
saturation   [  76% ] 004/600 VUs  08m01.5s/10m30s  5.35 iters/s

running (08m02.8s), 005/600 VUs, 1333 complete and 0 interrupted iterations
saturation   [  77% ] 005/600 VUs  08m02.5s/10m30s  5.36 iters/s

running (08m03.8s), 005/600 VUs, 1338 complete and 0 interrupted iterations
saturation   [  77% ] 005/600 VUs  08m03.5s/10m30s  5.37 iters/s

running (08m04.8s), 004/600 VUs, 1344 complete and 0 interrupted iterations
saturation   [  77% ] 004/600 VUs  08m04.5s/10m30s  5.38 iters/s

running (08m05.8s), 005/600 VUs, 1349 complete and 0 interrupted iterations
saturation   [  77% ] 005/600 VUs  08m05.5s/10m30s  5.39 iters/s

running (08m06.8s), 004/600 VUs, 1355 complete and 0 interrupted iterations
saturation   [  77% ] 004/600 VUs  08m06.5s/10m30s  5.40 iters/s

running (08m07.8s), 005/600 VUs, 1360 complete and 0 interrupted iterations
saturation   [  77% ] 005/600 VUs  08m07.5s/10m30s  5.42 iters/s

running (08m08.8s), 005/600 VUs, 1365 complete and 0 interrupted iterations
saturation   [  78% ] 005/600 VUs  08m08.5s/10m30s  5.43 iters/s

running (08m09.8s), 004/600 VUs, 1371 complete and 0 interrupted iterations
saturation   [  78% ] 004/600 VUs  08m09.5s/10m30s  5.44 iters/s

running (08m10.8s), 005/600 VUs, 1376 complete and 0 interrupted iterations
saturation   [  78% ] 005/600 VUs  08m10.5s/10m30s  5.45 iters/s

running (08m11.8s), 004/600 VUs, 1382 complete and 0 interrupted iterations
saturation   [  78% ] 004/600 VUs  08m11.5s/10m30s  5.46 iters/s

running (08m12.8s), 005/600 VUs, 1387 complete and 0 interrupted iterations
saturation   [  78% ] 005/600 VUs  08m12.5s/10m30s  5.47 iters/s

running (08m13.8s), 004/600 VUs, 1393 complete and 0 interrupted iterations
saturation   [  78% ] 004/600 VUs  08m13.5s/10m30s  5.48 iters/s

running (08m14.8s), 005/600 VUs, 1398 complete and 0 interrupted iterations
saturation   [  78% ] 005/600 VUs  08m14.5s/10m30s  5.49 iters/s

running (08m15.8s), 004/600 VUs, 1404 complete and 0 interrupted iterations
saturation   [  79% ] 004/600 VUs  08m15.5s/10m30s  5.50 iters/s

running (08m16.8s), 005/600 VUs, 1409 complete and 0 interrupted iterations
saturation   [  79% ] 005/600 VUs  08m16.5s/10m30s  5.52 iters/s

running (08m17.8s), 004/600 VUs, 1415 complete and 0 interrupted iterations
saturation   [  79% ] 004/600 VUs  08m17.5s/10m30s  5.53 iters/s

running (08m18.8s), 005/600 VUs, 1420 complete and 0 interrupted iterations
saturation   [  79% ] 005/600 VUs  08m18.5s/10m30s  5.54 iters/s

running (08m19.8s), 004/600 VUs, 1426 complete and 0 interrupted iterations
saturation   [  79% ] 004/600 VUs  08m19.5s/10m30s  5.55 iters/s

running (08m20.8s), 005/600 VUs, 1431 complete and 0 interrupted iterations
saturation   [  79% ] 005/600 VUs  08m20.5s/10m30s  5.56 iters/s

running (08m21.8s), 005/600 VUs, 1437 complete and 0 interrupted iterations
saturation   [  80% ] 005/600 VUs  08m21.5s/10m30s  5.57 iters/s

running (08m22.8s), 005/600 VUs, 1442 complete and 0 interrupted iterations
saturation   [  80% ] 005/600 VUs  08m22.5s/10m30s  5.58 iters/s

running (08m23.8s), 005/600 VUs, 1448 complete and 0 interrupted iterations
saturation   [  80% ] 005/600 VUs  08m23.5s/10m30s  5.59 iters/s

running (08m24.8s), 005/600 VUs, 1453 complete and 0 interrupted iterations
saturation   [  80% ] 005/600 VUs  08m24.5s/10m30s  5.60 iters/s

running (08m25.8s), 005/600 VUs, 1459 complete and 0 interrupted iterations
saturation   [  80% ] 005/600 VUs  08m25.5s/10m30s  5.62 iters/s

running (08m26.8s), 005/600 VUs, 1465 complete and 0 interrupted iterations
saturation   [  80% ] 005/600 VUs  08m26.5s/10m30s  5.63 iters/s

running (08m27.8s), 005/600 VUs, 1470 complete and 0 interrupted iterations
saturation   [  81% ] 005/600 VUs  08m27.5s/10m30s  5.64 iters/s

running (08m28.8s), 005/600 VUs, 1476 complete and 0 interrupted iterations
saturation   [  81% ] 005/600 VUs  08m28.5s/10m30s  5.65 iters/s

running (08m29.8s), 004/600 VUs, 1482 complete and 0 interrupted iterations
saturation   [  81% ] 004/600 VUs  08m29.5s/10m30s  5.66 iters/s

running (08m30.8s), 005/600 VUs, 1487 complete and 0 interrupted iterations
saturation   [  81% ] 005/600 VUs  08m30.5s/10m30s  5.67 iters/s

running (08m31.8s), 005/600 VUs, 1493 complete and 0 interrupted iterations
saturation   [  81% ] 005/600 VUs  08m31.5s/10m30s  5.68 iters/s

running (08m32.8s), 004/600 VUs, 1499 complete and 0 interrupted iterations
saturation   [  81% ] 004/600 VUs  08m32.5s/10m30s  5.69 iters/s

running (08m33.8s), 005/600 VUs, 1504 complete and 0 interrupted iterations
saturation   [  82% ] 005/600 VUs  08m33.5s/10m30s  5.70 iters/s

running (08m34.8s), 005/600 VUs, 1510 complete and 0 interrupted iterations
saturation   [  82% ] 005/600 VUs  08m34.5s/10m30s  5.72 iters/s

running (08m35.8s), 005/600 VUs, 1516 complete and 0 interrupted iterations
saturation   [  82% ] 005/600 VUs  08m35.5s/10m30s  5.73 iters/s

running (08m36.8s), 005/600 VUs, 1521 complete and 0 interrupted iterations
saturation   [  82% ] 005/600 VUs  08m36.5s/10m30s  5.74 iters/s

running (08m37.8s), 005/600 VUs, 1527 complete and 0 interrupted iterations
saturation   [  82% ] 005/600 VUs  08m37.5s/10m30s  5.75 iters/s

running (08m38.8s), 005/600 VUs, 1533 complete and 0 interrupted iterations
saturation   [  82% ] 005/600 VUs  08m38.5s/10m30s  5.76 iters/s

running (08m39.8s), 005/600 VUs, 1539 complete and 0 interrupted iterations
saturation   [  82% ] 005/600 VUs  08m39.5s/10m30s  5.77 iters/s

running (08m40.8s), 005/600 VUs, 1544 complete and 0 interrupted iterations
saturation   [  83% ] 005/600 VUs  08m40.5s/10m30s  5.78 iters/s

running (08m41.8s), 005/600 VUs, 1550 complete and 0 interrupted iterations
saturation   [  83% ] 005/600 VUs  08m41.5s/10m30s  5.79 iters/s

running (08m42.8s), 005/600 VUs, 1556 complete and 0 interrupted iterations
saturation   [  83% ] 005/600 VUs  08m42.5s/10m30s  5.81 iters/s

running (08m43.8s), 005/600 VUs, 1562 complete and 0 interrupted iterations
saturation   [  83% ] 005/600 VUs  08m43.5s/10m30s  5.82 iters/s

running (08m44.8s), 005/600 VUs, 1568 complete and 0 interrupted iterations
saturation   [  83% ] 005/600 VUs  08m44.5s/10m30s  5.83 iters/s

running (08m45.8s), 005/600 VUs, 1573 complete and 0 interrupted iterations
saturation   [  83% ] 005/600 VUs  08m45.5s/10m30s  5.84 iters/s

running (08m46.8s), 005/600 VUs, 1579 complete and 0 interrupted iterations
saturation   [  84% ] 005/600 VUs  08m46.5s/10m30s  5.85 iters/s

running (08m47.8s), 005/600 VUs, 1585 complete and 0 interrupted iterations
saturation   [  84% ] 005/600 VUs  08m47.5s/10m30s  5.86 iters/s

running (08m48.8s), 005/600 VUs, 1591 complete and 0 interrupted iterations
saturation   [  84% ] 005/600 VUs  08m48.5s/10m30s  5.87 iters/s

running (08m49.8s), 005/600 VUs, 1597 complete and 0 interrupted iterations
saturation   [  84% ] 005/600 VUs  08m49.5s/10m30s  5.88 iters/s

running (08m50.8s), 005/600 VUs, 1603 complete and 0 interrupted iterations
saturation   [  84% ] 005/600 VUs  08m50.5s/10m30s  5.89 iters/s

running (08m51.8s), 005/600 VUs, 1609 complete and 0 interrupted iterations
saturation   [  84% ] 005/600 VUs  08m51.5s/10m30s  5.91 iters/s

running (08m52.8s), 005/600 VUs, 1615 complete and 0 interrupted iterations
saturation   [  85% ] 005/600 VUs  08m52.5s/10m30s  5.92 iters/s

running (08m53.8s), 006/600 VUs, 1620 complete and 0 interrupted iterations
saturation   [  85% ] 006/600 VUs  08m53.5s/10m30s  5.93 iters/s

running (08m54.8s), 005/600 VUs, 1626 complete and 0 interrupted iterations
saturation   [  85% ] 005/600 VUs  08m54.5s/10m30s  5.94 iters/s

running (08m55.8s), 005/600 VUs, 1632 complete and 0 interrupted iterations
saturation   [  85% ] 005/600 VUs  08m55.5s/10m30s  5.95 iters/s

running (08m56.8s), 005/600 VUs, 1638 complete and 0 interrupted iterations
saturation   [  85% ] 005/600 VUs  08m56.5s/10m30s  5.96 iters/s

running (08m57.8s), 005/600 VUs, 1644 complete and 0 interrupted iterations
saturation   [  85% ] 005/600 VUs  08m57.5s/10m30s  5.97 iters/s

running (08m58.8s), 005/600 VUs, 1650 complete and 0 interrupted iterations
saturation   [  85% ] 005/600 VUs  08m58.5s/10m30s  5.98 iters/s

running (08m59.8s), 005/600 VUs, 1656 complete and 0 interrupted iterations
saturation   [  86% ] 005/600 VUs  08m59.5s/10m30s  5.99 iters/s

running (09m00.8s), 005/600 VUs, 1662 complete and 0 interrupted iterations
saturation   [  86% ] 005/600 VUs  09m00.5s/10m30s  6.00 iters/s

running (09m01.8s), 005/600 VUs, 1668 complete and 0 interrupted iterations
saturation   [  86% ] 005/600 VUs  09m01.5s/10m30s  6.00 iters/s

running (09m02.8s), 005/600 VUs, 1674 complete and 0 interrupted iterations
saturation   [  86% ] 005/600 VUs  09m02.5s/10m30s  6.00 iters/s

running (09m03.8s), 005/600 VUs, 1680 complete and 0 interrupted iterations
saturation   [  86% ] 005/600 VUs  09m03.5s/10m30s  6.00 iters/s

running (09m04.8s), 005/600 VUs, 1686 complete and 0 interrupted iterations
saturation   [  86% ] 005/600 VUs  09m04.5s/10m30s  6.00 iters/s

running (09m05.8s), 005/600 VUs, 1692 complete and 0 interrupted iterations
saturation   [  87% ] 005/600 VUs  09m05.5s/10m30s  6.00 iters/s

running (09m06.8s), 005/600 VUs, 1698 complete and 0 interrupted iterations
saturation   [  87% ] 005/600 VUs  09m06.5s/10m30s  6.00 iters/s

running (09m07.8s), 005/600 VUs, 1704 complete and 0 interrupted iterations
saturation   [  87% ] 005/600 VUs  09m07.5s/10m30s  6.00 iters/s

running (09m08.8s), 005/600 VUs, 1710 complete and 0 interrupted iterations
saturation   [  87% ] 005/600 VUs  09m08.5s/10m30s  6.00 iters/s

running (09m09.8s), 005/600 VUs, 1716 complete and 0 interrupted iterations
saturation   [  87% ] 005/600 VUs  09m09.5s/10m30s  6.00 iters/s

running (09m10.8s), 005/600 VUs, 1722 complete and 0 interrupted iterations
saturation   [  87% ] 005/600 VUs  09m10.5s/10m30s  6.00 iters/s

running (09m11.8s), 005/600 VUs, 1728 complete and 0 interrupted iterations
saturation   [  88% ] 005/600 VUs  09m11.5s/10m30s  6.00 iters/s

running (09m12.8s), 005/600 VUs, 1734 complete and 0 interrupted iterations
saturation   [  88% ] 005/600 VUs  09m12.5s/10m30s  6.00 iters/s

running (09m13.8s), 005/600 VUs, 1740 complete and 0 interrupted iterations
saturation   [  88% ] 005/600 VUs  09m13.5s/10m30s  6.00 iters/s

running (09m14.8s), 005/600 VUs, 1746 complete and 0 interrupted iterations
saturation   [  88% ] 005/600 VUs  09m14.5s/10m30s  6.00 iters/s

running (09m15.8s), 005/600 VUs, 1752 complete and 0 interrupted iterations
saturation   [  88% ] 005/600 VUs  09m15.5s/10m30s  6.00 iters/s

running (09m16.8s), 005/600 VUs, 1758 complete and 0 interrupted iterations
saturation   [  88% ] 005/600 VUs  09m16.5s/10m30s  6.00 iters/s

running (09m17.8s), 005/600 VUs, 1764 complete and 0 interrupted iterations
saturation   [  88% ] 005/600 VUs  09m17.5s/10m30s  6.00 iters/s

running (09m18.8s), 005/600 VUs, 1770 complete and 0 interrupted iterations
saturation   [  89% ] 005/600 VUs  09m18.5s/10m30s  6.00 iters/s

running (09m19.8s), 005/600 VUs, 1776 complete and 0 interrupted iterations
saturation   [  89% ] 005/600 VUs  09m19.5s/10m30s  6.00 iters/s

running (09m20.8s), 005/600 VUs, 1782 complete and 0 interrupted iterations
saturation   [  89% ] 005/600 VUs  09m20.5s/10m30s  6.00 iters/s

running (09m21.8s), 005/600 VUs, 1788 complete and 0 interrupted iterations
saturation   [  89% ] 005/600 VUs  09m21.5s/10m30s  6.00 iters/s

running (09m22.8s), 005/600 VUs, 1794 complete and 0 interrupted iterations
saturation   [  89% ] 005/600 VUs  09m22.5s/10m30s  6.00 iters/s

running (09m23.8s), 005/600 VUs, 1800 complete and 0 interrupted iterations
saturation   [  89% ] 005/600 VUs  09m23.5s/10m30s  6.00 iters/s

running (09m24.8s), 005/600 VUs, 1806 complete and 0 interrupted iterations
saturation   [  90% ] 005/600 VUs  09m24.5s/10m30s  6.00 iters/s

running (09m25.8s), 005/600 VUs, 1812 complete and 0 interrupted iterations
saturation   [  90% ] 005/600 VUs  09m25.5s/10m30s  6.00 iters/s

running (09m26.8s), 005/600 VUs, 1818 complete and 0 interrupted iterations
saturation   [  90% ] 005/600 VUs  09m26.5s/10m30s  6.00 iters/s

running (09m27.8s), 005/600 VUs, 1824 complete and 0 interrupted iterations
saturation   [  90% ] 005/600 VUs  09m27.5s/10m30s  6.00 iters/s

running (09m28.8s), 005/600 VUs, 1830 complete and 0 interrupted iterations
saturation   [  90% ] 005/600 VUs  09m28.5s/10m30s  6.00 iters/s

running (09m29.8s), 005/600 VUs, 1836 complete and 0 interrupted iterations
saturation   [  90% ] 005/600 VUs  09m29.5s/10m30s  6.00 iters/s

running (09m30.8s), 005/600 VUs, 1842 complete and 0 interrupted iterations
saturation   [  91% ] 005/600 VUs  09m30.5s/10m30s  6.00 iters/s

running (09m31.8s), 005/600 VUs, 1848 complete and 0 interrupted iterations
saturation   [  91% ] 005/600 VUs  09m31.5s/10m30s  6.00 iters/s

running (09m32.8s), 005/600 VUs, 1854 complete and 0 interrupted iterations
saturation   [  91% ] 005/600 VUs  09m32.5s/10m30s  6.00 iters/s

running (09m33.8s), 005/600 VUs, 1860 complete and 0 interrupted iterations
saturation   [  91% ] 005/600 VUs  09m33.5s/10m30s  6.00 iters/s

running (09m34.8s), 005/600 VUs, 1866 complete and 0 interrupted iterations
saturation   [  91% ] 005/600 VUs  09m34.5s/10m30s  6.00 iters/s

running (09m35.8s), 005/600 VUs, 1872 complete and 0 interrupted iterations
saturation   [  91% ] 005/600 VUs  09m35.5s/10m30s  6.00 iters/s

running (09m36.8s), 005/600 VUs, 1878 complete and 0 interrupted iterations
saturation   [  92% ] 005/600 VUs  09m36.5s/10m30s  6.00 iters/s

running (09m37.8s), 005/600 VUs, 1884 complete and 0 interrupted iterations
saturation   [  92% ] 005/600 VUs  09m37.5s/10m30s  6.00 iters/s

running (09m38.8s), 005/600 VUs, 1890 complete and 0 interrupted iterations
saturation   [  92% ] 005/600 VUs  09m38.5s/10m30s  6.00 iters/s

running (09m39.8s), 005/600 VUs, 1896 complete and 0 interrupted iterations
saturation   [  92% ] 005/600 VUs  09m39.5s/10m30s  6.00 iters/s

running (09m40.8s), 005/600 VUs, 1902 complete and 0 interrupted iterations
saturation   [  92% ] 005/600 VUs  09m40.5s/10m30s  6.00 iters/s

running (09m41.8s), 005/600 VUs, 1908 complete and 0 interrupted iterations
saturation   [  92% ] 005/600 VUs  09m41.5s/10m30s  6.00 iters/s

running (09m42.8s), 005/600 VUs, 1914 complete and 0 interrupted iterations
saturation   [  92% ] 005/600 VUs  09m42.5s/10m30s  6.00 iters/s

running (09m43.8s), 005/600 VUs, 1920 complete and 0 interrupted iterations
saturation   [  93% ] 005/600 VUs  09m43.5s/10m30s  6.00 iters/s

running (09m44.8s), 005/600 VUs, 1926 complete and 0 interrupted iterations
saturation   [  93% ] 005/600 VUs  09m44.5s/10m30s  6.00 iters/s

running (09m45.8s), 005/600 VUs, 1932 complete and 0 interrupted iterations
saturation   [  93% ] 005/600 VUs  09m45.5s/10m30s  6.00 iters/s

running (09m46.8s), 005/600 VUs, 1938 complete and 0 interrupted iterations
saturation   [  93% ] 005/600 VUs  09m46.5s/10m30s  6.00 iters/s

running (09m47.8s), 005/600 VUs, 1944 complete and 0 interrupted iterations
saturation   [  93% ] 005/600 VUs  09m47.5s/10m30s  6.00 iters/s

running (09m48.8s), 005/600 VUs, 1950 complete and 0 interrupted iterations
saturation   [  93% ] 005/600 VUs  09m48.5s/10m30s  6.00 iters/s

running (09m49.8s), 005/600 VUs, 1956 complete and 0 interrupted iterations
saturation   [  94% ] 005/600 VUs  09m49.5s/10m30s  6.00 iters/s

running (09m50.8s), 005/600 VUs, 1962 complete and 0 interrupted iterations
saturation   [  94% ] 005/600 VUs  09m50.5s/10m30s  6.00 iters/s

running (09m51.8s), 005/600 VUs, 1968 complete and 0 interrupted iterations
saturation   [  94% ] 005/600 VUs  09m51.5s/10m30s  6.00 iters/s

running (09m52.8s), 005/600 VUs, 1974 complete and 0 interrupted iterations
saturation   [  94% ] 005/600 VUs  09m52.5s/10m30s  6.00 iters/s

running (09m53.8s), 005/600 VUs, 1980 complete and 0 interrupted iterations
saturation   [  94% ] 005/600 VUs  09m53.5s/10m30s  6.00 iters/s

running (09m54.8s), 005/600 VUs, 1986 complete and 0 interrupted iterations
saturation   [  94% ] 005/600 VUs  09m54.5s/10m30s  6.00 iters/s

running (09m55.8s), 005/600 VUs, 1992 complete and 0 interrupted iterations
saturation   [  95% ] 005/600 VUs  09m55.5s/10m30s  6.00 iters/s

running (09m56.8s), 005/600 VUs, 1998 complete and 0 interrupted iterations
saturation   [  95% ] 005/600 VUs  09m56.5s/10m30s  6.00 iters/s

running (09m57.8s), 005/600 VUs, 2004 complete and 0 interrupted iterations
saturation   [  95% ] 005/600 VUs  09m57.5s/10m30s  6.00 iters/s

running (09m58.8s), 005/600 VUs, 2010 complete and 0 interrupted iterations
saturation   [  95% ] 005/600 VUs  09m58.5s/10m30s  6.00 iters/s

running (09m59.8s), 005/600 VUs, 2016 complete and 0 interrupted iterations
saturation   [  95% ] 005/600 VUs  09m59.5s/10m30s  6.00 iters/s

running (10m00.8s), 005/600 VUs, 2022 complete and 0 interrupted iterations
saturation   [  95% ] 005/600 VUs  10m00.5s/10m30s  6.00 iters/s

running (10m01.8s), 005/600 VUs, 2028 complete and 0 interrupted iterations
saturation   [  95% ] 005/600 VUs  10m01.5s/10m30s  6.00 iters/s

running (10m02.8s), 005/600 VUs, 2034 complete and 0 interrupted iterations
saturation   [  96% ] 005/600 VUs  10m02.5s/10m30s  6.00 iters/s

running (10m03.8s), 005/600 VUs, 2040 complete and 0 interrupted iterations
saturation   [  96% ] 005/600 VUs  10m03.5s/10m30s  6.00 iters/s

running (10m04.8s), 005/600 VUs, 2046 complete and 0 interrupted iterations
saturation   [  96% ] 005/600 VUs  10m04.5s/10m30s  6.00 iters/s

running (10m05.8s), 005/600 VUs, 2052 complete and 0 interrupted iterations
saturation   [  96% ] 005/600 VUs  10m05.5s/10m30s  6.00 iters/s

running (10m06.8s), 005/600 VUs, 2058 complete and 0 interrupted iterations
saturation   [  96% ] 005/600 VUs  10m06.5s/10m30s  6.00 iters/s

running (10m07.8s), 005/600 VUs, 2064 complete and 0 interrupted iterations
saturation   [  96% ] 005/600 VUs  10m07.5s/10m30s  6.00 iters/s

running (10m08.8s), 005/600 VUs, 2070 complete and 0 interrupted iterations
saturation   [  97% ] 005/600 VUs  10m08.5s/10m30s  6.00 iters/s

running (10m09.8s), 005/600 VUs, 2076 complete and 0 interrupted iterations
saturation   [  97% ] 005/600 VUs  10m09.5s/10m30s  6.00 iters/s

running (10m10.8s), 005/600 VUs, 2082 complete and 0 interrupted iterations
saturation   [  97% ] 005/600 VUs  10m10.5s/10m30s  6.00 iters/s

running (10m11.8s), 005/600 VUs, 2088 complete and 0 interrupted iterations
saturation   [  97% ] 005/600 VUs  10m11.5s/10m30s  6.00 iters/s

running (10m12.8s), 005/600 VUs, 2094 complete and 0 interrupted iterations
saturation   [  97% ] 005/600 VUs  10m12.5s/10m30s  6.00 iters/s

running (10m13.8s), 005/600 VUs, 2100 complete and 0 interrupted iterations
saturation   [  97% ] 005/600 VUs  10m13.5s/10m30s  6.00 iters/s

running (10m14.8s), 005/600 VUs, 2106 complete and 0 interrupted iterations
saturation   [  98% ] 005/600 VUs  10m14.5s/10m30s  6.00 iters/s

running (10m15.8s), 005/600 VUs, 2112 complete and 0 interrupted iterations
saturation   [  98% ] 005/600 VUs  10m15.5s/10m30s  6.00 iters/s

running (10m16.8s), 005/600 VUs, 2118 complete and 0 interrupted iterations
saturation   [  98% ] 005/600 VUs  10m16.5s/10m30s  6.00 iters/s

running (10m17.8s), 005/600 VUs, 2124 complete and 0 interrupted iterations
saturation   [  98% ] 005/600 VUs  10m17.5s/10m30s  6.00 iters/s

running (10m18.8s), 005/600 VUs, 2130 complete and 0 interrupted iterations
saturation   [  98% ] 005/600 VUs  10m18.5s/10m30s  6.00 iters/s

running (10m19.8s), 005/600 VUs, 2136 complete and 0 interrupted iterations
saturation   [  98% ] 005/600 VUs  10m19.5s/10m30s  6.00 iters/s

running (10m20.8s), 005/600 VUs, 2142 complete and 0 interrupted iterations
saturation   [  98% ] 005/600 VUs  10m20.5s/10m30s  6.00 iters/s

running (10m21.8s), 005/600 VUs, 2148 complete and 0 interrupted iterations
saturation   [  99% ] 005/600 VUs  10m21.5s/10m30s  6.00 iters/s

running (10m22.8s), 005/600 VUs, 2154 complete and 0 interrupted iterations
saturation   [  99% ] 005/600 VUs  10m22.5s/10m30s  6.00 iters/s

running (10m23.8s), 005/600 VUs, 2160 complete and 0 interrupted iterations
saturation   [  99% ] 005/600 VUs  10m23.5s/10m30s  6.00 iters/s

running (10m24.8s), 005/600 VUs, 2166 complete and 0 interrupted iterations
saturation   [  99% ] 005/600 VUs  10m24.5s/10m30s  6.00 iters/s

running (10m25.8s), 005/600 VUs, 2172 complete and 0 interrupted iterations
saturation   [  99% ] 005/600 VUs  10m25.5s/10m30s  6.00 iters/s

running (10m26.8s), 005/600 VUs, 2178 complete and 0 interrupted iterations
saturation   [  99% ] 005/600 VUs  10m26.5s/10m30s  6.00 iters/s

running (10m27.8s), 005/600 VUs, 2184 complete and 0 interrupted iterations
saturation   [ 100% ] 005/600 VUs  10m27.5s/10m30s  6.00 iters/s

running (10m28.8s), 005/600 VUs, 2190 complete and 0 interrupted iterations
saturation   [ 100% ] 005/600 VUs  10m28.5s/10m30s  6.00 iters/s

running (10m29.8s), 005/600 VUs, 2196 complete and 0 interrupted iterations
saturation   [ 100% ] 005/600 VUs  10m29.5s/10m30s  6.00 iters/s

running (10m30.8s), 002/600 VUs, 2202 complete and 0 interrupted iterations
saturation ↓ [ 100% ] 005/600 VUs  10m30s  6.00 iters/s

================ DSP benchmark summary ================
-- per-phase latency --
  catalog                    p50=18.4 ms  p95=25.4 ms  p99=29.0 ms  max=38.5 ms  n=2204
  negotiation init (POST)    p50=9.9 ms  p95=11.1 ms  p99=18.7 ms  max=22.2 ms  n=2204
  time-to-AGREED (async)     p50=253.0 ms  p95=254.0 ms  p99=254.0 ms  max=262.0 ms  n=2204
  transfer init (POST)       p50=27.6 ms  p95=32.7 ms  p99=39.7 ms  max=46.4 ms  n=2204
  time-to-EDR (async)        p50=253.0 ms  p95=253.0 ms  p99=253.0 ms  max=262.0 ms  n=2204
  data pull                  p50=22.1 ms  p95=25.4 ms  p99=32.8 ms  max=39.1 ms  n=2204
-- end-to-end + throughput --
  e2e transaction            p50=846.0 ms  p95=857.0 ms  p99=862.0 ms  max=874.0 ms  n=2204
  data throughput (MB/s)     p50=0.0  p95=0.0  p99=0.0  max=0.0  n=2204
-- outcomes --
  transactions succeeded     count=2204  rate=3.493/s
  transactions failed        (no data)
  failed rate                rate=0.00%  (pass=0 fail=2204)
    of which TERMINATED      (no data)
    of which TIMED OUT       (no data)
    of which HTTP-FAILED     (no data)
  failure accounting       (no failures)
-- observer effect (poll load) --
  negotiation polls          count=4408  rate=6.985/s
  edr polls                  count=4408  rate=6.985/s
  polls per transaction     negotiation=2.0  edr=2.0  (timeout ceiling=120)
=======================================================
(full summary -> /home/rohitj/edc/benchmarking-dsp-native-basyx/k6-scripts/results/basyx/off/saturation-open/2026-08-11T20-25-32Z/k6-summary.json; POLL_INTERVAL_MS=250; IDENTITY_MODE=off)

running (10m31.1s), 000/600 VUs, 2204 complete and 0 interrupted iterations
saturation ✓ [ 100% ] 000/600 VUs  10m30s  6.00 iters/s
