
         /\      Grafana   /‾‾/  
    /\  /  \     |\  __   /  /   
   /  \/    \    | |/ /  /   ‾‾\ 
  /          \   |   (  |  (‾)  |
 / __________ \  |_|\_\  \_____/ 


     execution: local
        script: /home/rohitj/edc/benchmarking-dsp-native-basyx/k6-scripts/basyx-off/concurrency-closed.js
        output: Prometheus remote write (http://localhost:9090/api/v1/write)

     scenarios: (100.00%) 1 scenario, 50 max VUs, 8m0s max duration (incl. graceful stop):
              * concurrency: Up to 50 looping VUs for 7m30s over 5 stages (gracefulRampDown: 30s, gracefulStop: 30s)


running (0m01.0s), 01/50 VUs, 1 complete and 0 interrupted iterations
concurrency   [   0% ] 01/50 VUs  0m00.9s/7m30.0s

running (0m02.0s), 01/50 VUs, 2 complete and 0 interrupted iterations
concurrency   [   0% ] 01/50 VUs  0m01.9s/7m30.0s

running (0m03.0s), 01/50 VUs, 3 complete and 0 interrupted iterations
concurrency   [   1% ] 01/50 VUs  0m02.9s/7m30.0s

running (0m04.0s), 01/50 VUs, 4 complete and 0 interrupted iterations
concurrency   [   1% ] 01/50 VUs  0m03.9s/7m30.0s

running (0m05.0s), 01/50 VUs, 5 complete and 0 interrupted iterations
concurrency   [   1% ] 01/50 VUs  0m04.9s/7m30.0s

running (0m06.0s), 01/50 VUs, 7 complete and 0 interrupted iterations
concurrency   [   1% ] 01/50 VUs  0m05.9s/7m30.0s

running (0m07.0s), 01/50 VUs, 8 complete and 0 interrupted iterations
concurrency   [   2% ] 01/50 VUs  0m06.9s/7m30.0s

running (0m08.0s), 01/50 VUs, 9 complete and 0 interrupted iterations
concurrency   [   2% ] 01/50 VUs  0m07.9s/7m30.0s

running (0m09.0s), 01/50 VUs, 10 complete and 0 interrupted iterations
concurrency   [   2% ] 01/50 VUs  0m08.9s/7m30.0s

running (0m10.0s), 01/50 VUs, 12 complete and 0 interrupted iterations
concurrency   [   2% ] 01/50 VUs  0m09.9s/7m30.0s

running (0m11.0s), 01/50 VUs, 13 complete and 0 interrupted iterations
concurrency   [   2% ] 01/50 VUs  0m10.9s/7m30.0s

running (0m12.0s), 01/50 VUs, 14 complete and 0 interrupted iterations
concurrency   [   3% ] 01/50 VUs  0m11.9s/7m30.0s

running (0m13.0s), 01/50 VUs, 15 complete and 0 interrupted iterations
concurrency   [   3% ] 01/50 VUs  0m12.9s/7m30.0s

running (0m14.0s), 01/50 VUs, 16 complete and 0 interrupted iterations
concurrency   [   3% ] 01/50 VUs  0m13.9s/7m30.0s

running (0m15.0s), 01/50 VUs, 18 complete and 0 interrupted iterations
concurrency   [   3% ] 01/50 VUs  0m14.9s/7m30.0s

running (0m16.0s), 01/50 VUs, 19 complete and 0 interrupted iterations
concurrency   [   4% ] 01/50 VUs  0m15.9s/7m30.0s

running (0m17.0s), 01/50 VUs, 20 complete and 0 interrupted iterations
concurrency   [   4% ] 01/50 VUs  0m16.9s/7m30.0s

running (0m18.0s), 01/50 VUs, 21 complete and 0 interrupted iterations
concurrency   [   4% ] 01/50 VUs  0m17.9s/7m30.0s

running (0m19.0s), 01/50 VUs, 23 complete and 0 interrupted iterations
concurrency   [   4% ] 01/50 VUs  0m18.9s/7m30.0s

running (0m20.0s), 01/50 VUs, 24 complete and 0 interrupted iterations
concurrency   [   4% ] 01/50 VUs  0m19.9s/7m30.0s

running (0m21.0s), 01/50 VUs, 25 complete and 0 interrupted iterations
concurrency   [   5% ] 01/50 VUs  0m20.9s/7m30.0s

running (0m22.0s), 01/50 VUs, 26 complete and 0 interrupted iterations
concurrency   [   5% ] 01/50 VUs  0m21.9s/7m30.0s

running (0m23.0s), 02/50 VUs, 27 complete and 0 interrupted iterations
concurrency   [   5% ] 02/50 VUs  0m22.9s/7m30.0s

running (0m24.0s), 02/50 VUs, 30 complete and 0 interrupted iterations
concurrency   [   5% ] 02/50 VUs  0m23.9s/7m30.0s

running (0m25.0s), 02/50 VUs, 32 complete and 0 interrupted iterations
concurrency   [   6% ] 02/50 VUs  0m24.9s/7m30.0s

running (0m26.0s), 02/50 VUs, 35 complete and 0 interrupted iterations
concurrency   [   6% ] 02/50 VUs  0m25.9s/7m30.0s

running (0m27.0s), 02/50 VUs, 37 complete and 0 interrupted iterations
concurrency   [   6% ] 02/50 VUs  0m26.9s/7m30.0s

running (0m28.0s), 02/50 VUs, 40 complete and 0 interrupted iterations
concurrency   [   6% ] 02/50 VUs  0m27.9s/7m30.0s

running (0m29.0s), 02/50 VUs, 42 complete and 0 interrupted iterations
concurrency   [   6% ] 02/50 VUs  0m28.9s/7m30.0s

running (0m30.0s), 02/50 VUs, 45 complete and 0 interrupted iterations
concurrency   [   7% ] 02/50 VUs  0m29.9s/7m30.0s

running (0m31.0s), 02/50 VUs, 47 complete and 0 interrupted iterations
concurrency   [   7% ] 02/50 VUs  0m30.9s/7m30.0s

running (0m32.0s), 02/50 VUs, 49 complete and 0 interrupted iterations
concurrency   [   7% ] 02/50 VUs  0m31.9s/7m30.0s

running (0m33.0s), 02/50 VUs, 52 complete and 0 interrupted iterations
concurrency   [   7% ] 02/50 VUs  0m32.9s/7m30.0s

running (0m34.0s), 02/50 VUs, 54 complete and 0 interrupted iterations
concurrency   [   8% ] 02/50 VUs  0m33.9s/7m30.0s

running (0m35.0s), 02/50 VUs, 57 complete and 0 interrupted iterations
concurrency   [   8% ] 02/50 VUs  0m34.9s/7m30.0s

running (0m36.0s), 02/50 VUs, 59 complete and 0 interrupted iterations
concurrency   [   8% ] 02/50 VUs  0m35.9s/7m30.0s

running (0m37.0s), 02/50 VUs, 62 complete and 0 interrupted iterations
concurrency   [   8% ] 02/50 VUs  0m36.9s/7m30.0s

running (0m38.0s), 02/50 VUs, 64 complete and 0 interrupted iterations
concurrency   [   8% ] 02/50 VUs  0m37.9s/7m30.0s

running (0m39.0s), 02/50 VUs, 67 complete and 0 interrupted iterations
concurrency   [   9% ] 02/50 VUs  0m38.9s/7m30.0s

running (0m40.0s), 02/50 VUs, 69 complete and 0 interrupted iterations
concurrency   [   9% ] 02/50 VUs  0m39.9s/7m30.0s

running (0m41.0s), 02/50 VUs, 71 complete and 0 interrupted iterations
concurrency   [   9% ] 02/50 VUs  0m40.9s/7m30.0s

running (0m42.0s), 02/50 VUs, 74 complete and 0 interrupted iterations
concurrency   [   9% ] 02/50 VUs  0m41.9s/7m30.0s

running (0m43.0s), 02/50 VUs, 76 complete and 0 interrupted iterations
concurrency   [  10% ] 02/50 VUs  0m42.9s/7m30.0s

running (0m44.0s), 02/50 VUs, 79 complete and 0 interrupted iterations
concurrency   [  10% ] 02/50 VUs  0m43.9s/7m30.0s

running (0m45.0s), 02/50 VUs, 81 complete and 0 interrupted iterations
concurrency   [  10% ] 02/50 VUs  0m44.9s/7m30.0s

running (0m46.0s), 03/50 VUs, 85 complete and 0 interrupted iterations
concurrency   [  10% ] 03/50 VUs  0m45.9s/7m30.0s

running (0m47.0s), 03/50 VUs, 88 complete and 0 interrupted iterations
concurrency   [  10% ] 03/50 VUs  0m46.9s/7m30.0s

running (0m48.0s), 03/50 VUs, 92 complete and 0 interrupted iterations
concurrency   [  11% ] 03/50 VUs  0m47.9s/7m30.0s

running (0m49.0s), 03/50 VUs, 95 complete and 0 interrupted iterations
concurrency   [  11% ] 03/50 VUs  0m48.9s/7m30.0s

running (0m50.0s), 03/50 VUs, 98 complete and 0 interrupted iterations
concurrency   [  11% ] 03/50 VUs  0m49.9s/7m30.0s

running (0m51.0s), 03/50 VUs, 103 complete and 0 interrupted iterations
concurrency   [  11% ] 03/50 VUs  0m50.9s/7m30.0s

running (0m52.0s), 03/50 VUs, 106 complete and 0 interrupted iterations
concurrency   [  12% ] 03/50 VUs  0m51.9s/7m30.0s

running (0m53.0s), 03/50 VUs, 110 complete and 0 interrupted iterations
concurrency   [  12% ] 03/50 VUs  0m52.9s/7m30.0s

running (0m54.0s), 03/50 VUs, 113 complete and 0 interrupted iterations
concurrency   [  12% ] 03/50 VUs  0m53.9s/7m30.0s

running (0m55.0s), 03/50 VUs, 118 complete and 0 interrupted iterations
concurrency   [  12% ] 03/50 VUs  0m54.9s/7m30.0s

running (0m56.0s), 03/50 VUs, 121 complete and 0 interrupted iterations
concurrency   [  12% ] 03/50 VUs  0m55.9s/7m30.0s

running (0m57.0s), 03/50 VUs, 125 complete and 0 interrupted iterations
concurrency   [  13% ] 03/50 VUs  0m56.9s/7m30.0s

running (0m58.0s), 03/50 VUs, 128 complete and 0 interrupted iterations
concurrency   [  13% ] 03/50 VUs  0m57.9s/7m30.0s

running (0m59.0s), 03/50 VUs, 131 complete and 0 interrupted iterations
concurrency   [  13% ] 03/50 VUs  0m58.9s/7m30.0s

running (1m00.0s), 03/50 VUs, 136 complete and 0 interrupted iterations
concurrency   [  13% ] 03/50 VUs  0m59.9s/7m30.0s

running (1m01.0s), 03/50 VUs, 140 complete and 0 interrupted iterations
concurrency   [  14% ] 03/50 VUs  1m00.9s/7m30.0s

running (1m02.0s), 03/50 VUs, 143 complete and 0 interrupted iterations
concurrency   [  14% ] 03/50 VUs  1m01.9s/7m30.0s

running (1m03.0s), 03/50 VUs, 146 complete and 0 interrupted iterations
concurrency   [  14% ] 03/50 VUs  1m02.9s/7m30.0s

running (1m04.0s), 03/50 VUs, 151 complete and 0 interrupted iterations
concurrency   [  14% ] 03/50 VUs  1m03.9s/7m30.0s

running (1m05.0s), 03/50 VUs, 154 complete and 0 interrupted iterations
concurrency   [  14% ] 03/50 VUs  1m04.9s/7m30.0s

running (1m06.0s), 03/50 VUs, 158 complete and 0 interrupted iterations
concurrency   [  15% ] 03/50 VUs  1m05.9s/7m30.0s

running (1m07.0s), 03/50 VUs, 161 complete and 0 interrupted iterations
concurrency   [  15% ] 03/50 VUs  1m06.9s/7m30.0s

running (1m08.0s), 04/50 VUs, 164 complete and 0 interrupted iterations
concurrency   [  15% ] 04/50 VUs  1m07.9s/7m30.0s

running (1m09.0s), 04/50 VUs, 170 complete and 0 interrupted iterations
concurrency   [  15% ] 04/50 VUs  1m08.9s/7m30.0s

running (1m10.0s), 04/50 VUs, 174 complete and 0 interrupted iterations
concurrency   [  16% ] 04/50 VUs  1m09.9s/7m30.0s

running (1m11.0s), 04/50 VUs, 180 complete and 0 interrupted iterations
concurrency   [  16% ] 04/50 VUs  1m10.9s/7m30.0s

running (1m12.0s), 04/50 VUs, 184 complete and 0 interrupted iterations
concurrency   [  16% ] 04/50 VUs  1m11.9s/7m30.0s

running (1m13.0s), 04/50 VUs, 190 complete and 0 interrupted iterations
concurrency   [  16% ] 04/50 VUs  1m12.9s/7m30.0s

running (1m14.0s), 04/50 VUs, 194 complete and 0 interrupted iterations
concurrency   [  16% ] 04/50 VUs  1m13.9s/7m30.0s

running (1m15.0s), 04/50 VUs, 199 complete and 0 interrupted iterations
concurrency   [  17% ] 04/50 VUs  1m14.9s/7m30.0s

running (1m16.0s), 04/50 VUs, 204 complete and 0 interrupted iterations
concurrency   [  17% ] 04/50 VUs  1m15.9s/7m30.0s

running (1m17.0s), 04/50 VUs, 208 complete and 0 interrupted iterations
concurrency   [  17% ] 04/50 VUs  1m16.9s/7m30.0s

running (1m18.0s), 04/50 VUs, 214 complete and 0 interrupted iterations
concurrency   [  17% ] 04/50 VUs  1m17.9s/7m30.0s

running (1m19.0s), 04/50 VUs, 218 complete and 0 interrupted iterations
concurrency   [  18% ] 04/50 VUs  1m18.9s/7m30.0s

running (1m20.0s), 04/50 VUs, 224 complete and 0 interrupted iterations
concurrency   [  18% ] 04/50 VUs  1m19.9s/7m30.0s

running (1m21.0s), 04/50 VUs, 228 complete and 0 interrupted iterations
concurrency   [  18% ] 04/50 VUs  1m20.9s/7m30.0s

running (1m22.0s), 04/50 VUs, 232 complete and 0 interrupted iterations
concurrency   [  18% ] 04/50 VUs  1m21.9s/7m30.0s

running (1m23.0s), 04/50 VUs, 238 complete and 0 interrupted iterations
concurrency   [  18% ] 04/50 VUs  1m22.9s/7m30.0s

running (1m24.0s), 04/50 VUs, 244 complete and 0 interrupted iterations
concurrency   [  19% ] 04/50 VUs  1m23.9s/7m30.0s

running (1m25.0s), 04/50 VUs, 248 complete and 0 interrupted iterations
concurrency   [  19% ] 04/50 VUs  1m24.9s/7m30.0s

running (1m26.0s), 04/50 VUs, 252 complete and 0 interrupted iterations
concurrency   [  19% ] 04/50 VUs  1m25.9s/7m30.0s

running (1m27.0s), 04/50 VUs, 258 complete and 0 interrupted iterations
concurrency   [  19% ] 04/50 VUs  1m26.9s/7m30.0s

running (1m28.0s), 04/50 VUs, 262 complete and 0 interrupted iterations
concurrency   [  20% ] 04/50 VUs  1m27.9s/7m30.0s

running (1m29.0s), 04/50 VUs, 268 complete and 0 interrupted iterations
concurrency   [  20% ] 04/50 VUs  1m28.9s/7m30.0s

running (1m30.0s), 04/50 VUs, 272 complete and 0 interrupted iterations
concurrency   [  20% ] 04/50 VUs  1m29.9s/7m30.0s

running (1m31.0s), 05/50 VUs, 277 complete and 0 interrupted iterations
concurrency   [  20% ] 05/50 VUs  1m30.9s/7m30.0s

running (1m32.0s), 05/50 VUs, 284 complete and 0 interrupted iterations
concurrency   [  20% ] 05/50 VUs  1m31.9s/7m30.0s

running (1m33.0s), 05/50 VUs, 291 complete and 0 interrupted iterations
concurrency   [  21% ] 05/50 VUs  1m32.9s/7m30.0s

running (1m34.0s), 05/50 VUs, 296 complete and 0 interrupted iterations
concurrency   [  21% ] 05/50 VUs  1m33.9s/7m30.0s

running (1m35.0s), 05/50 VUs, 301 complete and 0 interrupted iterations
concurrency   [  21% ] 05/50 VUs  1m34.9s/7m30.0s

running (1m36.0s), 05/50 VUs, 309 complete and 0 interrupted iterations
concurrency   [  21% ] 05/50 VUs  1m35.9s/7m30.0s

running (1m37.0s), 05/50 VUs, 315 complete and 0 interrupted iterations
concurrency   [  22% ] 05/50 VUs  1m36.9s/7m30.0s

running (1m38.0s), 05/50 VUs, 321 complete and 0 interrupted iterations
concurrency   [  22% ] 05/50 VUs  1m37.9s/7m30.0s

running (1m39.0s), 05/50 VUs, 326 complete and 0 interrupted iterations
concurrency   [  22% ] 05/50 VUs  1m38.9s/7m30.0s

running (1m40.0s), 05/50 VUs, 332 complete and 0 interrupted iterations
concurrency   [  22% ] 05/50 VUs  1m39.9s/7m30.0s

running (1m41.0s), 05/50 VUs, 340 complete and 0 interrupted iterations
concurrency   [  22% ] 05/50 VUs  1m40.9s/7m30.0s

running (1m42.0s), 05/50 VUs, 346 complete and 0 interrupted iterations
concurrency   [  23% ] 05/50 VUs  1m41.9s/7m30.0s

running (1m43.0s), 05/50 VUs, 351 complete and 0 interrupted iterations
concurrency   [  23% ] 05/50 VUs  1m42.9s/7m30.0s

running (1m44.0s), 05/50 VUs, 356 complete and 0 interrupted iterations
concurrency   [  23% ] 05/50 VUs  1m43.9s/7m30.0s

running (1m45.0s), 05/50 VUs, 362 complete and 0 interrupted iterations
concurrency   [  23% ] 05/50 VUs  1m44.9s/7m30.0s

running (1m46.0s), 05/50 VUs, 371 complete and 0 interrupted iterations
concurrency   [  24% ] 05/50 VUs  1m45.9s/7m30.0s

running (1m47.0s), 05/50 VUs, 376 complete and 0 interrupted iterations
concurrency   [  24% ] 05/50 VUs  1m46.9s/7m30.0s

running (1m48.0s), 05/50 VUs, 381 complete and 0 interrupted iterations
concurrency   [  24% ] 05/50 VUs  1m47.9s/7m30.0s

running (1m49.0s), 06/50 VUs, 388 complete and 0 interrupted iterations
concurrency   [  24% ] 06/50 VUs  1m48.9s/7m30.0s

running (1m50.0s), 06/50 VUs, 397 complete and 0 interrupted iterations
concurrency   [  24% ] 06/50 VUs  1m49.9s/7m30.0s

running (1m51.0s), 06/50 VUs, 404 complete and 0 interrupted iterations
concurrency   [  25% ] 06/50 VUs  1m50.9s/7m30.0s

running (1m52.0s), 06/50 VUs, 410 complete and 0 interrupted iterations
concurrency   [  25% ] 06/50 VUs  1m51.9s/7m30.0s

running (1m53.0s), 06/50 VUs, 416 complete and 0 interrupted iterations
concurrency   [  25% ] 06/50 VUs  1m52.9s/7m30.0s

running (1m54.0s), 06/50 VUs, 424 complete and 0 interrupted iterations
concurrency   [  25% ] 06/50 VUs  1m53.9s/7m30.0s

running (1m55.0s), 06/50 VUs, 433 complete and 0 interrupted iterations
concurrency   [  26% ] 06/50 VUs  1m54.9s/7m30.0s

running (1m56.0s), 06/50 VUs, 440 complete and 0 interrupted iterations
concurrency   [  26% ] 06/50 VUs  1m55.9s/7m30.0s

running (1m57.0s), 06/50 VUs, 446 complete and 0 interrupted iterations
concurrency   [  26% ] 06/50 VUs  1m56.9s/7m30.0s

running (1m58.0s), 06/50 VUs, 453 complete and 0 interrupted iterations
concurrency   [  26% ] 06/50 VUs  1m57.9s/7m30.0s

running (1m59.0s), 06/50 VUs, 459 complete and 0 interrupted iterations
concurrency   [  26% ] 06/50 VUs  1m58.9s/7m30.0s

running (2m00.0s), 06/50 VUs, 468 complete and 0 interrupted iterations
concurrency   [  27% ] 06/50 VUs  1m59.9s/7m30.0s

running (2m01.0s), 06/50 VUs, 476 complete and 0 interrupted iterations
concurrency   [  27% ] 06/50 VUs  2m00.9s/7m30.0s

running (2m02.0s), 06/50 VUs, 482 complete and 0 interrupted iterations
concurrency   [  27% ] 06/50 VUs  2m01.9s/7m30.0s

running (2m03.0s), 06/50 VUs, 489 complete and 0 interrupted iterations
concurrency   [  27% ] 06/50 VUs  2m02.9s/7m30.0s

running (2m04.0s), 06/50 VUs, 497 complete and 0 interrupted iterations
concurrency   [  28% ] 06/50 VUs  2m03.9s/7m30.0s

running (2m05.0s), 06/50 VUs, 504 complete and 0 interrupted iterations
concurrency   [  28% ] 06/50 VUs  2m04.9s/7m30.0s

running (2m06.0s), 06/50 VUs, 512 complete and 0 interrupted iterations
concurrency   [  28% ] 06/50 VUs  2m05.9s/7m30.0s

running (2m07.0s), 07/50 VUs, 520 complete and 0 interrupted iterations
concurrency   [  28% ] 07/50 VUs  2m06.9s/7m30.0s

running (2m08.0s), 07/50 VUs, 527 complete and 0 interrupted iterations
concurrency   [  28% ] 07/50 VUs  2m07.9s/7m30.0s

running (2m09.0s), 07/50 VUs, 537 complete and 0 interrupted iterations
concurrency   [  29% ] 07/50 VUs  2m08.9s/7m30.0s

running (2m10.0s), 07/50 VUs, 546 complete and 0 interrupted iterations
concurrency   [  29% ] 07/50 VUs  2m09.9s/7m30.0s

running (2m11.0s), 07/50 VUs, 553 complete and 0 interrupted iterations
concurrency   [  29% ] 07/50 VUs  2m10.9s/7m30.0s

running (2m12.0s), 07/50 VUs, 562 complete and 0 interrupted iterations
concurrency   [  29% ] 07/50 VUs  2m11.9s/7m30.0s

running (2m13.0s), 07/50 VUs, 570 complete and 0 interrupted iterations
concurrency   [  30% ] 07/50 VUs  2m12.9s/7m30.0s

running (2m14.0s), 07/50 VUs, 579 complete and 0 interrupted iterations
concurrency   [  30% ] 07/50 VUs  2m13.9s/7m30.0s

running (2m15.0s), 07/50 VUs, 588 complete and 0 interrupted iterations
concurrency   [  30% ] 07/50 VUs  2m14.9s/7m30.0s

running (2m16.0s), 07/50 VUs, 595 complete and 0 interrupted iterations
concurrency   [  30% ] 07/50 VUs  2m15.9s/7m30.0s

running (2m17.0s), 07/50 VUs, 604 complete and 0 interrupted iterations
concurrency   [  30% ] 07/50 VUs  2m16.9s/7m30.0s

running (2m18.0s), 07/50 VUs, 614 complete and 0 interrupted iterations
concurrency   [  31% ] 07/50 VUs  2m17.9s/7m30.0s

running (2m19.0s), 07/50 VUs, 623 complete and 0 interrupted iterations
concurrency   [  31% ] 07/50 VUs  2m18.9s/7m30.0s

running (2m20.0s), 07/50 VUs, 630 complete and 0 interrupted iterations
concurrency   [  31% ] 07/50 VUs  2m19.9s/7m30.0s

running (2m21.0s), 07/50 VUs, 639 complete and 0 interrupted iterations
concurrency   [  31% ] 07/50 VUs  2m20.9s/7m30.0s

running (2m22.0s), 07/50 VUs, 647 complete and 0 interrupted iterations
concurrency   [  32% ] 07/50 VUs  2m21.9s/7m30.0s

running (2m23.0s), 07/50 VUs, 656 complete and 0 interrupted iterations
concurrency   [  32% ] 07/50 VUs  2m22.9s/7m30.0s

running (2m24.0s), 07/50 VUs, 665 complete and 0 interrupted iterations
concurrency   [  32% ] 07/50 VUs  2m23.9s/7m30.0s

running (2m25.0s), 08/50 VUs, 673 complete and 0 interrupted iterations
concurrency   [  32% ] 08/50 VUs  2m24.9s/7m30.0s

running (2m26.0s), 08/50 VUs, 683 complete and 0 interrupted iterations
concurrency   [  32% ] 08/50 VUs  2m25.9s/7m30.0s

running (2m27.0s), 08/50 VUs, 694 complete and 0 interrupted iterations
concurrency   [  33% ] 08/50 VUs  2m26.9s/7m30.0s

running (2m28.0s), 08/50 VUs, 704 complete and 0 interrupted iterations
concurrency   [  33% ] 08/50 VUs  2m27.9s/7m30.0s

running (2m29.0s), 08/50 VUs, 712 complete and 0 interrupted iterations
concurrency   [  33% ] 08/50 VUs  2m28.9s/7m30.0s

running (2m30.0s), 08/50 VUs, 721 complete and 0 interrupted iterations
concurrency   [  33% ] 08/50 VUs  2m29.9s/7m30.0s

running (2m31.0s), 08/50 VUs, 731 complete and 0 interrupted iterations
concurrency   [  34% ] 08/50 VUs  2m30.9s/7m30.0s

running (2m32.0s), 08/50 VUs, 742 complete and 0 interrupted iterations
concurrency   [  34% ] 08/50 VUs  2m31.9s/7m30.0s

running (2m33.0s), 08/50 VUs, 752 complete and 0 interrupted iterations
concurrency   [  34% ] 08/50 VUs  2m32.9s/7m30.0s

running (2m34.0s), 08/50 VUs, 761 complete and 0 interrupted iterations
concurrency   [  34% ] 08/50 VUs  2m33.9s/7m30.0s

running (2m35.0s), 08/50 VUs, 771 complete and 0 interrupted iterations
concurrency   [  34% ] 08/50 VUs  2m34.9s/7m30.0s

running (2m36.0s), 08/50 VUs, 782 complete and 0 interrupted iterations
concurrency   [  35% ] 08/50 VUs  2m35.9s/7m30.0s

running (2m37.0s), 08/50 VUs, 791 complete and 0 interrupted iterations
concurrency   [  35% ] 08/50 VUs  2m36.9s/7m30.0s

running (2m38.0s), 08/50 VUs, 800 complete and 0 interrupted iterations
concurrency   [  35% ] 08/50 VUs  2m37.9s/7m30.0s

running (2m39.0s), 08/50 VUs, 809 complete and 0 interrupted iterations
concurrency   [  35% ] 08/50 VUs  2m38.9s/7m30.0s

running (2m40.0s), 08/50 VUs, 819 complete and 0 interrupted iterations
concurrency   [  36% ] 08/50 VUs  2m39.9s/7m30.0s

running (2m41.0s), 08/50 VUs, 830 complete and 0 interrupted iterations
concurrency   [  36% ] 08/50 VUs  2m40.9s/7m30.0s

running (2m42.0s), 08/50 VUs, 840 complete and 0 interrupted iterations
concurrency   [  36% ] 08/50 VUs  2m41.9s/7m30.0s

running (2m43.0s), 09/50 VUs, 850 complete and 0 interrupted iterations
concurrency   [  36% ] 09/50 VUs  2m42.9s/7m30.0s

running (2m44.0s), 09/50 VUs, 859 complete and 0 interrupted iterations
concurrency   [  36% ] 09/50 VUs  2m43.9s/7m30.0s

running (2m45.0s), 09/50 VUs, 872 complete and 0 interrupted iterations
concurrency   [  37% ] 09/50 VUs  2m44.9s/7m30.0s

running (2m46.0s), 09/50 VUs, 883 complete and 0 interrupted iterations
concurrency   [  37% ] 09/50 VUs  2m45.9s/7m30.0s

running (2m47.0s), 09/50 VUs, 893 complete and 0 interrupted iterations
concurrency   [  37% ] 09/50 VUs  2m46.9s/7m30.0s

running (2m48.0s), 09/50 VUs, 904 complete and 0 interrupted iterations
concurrency   [  37% ] 09/50 VUs  2m47.9s/7m30.0s

running (2m49.0s), 09/50 VUs, 915 complete and 0 interrupted iterations
concurrency   [  38% ] 09/50 VUs  2m48.9s/7m30.0s

running (2m50.0s), 09/50 VUs, 927 complete and 0 interrupted iterations
concurrency   [  38% ] 09/50 VUs  2m49.9s/7m30.0s

running (2m51.0s), 09/50 VUs, 938 complete and 0 interrupted iterations
concurrency   [  38% ] 09/50 VUs  2m50.9s/7m30.0s

running (2m52.0s), 09/50 VUs, 947 complete and 0 interrupted iterations
concurrency   [  38% ] 09/50 VUs  2m51.9s/7m30.0s

running (2m53.0s), 09/50 VUs, 958 complete and 0 interrupted iterations
concurrency   [  38% ] 09/50 VUs  2m52.9s/7m30.0s

running (2m54.0s), 09/50 VUs, 970 complete and 0 interrupted iterations
concurrency   [  39% ] 09/50 VUs  2m53.9s/7m30.0s

running (2m55.0s), 09/50 VUs, 981 complete and 0 interrupted iterations
concurrency   [  39% ] 09/50 VUs  2m54.9s/7m30.0s

running (2m56.0s), 09/50 VUs, 992 complete and 0 interrupted iterations
concurrency   [  39% ] 09/50 VUs  2m55.9s/7m30.0s

running (2m57.0s), 09/50 VUs, 1003 complete and 0 interrupted iterations
concurrency   [  39% ] 09/50 VUs  2m56.9s/7m30.0s

running (2m58.0s), 09/50 VUs, 1014 complete and 0 interrupted iterations
concurrency   [  40% ] 09/50 VUs  2m57.9s/7m30.0s

running (2m59.0s), 09/50 VUs, 1026 complete and 0 interrupted iterations
concurrency   [  40% ] 09/50 VUs  2m58.9s/7m30.0s

running (3m00.0s), 09/50 VUs, 1036 complete and 0 interrupted iterations
concurrency   [  40% ] 09/50 VUs  2m59.9s/7m30.0s

running (3m01.0s), 10/50 VUs, 1047 complete and 0 interrupted iterations
concurrency   [  40% ] 10/50 VUs  3m00.9s/7m30.0s

running (3m02.0s), 10/50 VUs, 1059 complete and 0 interrupted iterations
concurrency   [  40% ] 10/50 VUs  3m01.9s/7m30.0s

running (3m03.0s), 10/50 VUs, 1071 complete and 0 interrupted iterations
concurrency   [  41% ] 10/50 VUs  3m02.9s/7m30.0s

running (3m04.0s), 10/50 VUs, 1084 complete and 0 interrupted iterations
concurrency   [  41% ] 10/50 VUs  3m03.9s/7m30.0s

running (3m05.0s), 10/50 VUs, 1096 complete and 0 interrupted iterations
concurrency   [  41% ] 10/50 VUs  3m04.9s/7m30.0s

running (3m06.0s), 10/50 VUs, 1108 complete and 0 interrupted iterations
concurrency   [  41% ] 10/50 VUs  3m05.9s/7m30.0s

running (3m07.0s), 10/50 VUs, 1119 complete and 0 interrupted iterations
concurrency   [  42% ] 10/50 VUs  3m06.9s/7m30.0s

running (3m08.0s), 10/50 VUs, 1133 complete and 0 interrupted iterations
concurrency   [  42% ] 10/50 VUs  3m07.9s/7m30.0s

running (3m09.0s), 10/50 VUs, 1145 complete and 0 interrupted iterations
concurrency   [  42% ] 10/50 VUs  3m08.9s/7m30.0s

running (3m10.0s), 11/50 VUs, 1158 complete and 0 interrupted iterations
concurrency   [  42% ] 11/50 VUs  3m09.9s/7m30.0s

running (3m11.0s), 11/50 VUs, 1171 complete and 0 interrupted iterations
concurrency   [  42% ] 11/50 VUs  3m10.9s/7m30.0s

running (3m12.0s), 11/50 VUs, 1183 complete and 0 interrupted iterations
concurrency   [  43% ] 11/50 VUs  3m11.9s/7m30.0s

running (3m13.0s), 11/50 VUs, 1198 complete and 0 interrupted iterations
concurrency   [  43% ] 11/50 VUs  3m12.9s/7m30.0s

running (3m14.0s), 11/50 VUs, 1211 complete and 0 interrupted iterations
concurrency   [  43% ] 11/50 VUs  3m13.9s/7m30.0s

running (3m15.0s), 11/50 VUs, 1224 complete and 0 interrupted iterations
concurrency   [  43% ] 11/50 VUs  3m14.9s/7m30.0s

running (3m16.0s), 11/50 VUs, 1237 complete and 0 interrupted iterations
concurrency   [  44% ] 11/50 VUs  3m15.9s/7m30.0s

running (3m17.0s), 11/50 VUs, 1251 complete and 0 interrupted iterations
concurrency   [  44% ] 11/50 VUs  3m16.9s/7m30.0s

running (3m18.0s), 11/50 VUs, 1264 complete and 0 interrupted iterations
concurrency   [  44% ] 11/50 VUs  3m17.9s/7m30.0s

running (3m19.0s), 12/50 VUs, 1278 complete and 0 interrupted iterations
concurrency   [  44% ] 12/50 VUs  3m18.9s/7m30.0s

running (3m20.0s), 12/50 VUs, 1293 complete and 0 interrupted iterations
concurrency   [  44% ] 12/50 VUs  3m19.9s/7m30.0s

running (3m21.0s), 12/50 VUs, 1306 complete and 0 interrupted iterations
concurrency   [  45% ] 12/50 VUs  3m20.9s/7m30.0s

running (3m22.0s), 12/50 VUs, 1323 complete and 0 interrupted iterations
concurrency   [  45% ] 12/50 VUs  3m21.9s/7m30.0s

running (3m23.0s), 12/50 VUs, 1336 complete and 0 interrupted iterations
concurrency   [  45% ] 12/50 VUs  3m22.9s/7m30.0s

running (3m24.0s), 12/50 VUs, 1352 complete and 0 interrupted iterations
concurrency   [  45% ] 12/50 VUs  3m23.9s/7m30.0s

running (3m25.0s), 12/50 VUs, 1366 complete and 0 interrupted iterations
concurrency   [  46% ] 12/50 VUs  3m24.9s/7m30.0s

running (3m26.0s), 12/50 VUs, 1380 complete and 0 interrupted iterations
concurrency   [  46% ] 12/50 VUs  3m25.9s/7m30.0s

running (3m27.0s), 12/50 VUs, 1395 complete and 0 interrupted iterations
concurrency   [  46% ] 12/50 VUs  3m26.9s/7m30.0s

running (3m28.0s), 13/50 VUs, 1411 complete and 0 interrupted iterations
concurrency   [  46% ] 13/50 VUs  3m27.9s/7m30.0s

running (3m29.0s), 13/50 VUs, 1426 complete and 0 interrupted iterations
concurrency   [  46% ] 13/50 VUs  3m28.9s/7m30.0s

running (3m30.0s), 13/50 VUs, 1441 complete and 0 interrupted iterations
concurrency   [  47% ] 13/50 VUs  3m29.9s/7m30.0s

running (3m31.0s), 13/50 VUs, 1457 complete and 0 interrupted iterations
concurrency   [  47% ] 13/50 VUs  3m30.9s/7m30.0s

running (3m32.0s), 13/50 VUs, 1473 complete and 0 interrupted iterations
concurrency   [  47% ] 13/50 VUs  3m31.9s/7m30.0s

running (3m33.0s), 13/50 VUs, 1491 complete and 0 interrupted iterations
concurrency   [  47% ] 13/50 VUs  3m32.9s/7m30.0s

running (3m34.0s), 13/50 VUs, 1505 complete and 0 interrupted iterations
concurrency   [  48% ] 13/50 VUs  3m33.9s/7m30.0s

running (3m35.0s), 13/50 VUs, 1519 complete and 0 interrupted iterations
concurrency   [  48% ] 13/50 VUs  3m34.9s/7m30.0s

running (3m36.0s), 13/50 VUs, 1537 complete and 0 interrupted iterations
concurrency   [  48% ] 13/50 VUs  3m35.9s/7m30.0s

running (3m37.0s), 14/50 VUs, 1552 complete and 0 interrupted iterations
concurrency   [  48% ] 14/50 VUs  3m36.9s/7m30.0s

running (3m38.0s), 14/50 VUs, 1571 complete and 0 interrupted iterations
concurrency   [  48% ] 14/50 VUs  3m37.9s/7m30.0s

running (3m39.0s), 14/50 VUs, 1587 complete and 0 interrupted iterations
concurrency   [  49% ] 14/50 VUs  3m38.9s/7m30.0s

running (3m40.0s), 14/50 VUs, 1603 complete and 0 interrupted iterations
concurrency   [  49% ] 14/50 VUs  3m39.9s/7m30.0s

running (3m41.0s), 14/50 VUs, 1621 complete and 0 interrupted iterations
concurrency   [  49% ] 14/50 VUs  3m40.9s/7m30.0s

running (3m42.0s), 14/50 VUs, 1638 complete and 0 interrupted iterations
concurrency   [  49% ] 14/50 VUs  3m41.9s/7m30.0s

running (3m43.0s), 14/50 VUs, 1656 complete and 0 interrupted iterations
concurrency   [  50% ] 14/50 VUs  3m42.9s/7m30.0s

running (3m44.0s), 14/50 VUs, 1671 complete and 0 interrupted iterations
concurrency   [  50% ] 14/50 VUs  3m43.9s/7m30.0s

running (3m45.0s), 14/50 VUs, 1687 complete and 0 interrupted iterations
concurrency   [  50% ] 14/50 VUs  3m44.9s/7m30.0s

running (3m46.0s), 15/50 VUs, 1707 complete and 0 interrupted iterations
concurrency   [  50% ] 15/50 VUs  3m45.9s/7m30.0s

running (3m47.0s), 15/50 VUs, 1727 complete and 0 interrupted iterations
concurrency   [  50% ] 15/50 VUs  3m46.9s/7m30.0s

running (3m48.0s), 15/50 VUs, 1743 complete and 0 interrupted iterations
concurrency   [  51% ] 15/50 VUs  3m47.9s/7m30.0s

running (3m49.0s), 15/50 VUs, 1760 complete and 0 interrupted iterations
concurrency   [  51% ] 15/50 VUs  3m48.9s/7m30.0s

running (3m50.0s), 15/50 VUs, 1778 complete and 0 interrupted iterations
concurrency   [  51% ] 15/50 VUs  3m49.9s/7m30.0s

running (3m51.0s), 15/50 VUs, 1798 complete and 0 interrupted iterations
concurrency   [  51% ] 15/50 VUs  3m50.9s/7m30.0s

running (3m52.0s), 15/50 VUs, 1817 complete and 0 interrupted iterations
concurrency   [  52% ] 15/50 VUs  3m51.9s/7m30.0s

running (3m53.0s), 15/50 VUs, 1834 complete and 0 interrupted iterations
concurrency   [  52% ] 15/50 VUs  3m52.9s/7m30.0s

running (3m54.0s), 15/50 VUs, 1851 complete and 0 interrupted iterations
concurrency   [  52% ] 15/50 VUs  3m53.9s/7m30.0s

running (3m55.0s), 16/50 VUs, 1871 complete and 0 interrupted iterations
concurrency   [  52% ] 16/50 VUs  3m54.9s/7m30.0s

running (3m56.0s), 16/50 VUs, 1892 complete and 0 interrupted iterations
concurrency   [  52% ] 16/50 VUs  3m55.9s/7m30.0s

running (3m57.0s), 16/50 VUs, 1911 complete and 0 interrupted iterations
concurrency   [  53% ] 16/50 VUs  3m56.9s/7m30.0s

running (3m58.0s), 16/50 VUs, 1928 complete and 0 interrupted iterations
concurrency   [  53% ] 16/50 VUs  3m57.9s/7m30.0s

running (3m59.0s), 16/50 VUs, 1946 complete and 0 interrupted iterations
concurrency   [  53% ] 16/50 VUs  3m58.9s/7m30.0s

running (4m00.0s), 16/50 VUs, 1968 complete and 0 interrupted iterations
concurrency   [  53% ] 16/50 VUs  3m59.9s/7m30.0s

running (4m01.0s), 16/50 VUs, 1990 complete and 0 interrupted iterations
concurrency   [  54% ] 16/50 VUs  4m00.9s/7m30.0s

running (4m02.0s), 16/50 VUs, 2007 complete and 0 interrupted iterations
concurrency   [  54% ] 16/50 VUs  4m01.9s/7m30.0s

running (4m03.0s), 16/50 VUs, 2025 complete and 0 interrupted iterations
concurrency   [  54% ] 16/50 VUs  4m02.9s/7m30.0s

running (4m04.0s), 17/50 VUs, 2044 complete and 0 interrupted iterations
concurrency   [  54% ] 17/50 VUs  4m03.9s/7m30.0s

running (4m05.0s), 17/50 VUs, 2068 complete and 0 interrupted iterations
concurrency   [  54% ] 17/50 VUs  4m04.9s/7m30.0s

running (4m06.0s), 17/50 VUs, 2089 complete and 0 interrupted iterations
concurrency   [  55% ] 17/50 VUs  4m05.9s/7m30.0s

running (4m07.0s), 17/50 VUs, 2108 complete and 0 interrupted iterations
concurrency   [  55% ] 17/50 VUs  4m06.9s/7m30.0s

running (4m08.0s), 17/50 VUs, 2127 complete and 0 interrupted iterations
concurrency   [  55% ] 17/50 VUs  4m07.9s/7m30.0s

running (4m09.0s), 17/50 VUs, 2147 complete and 0 interrupted iterations
concurrency   [  55% ] 17/50 VUs  4m08.9s/7m30.0s

running (4m10.0s), 17/50 VUs, 2172 complete and 0 interrupted iterations
concurrency   [  56% ] 17/50 VUs  4m09.9s/7m30.0s

running (4m11.0s), 17/50 VUs, 2192 complete and 0 interrupted iterations
concurrency   [  56% ] 17/50 VUs  4m10.9s/7m30.0s

running (4m12.0s), 17/50 VUs, 2210 complete and 0 interrupted iterations
concurrency   [  56% ] 17/50 VUs  4m11.9s/7m30.0s

running (4m13.0s), 18/50 VUs, 2230 complete and 0 interrupted iterations
concurrency   [  56% ] 18/50 VUs  4m12.9s/7m30.0s

running (4m14.0s), 18/50 VUs, 2252 complete and 0 interrupted iterations
concurrency   [  56% ] 18/50 VUs  4m13.9s/7m30.0s

running (4m15.0s), 18/50 VUs, 2279 complete and 0 interrupted iterations
concurrency   [  57% ] 18/50 VUs  4m14.9s/7m30.0s

running (4m16.0s), 18/50 VUs, 2299 complete and 0 interrupted iterations
concurrency   [  57% ] 18/50 VUs  4m15.9s/7m30.0s

running (4m17.0s), 18/50 VUs, 2318 complete and 0 interrupted iterations
concurrency   [  57% ] 18/50 VUs  4m16.9s/7m30.0s

running (4m18.0s), 18/50 VUs, 2338 complete and 0 interrupted iterations
concurrency   [  57% ] 18/50 VUs  4m17.9s/7m30.0s

running (4m19.0s), 18/50 VUs, 2363 complete and 0 interrupted iterations
concurrency   [  58% ] 18/50 VUs  4m18.9s/7m30.0s

running (4m20.0s), 18/50 VUs, 2387 complete and 0 interrupted iterations
concurrency   [  58% ] 18/50 VUs  4m19.9s/7m30.0s

running (4m21.0s), 18/50 VUs, 2407 complete and 0 interrupted iterations
concurrency   [  58% ] 18/50 VUs  4m20.9s/7m30.0s

running (4m22.0s), 19/50 VUs, 2427 complete and 0 interrupted iterations
concurrency   [  58% ] 19/50 VUs  4m21.9s/7m30.0s

running (4m23.0s), 19/50 VUs, 2449 complete and 0 interrupted iterations
concurrency   [  58% ] 19/50 VUs  4m22.9s/7m30.0s

running (4m24.0s), 19/50 VUs, 2475 complete and 0 interrupted iterations
concurrency   [  59% ] 19/50 VUs  4m23.9s/7m30.0s

running (4m25.0s), 19/50 VUs, 2500 complete and 0 interrupted iterations
concurrency   [  59% ] 19/50 VUs  4m24.9s/7m30.0s

running (4m26.0s), 19/50 VUs, 2520 complete and 0 interrupted iterations
concurrency   [  59% ] 19/50 VUs  4m25.9s/7m30.0s

running (4m27.0s), 19/50 VUs, 2541 complete and 0 interrupted iterations
concurrency   [  59% ] 19/50 VUs  4m26.9s/7m30.0s

running (4m28.0s), 19/50 VUs, 2565 complete and 0 interrupted iterations
concurrency   [  60% ] 19/50 VUs  4m27.9s/7m30.0s

running (4m29.0s), 19/50 VUs, 2590 complete and 0 interrupted iterations
concurrency   [  60% ] 19/50 VUs  4m28.9s/7m30.0s

running (4m30.0s), 19/50 VUs, 2614 complete and 0 interrupted iterations
concurrency   [  60% ] 19/50 VUs  4m29.9s/7m30.0s

running (4m31.0s), 20/50 VUs, 2635 complete and 0 interrupted iterations
concurrency   [  60% ] 20/50 VUs  4m30.9s/7m30.0s

running (4m32.0s), 20/50 VUs, 2657 complete and 0 interrupted iterations
concurrency   [  60% ] 20/50 VUs  4m31.9s/7m30.0s

running (4m33.0s), 20/50 VUs, 2683 complete and 0 interrupted iterations
concurrency   [  61% ] 20/50 VUs  4m32.9s/7m30.0s

running (4m34.0s), 21/50 VUs, 2710 complete and 0 interrupted iterations
concurrency   [  61% ] 21/50 VUs  4m33.9s/7m30.0s

running (4m35.0s), 21/50 VUs, 2736 complete and 0 interrupted iterations
concurrency   [  61% ] 21/50 VUs  4m34.9s/7m30.0s

running (4m36.0s), 21/50 VUs, 2759 complete and 0 interrupted iterations
concurrency   [  61% ] 21/50 VUs  4m35.9s/7m30.0s

running (4m37.0s), 22/50 VUs, 2782 complete and 0 interrupted iterations
concurrency   [  62% ] 22/50 VUs  4m36.9s/7m30.0s

running (4m38.0s), 22/50 VUs, 2811 complete and 0 interrupted iterations
concurrency   [  62% ] 22/50 VUs  4m37.9s/7m30.0s

running (4m39.0s), 22/50 VUs, 2839 complete and 0 interrupted iterations
concurrency   [  62% ] 22/50 VUs  4m38.9s/7m30.0s

running (4m40.0s), 23/50 VUs, 2867 complete and 0 interrupted iterations
concurrency   [  62% ] 23/50 VUs  4m39.9s/7m30.0s

running (4m41.0s), 23/50 VUs, 2893 complete and 0 interrupted iterations
concurrency   [  62% ] 23/50 VUs  4m40.9s/7m30.0s

running (4m42.0s), 23/50 VUs, 2918 complete and 0 interrupted iterations
concurrency   [  63% ] 23/50 VUs  4m41.9s/7m30.0s

running (4m43.0s), 24/50 VUs, 2950 complete and 0 interrupted iterations
concurrency   [  63% ] 24/50 VUs  4m42.9s/7m30.0s

running (4m44.0s), 24/50 VUs, 2979 complete and 0 interrupted iterations
concurrency   [  63% ] 24/50 VUs  4m43.9s/7m30.0s

running (4m45.0s), 24/50 VUs, 3008 complete and 0 interrupted iterations
concurrency   [  63% ] 24/50 VUs  4m44.9s/7m30.0s

running (4m46.0s), 25/50 VUs, 3036 complete and 0 interrupted iterations
concurrency   [  64% ] 25/50 VUs  4m45.9s/7m30.0s

running (4m47.0s), 25/50 VUs, 3065 complete and 0 interrupted iterations
concurrency   [  64% ] 25/50 VUs  4m46.9s/7m30.0s

running (4m48.0s), 25/50 VUs, 3094 complete and 0 interrupted iterations
concurrency   [  64% ] 25/50 VUs  4m47.9s/7m30.0s

running (4m49.0s), 26/50 VUs, 3129 complete and 0 interrupted iterations
concurrency   [  64% ] 26/50 VUs  4m48.9s/7m30.0s

running (4m50.0s), 26/50 VUs, 3159 complete and 0 interrupted iterations
concurrency   [  64% ] 26/50 VUs  4m49.9s/7m30.0s

running (4m51.0s), 26/50 VUs, 3189 complete and 0 interrupted iterations
concurrency   [  65% ] 26/50 VUs  4m50.9s/7m30.0s

running (4m52.0s), 27/50 VUs, 3218 complete and 0 interrupted iterations
concurrency   [  65% ] 27/50 VUs  4m51.9s/7m30.0s

running (4m53.0s), 27/50 VUs, 3252 complete and 0 interrupted iterations
concurrency   [  65% ] 27/50 VUs  4m52.9s/7m30.0s

running (4m54.0s), 27/50 VUs, 3286 complete and 0 interrupted iterations
concurrency   [  65% ] 27/50 VUs  4m53.9s/7m30.0s

running (4m55.0s), 28/50 VUs, 3320 complete and 0 interrupted iterations
concurrency   [  66% ] 28/50 VUs  4m54.9s/7m30.0s

running (4m56.0s), 28/50 VUs, 3352 complete and 0 interrupted iterations
concurrency   [  66% ] 28/50 VUs  4m55.9s/7m30.0s

running (4m57.0s), 28/50 VUs, 3383 complete and 0 interrupted iterations
concurrency   [  66% ] 28/50 VUs  4m56.9s/7m30.0s

running (4m58.0s), 29/50 VUs, 3417 complete and 0 interrupted iterations
concurrency   [  66% ] 29/50 VUs  4m57.9s/7m30.0s

running (4m59.0s), 29/50 VUs, 3453 complete and 0 interrupted iterations
concurrency   [  66% ] 29/50 VUs  4m58.9s/7m30.0s

running (5m00.0s), 29/50 VUs, 3489 complete and 0 interrupted iterations
concurrency   [  67% ] 29/50 VUs  4m59.9s/7m30.0s

running (5m01.0s), 30/50 VUs, 3526 complete and 0 interrupted iterations
concurrency   [  67% ] 30/50 VUs  5m00.9s/7m30.0s

running (5m02.0s), 30/50 VUs, 3560 complete and 0 interrupted iterations
concurrency   [  67% ] 30/50 VUs  5m01.9s/7m30.0s

running (5m03.0s), 30/50 VUs, 3594 complete and 0 interrupted iterations
concurrency   [  67% ] 30/50 VUs  5m02.9s/7m30.0s

running (5m04.0s), 31/50 VUs, 3631 complete and 0 interrupted iterations
concurrency   [  68% ] 31/50 VUs  5m03.9s/7m30.0s

running (5m05.0s), 31/50 VUs, 3670 complete and 0 interrupted iterations
concurrency   [  68% ] 31/50 VUs  5m04.9s/7m30.0s
time="2026-08-03T16:53:22Z" level=warning msg="The test has generated metrics with 100128 unique time series, which is higher than the suggested limit of 100000 and could cause high memory usage. Consider not using high-cardinality values like unique IDs as metric tags or, if you need them in the URL, use the name metric tag or URL grouping. See https://grafana.com/docs/k6/latest/using-k6/tags-and-groups/ for details." component=metrics-engine-ingester

running (5m06.0s), 31/50 VUs, 3707 complete and 0 interrupted iterations
concurrency   [  68% ] 31/50 VUs  5m05.9s/7m30.0s

running (5m07.0s), 32/50 VUs, 3745 complete and 0 interrupted iterations
concurrency   [  68% ] 32/50 VUs  5m06.9s/7m30.0s

running (5m08.0s), 32/50 VUs, 3781 complete and 0 interrupted iterations
concurrency   [  68% ] 32/50 VUs  5m07.9s/7m30.0s

running (5m09.0s), 32/50 VUs, 3817 complete and 0 interrupted iterations
concurrency   [  69% ] 32/50 VUs  5m08.9s/7m30.0s

running (5m10.0s), 33/50 VUs, 3857 complete and 0 interrupted iterations
concurrency   [  69% ] 33/50 VUs  5m09.9s/7m30.0s

running (5m11.0s), 33/50 VUs, 3896 complete and 0 interrupted iterations
concurrency   [  69% ] 33/50 VUs  5m10.9s/7m30.0s

running (5m12.0s), 33/50 VUs, 3931 complete and 0 interrupted iterations
concurrency   [  69% ] 33/50 VUs  5m11.9s/7m30.0s

running (5m13.0s), 34/50 VUs, 3968 complete and 0 interrupted iterations
concurrency   [  70% ] 34/50 VUs  5m12.9s/7m30.0s

running (5m14.0s), 34/50 VUs, 4015 complete and 0 interrupted iterations
concurrency   [  70% ] 34/50 VUs  5m13.9s/7m30.0s

running (5m15.0s), 34/50 VUs, 4055 complete and 0 interrupted iterations
concurrency   [  70% ] 34/50 VUs  5m14.9s/7m30.0s

running (5m16.0s), 35/50 VUs, 4098 complete and 0 interrupted iterations
concurrency   [  70% ] 35/50 VUs  5m15.9s/7m30.0s

running (5m17.0s), 35/50 VUs, 4136 complete and 0 interrupted iterations
concurrency   [  70% ] 35/50 VUs  5m16.9s/7m30.0s

running (5m18.0s), 35/50 VUs, 4175 complete and 0 interrupted iterations
concurrency   [  71% ] 35/50 VUs  5m17.9s/7m30.0s

running (5m19.0s), 36/50 VUs, 4212 complete and 0 interrupted iterations
concurrency   [  71% ] 36/50 VUs  5m18.9s/7m30.0s

running (5m20.0s), 36/50 VUs, 4252 complete and 0 interrupted iterations
concurrency   [  71% ] 36/50 VUs  5m19.9s/7m30.0s

running (5m21.0s), 36/50 VUs, 4294 complete and 0 interrupted iterations
concurrency   [  71% ] 36/50 VUs  5m20.9s/7m30.0s

running (5m22.0s), 37/50 VUs, 4334 complete and 0 interrupted iterations
concurrency   [  72% ] 37/50 VUs  5m21.9s/7m30.0s

running (5m23.0s), 37/50 VUs, 4376 complete and 0 interrupted iterations
concurrency   [  72% ] 37/50 VUs  5m22.9s/7m30.0s

running (5m24.0s), 37/50 VUs, 4423 complete and 0 interrupted iterations
concurrency   [  72% ] 37/50 VUs  5m23.9s/7m30.0s

running (5m25.0s), 38/50 VUs, 4472 complete and 0 interrupted iterations
concurrency   [  72% ] 38/50 VUs  5m24.9s/7m30.0s

running (5m26.0s), 38/50 VUs, 4515 complete and 0 interrupted iterations
concurrency   [  72% ] 38/50 VUs  5m25.9s/7m30.0s

running (5m27.0s), 38/50 VUs, 4557 complete and 0 interrupted iterations
concurrency   [  73% ] 38/50 VUs  5m26.9s/7m30.0s

running (5m28.0s), 39/50 VUs, 4600 complete and 0 interrupted iterations
concurrency   [  73% ] 39/50 VUs  5m27.9s/7m30.0s

running (5m29.0s), 39/50 VUs, 4646 complete and 0 interrupted iterations
concurrency   [  73% ] 39/50 VUs  5m28.9s/7m30.0s

running (5m30.0s), 39/50 VUs, 4687 complete and 0 interrupted iterations
concurrency   [  73% ] 39/50 VUs  5m29.9s/7m30.0s

running (5m31.0s), 40/50 VUs, 4731 complete and 0 interrupted iterations
concurrency   [  74% ] 40/50 VUs  5m30.9s/7m30.0s

running (5m32.0s), 40/50 VUs, 4780 complete and 0 interrupted iterations
concurrency   [  74% ] 40/50 VUs  5m31.9s/7m30.0s

running (5m33.0s), 40/50 VUs, 4827 complete and 0 interrupted iterations
concurrency   [  74% ] 40/50 VUs  5m32.9s/7m30.0s

running (5m34.0s), 41/50 VUs, 4870 complete and 0 interrupted iterations
concurrency   [  74% ] 41/50 VUs  5m33.9s/7m30.0s

running (5m35.0s), 41/50 VUs, 4912 complete and 0 interrupted iterations
concurrency   [  74% ] 41/50 VUs  5m34.9s/7m30.0s

running (5m36.0s), 41/50 VUs, 4960 complete and 0 interrupted iterations
concurrency   [  75% ] 41/50 VUs  5m35.9s/7m30.0s

running (5m37.0s), 42/50 VUs, 5009 complete and 0 interrupted iterations
concurrency   [  75% ] 42/50 VUs  5m36.9s/7m30.0s

running (5m38.0s), 42/50 VUs, 5057 complete and 0 interrupted iterations
concurrency   [  75% ] 42/50 VUs  5m37.9s/7m30.0s

running (5m39.0s), 42/50 VUs, 5105 complete and 0 interrupted iterations
concurrency   [  75% ] 42/50 VUs  5m38.9s/7m30.0s

running (5m40.0s), 43/50 VUs, 5152 complete and 0 interrupted iterations
concurrency   [  76% ] 43/50 VUs  5m39.9s/7m30.0s

running (5m41.0s), 43/50 VUs, 5197 complete and 0 interrupted iterations
concurrency   [  76% ] 43/50 VUs  5m40.9s/7m30.0s

running (5m42.0s), 43/50 VUs, 5243 complete and 0 interrupted iterations
concurrency   [  76% ] 43/50 VUs  5m41.9s/7m30.0s

running (5m43.0s), 44/50 VUs, 5292 complete and 0 interrupted iterations
concurrency   [  76% ] 44/50 VUs  5m42.9s/7m30.0s

running (5m44.0s), 44/50 VUs, 5342 complete and 0 interrupted iterations
concurrency   [  76% ] 44/50 VUs  5m43.9s/7m30.0s

running (5m45.0s), 44/50 VUs, 5392 complete and 0 interrupted iterations
concurrency   [  77% ] 44/50 VUs  5m44.9s/7m30.0s

running (5m46.0s), 45/50 VUs, 5447 complete and 0 interrupted iterations
concurrency   [  77% ] 45/50 VUs  5m45.9s/7m30.0s

running (5m47.0s), 45/50 VUs, 5508 complete and 0 interrupted iterations
concurrency   [  77% ] 45/50 VUs  5m46.9s/7m30.0s

running (5m48.0s), 45/50 VUs, 5553 complete and 0 interrupted iterations
concurrency   [  77% ] 45/50 VUs  5m47.9s/7m30.0s

running (5m49.0s), 46/50 VUs, 5601 complete and 0 interrupted iterations
concurrency   [  78% ] 46/50 VUs  5m48.9s/7m30.0s

running (5m50.0s), 46/50 VUs, 5650 complete and 0 interrupted iterations
concurrency   [  78% ] 46/50 VUs  5m49.9s/7m30.0s

running (5m51.0s), 46/50 VUs, 5697 complete and 0 interrupted iterations
concurrency   [  78% ] 46/50 VUs  5m50.9s/7m30.0s

running (5m52.0s), 47/50 VUs, 5744 complete and 0 interrupted iterations
concurrency   [  78% ] 47/50 VUs  5m51.9s/7m30.0s

running (5m53.0s), 47/50 VUs, 5798 complete and 0 interrupted iterations
concurrency   [  78% ] 47/50 VUs  5m52.9s/7m30.0s

running (5m54.0s), 47/50 VUs, 5854 complete and 0 interrupted iterations
concurrency   [  79% ] 47/50 VUs  5m53.9s/7m30.0s

running (5m55.0s), 48/50 VUs, 5907 complete and 0 interrupted iterations
concurrency   [  79% ] 48/50 VUs  5m54.9s/7m30.0s

running (5m56.0s), 48/50 VUs, 5958 complete and 0 interrupted iterations
concurrency   [  79% ] 48/50 VUs  5m55.9s/7m30.0s

running (5m57.0s), 48/50 VUs, 6016 complete and 0 interrupted iterations
concurrency   [  79% ] 48/50 VUs  5m56.9s/7m30.0s

running (5m58.0s), 49/50 VUs, 6070 complete and 0 interrupted iterations
concurrency   [  80% ] 49/50 VUs  5m57.9s/7m30.0s

running (5m59.0s), 49/50 VUs, 6122 complete and 0 interrupted iterations
concurrency   [  80% ] 49/50 VUs  5m58.9s/7m30.0s

running (6m00.0s), 49/50 VUs, 6178 complete and 0 interrupted iterations
concurrency   [  80% ] 49/50 VUs  5m59.9s/7m30.0s

running (6m01.0s), 50/50 VUs, 6244 complete and 0 interrupted iterations
concurrency   [  80% ] 50/50 VUs  6m00.9s/7m30.0s

running (6m02.0s), 50/50 VUs, 6305 complete and 0 interrupted iterations
concurrency   [  80% ] 50/50 VUs  6m01.9s/7m30.0s

running (6m03.0s), 50/50 VUs, 6359 complete and 0 interrupted iterations
concurrency   [  81% ] 50/50 VUs  6m02.9s/7m30.0s

running (6m04.0s), 50/50 VUs, 6410 complete and 0 interrupted iterations
concurrency   [  81% ] 50/50 VUs  6m03.9s/7m30.0s

running (6m05.0s), 50/50 VUs, 6462 complete and 0 interrupted iterations
concurrency   [  81% ] 50/50 VUs  6m04.9s/7m30.0s

running (6m06.0s), 50/50 VUs, 6512 complete and 0 interrupted iterations
concurrency   [  81% ] 50/50 VUs  6m05.9s/7m30.0s

running (6m07.0s), 50/50 VUs, 6565 complete and 0 interrupted iterations
concurrency   [  82% ] 50/50 VUs  6m06.9s/7m30.0s

running (6m08.0s), 50/50 VUs, 6619 complete and 0 interrupted iterations
concurrency   [  82% ] 50/50 VUs  6m07.9s/7m30.0s

running (6m09.0s), 50/50 VUs, 6682 complete and 0 interrupted iterations
concurrency   [  82% ] 50/50 VUs  6m08.9s/7m30.0s

running (6m10.0s), 50/50 VUs, 6747 complete and 0 interrupted iterations
concurrency   [  82% ] 50/50 VUs  6m09.9s/7m30.0s

running (6m11.0s), 50/50 VUs, 6798 complete and 0 interrupted iterations
concurrency   [  82% ] 50/50 VUs  6m10.9s/7m30.0s

running (6m12.0s), 50/50 VUs, 6863 complete and 0 interrupted iterations
concurrency   [  83% ] 50/50 VUs  6m11.9s/7m30.0s

running (6m13.0s), 50/50 VUs, 6916 complete and 0 interrupted iterations
concurrency   [  83% ] 50/50 VUs  6m12.9s/7m30.0s

running (6m14.0s), 50/50 VUs, 6969 complete and 0 interrupted iterations
concurrency   [  83% ] 50/50 VUs  6m13.9s/7m30.0s

running (6m15.0s), 50/50 VUs, 7019 complete and 0 interrupted iterations
concurrency   [  83% ] 50/50 VUs  6m14.9s/7m30.0s

running (6m16.0s), 50/50 VUs, 7075 complete and 0 interrupted iterations
concurrency   [  84% ] 50/50 VUs  6m15.9s/7m30.0s

running (6m17.0s), 50/50 VUs, 7125 complete and 0 interrupted iterations
concurrency   [  84% ] 50/50 VUs  6m16.9s/7m30.0s

running (6m18.0s), 50/50 VUs, 7176 complete and 0 interrupted iterations
concurrency   [  84% ] 50/50 VUs  6m17.9s/7m30.0s

running (6m19.0s), 50/50 VUs, 7227 complete and 0 interrupted iterations
concurrency   [  84% ] 50/50 VUs  6m18.9s/7m30.0s

running (6m20.0s), 50/50 VUs, 7279 complete and 0 interrupted iterations
concurrency   [  84% ] 50/50 VUs  6m19.9s/7m30.0s

running (6m21.0s), 50/50 VUs, 7332 complete and 0 interrupted iterations
concurrency   [  85% ] 50/50 VUs  6m20.9s/7m30.0s
time="2026-08-03T16:54:38Z" level=warning msg="The test has generated metrics with 200037 unique time series, which is higher than the suggested limit of 100000 and could cause high memory usage. Consider not using high-cardinality values like unique IDs as metric tags or, if you need them in the URL, use the name metric tag or URL grouping. See https://grafana.com/docs/k6/latest/using-k6/tags-and-groups/ for details." component=metrics-engine-ingester

running (6m22.0s), 50/50 VUs, 7389 complete and 0 interrupted iterations
concurrency   [  85% ] 50/50 VUs  6m21.9s/7m30.0s

running (6m23.0s), 50/50 VUs, 7442 complete and 0 interrupted iterations
concurrency   [  85% ] 50/50 VUs  6m22.9s/7m30.0s

running (6m24.0s), 50/50 VUs, 7498 complete and 0 interrupted iterations
concurrency   [  85% ] 50/50 VUs  6m23.9s/7m30.0s

running (6m25.0s), 50/50 VUs, 7558 complete and 0 interrupted iterations
concurrency   [  86% ] 50/50 VUs  6m24.9s/7m30.0s

running (6m26.0s), 50/50 VUs, 7613 complete and 0 interrupted iterations
concurrency   [  86% ] 50/50 VUs  6m25.9s/7m30.0s

running (6m27.0s), 50/50 VUs, 7670 complete and 0 interrupted iterations
concurrency   [  86% ] 50/50 VUs  6m26.9s/7m30.0s

running (6m28.0s), 50/50 VUs, 7734 complete and 0 interrupted iterations
concurrency   [  86% ] 50/50 VUs  6m27.9s/7m30.0s

running (6m29.0s), 50/50 VUs, 7784 complete and 0 interrupted iterations
concurrency   [  86% ] 50/50 VUs  6m28.9s/7m30.0s

running (6m30.0s), 50/50 VUs, 7834 complete and 0 interrupted iterations
concurrency   [  87% ] 50/50 VUs  6m29.9s/7m30.0s

running (6m31.0s), 50/50 VUs, 7883 complete and 0 interrupted iterations
concurrency   [  87% ] 50/50 VUs  6m30.9s/7m30.0s

running (6m32.0s), 50/50 VUs, 7938 complete and 0 interrupted iterations
concurrency   [  87% ] 50/50 VUs  6m31.9s/7m30.0s

running (6m33.0s), 50/50 VUs, 7994 complete and 0 interrupted iterations
concurrency   [  87% ] 50/50 VUs  6m32.9s/7m30.0s

running (6m34.0s), 50/50 VUs, 8050 complete and 0 interrupted iterations
concurrency   [  88% ] 50/50 VUs  6m33.9s/7m30.0s

running (6m35.0s), 50/50 VUs, 8104 complete and 0 interrupted iterations
concurrency   [  88% ] 50/50 VUs  6m34.9s/7m30.0s

running (6m36.0s), 50/50 VUs, 8160 complete and 0 interrupted iterations
concurrency   [  88% ] 50/50 VUs  6m35.9s/7m30.0s

running (6m37.0s), 50/50 VUs, 8215 complete and 0 interrupted iterations
concurrency   [  88% ] 50/50 VUs  6m36.9s/7m30.0s

running (6m38.0s), 50/50 VUs, 8269 complete and 0 interrupted iterations
concurrency   [  88% ] 50/50 VUs  6m37.9s/7m30.0s

running (6m39.0s), 50/50 VUs, 8330 complete and 0 interrupted iterations
concurrency   [  89% ] 50/50 VUs  6m38.9s/7m30.0s

running (6m40.0s), 50/50 VUs, 8382 complete and 0 interrupted iterations
concurrency   [  89% ] 50/50 VUs  6m39.9s/7m30.0s

running (6m41.0s), 50/50 VUs, 8438 complete and 0 interrupted iterations
concurrency   [  89% ] 50/50 VUs  6m40.9s/7m30.0s

running (6m42.0s), 50/50 VUs, 8492 complete and 0 interrupted iterations
concurrency   [  89% ] 50/50 VUs  6m41.9s/7m30.0s

running (6m43.0s), 50/50 VUs, 8546 complete and 0 interrupted iterations
concurrency   [  90% ] 50/50 VUs  6m42.9s/7m30.0s

running (6m44.0s), 50/50 VUs, 8604 complete and 0 interrupted iterations
concurrency   [  90% ] 50/50 VUs  6m43.9s/7m30.0s

running (6m45.0s), 50/50 VUs, 8659 complete and 0 interrupted iterations
concurrency   [  90% ] 50/50 VUs  6m44.9s/7m30.0s

running (6m46.0s), 50/50 VUs, 8717 complete and 0 interrupted iterations
concurrency   [  90% ] 50/50 VUs  6m45.9s/7m30.0s

running (6m47.0s), 50/50 VUs, 8773 complete and 0 interrupted iterations
concurrency   [  90% ] 50/50 VUs  6m46.9s/7m30.0s

running (6m48.0s), 50/50 VUs, 8827 complete and 0 interrupted iterations
concurrency   [  91% ] 50/50 VUs  6m47.9s/7m30.0s

running (6m49.0s), 50/50 VUs, 8881 complete and 0 interrupted iterations
concurrency   [  91% ] 50/50 VUs  6m48.9s/7m30.0s

running (6m50.0s), 50/50 VUs, 8939 complete and 0 interrupted iterations
concurrency   [  91% ] 50/50 VUs  6m49.9s/7m30.0s

running (6m51.0s), 50/50 VUs, 8993 complete and 0 interrupted iterations
concurrency   [  91% ] 50/50 VUs  6m50.9s/7m30.0s

running (6m52.0s), 50/50 VUs, 9050 complete and 0 interrupted iterations
concurrency   [  92% ] 50/50 VUs  6m51.9s/7m30.0s

running (6m53.0s), 50/50 VUs, 9110 complete and 0 interrupted iterations
concurrency   [  92% ] 50/50 VUs  6m52.9s/7m30.0s

running (6m54.0s), 50/50 VUs, 9174 complete and 0 interrupted iterations
concurrency   [  92% ] 50/50 VUs  6m53.9s/7m30.0s

running (6m55.0s), 50/50 VUs, 9232 complete and 0 interrupted iterations
concurrency   [  92% ] 50/50 VUs  6m54.9s/7m30.0s

running (6m56.0s), 50/50 VUs, 9285 complete and 0 interrupted iterations
concurrency   [  92% ] 50/50 VUs  6m55.9s/7m30.0s

running (6m57.0s), 50/50 VUs, 9337 complete and 0 interrupted iterations
concurrency   [  93% ] 50/50 VUs  6m56.9s/7m30.0s

running (6m58.0s), 50/50 VUs, 9393 complete and 0 interrupted iterations
concurrency   [  93% ] 50/50 VUs  6m57.9s/7m30.0s

running (6m59.0s), 50/50 VUs, 9447 complete and 0 interrupted iterations
concurrency   [  93% ] 50/50 VUs  6m58.9s/7m30.0s

running (7m00.0s), 50/50 VUs, 9500 complete and 0 interrupted iterations
concurrency   [  93% ] 50/50 VUs  6m59.9s/7m30.0s

running (7m01.0s), 50/50 VUs, 9557 complete and 0 interrupted iterations
concurrency   [  94% ] 50/50 VUs  7m00.9s/7m30.0s

running (7m02.0s), 50/50 VUs, 9617 complete and 0 interrupted iterations
concurrency   [  94% ] 50/50 VUs  7m01.9s/7m30.0s

running (7m03.0s), 50/50 VUs, 9677 complete and 0 interrupted iterations
concurrency   [  94% ] 50/50 VUs  7m02.9s/7m30.0s

running (7m04.0s), 50/50 VUs, 9731 complete and 0 interrupted iterations
concurrency   [  94% ] 50/50 VUs  7m03.9s/7m30.0s

running (7m05.0s), 50/50 VUs, 9788 complete and 0 interrupted iterations
concurrency   [  94% ] 50/50 VUs  7m04.9s/7m30.0s

running (7m06.0s), 50/50 VUs, 9839 complete and 0 interrupted iterations
concurrency   [  95% ] 50/50 VUs  7m05.9s/7m30.0s

running (7m07.0s), 50/50 VUs, 9893 complete and 0 interrupted iterations
concurrency   [  95% ] 50/50 VUs  7m06.9s/7m30.0s

running (7m08.0s), 50/50 VUs, 9947 complete and 0 interrupted iterations
concurrency   [  95% ] 50/50 VUs  7m07.9s/7m30.0s

running (7m09.0s), 50/50 VUs, 10012 complete and 0 interrupted iterations
concurrency   [  95% ] 50/50 VUs  7m08.9s/7m30.0s

running (7m10.0s), 50/50 VUs, 10068 complete and 0 interrupted iterations
concurrency   [  96% ] 50/50 VUs  7m09.9s/7m30.0s

running (7m11.0s), 50/50 VUs, 10122 complete and 0 interrupted iterations
concurrency   [  96% ] 50/50 VUs  7m10.9s/7m30.0s

running (7m12.0s), 50/50 VUs, 10191 complete and 0 interrupted iterations
concurrency   [  96% ] 50/50 VUs  7m11.9s/7m30.0s

running (7m13.0s), 50/50 VUs, 10244 complete and 0 interrupted iterations
concurrency   [  96% ] 50/50 VUs  7m12.9s/7m30.0s

running (7m14.0s), 50/50 VUs, 10295 complete and 0 interrupted iterations
concurrency   [  96% ] 50/50 VUs  7m13.9s/7m30.0s

running (7m15.0s), 50/50 VUs, 10349 complete and 0 interrupted iterations
concurrency   [  97% ] 50/50 VUs  7m14.9s/7m30.0s

running (7m16.0s), 50/50 VUs, 10402 complete and 0 interrupted iterations
concurrency   [  97% ] 50/50 VUs  7m15.9s/7m30.0s

running (7m17.0s), 50/50 VUs, 10457 complete and 0 interrupted iterations
concurrency   [  97% ] 50/50 VUs  7m16.9s/7m30.0s

running (7m18.0s), 50/50 VUs, 10514 complete and 0 interrupted iterations
concurrency   [  97% ] 50/50 VUs  7m17.9s/7m30.0s

running (7m19.0s), 50/50 VUs, 10571 complete and 0 interrupted iterations
concurrency   [  98% ] 50/50 VUs  7m18.9s/7m30.0s

running (7m20.0s), 50/50 VUs, 10632 complete and 0 interrupted iterations
concurrency   [  98% ] 50/50 VUs  7m19.9s/7m30.0s

running (7m21.0s), 50/50 VUs, 10692 complete and 0 interrupted iterations
concurrency   [  98% ] 50/50 VUs  7m20.9s/7m30.0s

running (7m22.0s), 50/50 VUs, 10746 complete and 0 interrupted iterations
concurrency   [  98% ] 50/50 VUs  7m21.9s/7m30.0s

running (7m23.0s), 50/50 VUs, 10807 complete and 0 interrupted iterations
concurrency   [  98% ] 50/50 VUs  7m22.9s/7m30.0s

running (7m24.0s), 50/50 VUs, 10860 complete and 0 interrupted iterations
concurrency   [  99% ] 50/50 VUs  7m23.9s/7m30.0s

running (7m25.0s), 50/50 VUs, 10916 complete and 0 interrupted iterations
concurrency   [  99% ] 50/50 VUs  7m24.9s/7m30.0s

running (7m26.0s), 50/50 VUs, 10971 complete and 0 interrupted iterations
concurrency   [  99% ] 50/50 VUs  7m25.9s/7m30.0s

running (7m27.0s), 50/50 VUs, 11021 complete and 0 interrupted iterations
concurrency   [  99% ] 50/50 VUs  7m26.9s/7m30.0s

running (7m28.0s), 50/50 VUs, 11075 complete and 0 interrupted iterations
concurrency   [ 100% ] 50/50 VUs  7m27.9s/7m30.0s

running (7m29.0s), 50/50 VUs, 11131 complete and 0 interrupted iterations
concurrency   [ 100% ] 50/50 VUs  7m28.9s/7m30.0s

running (7m30.0s), 50/50 VUs, 11184 complete and 0 interrupted iterations
concurrency   [ 100% ] 50/50 VUs  7m29.9s/7m30.0s

running (7m30.9s), 00/50 VUs, 11239 complete and 0 interrupted iterations
concurrency ✓ [ 100% ] 00/50 VUs  7m30s

================ DSP benchmark summary ================
-- per-phase latency --
  catalog                    p50=26.2 ms  p95=122.0 ms  p99=144.5 ms  max=219.4 ms  n=11239
  negotiation init (POST)    p50=12.4 ms  p95=50.6 ms  p99=65.4 ms  max=215.4 ms  n=11239
  time-to-AGREED (async)     p50=252.0 ms  p95=253.0 ms  p99=254.0 ms  max=271.0 ms  n=11239
  transfer init (POST)       p50=21.8 ms  p95=39.5 ms  p99=50.3 ms  max=101.6 ms  n=11239
  time-to-EDR (async)        p50=252.0 ms  p95=253.0 ms  p99=254.0 ms  max=273.0 ms  n=11239
  data pull                  p50=13.2 ms  p95=24.1 ms  p99=30.4 ms  max=194.5 ms  n=11239
-- end-to-end + throughput --
  e2e transaction            p50=846.0 ms  p95=978.0 ms  p99=1010.0 ms  max=1080.0 ms  n=11239
  data throughput (MB/s)     p50=0.0  p95=0.0  p99=0.0  max=0.0  n=11239
-- outcomes --
  transactions succeeded     count=11239  rate=24.924/s
  transactions failed        (no data)
  failed rate                rate=0.00%  (pass=0 fail=11239)
    of which TERMINATED      (no data)
    of which TIMED OUT       (no data)
    of which HTTP-FAILED     (no data)
  failure accounting       (no failures)
-- observer effect (poll load) --
  negotiation polls          count=22478  rate=49.848/s
  edr polls                  count=22478  rate=49.848/s
  polls per transaction     negotiation=2.0  edr=2.0  (timeout ceiling=120)
=======================================================
(full summary -> /home/rohitj/edc/benchmarking-dsp-native-basyx/k6-scripts/results/basyx/off/concurrency-closed/2026-08-03T16-47-15Z/k6-summary.json; POLL_INTERVAL_MS=250; IDENTITY_MODE=off)

running (7m30.9s), 00/50 VUs, 11239 complete and 0 interrupted iterations
concurrency ✓ [ 100% ] 00/50 VUs  7m30s
