2026-08-11T17:56:58.918Z  WARN 1 --- [BasyxStarterApp] [ool-7-thread-23] o.f.l.c.e.p.s.h.SendContractAgreedTask   : Error sending AGREED MESSAGE to http://consumer-controlplane:9020/dsp/negotiations/f96ce466-b5fc-4f9d-a602-59da938e3e80/agreement for 4f32f017-81c8-4999-b1d7-799343374ae7
2026-08-11T17:56:58.918Z  WARN 1 --- [BasyxStarterApp] [ool-7-thread-23] o.f.l.c.e.p.s.h.SendContractAgreedTask   : Status code: 500 INTERNAL_SERVER_ERROR
2026-08-11T17:56:58.920Z  WARN 1 --- [BasyxStarterApp] [ool-7-thread-23] o.f.l.c.e.p.s.h.SendContractAgreedTask   : Response from consumer
<html>
<head>
<meta http-equiv="Content-Type" content="text/html;charset=ISO-8859-1"/>
<title>Error 500 Internal Server Error</title>
</head>
<body>
<h2>HTTP ERROR 500 Internal Server Error</h2>
<table>
<tr><th>URI:</th><td>http://consumer-controlplane:9020/dsp/negotiations/f96ce466-b5fc-4f9d-a602-59da938e3e80/agreement</td></tr>
<tr><th>STATUS:</th><td>500</td></tr>
<tr><th>MESSAGE:</th><td>Internal Server Error</td></tr>
</table>

</body>
</html>

2026-08-11T17:56:58.920Z  WARN 1 --- [BasyxStarterApp] [ool-7-thread-23] o.f.l.c.e.p.s.h.SendContractAgreedTask   : As bytes: [60, 104, 116, 109, 108, 62, 10, 60, 104, 101, 97, 100, 62, 10, 60, 109, 101, 116, 97, 32, 104, 116, 116, 112, 45, 101, 113, 117, 105, 118, 61, 34, 67, 111, 110, 116, 101, 110, 116, 45, 84, 121, 112, 101, 34, 32, 99, 111, 110, 116, 101, 110, 116, 61, 34, 116, 101, 120, 116, 47, 104, 116, 109, 108, 59, 99, 104, 97, 114, 115, 101, 116, 61, 73, 83, 79, 45, 56, 56, 53, 57, 45, 49, 34, 47, 62, 10, 60, 116, 105, 116, 108, 101, 62, 69, 114, 114, 111, 114, 32, 53, 48, 48, 32, 73, 110, 116, 101, 114, 110, 97, 108, 32, 83, 101, 114, 118, 101, 114, 32, 69, 114, 114, 111, 114, 60, 47, 116, 105, 116, 108, 101, 62, 10, 60, 47, 104, 101, 97, 100, 62, 10, 60, 98, 111, 100, 121, 62, 10, 60, 104, 50, 62, 72, 84, 84, 80, 32, 69, 82, 82, 79, 82, 32, 53, 48, 48, 32, 73, 110, 116, 101, 114, 110, 97, 108, 32, 83, 101, 114, 118, 101, 114, 32, 69, 114, 114, 111, 114, 60, 47, 104, 50, 62, 10, 60, 116, 97, 98, 108, 101, 62, 10, 60, 116, 114, 62, 60, 116, 104, 62, 85, 82, 73, 58, 60, 47, 116, 104, 62, 60, 116, 100, 62, 104, 116, 116, 112, 58, 47, 47, 99, 111, 110, 115, 117, 109, 101, 114, 45, 99, 111, 110, 116, 114, 111, 108, 112, 108, 97, 110, 101, 58, 57, 48, 50, 48, 47, 100, 115, 112, 47, 110, 101, 103, 111, 116, 105, 97, 116, 105, 111, 110, 115, 47, 102, 57, 54, 99, 101, 52, 54, 54, 45, 98, 53, 102, 99, 45, 52, 102, 57, 100, 45, 97, 54, 48, 50, 45, 53, 57, 100, 97, 57, 51, 56, 101, 51, 101, 56, 48, 47, 97, 103, 114, 101, 101, 109, 101, 110, 116, 60, 47, 116, 100, 62, 60, 47, 116, 114, 62, 10, 60, 116, 114, 62, 60, 116, 104, 62, 83, 84, 65, 84, 85, 83, 58, 60, 47, 116, 104, 62, 60, 116, 100, 62, 53, 48, 48, 60, 47, 116, 100, 62, 60, 47, 116, 114, 62, 10, 60, 116, 114, 62, 60, 116, 104, 62, 77, 69, 83, 83, 65, 71, 69, 58, 60, 47, 116, 104, 62, 60, 116, 100, 62, 73, 110, 116, 101, 114, 110, 97, 108, 32, 83, 101, 114, 118, 101, 114, 32, 69, 114, 114, 111, 114, 60, 47, 116, 100, 62, 60, 47, 116, 114, 62, 10, 60, 47, 116, 97, 98, 108, 101, 62, 10, 10, 60, 47, 98, 111, 100, 121, 62, 10, 60, 47, 104, 116, 109, 108, 62, 10]
2026-08-11T17:56:58.921Z  WARN 1 --- [BasyxStarterApp] [ool-7-thread-23] o.f.l.c.e.p.s.h.SendContractAgreedTask   : Body: 
{
    "@context": {
        "@vocab": "https://w3id.org/edc/v0.0.1/ns/",
        "edc": "https://w3id.org/edc/v0.0.1/ns/",
        "dcat": "http://www.w3.org/ns/dcat#",
        "dct": "http://purl.org/dc/terms/",
        "odrl": "http://www.w3.org/ns/odrl/2/",
        "dspace": "https://w3id.org/dspace/v0.8/"
    },
    "@type": "dspace:ContractAgreementMessage",
    "dspace:consumerPid": "f96ce466-b5fc-4f9d-a602-59da938e3e80",
    "dspace:providerPid": "4f32f017-81c8-4999-b1d7-799343374ae7",
    "dspace:agreement": {
        "@type": "odrl:Agreement",
        "@id": "a5ae710a-fa09-42cb-9298-d2c1384e2ff7",
        "odrl:target": "e38a0f92-4ee8-436c-a535-0f9cdad4c3c8",
        "dspace:timestamp": "2026-08-11T17:56:58Z",
        "odrl:assignee": "did:web:consumer-idhub:user:consumer",
        "odrl:assigner": "did:web:provider-idhub:user:provider"
    },
    "dspace:callbackAddress": "http://dsp-native-basyx:8090/dsp"
}
2026-08-11T17:56:58.969Z  WARN 1 --- [BasyxStarterApp] [ool-7-thread-24] .f.l.c.e.p.s.h.SendContractFinalizedTask : Error sending FINALIZED MESSAGE to http://consumer-controlplane:9020/dsp/negotiations/3da2e509-e0e5-4056-aad0-3ae8a5f8bf7d/events for 422eefda-3110-4278-afe0-e2c6851afe23
2026-08-11T17:56:58.969Z  WARN 1 --- [BasyxStarterApp] [ool-7-thread-24] .f.l.c.e.p.s.h.SendContractFinalizedTask : Status code: 500 INTERNAL_SERVER_ERROR
2026-08-11T17:57:24.748Z  WARN 1 --- [BasyxStarterApp] [ool-7-thread-25] o.f.l.c.e.p.s.h.SendContractAgreedTask   : Error sending AGREED MESSAGE to http://consumer-controlplane:9020/dsp/negotiations/96c646b2-de61-42a9-9f13-1d3d63506aee/agreement for 8a9adf73-2b4a-44a4-86f7-91344d478cf5
2026-08-11T17:57:24.748Z  WARN 1 --- [BasyxStarterApp] [ool-7-thread-25] o.f.l.c.e.p.s.h.SendContractAgreedTask   : Status code: 500 INTERNAL_SERVER_ERROR
2026-08-11T17:57:24.749Z  WARN 1 --- [BasyxStarterApp] [ool-7-thread-25] o.f.l.c.e.p.s.h.SendContractAgreedTask   : Response from consumer
<html>
<head>
<meta http-equiv="Content-Type" content="text/html;charset=ISO-8859-1"/>
<title>Error 500 Internal Server Error</title>
</head>
<body>
<h2>HTTP ERROR 500 Internal Server Error</h2>
<table>
<tr><th>URI:</th><td>http://consumer-controlplane:9020/dsp/negotiations/96c646b2-de61-42a9-9f13-1d3d63506aee/agreement</td></tr>
<tr><th>STATUS:</th><td>500</td></tr>
<tr><th>MESSAGE:</th><td>Internal Server Error</td></tr>
</table>

</body>
</html>

2026-08-11T17:57:24.750Z  WARN 1 --- [BasyxStarterApp] [ool-7-thread-25] o.f.l.c.e.p.s.h.SendContractAgreedTask   : As bytes: [60, 104, 116, 109, 108, 62, 10, 60, 104, 101, 97, 100, 62, 10, 60, 109, 101, 116, 97, 32, 104, 116, 116, 112, 45, 101, 113, 117, 105, 118, 61, 34, 67, 111, 110, 116, 101, 110, 116, 45, 84, 121, 112, 101, 34, 32, 99, 111, 110, 116, 101, 110, 116, 61, 34, 116, 101, 120, 116, 47, 104, 116, 109, 108, 59, 99, 104, 97, 114, 115, 101, 116, 61, 73, 83, 79, 45, 56, 56, 53, 57, 45, 49, 34, 47, 62, 10, 60, 116, 105, 116, 108, 101, 62, 69, 114, 114, 111, 114, 32, 53, 48, 48, 32, 73, 110, 116, 101, 114, 110, 97, 108, 32, 83, 101, 114, 118, 101, 114, 32, 69, 114, 114, 111, 114, 60, 47, 116, 105, 116, 108, 101, 62, 10, 60, 47, 104, 101, 97, 100, 62, 10, 60, 98, 111, 100, 121, 62, 10, 60, 104, 50, 62, 72, 84, 84, 80, 32, 69, 82, 82, 79, 82, 32, 53, 48, 48, 32, 73, 110, 116, 101, 114, 110, 97, 108, 32, 83, 101, 114, 118, 101, 114, 32, 69, 114, 114, 111, 114, 60, 47, 104, 50, 62, 10, 60, 116, 97, 98, 108, 101, 62, 10, 60, 116, 114, 62, 60, 116, 104, 62, 85, 82, 73, 58, 60, 47, 116, 104, 62, 60, 116, 100, 62, 104, 116, 116, 112, 58, 47, 47, 99, 111, 110, 115, 117, 109, 101, 114, 45, 99, 111, 110, 116, 114, 111, 108, 112, 108, 97, 110, 101, 58, 57, 48, 50, 48, 47, 100, 115, 112, 47, 110, 101, 103, 111, 116, 105, 97, 116, 105, 111, 110, 115, 47, 57, 54, 99, 54, 52, 54, 98, 50, 45, 100, 101, 54, 49, 45, 52, 50, 97, 57, 45, 57, 102, 49, 51, 45, 49, 100, 51, 100, 54, 51, 53, 48, 54, 97, 101, 101, 47, 97, 103, 114, 101, 101, 109, 101, 110, 116, 60, 47, 116, 100, 62, 60, 47, 116, 114, 62, 10, 60, 116, 114, 62, 60, 116, 104, 62, 83, 84, 65, 84, 85, 83, 58, 60, 47, 116, 104, 62, 60, 116, 100, 62, 53, 48, 48, 60, 47, 116, 100, 62, 60, 47, 116, 114, 62, 10, 60, 116, 114, 62, 60, 116, 104, 62, 77, 69, 83, 83, 65, 71, 69, 58, 60, 47, 116, 104, 62, 60, 116, 100, 62, 73, 110, 116, 101, 114, 110, 97, 108, 32, 83, 101, 114, 118, 101, 114, 32, 69, 114, 114, 111, 114, 60, 47, 116, 100, 62, 60, 47, 116, 114, 62, 10, 60, 47, 116, 97, 98, 108, 101, 62, 10, 10, 60, 47, 98, 111, 100, 121, 62, 10, 60, 47, 104, 116, 109, 108, 62, 10]
2026-08-11T17:57:24.750Z  WARN 1 --- [BasyxStarterApp] [ool-7-thread-25] o.f.l.c.e.p.s.h.SendContractAgreedTask   : Body: 
{
    "@context": {
        "@vocab": "https://w3id.org/edc/v0.0.1/ns/",
        "edc": "https://w3id.org/edc/v0.0.1/ns/",
        "dcat": "http://www.w3.org/ns/dcat#",
        "dct": "http://purl.org/dc/terms/",
        "odrl": "http://www.w3.org/ns/odrl/2/",
        "dspace": "https://w3id.org/dspace/v0.8/"
    },
    "@type": "dspace:ContractAgreementMessage",
    "dspace:consumerPid": "96c646b2-de61-42a9-9f13-1d3d63506aee",
    "dspace:providerPid": "8a9adf73-2b4a-44a4-86f7-91344d478cf5",
    "dspace:agreement": {
        "@type": "odrl:Agreement",
        "@id": "109a0409-1fc5-42de-8a50-ed5299fa9ae8",
        "odrl:target": "e38a0f92-4ee8-436c-a535-0f9cdad4c3c8",
        "dspace:timestamp": "2026-08-11T17:57:24Z",
        "odrl:assignee": "did:web:consumer-idhub:user:consumer",
        "odrl:assigner": "did:web:provider-idhub:user:provider"
    },
    "dspace:callbackAddress": "http://dsp-native-basyx:8090/dsp"
}
2026-08-11T17:57:29.168Z  WARN 1 --- [BasyxStarterApp] [ool-7-thread-23] o.f.l.c.e.p.s.h.SendTransferStartedTask  : Error sending STARTED MESSAGE to http://consumer-controlplane:9020/dsp/transfers/e7ee7960-d2c8-4364-8aef-2bbb22b5f9e8/start for 008442e2-d37c-4e18-8cd8-de7758bcfa92
2026-08-11T17:57:29.168Z  WARN 1 --- [BasyxStarterApp] [ool-7-thread-23] o.f.l.c.e.p.s.h.SendTransferStartedTask  : Status code: 500 INTERNAL_SERVER_ERROR
2026-08-11T17:57:29.169Z  WARN 1 --- [BasyxStarterApp] [ool-7-thread-23] o.f.l.c.e.p.s.h.SendTransferStartedTask  : Body: {"@context":{"@vocab":"https://w3id.org/edc/v0.0.1/ns/","edc":"https://w3id.org/edc/v0.0.1/ns/","dcat":"http://www.w3.org/ns/dcat#","dct":"http://purl.org/dc/terms/","odrl":"http://www.w3.org/ns/odrl/2/","dspace":"https://w3id.org/dspace/v0.8/"},"@type":"dspace:TransferStartMessage","dspace:consumerPid":"e7ee7960-d2c8-4364-8aef-2bbb22b5f9e8","dspace:providerPid":"008442e2-d37c-4e18-8cd8-de7758bcfa92","dspace:dataAddress":{"@type":"dspace:DataAddress","dspace:endpointType":"https://w3id.org/idsa/v4.1/HTTP","dspace:endpoint":"http://dsp-native-basyx:8090/dsp/data-access/e38a0f92-4ee8-436c-a535-0f9cdad4c3c8","dspace:endpointProperties":[{"@type":"dspace:EndpointProperty","dspace:name":"authorization","dspace:value":"eyJhbGciOiJIUzI1NiJ9.eyJpc3MiOiJkaWQ6d2ViOnByb3ZpZGVyLWlkaHViOnVzZXI6cHJvdmlkZXIvc2luZ2xlQXNzZXRSZWFkT25seURhdGFBY2Nlc3NJc3N1ZXIiLCJleHAiOjE3ODY0NzEzNDksImlhdCI6MTc4NjQ3MTA0OSwiZGFkIjoiaHR0cDovL2RzcC1uYXRpdmUtYmFzeXg6ODA5MC9kc3AvZGF0YS1hY2Nlc3MvZTM4YTBmOTItNGVlOC00MzZjLWE1MzUtMGY5Y2RhZDRjM2M4IiwiY2lkIjoiYjBkYzRlYmYtNTEwZi00MWUxLWE1NWMtMzBkYjNlMWJlNDU1In0.N_2IqFQa7raZ47OKjk-Mm9pCOsfclPm7iEtLy2y9l_w"},{"@type":"dspace:EndpointProperty","dspace:name":"authType","dspace:value":"Bearer"},{"@type":"dspace:EndpointProperty","dspace:name":"https://w3id.org/edc/v0.0.1/ns/authorization","dspace:value":"eyJhbGciOiJIUzI1NiJ9.eyJpc3MiOiJkaWQ6d2ViOnByb3ZpZGVyLWlkaHViOnVzZXI6cHJvdmlkZXIvc2luZ2xlQXNzZXRSZWFkT25seURhdGFBY2Nlc3NJc3N1ZXIiLCJleHAiOjE3ODY0NzEzNDksImlhdCI6MTc4NjQ3MTA0OSwiZGFkIjoiaHR0cDovL2RzcC1uYXRpdmUtYmFzeXg6ODA5MC9kc3AvZGF0YS1hY2Nlc3MvZTM4YTBmOTItNGVlOC00MzZjLWE1MzUtMGY5Y2RhZDRjM2M4IiwiY2lkIjoiYjBkYzRlYmYtNTEwZi00MWUxLWE1NWMtMzBkYjNlMWJlNDU1In0.N_2IqFQa7raZ47OKjk-Mm9pCOsfclPm7iEtLy2y9l_w"},{"@type":"dspace:EndpointProperty","dspace:name":"https://w3id.org/edc/v0.0.1/ns/endpoint","dspace:value":"http://dsp-native-basyx:8090/dsp/data-access/e38a0f92-4ee8-436c-a535-0f9cdad4c3c8"},{"@type":"dspace:EndpointProperty","dspace:name":"https://w3id.org/edc/v0.0.1/ns/authType","dspace:value":"Bearer"},{"@type":"dspace:EndpointProperty","dspace:name":"https://w3id.org/edc/v0.0.1/ns/refreshToken","dspace:value":"eyJhbGciOiJIUzI1NiJ9.eyJpc3MiOiJkaWQ6d2ViOnByb3ZpZGVyLWlkaHViOnVzZXI6cHJvdmlkZXIvc2luZ2xlQXNzZXRSZWFkT25seURhdGFBY2Nlc3NJc3N1ZXIiLCJzdWIiOiJkaWQ6d2ViOmNvbnN1bWVyLWlkaHViOnVzZXI6Y29uc3VtZXIiLCJleHAiOjE3ODY0NzI4NDksImlhdCI6MTc4NjQ3MTA0OSwidG9rZW4iOiJleUpoYkdjaU9pSklVekkxTmlKOS5leUpwYzNNaU9pSmthV1E2ZDJWaU9uQnliM1pwWkdWeUxXbGthSFZpT25WelpYSTZjSEp2ZG1sa1pYSXZjMmx1WjJ4bFFYTnpaWFJTWldGa1QyNXNlVVJoZEdGQlkyTmxjM05KYzNOMVpYSWlMQ0psZUhBaU9qRTNPRFkwTnpFek5Ea3NJbWxoZENJNk1UYzROalEzTVRBME9Td2laR0ZrSWpvaWFIUjBjRG92TDJSemNDMXVZWFJwZG1VdFltRnplWGc2T0RBNU1DOWtjM0F2WkdGMFlTMWhZMk5sYzNNdlpUTTRZVEJtT1RJdE5HVmxPQzAwTXpaakxXRTFNelV0TUdZNVkyUmhaRFJqTTJNNElpd2lZMmxrSWpvaVlqQmtZelJsWW1ZdE5URXdaaTAwTVdVeExXRTFOV010TXpCa1lqTmxNV0psTkRVMUluMC5OXzJJcUZRYTdyYVo0N09LamstTW05cENPc2ZjbFBtN2lFdEx5Mnk5bF93In0.Bz3cJNhV4NTqeJSdM6mtTSefpgKRgOcdz_oIExB8aqg"},{"@type":"dspace:EndpointProperty","dspace:name":"https://w3id.org/edc/v0.0.1/ns/expiresIn","dspace:value":"300"},{"@type":"dspace:EndpointProperty","dspace:name":"https://w3id.org/edc/v0.0.1/ns/refreshEndpoint","dspace:value":"http://dsp-native-basyx:8090/dsp/authorization/refresh"}]}}
2026-08-11T17:57:38.878Z  WARN 1 --- [BasyxStarterApp] [ool-7-thread-24] o.f.l.c.e.p.s.h.SendTransferStartedTask  : Error sending STARTED MESSAGE to http://consumer-controlplane:9020/dsp/transfers/630174f5-96eb-49f0-aaa9-9ca975357f58/start for 6ef4af17-1bb3-4c97-afc5-03b4a9b26e12
2026-08-11T17:57:38.878Z  WARN 1 --- [BasyxStarterApp] [ool-7-thread-24] o.f.l.c.e.p.s.h.SendTransferStartedTask  : Status code: 500 INTERNAL_SERVER_ERROR
2026-08-11T17:57:38.878Z  WARN 1 --- [BasyxStarterApp] [ool-7-thread-24] o.f.l.c.e.p.s.h.SendTransferStartedTask  : Body: {"@context":{"@vocab":"https://w3id.org/edc/v0.0.1/ns/","edc":"https://w3id.org/edc/v0.0.1/ns/","dcat":"http://www.w3.org/ns/dcat#","dct":"http://purl.org/dc/terms/","odrl":"http://www.w3.org/ns/odrl/2/","dspace":"https://w3id.org/dspace/v0.8/"},"@type":"dspace:TransferStartMessage","dspace:consumerPid":"630174f5-96eb-49f0-aaa9-9ca975357f58","dspace:providerPid":"6ef4af17-1bb3-4c97-afc5-03b4a9b26e12","dspace:dataAddress":{"@type":"dspace:DataAddress","dspace:endpointType":"https://w3id.org/idsa/v4.1/HTTP","dspace:endpoint":"http://dsp-native-basyx:8090/dsp/data-access/e38a0f92-4ee8-436c-a535-0f9cdad4c3c8","dspace:endpointProperties":[{"@type":"dspace:EndpointProperty","dspace:name":"authorization","dspace:value":"eyJhbGciOiJIUzI1NiJ9.eyJpc3MiOiJkaWQ6d2ViOnByb3ZpZGVyLWlkaHViOnVzZXI6cHJvdmlkZXIvc2luZ2xlQXNzZXRSZWFkT25seURhdGFBY2Nlc3NJc3N1ZXIiLCJleHAiOjE3ODY0NzEzNTgsImlhdCI6MTc4NjQ3MTA1OCwiZGFkIjoiaHR0cDovL2RzcC1uYXRpdmUtYmFzeXg6ODA5MC9kc3AvZGF0YS1hY2Nlc3MvZTM4YTBmOTItNGVlOC00MzZjLWE1MzUtMGY5Y2RhZDRjM2M4IiwiY2lkIjoiYjE3OTBlMzItNzdiYy00ZjUxLWE4MTgtNzk5MWNlZmI5ZDgwIn0.SczlA69BMWHqzo_KewmMNAtD_bACY5npo8oUJ9h-w-E"},{"@type":"dspace:EndpointProperty","dspace:name":"authType","dspace:value":"Bearer"},{"@type":"dspace:EndpointProperty","dspace:name":"https://w3id.org/edc/v0.0.1/ns/authorization","dspace:value":"eyJhbGciOiJIUzI1NiJ9.eyJpc3MiOiJkaWQ6d2ViOnByb3ZpZGVyLWlkaHViOnVzZXI6cHJvdmlkZXIvc2luZ2xlQXNzZXRSZWFkT25seURhdGFBY2Nlc3NJc3N1ZXIiLCJleHAiOjE3ODY0NzEzNTgsImlhdCI6MTc4NjQ3MTA1OCwiZGFkIjoiaHR0cDovL2RzcC1uYXRpdmUtYmFzeXg6ODA5MC9kc3AvZGF0YS1hY2Nlc3MvZTM4YTBmOTItNGVlOC00MzZjLWE1MzUtMGY5Y2RhZDRjM2M4IiwiY2lkIjoiYjE3OTBlMzItNzdiYy00ZjUxLWE4MTgtNzk5MWNlZmI5ZDgwIn0.SczlA69BMWHqzo_KewmMNAtD_bACY5npo8oUJ9h-w-E"},{"@type":"dspace:EndpointProperty","dspace:name":"https://w3id.org/edc/v0.0.1/ns/endpoint","dspace:value":"http://dsp-native-basyx:8090/dsp/data-access/e38a0f92-4ee8-436c-a535-0f9cdad4c3c8"},{"@type":"dspace:EndpointProperty","dspace:name":"https://w3id.org/edc/v0.0.1/ns/authType","dspace:value":"Bearer"},{"@type":"dspace:EndpointProperty","dspace:name":"https://w3id.org/edc/v0.0.1/ns/refreshToken","dspace:value":"eyJhbGciOiJIUzI1NiJ9.eyJpc3MiOiJkaWQ6d2ViOnByb3ZpZGVyLWlkaHViOnVzZXI6cHJvdmlkZXIvc2luZ2xlQXNzZXRSZWFkT25seURhdGFBY2Nlc3NJc3N1ZXIiLCJzdWIiOiJkaWQ6d2ViOmNvbnN1bWVyLWlkaHViOnVzZXI6Y29uc3VtZXIiLCJleHAiOjE3ODY0NzI4NTgsImlhdCI6MTc4NjQ3MTA1OCwidG9rZW4iOiJleUpoYkdjaU9pSklVekkxTmlKOS5leUpwYzNNaU9pSmthV1E2ZDJWaU9uQnliM1pwWkdWeUxXbGthSFZpT25WelpYSTZjSEp2ZG1sa1pYSXZjMmx1WjJ4bFFYTnpaWFJTWldGa1QyNXNlVVJoZEdGQlkyTmxjM05KYzNOMVpYSWlMQ0psZUhBaU9qRTNPRFkwTnpFek5UZ3NJbWxoZENJNk1UYzROalEzTVRBMU9Dd2laR0ZrSWpvaWFIUjBjRG92TDJSemNDMXVZWFJwZG1VdFltRnplWGc2T0RBNU1DOWtjM0F2WkdGMFlTMWhZMk5sYzNNdlpUTTRZVEJtT1RJdE5HVmxPQzAwTXpaakxXRTFNelV0TUdZNVkyUmhaRFJqTTJNNElpd2lZMmxrSWpvaVlqRTNPVEJsTXpJdE56ZGlZeTAwWmpVeExXRTRNVGd0TnprNU1XTmxabUk1WkRnd0luMC5TY3psQTY5Qk1XSHF6b19LZXdtTU5BdERfYkFDWTVucG84b1VKOWgtdy1FIn0.HcVQc652BztYVWwMGfptScee3bsWlcdldaS8kgG5H5I"},{"@type":"dspace:EndpointProperty","dspace:name":"https://w3id.org/edc/v0.0.1/ns/expiresIn","dspace:value":"300"},{"@type":"dspace:EndpointProperty","dspace:name":"https://w3id.org/edc/v0.0.1/ns/refreshEndpoint","dspace:value":"http://dsp-native-basyx:8090/dsp/authorization/refresh"}]}}
2026-08-11T17:58:37.130Z  WARN 1 --- [BasyxStarterApp] [ool-7-thread-23] o.f.l.c.e.p.s.h.SendContractAgreedTask   : Error sending AGREED MESSAGE to http://consumer-controlplane:9020/dsp/negotiations/a541f131-60b0-41bc-a1a2-a901daeb961c/agreement for ad312237-38cc-4cc5-a91a-afdd69154f7a
2026-08-11T17:58:37.130Z  WARN 1 --- [BasyxStarterApp] [ool-7-thread-23] o.f.l.c.e.p.s.h.SendContractAgreedTask   : Status code: 409 CONFLICT
2026-08-11T17:58:37.131Z  WARN 1 --- [BasyxStarterApp] [ool-7-thread-23] o.f.l.c.e.p.s.h.SendContractAgreedTask   : Response from consumer
{
    "@type": "dspace:ContractNegotiationError",
    "dspace:code": "409",
    "dspace:reason": "Cannot process ContractAgreementMessage because negotiation cannot be agreed",
    "@context": {
        "fx-policy": "https://w3id.org/factoryx/policy/v1.0/",
        "tx": "https://w3id.org/tractusx/v0.0.1/ns/",
        "tx-auth": "https://w3id.org/tractusx/auth/",
        "dcat": "http://www.w3.org/ns/dcat#",
        "dct": "http://purl.org/dc/terms/",
        "odrl": "http://www.w3.org/ns/odrl/2/",
        "dspace": "https://w3id.org/dspace/v0.8/",
        "@vocab": "https://w3id.org/edc/v0.0.1/ns/",
        "edc": "https://w3id.org/edc/v0.0.1/ns/"
    }
}
2026-08-11T17:58:37.132Z  WARN 1 --- [BasyxStarterApp] [ool-7-thread-23] o.f.l.c.e.p.s.h.SendContractAgreedTask   : Body: 
{
    "@context": {
        "@vocab": "https://w3id.org/edc/v0.0.1/ns/",
        "edc": "https://w3id.org/edc/v0.0.1/ns/",
        "dcat": "http://www.w3.org/ns/dcat#",
        "dct": "http://purl.org/dc/terms/",
        "odrl": "http://www.w3.org/ns/odrl/2/",
        "dspace": "https://w3id.org/dspace/v0.8/"
    },
    "@type": "dspace:ContractAgreementMessage",
    "dspace:consumerPid": "a541f131-60b0-41bc-a1a2-a901daeb961c",
    "dspace:providerPid": "ad312237-38cc-4cc5-a91a-afdd69154f7a",
    "dspace:agreement": {
        "@type": "odrl:Agreement",
        "@id": "721c8285-0925-4a0b-93bb-7a96379faaa7",
        "odrl:target": "e38a0f92-4ee8-436c-a535-0f9cdad4c3c8",
        "dspace:timestamp": "2026-08-11T17:58:37Z",
        "odrl:assignee": "did:web:consumer-idhub:user:consumer",
        "odrl:assigner": "did:web:provider-idhub:user:provider"
    },
    "dspace:callbackAddress": "http://dsp-native-basyx:8090/dsp"
}
2026-08-11T17:59:31.552Z  WARN 1 --- [BasyxStarterApp] [ool-7-thread-25] o.f.l.c.e.p.s.h.SendTransferStartedTask  : Error sending STARTED MESSAGE to http://consumer-controlplane:9020/dsp/transfers/250396bd-e61c-451a-aaed-f3bb501d4428/start for 75e58510-cf25-4060-8b19-32b928b67442
2026-08-11T17:59:31.553Z  WARN 1 --- [BasyxStarterApp] [ool-7-thread-25] o.f.l.c.e.p.s.h.SendTransferStartedTask  : Status code: 500 INTERNAL_SERVER_ERROR
2026-08-11T17:59:31.553Z  WARN 1 --- [BasyxStarterApp] [ool-7-thread-25] o.f.l.c.e.p.s.h.SendTransferStartedTask  : Body: {"@context":{"@vocab":"https://w3id.org/edc/v0.0.1/ns/","edc":"https://w3id.org/edc/v0.0.1/ns/","dcat":"http://www.w3.org/ns/dcat#","dct":"http://purl.org/dc/terms/","odrl":"http://www.w3.org/ns/odrl/2/","dspace":"https://w3id.org/dspace/v0.8/"},"@type":"dspace:TransferStartMessage","dspace:consumerPid":"250396bd-e61c-451a-aaed-f3bb501d4428","dspace:providerPid":"75e58510-cf25-4060-8b19-32b928b67442","dspace:dataAddress":{"@type":"dspace:DataAddress","dspace:endpointType":"https://w3id.org/idsa/v4.1/HTTP","dspace:endpoint":"http://dsp-native-basyx:8090/dsp/data-access/e38a0f92-4ee8-436c-a535-0f9cdad4c3c8","dspace:endpointProperties":[{"@type":"dspace:EndpointProperty","dspace:name":"authorization","dspace:value":"eyJhbGciOiJIUzI1NiJ9.eyJpc3MiOiJkaWQ6d2ViOnByb3ZpZGVyLWlkaHViOnVzZXI6cHJvdmlkZXIvc2luZ2xlQXNzZXRSZWFkT25seURhdGFBY2Nlc3NJc3N1ZXIiLCJleHAiOjE3ODY0NzE0NzEsImlhdCI6MTc4NjQ3MTE3MSwiZGFkIjoiaHR0cDovL2RzcC1uYXRpdmUtYmFzeXg6ODA5MC9kc3AvZGF0YS1hY2Nlc3MvZTM4YTBmOTItNGVlOC00MzZjLWE1MzUtMGY5Y2RhZDRjM2M4IiwiY2lkIjoiMzNhYTVhZTItYzBhZC00MWQxLTljN2ItNWUzYzE0OTk2MWRmIn0.GDTpL2M0CsKyWFoTzvCIpnT9RI8kqXIifxp5_jkJwAo"},{"@type":"dspace:EndpointProperty","dspace:name":"authType","dspace:value":"Bearer"},{"@type":"dspace:EndpointProperty","dspace:name":"https://w3id.org/edc/v0.0.1/ns/authorization","dspace:value":"eyJhbGciOiJIUzI1NiJ9.eyJpc3MiOiJkaWQ6d2ViOnByb3ZpZGVyLWlkaHViOnVzZXI6cHJvdmlkZXIvc2luZ2xlQXNzZXRSZWFkT25seURhdGFBY2Nlc3NJc3N1ZXIiLCJleHAiOjE3ODY0NzE0NzEsImlhdCI6MTc4NjQ3MTE3MSwiZGFkIjoiaHR0cDovL2RzcC1uYXRpdmUtYmFzeXg6ODA5MC9kc3AvZGF0YS1hY2Nlc3MvZTM4YTBmOTItNGVlOC00MzZjLWE1MzUtMGY5Y2RhZDRjM2M4IiwiY2lkIjoiMzNhYTVhZTItYzBhZC00MWQxLTljN2ItNWUzYzE0OTk2MWRmIn0.GDTpL2M0CsKyWFoTzvCIpnT9RI8kqXIifxp5_jkJwAo"},{"@type":"dspace:EndpointProperty","dspace:name":"https://w3id.org/edc/v0.0.1/ns/endpoint","dspace:value":"http://dsp-native-basyx:8090/dsp/data-access/e38a0f92-4ee8-436c-a535-0f9cdad4c3c8"},{"@type":"dspace:EndpointProperty","dspace:name":"https://w3id.org/edc/v0.0.1/ns/authType","dspace:value":"Bearer"},{"@type":"dspace:EndpointProperty","dspace:name":"https://w3id.org/edc/v0.0.1/ns/refreshToken","dspace:value":"eyJhbGciOiJIUzI1NiJ9.eyJpc3MiOiJkaWQ6d2ViOnByb3ZpZGVyLWlkaHViOnVzZXI6cHJvdmlkZXIvc2luZ2xlQXNzZXRSZWFkT25seURhdGFBY2Nlc3NJc3N1ZXIiLCJzdWIiOiJkaWQ6d2ViOmNvbnN1bWVyLWlkaHViOnVzZXI6Y29uc3VtZXIiLCJleHAiOjE3ODY0NzI5NzEsImlhdCI6MTc4NjQ3MTE3MSwidG9rZW4iOiJleUpoYkdjaU9pSklVekkxTmlKOS5leUpwYzNNaU9pSmthV1E2ZDJWaU9uQnliM1pwWkdWeUxXbGthSFZpT25WelpYSTZjSEp2ZG1sa1pYSXZjMmx1WjJ4bFFYTnpaWFJTWldGa1QyNXNlVVJoZEdGQlkyTmxjM05KYzNOMVpYSWlMQ0psZUhBaU9qRTNPRFkwTnpFME56RXNJbWxoZENJNk1UYzROalEzTVRFM01Td2laR0ZrSWpvaWFIUjBjRG92TDJSemNDMXVZWFJwZG1VdFltRnplWGc2T0RBNU1DOWtjM0F2WkdGMFlTMWhZMk5sYzNNdlpUTTRZVEJtT1RJdE5HVmxPQzAwTXpaakxXRTFNelV0TUdZNVkyUmhaRFJqTTJNNElpd2lZMmxrSWpvaU16TmhZVFZoWlRJdFl6QmhaQzAwTVdReExUbGpOMkl0TldVell6RTBPVGsyTVdSbUluMC5HRFRwTDJNMENzS3lXRm9UenZDSXBuVDlSSThrcVhJaWZ4cDVfamtKd0FvIn0.s0IG4xLDpvQiT-Bj3N12QhBv04JY_o4V9fj6hF_2fDU"},{"@type":"dspace:EndpointProperty","dspace:name":"https://w3id.org/edc/v0.0.1/ns/expiresIn","dspace:value":"300"},{"@type":"dspace:EndpointProperty","dspace:name":"https://w3id.org/edc/v0.0.1/ns/refreshEndpoint","dspace:value":"http://dsp-native-basyx:8090/dsp/authorization/refresh"}]}}
2026-08-11T18:00:03.821Z  WARN 1 --- [BasyxStarterApp] [ool-7-thread-23] o.f.l.c.e.p.s.h.SendTransferStartedTask  : Error sending STARTED MESSAGE to http://consumer-controlplane:9020/dsp/transfers/194486fc-1e7c-4652-bd17-addb7b8f5dac/start for c051dc22-e3d5-4f86-9779-54f54ce54631
2026-08-11T18:00:03.821Z  WARN 1 --- [BasyxStarterApp] [ool-7-thread-23] o.f.l.c.e.p.s.h.SendTransferStartedTask  : Status code: 500 INTERNAL_SERVER_ERROR
2026-08-11T18:00:03.822Z  WARN 1 --- [BasyxStarterApp] [ool-7-thread-23] o.f.l.c.e.p.s.h.SendTransferStartedTask  : Body: {"@context":{"@vocab":"https://w3id.org/edc/v0.0.1/ns/","edc":"https://w3id.org/edc/v0.0.1/ns/","dcat":"http://www.w3.org/ns/dcat#","dct":"http://purl.org/dc/terms/","odrl":"http://www.w3.org/ns/odrl/2/","dspace":"https://w3id.org/dspace/v0.8/"},"@type":"dspace:TransferStartMessage","dspace:consumerPid":"194486fc-1e7c-4652-bd17-addb7b8f5dac","dspace:providerPid":"c051dc22-e3d5-4f86-9779-54f54ce54631","dspace:dataAddress":{"@type":"dspace:DataAddress","dspace:endpointType":"https://w3id.org/idsa/v4.1/HTTP","dspace:endpoint":"http://dsp-native-basyx:8090/dsp/data-access/e38a0f92-4ee8-436c-a535-0f9cdad4c3c8","dspace:endpointProperties":[{"@type":"dspace:EndpointProperty","dspace:name":"authorization","dspace:value":"eyJhbGciOiJIUzI1NiJ9.eyJpc3MiOiJkaWQ6d2ViOnByb3ZpZGVyLWlkaHViOnVzZXI6cHJvdmlkZXIvc2luZ2xlQXNzZXRSZWFkT25seURhdGFBY2Nlc3NJc3N1ZXIiLCJleHAiOjE3ODY0NzE1MDMsImlhdCI6MTc4NjQ3MTIwMywiZGFkIjoiaHR0cDovL2RzcC1uYXRpdmUtYmFzeXg6ODA5MC9kc3AvZGF0YS1hY2Nlc3MvZTM4YTBmOTItNGVlOC00MzZjLWE1MzUtMGY5Y2RhZDRjM2M4IiwiY2lkIjoiODkwZWQ3ZWUtZGI1NC00YWYwLWFhNjYtYmM4NjM5OTQxODlkIn0.mhrMw1lkkeAAYszac91QCMqeH96bgwiEg_6rTtz-Dig"},{"@type":"dspace:EndpointProperty","dspace:name":"authType","dspace:value":"Bearer"},{"@type":"dspace:EndpointProperty","dspace:name":"https://w3id.org/edc/v0.0.1/ns/authorization","dspace:value":"eyJhbGciOiJIUzI1NiJ9.eyJpc3MiOiJkaWQ6d2ViOnByb3ZpZGVyLWlkaHViOnVzZXI6cHJvdmlkZXIvc2luZ2xlQXNzZXRSZWFkT25seURhdGFBY2Nlc3NJc3N1ZXIiLCJleHAiOjE3ODY0NzE1MDMsImlhdCI6MTc4NjQ3MTIwMywiZGFkIjoiaHR0cDovL2RzcC1uYXRpdmUtYmFzeXg6ODA5MC9kc3AvZGF0YS1hY2Nlc3MvZTM4YTBmOTItNGVlOC00MzZjLWE1MzUtMGY5Y2RhZDRjM2M4IiwiY2lkIjoiODkwZWQ3ZWUtZGI1NC00YWYwLWFhNjYtYmM4NjM5OTQxODlkIn0.mhrMw1lkkeAAYszac91QCMqeH96bgwiEg_6rTtz-Dig"},{"@type":"dspace:EndpointProperty","dspace:name":"https://w3id.org/edc/v0.0.1/ns/endpoint","dspace:value":"http://dsp-native-basyx:8090/dsp/data-access/e38a0f92-4ee8-436c-a535-0f9cdad4c3c8"},{"@type":"dspace:EndpointProperty","dspace:name":"https://w3id.org/edc/v0.0.1/ns/authType","dspace:value":"Bearer"},{"@type":"dspace:EndpointProperty","dspace:name":"https://w3id.org/edc/v0.0.1/ns/refreshToken","dspace:value":"eyJhbGciOiJIUzI1NiJ9.eyJpc3MiOiJkaWQ6d2ViOnByb3ZpZGVyLWlkaHViOnVzZXI6cHJvdmlkZXIvc2luZ2xlQXNzZXRSZWFkT25seURhdGFBY2Nlc3NJc3N1ZXIiLCJzdWIiOiJkaWQ6d2ViOmNvbnN1bWVyLWlkaHViOnVzZXI6Y29uc3VtZXIiLCJleHAiOjE3ODY0NzMwMDMsImlhdCI6MTc4NjQ3MTIwMywidG9rZW4iOiJleUpoYkdjaU9pSklVekkxTmlKOS5leUpwYzNNaU9pSmthV1E2ZDJWaU9uQnliM1pwWkdWeUxXbGthSFZpT25WelpYSTZjSEp2ZG1sa1pYSXZjMmx1WjJ4bFFYTnpaWFJTWldGa1QyNXNlVVJoZEdGQlkyTmxjM05KYzNOMVpYSWlMQ0psZUhBaU9qRTNPRFkwTnpFMU1ETXNJbWxoZENJNk1UYzROalEzTVRJd015d2laR0ZrSWpvaWFIUjBjRG92TDJSemNDMXVZWFJwZG1VdFltRnplWGc2T0RBNU1DOWtjM0F2WkdGMFlTMWhZMk5sYzNNdlpUTTRZVEJtT1RJdE5HVmxPQzAwTXpaakxXRTFNelV0TUdZNVkyUmhaRFJqTTJNNElpd2lZMmxrSWpvaU9Ea3daV1EzWldVdFpHSTFOQzAwWVdZd0xXRmhOall0WW1NNE5qTTVPVFF4T0Rsa0luMC5taHJNdzFsa2tlQUFZc3phYzkxUUNNcWVIOTZiZ3dpRWdfNnJUdHotRGlnIn0.77vDPrM9qP4R2RNzCOKJzO2S315WsICdcBcMIUYRCX8"},{"@type":"dspace:EndpointProperty","dspace:name":"https://w3id.org/edc/v0.0.1/ns/expiresIn","dspace:value":"300"},{"@type":"dspace:EndpointProperty","dspace:name":"https://w3id.org/edc/v0.0.1/ns/refreshEndpoint","dspace:value":"http://dsp-native-basyx:8090/dsp/authorization/refresh"}]}}
2026-08-11T18:00:52.445Z  WARN 1 --- [BasyxStarterApp] [ool-7-thread-25] .f.l.c.e.p.s.h.SendContractFinalizedTask : Error sending FINALIZED MESSAGE to http://consumer-controlplane:9020/dsp/negotiations/420c54b1-edb9-480e-8121-65a40988ecc5/events for d16f8783-e99c-43de-953a-7d7722555c40
2026-08-11T18:00:52.446Z  WARN 1 --- [BasyxStarterApp] [ool-7-thread-25] .f.l.c.e.p.s.h.SendContractFinalizedTask : Status code: 500 INTERNAL_SERVER_ERROR
2026-08-11T18:01:13.951Z  WARN 1 --- [BasyxStarterApp] [ool-7-thread-26] .f.l.c.e.p.s.h.SendContractFinalizedTask : Error sending FINALIZED MESSAGE to http://consumer-controlplane:9020/dsp/negotiations/9167c12c-34f1-4a20-b1a7-82dcc380ec60/events for 19b17815-1d6b-439b-af12-5c2ca08b5701
2026-08-11T18:01:13.951Z  WARN 1 --- [BasyxStarterApp] [ool-7-thread-26] .f.l.c.e.p.s.h.SendContractFinalizedTask : Status code: 500 INTERNAL_SERVER_ERROR
