
         /\      Grafana   /‾‾/  
    /\  /  \     |\  __   /  /   
   /  \/    \    | |/ /  /   ‾‾\ 
  /          \   |   (  |  (‾)  |
 / __________ \  |_|\_\  \_____/ 


     execution: local
        script: /home/rohitj/edc/benchmarking-dsp-native-basyx/k6-scripts/scenarios/smoke.js
        output: Prometheus remote write (http://localhost:9090/api/v1/write)

     scenarios: (100.00%) 1 scenario, 1 max VUs, 5m30s max duration (incl. graceful stop):
              * smoke: 5 iterations for each of 1 VUs (maxDuration: 5m0s, gracefulStop: 30s)


running (0m01.0s), 1/1 VUs, 0 complete and 0 interrupted iterations
smoke   [   0% ] 1 VUs  0m00.8s/5m0s  0/5 iters, 5 per VU

running (0m02.0s), 1/1 VUs, 0 complete and 0 interrupted iterations
smoke   [   0% ] 1 VUs  0m01.8s/5m0s  0/5 iters, 5 per VU

running (0m03.0s), 1/1 VUs, 0 complete and 0 interrupted iterations
smoke   [   0% ] 1 VUs  0m02.8s/5m0s  0/5 iters, 5 per VU

running (0m04.0s), 1/1 VUs, 0 complete and 0 interrupted iterations
smoke   [   0% ] 1 VUs  0m03.8s/5m0s  0/5 iters, 5 per VU

running (0m05.0s), 1/1 VUs, 0 complete and 0 interrupted iterations
smoke   [   0% ] 1 VUs  0m04.8s/5m0s  0/5 iters, 5 per VU

running (0m06.0s), 1/1 VUs, 0 complete and 0 interrupted iterations
smoke   [   0% ] 1 VUs  0m05.8s/5m0s  0/5 iters, 5 per VU

running (0m07.0s), 1/1 VUs, 0 complete and 0 interrupted iterations
smoke   [   0% ] 1 VUs  0m06.8s/5m0s  0/5 iters, 5 per VU

running (0m08.0s), 1/1 VUs, 0 complete and 0 interrupted iterations
smoke   [   0% ] 1 VUs  0m07.8s/5m0s  0/5 iters, 5 per VU

running (0m09.0s), 1/1 VUs, 0 complete and 0 interrupted iterations
smoke   [   0% ] 1 VUs  0m08.8s/5m0s  0/5 iters, 5 per VU

running (0m10.0s), 1/1 VUs, 0 complete and 0 interrupted iterations
smoke   [   0% ] 1 VUs  0m09.8s/5m0s  0/5 iters, 5 per VU

running (0m11.0s), 1/1 VUs, 0 complete and 0 interrupted iterations
smoke   [   0% ] 1 VUs  0m10.8s/5m0s  0/5 iters, 5 per VU

running (0m12.0s), 1/1 VUs, 0 complete and 0 interrupted iterations
smoke   [   0% ] 1 VUs  0m11.8s/5m0s  0/5 iters, 5 per VU

running (0m13.0s), 1/1 VUs, 0 complete and 0 interrupted iterations
smoke   [   0% ] 1 VUs  0m12.8s/5m0s  0/5 iters, 5 per VU

running (0m14.0s), 1/1 VUs, 0 complete and 0 interrupted iterations
smoke   [   0% ] 1 VUs  0m13.8s/5m0s  0/5 iters, 5 per VU

running (0m15.0s), 1/1 VUs, 0 complete and 0 interrupted iterations
smoke   [   0% ] 1 VUs  0m14.8s/5m0s  0/5 iters, 5 per VU

running (0m16.0s), 1/1 VUs, 0 complete and 0 interrupted iterations
smoke   [   0% ] 1 VUs  0m15.8s/5m0s  0/5 iters, 5 per VU

running (0m17.0s), 1/1 VUs, 0 complete and 0 interrupted iterations
smoke   [   0% ] 1 VUs  0m16.8s/5m0s  0/5 iters, 5 per VU

running (0m18.0s), 1/1 VUs, 0 complete and 0 interrupted iterations
smoke   [   0% ] 1 VUs  0m17.8s/5m0s  0/5 iters, 5 per VU

running (0m19.0s), 1/1 VUs, 0 complete and 0 interrupted iterations
smoke   [   0% ] 1 VUs  0m18.8s/5m0s  0/5 iters, 5 per VU

running (0m20.0s), 1/1 VUs, 0 complete and 0 interrupted iterations
smoke   [   0% ] 1 VUs  0m19.8s/5m0s  0/5 iters, 5 per VU

running (0m21.0s), 1/1 VUs, 0 complete and 0 interrupted iterations
smoke   [   0% ] 1 VUs  0m20.8s/5m0s  0/5 iters, 5 per VU

running (0m22.0s), 1/1 VUs, 0 complete and 0 interrupted iterations
smoke   [   0% ] 1 VUs  0m21.8s/5m0s  0/5 iters, 5 per VU

running (0m23.0s), 1/1 VUs, 0 complete and 0 interrupted iterations
smoke   [   0% ] 1 VUs  0m22.8s/5m0s  0/5 iters, 5 per VU

running (0m24.0s), 1/1 VUs, 0 complete and 0 interrupted iterations
smoke   [   0% ] 1 VUs  0m23.8s/5m0s  0/5 iters, 5 per VU

running (0m25.0s), 1/1 VUs, 0 complete and 0 interrupted iterations
smoke   [   0% ] 1 VUs  0m24.8s/5m0s  0/5 iters, 5 per VU

running (0m26.0s), 1/1 VUs, 0 complete and 0 interrupted iterations
smoke   [   0% ] 1 VUs  0m25.8s/5m0s  0/5 iters, 5 per VU

running (0m27.0s), 1/1 VUs, 0 complete and 0 interrupted iterations
smoke   [   0% ] 1 VUs  0m26.8s/5m0s  0/5 iters, 5 per VU

running (0m28.0s), 1/1 VUs, 0 complete and 0 interrupted iterations
smoke   [   0% ] 1 VUs  0m27.8s/5m0s  0/5 iters, 5 per VU

running (0m29.0s), 1/1 VUs, 0 complete and 0 interrupted iterations
smoke   [   0% ] 1 VUs  0m28.8s/5m0s  0/5 iters, 5 per VU

running (0m30.0s), 1/1 VUs, 0 complete and 0 interrupted iterations
smoke   [   0% ] 1 VUs  0m29.8s/5m0s  0/5 iters, 5 per VU

running (0m31.0s), 1/1 VUs, 1 complete and 0 interrupted iterations
smoke   [  20% ] 1 VUs  0m30.8s/5m0s  1/5 iters, 5 per VU

running (0m32.0s), 1/1 VUs, 1 complete and 0 interrupted iterations
smoke   [  20% ] 1 VUs  0m31.8s/5m0s  1/5 iters, 5 per VU

running (0m33.0s), 1/1 VUs, 1 complete and 0 interrupted iterations
smoke   [  20% ] 1 VUs  0m32.8s/5m0s  1/5 iters, 5 per VU

running (0m34.0s), 1/1 VUs, 1 complete and 0 interrupted iterations
smoke   [  20% ] 1 VUs  0m33.8s/5m0s  1/5 iters, 5 per VU

running (0m35.0s), 1/1 VUs, 1 complete and 0 interrupted iterations
smoke   [  20% ] 1 VUs  0m34.8s/5m0s  1/5 iters, 5 per VU

running (0m36.0s), 1/1 VUs, 1 complete and 0 interrupted iterations
smoke   [  20% ] 1 VUs  0m35.8s/5m0s  1/5 iters, 5 per VU

running (0m37.0s), 1/1 VUs, 1 complete and 0 interrupted iterations
smoke   [  20% ] 1 VUs  0m36.8s/5m0s  1/5 iters, 5 per VU

running (0m38.0s), 1/1 VUs, 1 complete and 0 interrupted iterations
smoke   [  20% ] 1 VUs  0m37.8s/5m0s  1/5 iters, 5 per VU

running (0m39.0s), 1/1 VUs, 1 complete and 0 interrupted iterations
smoke   [  20% ] 1 VUs  0m38.8s/5m0s  1/5 iters, 5 per VU

running (0m40.0s), 1/1 VUs, 1 complete and 0 interrupted iterations
smoke   [  20% ] 1 VUs  0m39.8s/5m0s  1/5 iters, 5 per VU

running (0m41.0s), 1/1 VUs, 1 complete and 0 interrupted iterations
smoke   [  20% ] 1 VUs  0m40.8s/5m0s  1/5 iters, 5 per VU

running (0m42.0s), 1/1 VUs, 1 complete and 0 interrupted iterations
smoke   [  20% ] 1 VUs  0m41.8s/5m0s  1/5 iters, 5 per VU

running (0m43.0s), 1/1 VUs, 1 complete and 0 interrupted iterations
smoke   [  20% ] 1 VUs  0m42.8s/5m0s  1/5 iters, 5 per VU

running (0m44.0s), 1/1 VUs, 1 complete and 0 interrupted iterations
smoke   [  20% ] 1 VUs  0m43.8s/5m0s  1/5 iters, 5 per VU

running (0m45.0s), 1/1 VUs, 1 complete and 0 interrupted iterations
smoke   [  20% ] 1 VUs  0m44.8s/5m0s  1/5 iters, 5 per VU

running (0m46.0s), 1/1 VUs, 1 complete and 0 interrupted iterations
smoke   [  20% ] 1 VUs  0m45.8s/5m0s  1/5 iters, 5 per VU

running (0m47.0s), 1/1 VUs, 1 complete and 0 interrupted iterations
smoke   [  20% ] 1 VUs  0m46.8s/5m0s  1/5 iters, 5 per VU

running (0m48.0s), 1/1 VUs, 1 complete and 0 interrupted iterations
smoke   [  20% ] 1 VUs  0m47.8s/5m0s  1/5 iters, 5 per VU

running (0m49.0s), 1/1 VUs, 1 complete and 0 interrupted iterations
smoke   [  20% ] 1 VUs  0m48.8s/5m0s  1/5 iters, 5 per VU

running (0m50.0s), 1/1 VUs, 1 complete and 0 interrupted iterations
smoke   [  20% ] 1 VUs  0m49.8s/5m0s  1/5 iters, 5 per VU

running (0m51.0s), 1/1 VUs, 1 complete and 0 interrupted iterations
smoke   [  20% ] 1 VUs  0m50.8s/5m0s  1/5 iters, 5 per VU

running (0m52.0s), 1/1 VUs, 1 complete and 0 interrupted iterations
smoke   [  20% ] 1 VUs  0m51.8s/5m0s  1/5 iters, 5 per VU

running (0m53.0s), 1/1 VUs, 1 complete and 0 interrupted iterations
smoke   [  20% ] 1 VUs  0m52.8s/5m0s  1/5 iters, 5 per VU

running (0m54.0s), 1/1 VUs, 1 complete and 0 interrupted iterations
smoke   [  20% ] 1 VUs  0m53.8s/5m0s  1/5 iters, 5 per VU

running (0m55.0s), 1/1 VUs, 1 complete and 0 interrupted iterations
smoke   [  20% ] 1 VUs  0m54.8s/5m0s  1/5 iters, 5 per VU

running (0m56.0s), 1/1 VUs, 1 complete and 0 interrupted iterations
smoke   [  20% ] 1 VUs  0m55.8s/5m0s  1/5 iters, 5 per VU

running (0m57.0s), 1/1 VUs, 1 complete and 0 interrupted iterations
smoke   [  20% ] 1 VUs  0m56.8s/5m0s  1/5 iters, 5 per VU

running (0m58.0s), 1/1 VUs, 1 complete and 0 interrupted iterations
smoke   [  20% ] 1 VUs  0m57.8s/5m0s  1/5 iters, 5 per VU

running (0m59.0s), 1/1 VUs, 1 complete and 0 interrupted iterations
smoke   [  20% ] 1 VUs  0m58.8s/5m0s  1/5 iters, 5 per VU

running (1m00.0s), 1/1 VUs, 1 complete and 0 interrupted iterations
smoke   [  20% ] 1 VUs  0m59.8s/5m0s  1/5 iters, 5 per VU

running (1m01.0s), 1/1 VUs, 2 complete and 0 interrupted iterations
smoke   [  40% ] 1 VUs  1m00.8s/5m0s  2/5 iters, 5 per VU

running (1m02.0s), 1/1 VUs, 2 complete and 0 interrupted iterations
smoke   [  40% ] 1 VUs  1m01.8s/5m0s  2/5 iters, 5 per VU

running (1m03.0s), 1/1 VUs, 3 complete and 0 interrupted iterations
smoke   [  60% ] 1 VUs  1m02.8s/5m0s  3/5 iters, 5 per VU

running (1m04.0s), 1/1 VUs, 3 complete and 0 interrupted iterations
smoke   [  60% ] 1 VUs  1m03.8s/5m0s  3/5 iters, 5 per VU

running (1m05.0s), 1/1 VUs, 4 complete and 0 interrupted iterations
smoke   [  80% ] 1 VUs  1m04.8s/5m0s  4/5 iters, 5 per VU

running (1m06.0s), 1/1 VUs, 4 complete and 0 interrupted iterations
smoke   [  80% ] 1 VUs  1m05.8s/5m0s  4/5 iters, 5 per VU

running (1m07.0s), 1/1 VUs, 4 complete and 0 interrupted iterations
smoke   [  80% ] 1 VUs  1m06.8s/5m0s  4/5 iters, 5 per VU

================ DSP benchmark summary ================
-- per-phase latency --
  catalog                    p50=84.5 ms  p95=92.0 ms  p99=93.2 ms  max=93.5 ms  n=5
  negotiation init (POST)    p50=7.7 ms  p95=8.4 ms  p99=8.4 ms  max=8.4 ms  n=5
  time-to-AGREED (async)     p50=1531.0 ms  p95=1759.6 ms  p99=1779.9 ms  max=1785.0 ms  n=3
  transfer init (POST)       p50=8.3 ms  p95=8.9 ms  p99=8.9 ms  max=9.0 ms  n=3
  time-to-EDR (async)        p50=514.0 ms  p95=1199.8 ms  p99=1260.8 ms  max=1276.0 ms  n=3
  data pull                  p50=6.0 ms  p95=7.8 ms  p99=8.0 ms  max=8.0 ms  n=3
-- end-to-end + throughput --
  e2e transaction            p50=2152.0 ms  p95=3057.4 ms  p99=3137.9 ms  max=3158.0 ms  n=3
  data throughput (MB/s)     p50=0.0  p95=0.0  p99=0.0  max=0.0  n=3
-- outcomes --
  transactions succeeded     count=3  rate=0.044/s
  transactions failed        count=2  rate=0.030/s
  failed rate                rate=40.00%  (pass=2 fail=3)
    of which TERMINATED      (no data)
    of which TIMED OUT       count=2  rate=0.030/s
    of which HTTP-FAILED     (no data)
  failure accounting       2/2 classified  (complete)
-- observer effect (poll load) --
  negotiation polls          count=260  rate=3.842/s
  edr polls                  count=11  rate=0.163/s
  polls per transaction     negotiation=52.0  edr=2.2  (timeout ceiling=120)
=======================================================
(full summary -> /home/rohitj/edc/benchmarking-dsp-native-basyx/k6-scripts/results/basyx/on/smoke/2026-08-02T20-12-08Z/k6-summary.json; POLL_INTERVAL_MS=250; IDENTITY_MODE=on)

running (1m07.7s), 0/1 VUs, 5 complete and 0 interrupted iterations
smoke ✓ [ 100% ] 1 VUs  1m07.5s/5m0s  5/5 iters, 5 per VU
time="2026-08-02T20:14:46Z" level=error msg="thresholds on metrics 'dsp_transaction_failed_rate' have been crossed"
