
         /\      Grafana   /‾‾/  
    /\  /  \     |\  __   /  /   
   /  \/    \    | |/ /  /   ‾‾\ 
  /          \   |   (  |  (‾)  |
 / __________ \  |_|\_\  \_____/ 


     execution: local
        script: /home/rohitj/edc/benchmarking-dsp-native-basyx/k6-scripts/basyx-off/concurrency-closed.js
        output: Prometheus remote write (http://localhost:9090/api/v1/write)

     scenarios: (100.00%) 1 scenario, 50 max VUs, 8m0s max duration (incl. graceful stop):
              * concurrency: Up to 50 looping VUs for 7m30s over 5 stages (gracefulRampDown: 30s, gracefulStop: 30s)


running (0m01.0s), 01/50 VUs, 1 complete and 0 interrupted iterations
concurrency   [   0% ] 01/50 VUs  0m00.9s/7m30.0s

running (0m02.0s), 01/50 VUs, 2 complete and 0 interrupted iterations
concurrency   [   0% ] 01/50 VUs  0m01.9s/7m30.0s

running (0m03.0s), 01/50 VUs, 3 complete and 0 interrupted iterations
concurrency   [   1% ] 01/50 VUs  0m02.9s/7m30.0s

running (0m04.0s), 01/50 VUs, 4 complete and 0 interrupted iterations
concurrency   [   1% ] 01/50 VUs  0m03.9s/7m30.0s

running (0m05.0s), 01/50 VUs, 5 complete and 0 interrupted iterations
concurrency   [   1% ] 01/50 VUs  0m04.9s/7m30.0s

running (0m06.0s), 01/50 VUs, 7 complete and 0 interrupted iterations
concurrency   [   1% ] 01/50 VUs  0m05.9s/7m30.0s

running (0m07.0s), 01/50 VUs, 8 complete and 0 interrupted iterations
concurrency   [   2% ] 01/50 VUs  0m06.9s/7m30.0s

running (0m08.0s), 01/50 VUs, 9 complete and 0 interrupted iterations
concurrency   [   2% ] 01/50 VUs  0m07.9s/7m30.0s

running (0m09.0s), 01/50 VUs, 10 complete and 0 interrupted iterations
concurrency   [   2% ] 01/50 VUs  0m08.9s/7m30.0s

running (0m10.0s), 01/50 VUs, 12 complete and 0 interrupted iterations
concurrency   [   2% ] 01/50 VUs  0m09.9s/7m30.0s

running (0m11.0s), 01/50 VUs, 13 complete and 0 interrupted iterations
concurrency   [   2% ] 01/50 VUs  0m10.9s/7m30.0s

running (0m12.0s), 01/50 VUs, 14 complete and 0 interrupted iterations
concurrency   [   3% ] 01/50 VUs  0m11.9s/7m30.0s

running (0m13.0s), 01/50 VUs, 15 complete and 0 interrupted iterations
concurrency   [   3% ] 01/50 VUs  0m12.9s/7m30.0s

running (0m14.0s), 01/50 VUs, 17 complete and 0 interrupted iterations
concurrency   [   3% ] 01/50 VUs  0m13.9s/7m30.0s

running (0m15.0s), 01/50 VUs, 18 complete and 0 interrupted iterations
concurrency   [   3% ] 01/50 VUs  0m14.9s/7m30.0s

running (0m16.0s), 01/50 VUs, 19 complete and 0 interrupted iterations
concurrency   [   4% ] 01/50 VUs  0m15.9s/7m30.0s

running (0m17.0s), 01/50 VUs, 20 complete and 0 interrupted iterations
concurrency   [   4% ] 01/50 VUs  0m16.9s/7m30.0s

running (0m18.0s), 01/50 VUs, 21 complete and 0 interrupted iterations
concurrency   [   4% ] 01/50 VUs  0m17.9s/7m30.0s

running (0m19.0s), 01/50 VUs, 23 complete and 0 interrupted iterations
concurrency   [   4% ] 01/50 VUs  0m18.9s/7m30.0s

running (0m20.0s), 01/50 VUs, 24 complete and 0 interrupted iterations
concurrency   [   4% ] 01/50 VUs  0m19.9s/7m30.0s

running (0m21.0s), 01/50 VUs, 25 complete and 0 interrupted iterations
concurrency   [   5% ] 01/50 VUs  0m20.9s/7m30.0s

running (0m22.0s), 01/50 VUs, 26 complete and 0 interrupted iterations
concurrency   [   5% ] 01/50 VUs  0m21.9s/7m30.0s

running (0m23.0s), 02/50 VUs, 28 complete and 0 interrupted iterations
concurrency   [   5% ] 02/50 VUs  0m22.9s/7m30.0s

running (0m24.0s), 02/50 VUs, 30 complete and 0 interrupted iterations
concurrency   [   5% ] 02/50 VUs  0m23.9s/7m30.0s

running (0m25.0s), 02/50 VUs, 32 complete and 0 interrupted iterations
concurrency   [   6% ] 02/50 VUs  0m24.9s/7m30.0s

running (0m26.0s), 02/50 VUs, 35 complete and 0 interrupted iterations
concurrency   [   6% ] 02/50 VUs  0m25.9s/7m30.0s

running (0m27.0s), 02/50 VUs, 37 complete and 0 interrupted iterations
concurrency   [   6% ] 02/50 VUs  0m26.9s/7m30.0s

running (0m28.0s), 02/50 VUs, 40 complete and 0 interrupted iterations
concurrency   [   6% ] 02/50 VUs  0m27.9s/7m30.0s

running (0m29.0s), 02/50 VUs, 42 complete and 0 interrupted iterations
concurrency   [   6% ] 02/50 VUs  0m28.9s/7m30.0s

running (0m30.0s), 02/50 VUs, 45 complete and 0 interrupted iterations
concurrency   [   7% ] 02/50 VUs  0m29.9s/7m30.0s

running (0m31.0s), 02/50 VUs, 47 complete and 0 interrupted iterations
concurrency   [   7% ] 02/50 VUs  0m30.9s/7m30.0s

running (0m32.0s), 02/50 VUs, 50 complete and 0 interrupted iterations
concurrency   [   7% ] 02/50 VUs  0m31.9s/7m30.0s

running (0m33.0s), 02/50 VUs, 52 complete and 0 interrupted iterations
concurrency   [   7% ] 02/50 VUs  0m32.9s/7m30.0s

running (0m34.0s), 02/50 VUs, 54 complete and 0 interrupted iterations
concurrency   [   8% ] 02/50 VUs  0m33.9s/7m30.0s

running (0m35.0s), 02/50 VUs, 57 complete and 0 interrupted iterations
concurrency   [   8% ] 02/50 VUs  0m34.9s/7m30.0s

running (0m36.0s), 02/50 VUs, 60 complete and 0 interrupted iterations
concurrency   [   8% ] 02/50 VUs  0m35.9s/7m30.0s

running (0m37.0s), 02/50 VUs, 62 complete and 0 interrupted iterations
concurrency   [   8% ] 02/50 VUs  0m36.9s/7m30.0s

running (0m38.0s), 02/50 VUs, 64 complete and 0 interrupted iterations
concurrency   [   8% ] 02/50 VUs  0m37.9s/7m30.0s

running (0m39.0s), 02/50 VUs, 67 complete and 0 interrupted iterations
concurrency   [   9% ] 02/50 VUs  0m38.9s/7m30.0s

running (0m40.0s), 02/50 VUs, 69 complete and 0 interrupted iterations
concurrency   [   9% ] 02/50 VUs  0m39.9s/7m30.0s

running (0m41.0s), 02/50 VUs, 72 complete and 0 interrupted iterations
concurrency   [   9% ] 02/50 VUs  0m40.9s/7m30.0s

running (0m42.0s), 02/50 VUs, 74 complete and 0 interrupted iterations
concurrency   [   9% ] 02/50 VUs  0m41.9s/7m30.0s

running (0m43.0s), 02/50 VUs, 76 complete and 0 interrupted iterations
concurrency   [  10% ] 02/50 VUs  0m42.9s/7m30.0s

running (0m44.0s), 02/50 VUs, 79 complete and 0 interrupted iterations
concurrency   [  10% ] 02/50 VUs  0m43.9s/7m30.0s

running (0m45.0s), 02/50 VUs, 82 complete and 0 interrupted iterations
concurrency   [  10% ] 02/50 VUs  0m44.9s/7m30.0s

running (0m46.0s), 03/50 VUs, 85 complete and 0 interrupted iterations
concurrency   [  10% ] 03/50 VUs  0m45.9s/7m30.0s

running (0m47.0s), 03/50 VUs, 88 complete and 0 interrupted iterations
concurrency   [  10% ] 03/50 VUs  0m46.9s/7m30.0s

running (0m48.0s), 03/50 VUs, 92 complete and 0 interrupted iterations
concurrency   [  11% ] 03/50 VUs  0m47.9s/7m30.0s

running (0m49.0s), 03/50 VUs, 96 complete and 0 interrupted iterations
concurrency   [  11% ] 03/50 VUs  0m48.9s/7m30.0s

running (0m50.0s), 03/50 VUs, 99 complete and 0 interrupted iterations
concurrency   [  11% ] 03/50 VUs  0m49.9s/7m30.0s

running (0m51.0s), 03/50 VUs, 103 complete and 0 interrupted iterations
concurrency   [  11% ] 03/50 VUs  0m50.9s/7m30.0s

running (0m52.0s), 03/50 VUs, 107 complete and 0 interrupted iterations
concurrency   [  12% ] 03/50 VUs  0m51.9s/7m30.0s

running (0m53.0s), 03/50 VUs, 110 complete and 0 interrupted iterations
concurrency   [  12% ] 03/50 VUs  0m52.9s/7m30.0s

running (0m54.0s), 03/50 VUs, 114 complete and 0 interrupted iterations
concurrency   [  12% ] 03/50 VUs  0m53.9s/7m30.0s

running (0m55.0s), 03/50 VUs, 118 complete and 0 interrupted iterations
concurrency   [  12% ] 03/50 VUs  0m54.9s/7m30.0s

running (0m56.0s), 03/50 VUs, 121 complete and 0 interrupted iterations
concurrency   [  12% ] 03/50 VUs  0m55.9s/7m30.0s

running (0m57.0s), 03/50 VUs, 125 complete and 0 interrupted iterations
concurrency   [  13% ] 03/50 VUs  0m56.9s/7m30.0s

running (0m58.0s), 03/50 VUs, 129 complete and 0 interrupted iterations
concurrency   [  13% ] 03/50 VUs  0m57.9s/7m30.0s

running (0m59.0s), 03/50 VUs, 132 complete and 0 interrupted iterations
concurrency   [  13% ] 03/50 VUs  0m58.9s/7m30.0s

running (1m00.0s), 03/50 VUs, 136 complete and 0 interrupted iterations
concurrency   [  13% ] 03/50 VUs  0m59.9s/7m30.0s

running (1m01.0s), 03/50 VUs, 140 complete and 0 interrupted iterations
concurrency   [  14% ] 03/50 VUs  1m00.9s/7m30.0s

running (1m02.0s), 03/50 VUs, 143 complete and 0 interrupted iterations
concurrency   [  14% ] 03/50 VUs  1m01.9s/7m30.0s

running (1m03.0s), 03/50 VUs, 147 complete and 0 interrupted iterations
concurrency   [  14% ] 03/50 VUs  1m02.9s/7m30.0s

running (1m04.0s), 03/50 VUs, 151 complete and 0 interrupted iterations
concurrency   [  14% ] 03/50 VUs  1m03.9s/7m30.0s

running (1m05.0s), 03/50 VUs, 154 complete and 0 interrupted iterations
concurrency   [  14% ] 03/50 VUs  1m04.9s/7m30.0s

running (1m06.0s), 03/50 VUs, 158 complete and 0 interrupted iterations
concurrency   [  15% ] 03/50 VUs  1m05.9s/7m30.0s

running (1m07.0s), 03/50 VUs, 162 complete and 0 interrupted iterations
concurrency   [  15% ] 03/50 VUs  1m06.9s/7m30.0s

running (1m08.0s), 04/50 VUs, 166 complete and 0 interrupted iterations
concurrency   [  15% ] 04/50 VUs  1m07.9s/7m30.0s

running (1m09.0s), 04/50 VUs, 170 complete and 0 interrupted iterations
concurrency   [  15% ] 04/50 VUs  1m08.9s/7m30.0s

running (1m10.0s), 04/50 VUs, 175 complete and 0 interrupted iterations
concurrency   [  16% ] 04/50 VUs  1m09.9s/7m30.0s

running (1m11.0s), 04/50 VUs, 181 complete and 0 interrupted iterations
concurrency   [  16% ] 04/50 VUs  1m10.9s/7m30.0s

running (1m12.0s), 04/50 VUs, 185 complete and 0 interrupted iterations
concurrency   [  16% ] 04/50 VUs  1m11.9s/7m30.0s

running (1m13.0s), 04/50 VUs, 190 complete and 0 interrupted iterations
concurrency   [  16% ] 04/50 VUs  1m12.9s/7m30.0s

running (1m14.0s), 04/50 VUs, 195 complete and 0 interrupted iterations
concurrency   [  16% ] 04/50 VUs  1m13.9s/7m30.0s

running (1m15.0s), 04/50 VUs, 200 complete and 0 interrupted iterations
concurrency   [  17% ] 04/50 VUs  1m14.9s/7m30.0s

running (1m16.0s), 04/50 VUs, 205 complete and 0 interrupted iterations
concurrency   [  17% ] 04/50 VUs  1m15.9s/7m30.0s

running (1m17.0s), 04/50 VUs, 210 complete and 0 interrupted iterations
concurrency   [  17% ] 04/50 VUs  1m16.9s/7m30.0s

running (1m18.0s), 04/50 VUs, 214 complete and 0 interrupted iterations
concurrency   [  17% ] 04/50 VUs  1m17.9s/7m30.0s

running (1m19.0s), 04/50 VUs, 219 complete and 0 interrupted iterations
concurrency   [  18% ] 04/50 VUs  1m18.9s/7m30.0s

running (1m20.0s), 04/50 VUs, 225 complete and 0 interrupted iterations
concurrency   [  18% ] 04/50 VUs  1m19.9s/7m30.0s

running (1m21.0s), 04/50 VUs, 229 complete and 0 interrupted iterations
concurrency   [  18% ] 04/50 VUs  1m20.9s/7m30.0s

running (1m22.0s), 04/50 VUs, 234 complete and 0 interrupted iterations
concurrency   [  18% ] 04/50 VUs  1m21.9s/7m30.0s

running (1m23.0s), 04/50 VUs, 239 complete and 0 interrupted iterations
concurrency   [  18% ] 04/50 VUs  1m22.9s/7m30.0s

running (1m24.0s), 04/50 VUs, 245 complete and 0 interrupted iterations
concurrency   [  19% ] 04/50 VUs  1m23.9s/7m30.0s

running (1m25.0s), 04/50 VUs, 249 complete and 0 interrupted iterations
concurrency   [  19% ] 04/50 VUs  1m24.9s/7m30.0s

running (1m26.0s), 04/50 VUs, 254 complete and 0 interrupted iterations
concurrency   [  19% ] 04/50 VUs  1m25.9s/7m30.0s

running (1m27.0s), 04/50 VUs, 259 complete and 0 interrupted iterations
concurrency   [  19% ] 04/50 VUs  1m26.9s/7m30.0s

running (1m28.0s), 04/50 VUs, 264 complete and 0 interrupted iterations
concurrency   [  20% ] 04/50 VUs  1m27.9s/7m30.0s

running (1m29.0s), 04/50 VUs, 269 complete and 0 interrupted iterations
concurrency   [  20% ] 04/50 VUs  1m28.9s/7m30.0s

running (1m30.0s), 04/50 VUs, 274 complete and 0 interrupted iterations
concurrency   [  20% ] 04/50 VUs  1m29.9s/7m30.0s

running (1m31.0s), 05/50 VUs, 279 complete and 0 interrupted iterations
concurrency   [  20% ] 05/50 VUs  1m30.9s/7m30.0s

running (1m32.0s), 05/50 VUs, 285 complete and 0 interrupted iterations
concurrency   [  20% ] 05/50 VUs  1m31.9s/7m30.0s

running (1m33.0s), 05/50 VUs, 292 complete and 0 interrupted iterations
concurrency   [  21% ] 05/50 VUs  1m32.9s/7m30.0s

running (1m34.0s), 05/50 VUs, 297 complete and 0 interrupted iterations
concurrency   [  21% ] 05/50 VUs  1m33.9s/7m30.0s

running (1m35.0s), 05/50 VUs, 303 complete and 0 interrupted iterations
concurrency   [  21% ] 05/50 VUs  1m34.9s/7m30.0s

running (1m36.0s), 05/50 VUs, 310 complete and 0 interrupted iterations
concurrency   [  21% ] 05/50 VUs  1m35.9s/7m30.0s

running (1m37.0s), 05/50 VUs, 316 complete and 0 interrupted iterations
concurrency   [  22% ] 05/50 VUs  1m36.9s/7m30.0s

running (1m38.0s), 05/50 VUs, 322 complete and 0 interrupted iterations
concurrency   [  22% ] 05/50 VUs  1m37.9s/7m30.0s

running (1m39.0s), 05/50 VUs, 328 complete and 0 interrupted iterations
concurrency   [  22% ] 05/50 VUs  1m38.9s/7m30.0s

running (1m40.0s), 05/50 VUs, 334 complete and 0 interrupted iterations
concurrency   [  22% ] 05/50 VUs  1m39.9s/7m30.0s

running (1m41.0s), 05/50 VUs, 340 complete and 0 interrupted iterations
concurrency   [  22% ] 05/50 VUs  1m40.9s/7m30.0s

running (1m42.0s), 05/50 VUs, 347 complete and 0 interrupted iterations
concurrency   [  23% ] 05/50 VUs  1m41.9s/7m30.0s

running (1m43.0s), 05/50 VUs, 352 complete and 0 interrupted iterations
concurrency   [  23% ] 05/50 VUs  1m42.9s/7m30.0s

running (1m44.0s), 05/50 VUs, 359 complete and 0 interrupted iterations
concurrency   [  23% ] 05/50 VUs  1m43.9s/7m30.0s

running (1m45.0s), 05/50 VUs, 365 complete and 0 interrupted iterations
concurrency   [  23% ] 05/50 VUs  1m44.9s/7m30.0s

running (1m46.0s), 05/50 VUs, 371 complete and 0 interrupted iterations
concurrency   [  24% ] 05/50 VUs  1m45.9s/7m30.0s

running (1m47.0s), 05/50 VUs, 377 complete and 0 interrupted iterations
concurrency   [  24% ] 05/50 VUs  1m46.9s/7m30.0s

running (1m48.0s), 05/50 VUs, 383 complete and 0 interrupted iterations
concurrency   [  24% ] 05/50 VUs  1m47.9s/7m30.0s

running (1m49.0s), 06/50 VUs, 390 complete and 0 interrupted iterations
concurrency   [  24% ] 06/50 VUs  1m48.9s/7m30.0s

running (1m50.0s), 06/50 VUs, 398 complete and 0 interrupted iterations
concurrency   [  24% ] 06/50 VUs  1m49.9s/7m30.0s

running (1m51.0s), 06/50 VUs, 405 complete and 0 interrupted iterations
concurrency   [  25% ] 06/50 VUs  1m50.9s/7m30.0s

running (1m52.0s), 06/50 VUs, 411 complete and 0 interrupted iterations
concurrency   [  25% ] 06/50 VUs  1m51.9s/7m30.0s

running (1m53.0s), 06/50 VUs, 419 complete and 0 interrupted iterations
concurrency   [  25% ] 06/50 VUs  1m52.9s/7m30.0s

running (1m54.0s), 06/50 VUs, 427 complete and 0 interrupted iterations
concurrency   [  25% ] 06/50 VUs  1m53.9s/7m30.0s

running (1m55.0s), 06/50 VUs, 434 complete and 0 interrupted iterations
concurrency   [  26% ] 06/50 VUs  1m54.9s/7m30.0s

running (1m56.0s), 06/50 VUs, 441 complete and 0 interrupted iterations
concurrency   [  26% ] 06/50 VUs  1m55.9s/7m30.0s

running (1m57.0s), 06/50 VUs, 448 complete and 0 interrupted iterations
concurrency   [  26% ] 06/50 VUs  1m56.9s/7m30.0s

running (1m58.0s), 06/50 VUs, 457 complete and 0 interrupted iterations
concurrency   [  26% ] 06/50 VUs  1m57.9s/7m30.0s

running (1m59.0s), 06/50 VUs, 464 complete and 0 interrupted iterations
concurrency   [  26% ] 06/50 VUs  1m58.9s/7m30.0s

running (2m00.0s), 06/50 VUs, 471 complete and 0 interrupted iterations
concurrency   [  27% ] 06/50 VUs  1m59.9s/7m30.0s

running (2m01.0s), 06/50 VUs, 477 complete and 0 interrupted iterations
concurrency   [  27% ] 06/50 VUs  2m00.9s/7m30.0s

running (2m02.0s), 06/50 VUs, 486 complete and 0 interrupted iterations
concurrency   [  27% ] 06/50 VUs  2m01.9s/7m30.0s

running (2m03.0s), 06/50 VUs, 493 complete and 0 interrupted iterations
concurrency   [  27% ] 06/50 VUs  2m02.9s/7m30.0s

running (2m04.0s), 06/50 VUs, 501 complete and 0 interrupted iterations
concurrency   [  28% ] 06/50 VUs  2m03.9s/7m30.0s

running (2m05.0s), 06/50 VUs, 507 complete and 0 interrupted iterations
concurrency   [  28% ] 06/50 VUs  2m04.9s/7m30.0s

running (2m06.0s), 06/50 VUs, 515 complete and 0 interrupted iterations
concurrency   [  28% ] 06/50 VUs  2m05.9s/7m30.0s

running (2m07.0s), 07/50 VUs, 524 complete and 0 interrupted iterations
concurrency   [  28% ] 07/50 VUs  2m06.9s/7m30.0s

running (2m08.0s), 07/50 VUs, 532 complete and 0 interrupted iterations
concurrency   [  28% ] 07/50 VUs  2m07.9s/7m30.0s

running (2m09.0s), 07/50 VUs, 540 complete and 0 interrupted iterations
concurrency   [  29% ] 07/50 VUs  2m08.9s/7m30.0s

running (2m10.0s), 07/50 VUs, 548 complete and 0 interrupted iterations
concurrency   [  29% ] 07/50 VUs  2m09.9s/7m30.0s

running (2m11.0s), 07/50 VUs, 557 complete and 0 interrupted iterations
concurrency   [  29% ] 07/50 VUs  2m10.9s/7m30.0s

running (2m12.0s), 07/50 VUs, 567 complete and 0 interrupted iterations
concurrency   [  29% ] 07/50 VUs  2m11.9s/7m30.0s

running (2m13.0s), 07/50 VUs, 575 complete and 0 interrupted iterations
concurrency   [  30% ] 07/50 VUs  2m12.9s/7m30.0s

running (2m14.0s), 07/50 VUs, 582 complete and 0 interrupted iterations
concurrency   [  30% ] 07/50 VUs  2m13.9s/7m30.0s

running (2m15.0s), 07/50 VUs, 591 complete and 0 interrupted iterations
concurrency   [  30% ] 07/50 VUs  2m14.9s/7m30.0s

running (2m16.0s), 07/50 VUs, 601 complete and 0 interrupted iterations
concurrency   [  30% ] 07/50 VUs  2m15.9s/7m30.0s

running (2m17.0s), 07/50 VUs, 610 complete and 0 interrupted iterations
concurrency   [  30% ] 07/50 VUs  2m16.9s/7m30.0s

running (2m18.0s), 07/50 VUs, 617 complete and 0 interrupted iterations
concurrency   [  31% ] 07/50 VUs  2m17.9s/7m30.0s

running (2m19.0s), 07/50 VUs, 626 complete and 0 interrupted iterations
concurrency   [  31% ] 07/50 VUs  2m18.9s/7m30.0s

running (2m20.0s), 07/50 VUs, 634 complete and 0 interrupted iterations
concurrency   [  31% ] 07/50 VUs  2m19.9s/7m30.0s

running (2m21.0s), 07/50 VUs, 644 complete and 0 interrupted iterations
concurrency   [  31% ] 07/50 VUs  2m20.9s/7m30.0s

running (2m22.0s), 07/50 VUs, 652 complete and 0 interrupted iterations
concurrency   [  32% ] 07/50 VUs  2m21.9s/7m30.0s

running (2m23.0s), 07/50 VUs, 660 complete and 0 interrupted iterations
concurrency   [  32% ] 07/50 VUs  2m22.9s/7m30.0s

running (2m24.0s), 07/50 VUs, 669 complete and 0 interrupted iterations
concurrency   [  32% ] 07/50 VUs  2m23.9s/7m30.0s

running (2m25.0s), 08/50 VUs, 680 complete and 0 interrupted iterations
concurrency   [  32% ] 08/50 VUs  2m24.9s/7m30.0s

running (2m26.0s), 08/50 VUs, 689 complete and 0 interrupted iterations
concurrency   [  32% ] 08/50 VUs  2m25.9s/7m30.0s

running (2m27.0s), 08/50 VUs, 698 complete and 0 interrupted iterations
concurrency   [  33% ] 08/50 VUs  2m26.9s/7m30.0s

running (2m28.0s), 08/50 VUs, 707 complete and 0 interrupted iterations
concurrency   [  33% ] 08/50 VUs  2m27.9s/7m30.0s

running (2m29.0s), 08/50 VUs, 717 complete and 0 interrupted iterations
concurrency   [  33% ] 08/50 VUs  2m28.9s/7m30.0s

running (2m30.0s), 08/50 VUs, 728 complete and 0 interrupted iterations
concurrency   [  33% ] 08/50 VUs  2m29.9s/7m30.0s

running (2m31.0s), 08/50 VUs, 737 complete and 0 interrupted iterations
concurrency   [  34% ] 08/50 VUs  2m30.9s/7m30.0s

running (2m32.0s), 08/50 VUs, 747 complete and 0 interrupted iterations
concurrency   [  34% ] 08/50 VUs  2m31.9s/7m30.0s

running (2m33.0s), 08/50 VUs, 756 complete and 0 interrupted iterations
concurrency   [  34% ] 08/50 VUs  2m32.9s/7m30.0s

running (2m34.0s), 08/50 VUs, 765 complete and 0 interrupted iterations
concurrency   [  34% ] 08/50 VUs  2m33.9s/7m30.0s

running (2m35.0s), 08/50 VUs, 777 complete and 0 interrupted iterations
concurrency   [  34% ] 08/50 VUs  2m34.9s/7m30.0s

running (2m36.0s), 08/50 VUs, 786 complete and 0 interrupted iterations
concurrency   [  35% ] 08/50 VUs  2m35.9s/7m30.0s

running (2m37.0s), 08/50 VUs, 795 complete and 0 interrupted iterations
concurrency   [  35% ] 08/50 VUs  2m36.9s/7m30.0s

running (2m38.0s), 08/50 VUs, 805 complete and 0 interrupted iterations
concurrency   [  35% ] 08/50 VUs  2m37.9s/7m30.0s

running (2m39.0s), 08/50 VUs, 817 complete and 0 interrupted iterations
concurrency   [  35% ] 08/50 VUs  2m38.9s/7m30.0s

running (2m40.0s), 08/50 VUs, 825 complete and 0 interrupted iterations
concurrency   [  36% ] 08/50 VUs  2m39.9s/7m30.0s

running (2m41.0s), 08/50 VUs, 835 complete and 0 interrupted iterations
concurrency   [  36% ] 08/50 VUs  2m40.9s/7m30.0s

running (2m42.0s), 08/50 VUs, 845 complete and 0 interrupted iterations
concurrency   [  36% ] 08/50 VUs  2m41.9s/7m30.0s

running (2m43.0s), 09/50 VUs, 854 complete and 0 interrupted iterations
concurrency   [  36% ] 09/50 VUs  2m42.9s/7m30.0s

running (2m44.0s), 09/50 VUs, 867 complete and 0 interrupted iterations
concurrency   [  36% ] 09/50 VUs  2m43.9s/7m30.0s

running (2m45.0s), 09/50 VUs, 877 complete and 0 interrupted iterations
concurrency   [  37% ] 09/50 VUs  2m44.9s/7m30.0s

running (2m46.0s), 09/50 VUs, 887 complete and 0 interrupted iterations
concurrency   [  37% ] 09/50 VUs  2m45.9s/7m30.0s

running (2m47.0s), 09/50 VUs, 898 complete and 0 interrupted iterations
concurrency   [  37% ] 09/50 VUs  2m46.9s/7m30.0s

running (2m48.0s), 09/50 VUs, 912 complete and 0 interrupted iterations
concurrency   [  37% ] 09/50 VUs  2m47.9s/7m30.0s

running (2m49.0s), 09/50 VUs, 922 complete and 0 interrupted iterations
concurrency   [  38% ] 09/50 VUs  2m48.9s/7m30.0s

running (2m50.0s), 09/50 VUs, 932 complete and 0 interrupted iterations
concurrency   [  38% ] 09/50 VUs  2m49.9s/7m30.0s

running (2m51.0s), 09/50 VUs, 942 complete and 0 interrupted iterations
concurrency   [  38% ] 09/50 VUs  2m50.9s/7m30.0s

running (2m52.0s), 09/50 VUs, 953 complete and 0 interrupted iterations
concurrency   [  38% ] 09/50 VUs  2m51.9s/7m30.0s

running (2m53.0s), 09/50 VUs, 966 complete and 0 interrupted iterations
concurrency   [  38% ] 09/50 VUs  2m52.9s/7m30.0s

running (2m54.0s), 09/50 VUs, 976 complete and 0 interrupted iterations
concurrency   [  39% ] 09/50 VUs  2m53.9s/7m30.0s

running (2m55.0s), 09/50 VUs, 986 complete and 0 interrupted iterations
concurrency   [  39% ] 09/50 VUs  2m54.9s/7m30.0s

running (2m56.0s), 09/50 VUs, 997 complete and 0 interrupted iterations
concurrency   [  39% ] 09/50 VUs  2m55.9s/7m30.0s

running (2m57.0s), 09/50 VUs, 1011 complete and 0 interrupted iterations
concurrency   [  39% ] 09/50 VUs  2m56.9s/7m30.0s

running (2m58.0s), 09/50 VUs, 1021 complete and 0 interrupted iterations
concurrency   [  40% ] 09/50 VUs  2m57.9s/7m30.0s

running (2m59.0s), 09/50 VUs, 1031 complete and 0 interrupted iterations
concurrency   [  40% ] 09/50 VUs  2m58.9s/7m30.0s

running (3m00.0s), 09/50 VUs, 1041 complete and 0 interrupted iterations
concurrency   [  40% ] 09/50 VUs  2m59.9s/7m30.0s

running (3m01.0s), 10/50 VUs, 1054 complete and 0 interrupted iterations
concurrency   [  40% ] 10/50 VUs  3m00.9s/7m30.0s

running (3m02.0s), 10/50 VUs, 1067 complete and 0 interrupted iterations
concurrency   [  40% ] 10/50 VUs  3m01.9s/7m30.0s

running (3m03.0s), 10/50 VUs, 1078 complete and 0 interrupted iterations
concurrency   [  41% ] 10/50 VUs  3m02.9s/7m30.0s

running (3m04.0s), 10/50 VUs, 1089 complete and 0 interrupted iterations
concurrency   [  41% ] 10/50 VUs  3m03.9s/7m30.0s

running (3m05.0s), 10/50 VUs, 1102 complete and 0 interrupted iterations
concurrency   [  41% ] 10/50 VUs  3m04.9s/7m30.0s

running (3m06.0s), 10/50 VUs, 1116 complete and 0 interrupted iterations
concurrency   [  41% ] 10/50 VUs  3m05.9s/7m30.0s

running (3m07.0s), 10/50 VUs, 1128 complete and 0 interrupted iterations
concurrency   [  42% ] 10/50 VUs  3m06.9s/7m30.0s

running (3m08.0s), 10/50 VUs, 1139 complete and 0 interrupted iterations
concurrency   [  42% ] 10/50 VUs  3m07.9s/7m30.0s

running (3m09.0s), 10/50 VUs, 1149 complete and 0 interrupted iterations
concurrency   [  42% ] 10/50 VUs  3m08.9s/7m30.0s

running (3m10.0s), 11/50 VUs, 1165 complete and 0 interrupted iterations
concurrency   [  42% ] 11/50 VUs  3m09.9s/7m30.0s

running (3m11.0s), 11/50 VUs, 1180 complete and 0 interrupted iterations
concurrency   [  42% ] 11/50 VUs  3m10.9s/7m30.0s

running (3m12.0s), 11/50 VUs, 1191 complete and 0 interrupted iterations
concurrency   [  43% ] 11/50 VUs  3m11.9s/7m30.0s

running (3m13.0s), 11/50 VUs, 1203 complete and 0 interrupted iterations
concurrency   [  43% ] 11/50 VUs  3m12.9s/7m30.0s

running (3m14.0s), 11/50 VUs, 1217 complete and 0 interrupted iterations
concurrency   [  43% ] 11/50 VUs  3m13.9s/7m30.0s

running (3m15.0s), 11/50 VUs, 1232 complete and 0 interrupted iterations
concurrency   [  43% ] 11/50 VUs  3m14.9s/7m30.0s

running (3m16.0s), 11/50 VUs, 1246 complete and 0 interrupted iterations
concurrency   [  44% ] 11/50 VUs  3m15.9s/7m30.0s

running (3m17.0s), 11/50 VUs, 1258 complete and 0 interrupted iterations
concurrency   [  44% ] 11/50 VUs  3m16.9s/7m30.0s

running (3m18.0s), 11/50 VUs, 1270 complete and 0 interrupted iterations
concurrency   [  44% ] 11/50 VUs  3m17.9s/7m30.0s

running (3m19.0s), 12/50 VUs, 1285 complete and 0 interrupted iterations
concurrency   [  44% ] 12/50 VUs  3m18.9s/7m30.0s

running (3m20.0s), 12/50 VUs, 1303 complete and 0 interrupted iterations
concurrency   [  44% ] 12/50 VUs  3m19.9s/7m30.0s

running (3m21.0s), 12/50 VUs, 1315 complete and 0 interrupted iterations
concurrency   [  45% ] 12/50 VUs  3m20.9s/7m30.0s

running (3m22.0s), 12/50 VUs, 1328 complete and 0 interrupted iterations
concurrency   [  45% ] 12/50 VUs  3m21.9s/7m30.0s

running (3m23.0s), 12/50 VUs, 1341 complete and 0 interrupted iterations
concurrency   [  45% ] 12/50 VUs  3m22.9s/7m30.0s

running (3m24.0s), 12/50 VUs, 1360 complete and 0 interrupted iterations
concurrency   [  45% ] 12/50 VUs  3m23.9s/7m30.0s

running (3m25.0s), 12/50 VUs, 1375 complete and 0 interrupted iterations
concurrency   [  46% ] 12/50 VUs  3m24.9s/7m30.0s

running (3m26.0s), 12/50 VUs, 1388 complete and 0 interrupted iterations
concurrency   [  46% ] 12/50 VUs  3m25.9s/7m30.0s

running (3m27.0s), 12/50 VUs, 1401 complete and 0 interrupted iterations
concurrency   [  46% ] 12/50 VUs  3m26.9s/7m30.0s

running (3m28.0s), 13/50 VUs, 1418 complete and 0 interrupted iterations
concurrency   [  46% ] 13/50 VUs  3m27.9s/7m30.0s

running (3m29.0s), 13/50 VUs, 1436 complete and 0 interrupted iterations
concurrency   [  46% ] 13/50 VUs  3m28.9s/7m30.0s

running (3m30.0s), 13/50 VUs, 1451 complete and 0 interrupted iterations
concurrency   [  47% ] 13/50 VUs  3m29.9s/7m30.0s

running (3m31.0s), 13/50 VUs, 1464 complete and 0 interrupted iterations
concurrency   [  47% ] 13/50 VUs  3m30.9s/7m30.0s

running (3m32.0s), 13/50 VUs, 1478 complete and 0 interrupted iterations
concurrency   [  47% ] 13/50 VUs  3m31.9s/7m30.0s

running (3m33.0s), 13/50 VUs, 1499 complete and 0 interrupted iterations
concurrency   [  47% ] 13/50 VUs  3m32.9s/7m30.0s

running (3m34.0s), 13/50 VUs, 1516 complete and 0 interrupted iterations
concurrency   [  48% ] 13/50 VUs  3m33.9s/7m30.0s

running (3m35.0s), 13/50 VUs, 1529 complete and 0 interrupted iterations
concurrency   [  48% ] 13/50 VUs  3m34.9s/7m30.0s

running (3m36.0s), 13/50 VUs, 1543 complete and 0 interrupted iterations
concurrency   [  48% ] 13/50 VUs  3m35.9s/7m30.0s

running (3m37.0s), 14/50 VUs, 1559 complete and 0 interrupted iterations
concurrency   [  48% ] 14/50 VUs  3m36.9s/7m30.0s

running (3m38.0s), 14/50 VUs, 1581 complete and 0 interrupted iterations
concurrency   [  48% ] 14/50 VUs  3m37.9s/7m30.0s

running (3m39.0s), 14/50 VUs, 1597 complete and 0 interrupted iterations
concurrency   [  49% ] 14/50 VUs  3m38.9s/7m30.0s

running (3m40.0s), 14/50 VUs, 1611 complete and 0 interrupted iterations
concurrency   [  49% ] 14/50 VUs  3m39.9s/7m30.0s

running (3m41.0s), 14/50 VUs, 1626 complete and 0 interrupted iterations
concurrency   [  49% ] 14/50 VUs  3m40.9s/7m30.0s

running (3m42.0s), 14/50 VUs, 1645 complete and 0 interrupted iterations
concurrency   [  49% ] 14/50 VUs  3m41.9s/7m30.0s

running (3m43.0s), 14/50 VUs, 1667 complete and 0 interrupted iterations
concurrency   [  50% ] 14/50 VUs  3m42.9s/7m30.0s

running (3m44.0s), 14/50 VUs, 1681 complete and 0 interrupted iterations
concurrency   [  50% ] 14/50 VUs  3m43.9s/7m30.0s

running (3m45.0s), 14/50 VUs, 1696 complete and 0 interrupted iterations
concurrency   [  50% ] 14/50 VUs  3m44.9s/7m30.0s

running (3m46.0s), 15/50 VUs, 1711 complete and 0 interrupted iterations
concurrency   [  50% ] 15/50 VUs  3m45.9s/7m30.0s

running (3m47.0s), 15/50 VUs, 1733 complete and 0 interrupted iterations
concurrency   [  50% ] 15/50 VUs  3m46.9s/7m30.0s

running (3m48.0s), 15/50 VUs, 1754 complete and 0 interrupted iterations
concurrency   [  51% ] 15/50 VUs  3m47.9s/7m30.0s

running (3m49.0s), 15/50 VUs, 1769 complete and 0 interrupted iterations
concurrency   [  51% ] 15/50 VUs  3m48.9s/7m30.0s

running (3m50.0s), 15/50 VUs, 1785 complete and 0 interrupted iterations
concurrency   [  51% ] 15/50 VUs  3m49.9s/7m30.0s

running (3m51.0s), 15/50 VUs, 1806 complete and 0 interrupted iterations
concurrency   [  51% ] 15/50 VUs  3m50.9s/7m30.0s

running (3m52.0s), 15/50 VUs, 1825 complete and 0 interrupted iterations
concurrency   [  52% ] 15/50 VUs  3m51.9s/7m30.0s

running (3m53.0s), 15/50 VUs, 1844 complete and 0 interrupted iterations
concurrency   [  52% ] 15/50 VUs  3m52.9s/7m30.0s

running (3m54.0s), 15/50 VUs, 1859 complete and 0 interrupted iterations
concurrency   [  52% ] 15/50 VUs  3m53.9s/7m30.0s

running (3m55.0s), 16/50 VUs, 1877 complete and 0 interrupted iterations
concurrency   [  52% ] 16/50 VUs  3m54.9s/7m30.0s

running (3m56.0s), 16/50 VUs, 1899 complete and 0 interrupted iterations
concurrency   [  52% ] 16/50 VUs  3m55.9s/7m30.0s

running (3m57.0s), 16/50 VUs, 1919 complete and 0 interrupted iterations
concurrency   [  53% ] 16/50 VUs  3m56.9s/7m30.0s

running (3m58.0s), 16/50 VUs, 1938 complete and 0 interrupted iterations
concurrency   [  53% ] 16/50 VUs  3m57.9s/7m30.0s

running (3m59.0s), 16/50 VUs, 1955 complete and 0 interrupted iterations
concurrency   [  53% ] 16/50 VUs  3m58.9s/7m30.0s

running (4m00.0s), 16/50 VUs, 1973 complete and 0 interrupted iterations
concurrency   [  53% ] 16/50 VUs  3m59.9s/7m30.0s

running (4m01.0s), 16/50 VUs, 1997 complete and 0 interrupted iterations
concurrency   [  54% ] 16/50 VUs  4m00.9s/7m30.0s

running (4m02.0s), 16/50 VUs, 2018 complete and 0 interrupted iterations
concurrency   [  54% ] 16/50 VUs  4m01.9s/7m30.0s

running (4m03.0s), 16/50 VUs, 2034 complete and 0 interrupted iterations
concurrency   [  54% ] 16/50 VUs  4m02.9s/7m30.0s

running (4m04.0s), 17/50 VUs, 2052 complete and 0 interrupted iterations
concurrency   [  54% ] 17/50 VUs  4m03.9s/7m30.0s

running (4m05.0s), 17/50 VUs, 2072 complete and 0 interrupted iterations
concurrency   [  54% ] 17/50 VUs  4m04.9s/7m30.0s

running (4m06.0s), 17/50 VUs, 2098 complete and 0 interrupted iterations
concurrency   [  55% ] 17/50 VUs  4m05.9s/7m30.0s

running (4m07.0s), 17/50 VUs, 2118 complete and 0 interrupted iterations
concurrency   [  55% ] 17/50 VUs  4m06.9s/7m30.0s

running (4m08.0s), 17/50 VUs, 2135 complete and 0 interrupted iterations
concurrency   [  55% ] 17/50 VUs  4m07.9s/7m30.0s

running (4m09.0s), 17/50 VUs, 2156 complete and 0 interrupted iterations
concurrency   [  55% ] 17/50 VUs  4m08.9s/7m30.0s

running (4m10.0s), 17/50 VUs, 2177 complete and 0 interrupted iterations
concurrency   [  56% ] 17/50 VUs  4m09.9s/7m30.0s

running (4m11.0s), 17/50 VUs, 2201 complete and 0 interrupted iterations
concurrency   [  56% ] 17/50 VUs  4m10.9s/7m30.0s

running (4m12.0s), 17/50 VUs, 2220 complete and 0 interrupted iterations
concurrency   [  56% ] 17/50 VUs  4m11.9s/7m30.0s

running (4m13.0s), 18/50 VUs, 2239 complete and 0 interrupted iterations
concurrency   [  56% ] 18/50 VUs  4m12.9s/7m30.0s

running (4m14.0s), 18/50 VUs, 2260 complete and 0 interrupted iterations
concurrency   [  56% ] 18/50 VUs  4m13.9s/7m30.0s

running (4m15.0s), 18/50 VUs, 2283 complete and 0 interrupted iterations
concurrency   [  57% ] 18/50 VUs  4m14.9s/7m30.0s

running (4m16.0s), 18/50 VUs, 2309 complete and 0 interrupted iterations
concurrency   [  57% ] 18/50 VUs  4m15.9s/7m30.0s

running (4m17.0s), 18/50 VUs, 2327 complete and 0 interrupted iterations
concurrency   [  57% ] 18/50 VUs  4m16.9s/7m30.0s

running (4m18.0s), 18/50 VUs, 2348 complete and 0 interrupted iterations
concurrency   [  57% ] 18/50 VUs  4m17.9s/7m30.0s

running (4m19.0s), 18/50 VUs, 2370 complete and 0 interrupted iterations
concurrency   [  58% ] 18/50 VUs  4m18.9s/7m30.0s

running (4m20.0s), 18/50 VUs, 2394 complete and 0 interrupted iterations
concurrency   [  58% ] 18/50 VUs  4m19.9s/7m30.0s

running (4m21.0s), 18/50 VUs, 2417 complete and 0 interrupted iterations
concurrency   [  58% ] 18/50 VUs  4m20.9s/7m30.0s

running (4m22.0s), 19/50 VUs, 2436 complete and 0 interrupted iterations
concurrency   [  58% ] 19/50 VUs  4m21.9s/7m30.0s

running (4m23.0s), 19/50 VUs, 2460 complete and 0 interrupted iterations
concurrency   [  58% ] 19/50 VUs  4m22.9s/7m30.0s

running (4m24.0s), 19/50 VUs, 2483 complete and 0 interrupted iterations
concurrency   [  59% ] 19/50 VUs  4m23.9s/7m30.0s

running (4m25.0s), 19/50 VUs, 2506 complete and 0 interrupted iterations
concurrency   [  59% ] 19/50 VUs  4m24.9s/7m30.0s

running (4m26.0s), 19/50 VUs, 2530 complete and 0 interrupted iterations
concurrency   [  59% ] 19/50 VUs  4m25.9s/7m30.0s

running (4m27.0s), 19/50 VUs, 2552 complete and 0 interrupted iterations
concurrency   [  59% ] 19/50 VUs  4m26.9s/7m30.0s

running (4m28.0s), 19/50 VUs, 2575 complete and 0 interrupted iterations
concurrency   [  60% ] 19/50 VUs  4m27.9s/7m30.0s

running (4m29.0s), 19/50 VUs, 2598 complete and 0 interrupted iterations
concurrency   [  60% ] 19/50 VUs  4m28.9s/7m30.0s

running (4m30.0s), 19/50 VUs, 2624 complete and 0 interrupted iterations
concurrency   [  60% ] 19/50 VUs  4m29.9s/7m30.0s

running (4m31.0s), 20/50 VUs, 2645 complete and 0 interrupted iterations
concurrency   [  60% ] 20/50 VUs  4m30.9s/7m30.0s

running (4m32.0s), 20/50 VUs, 2669 complete and 0 interrupted iterations
concurrency   [  60% ] 20/50 VUs  4m31.9s/7m30.0s

running (4m33.0s), 20/50 VUs, 2692 complete and 0 interrupted iterations
concurrency   [  61% ] 20/50 VUs  4m32.9s/7m30.0s

running (4m34.0s), 21/50 VUs, 2718 complete and 0 interrupted iterations
concurrency   [  61% ] 21/50 VUs  4m33.9s/7m30.0s

running (4m35.0s), 21/50 VUs, 2746 complete and 0 interrupted iterations
concurrency   [  61% ] 21/50 VUs  4m34.9s/7m30.0s

running (4m36.0s), 21/50 VUs, 2769 complete and 0 interrupted iterations
concurrency   [  61% ] 21/50 VUs  4m35.9s/7m30.0s

running (4m37.0s), 22/50 VUs, 2796 complete and 0 interrupted iterations
concurrency   [  62% ] 22/50 VUs  4m36.9s/7m30.0s

running (4m38.0s), 22/50 VUs, 2820 complete and 0 interrupted iterations
concurrency   [  62% ] 22/50 VUs  4m37.9s/7m30.0s

running (4m39.0s), 22/50 VUs, 2849 complete and 0 interrupted iterations
concurrency   [  62% ] 22/50 VUs  4m38.9s/7m30.0s

running (4m40.0s), 23/50 VUs, 2878 complete and 0 interrupted iterations
concurrency   [  62% ] 23/50 VUs  4m39.9s/7m30.0s

running (4m41.0s), 23/50 VUs, 2902 complete and 0 interrupted iterations
concurrency   [  62% ] 23/50 VUs  4m40.9s/7m30.0s

running (4m42.0s), 23/50 VUs, 2929 complete and 0 interrupted iterations
concurrency   [  63% ] 23/50 VUs  4m41.9s/7m30.0s

running (4m43.0s), 24/50 VUs, 2958 complete and 0 interrupted iterations
concurrency   [  63% ] 24/50 VUs  4m42.9s/7m30.0s

running (4m44.0s), 24/50 VUs, 2991 complete and 0 interrupted iterations
concurrency   [  63% ] 24/50 VUs  4m43.9s/7m30.0s

running (4m45.0s), 24/50 VUs, 3019 complete and 0 interrupted iterations
concurrency   [  63% ] 24/50 VUs  4m44.9s/7m30.0s

running (4m46.0s), 25/50 VUs, 3046 complete and 0 interrupted iterations
concurrency   [  64% ] 25/50 VUs  4m45.9s/7m30.0s

running (4m47.0s), 25/50 VUs, 3076 complete and 0 interrupted iterations
concurrency   [  64% ] 25/50 VUs  4m46.9s/7m30.0s

running (4m48.0s), 25/50 VUs, 3105 complete and 0 interrupted iterations
concurrency   [  64% ] 25/50 VUs  4m47.9s/7m30.0s

running (4m49.0s), 26/50 VUs, 3140 complete and 0 interrupted iterations
concurrency   [  64% ] 26/50 VUs  4m48.9s/7m30.0s

running (4m50.0s), 26/50 VUs, 3171 complete and 0 interrupted iterations
concurrency   [  64% ] 26/50 VUs  4m49.9s/7m30.0s

running (4m51.0s), 26/50 VUs, 3200 complete and 0 interrupted iterations
concurrency   [  65% ] 26/50 VUs  4m50.9s/7m30.0s

running (4m52.0s), 27/50 VUs, 3229 complete and 0 interrupted iterations
concurrency   [  65% ] 27/50 VUs  4m51.9s/7m30.0s

running (4m53.0s), 27/50 VUs, 3262 complete and 0 interrupted iterations
concurrency   [  65% ] 27/50 VUs  4m52.9s/7m30.0s

running (4m54.0s), 27/50 VUs, 3299 complete and 0 interrupted iterations
concurrency   [  65% ] 27/50 VUs  4m53.9s/7m30.0s

running (4m55.0s), 28/50 VUs, 3332 complete and 0 interrupted iterations
concurrency   [  66% ] 28/50 VUs  4m54.9s/7m30.0s

running (4m56.0s), 28/50 VUs, 3364 complete and 0 interrupted iterations
concurrency   [  66% ] 28/50 VUs  4m55.9s/7m30.0s

running (4m57.0s), 28/50 VUs, 3395 complete and 0 interrupted iterations
concurrency   [  66% ] 28/50 VUs  4m56.9s/7m30.0s

running (4m58.0s), 29/50 VUs, 3431 complete and 0 interrupted iterations
concurrency   [  66% ] 29/50 VUs  4m57.9s/7m30.0s

running (4m59.0s), 29/50 VUs, 3468 complete and 0 interrupted iterations
concurrency   [  66% ] 29/50 VUs  4m58.9s/7m30.0s

running (5m00.0s), 29/50 VUs, 3503 complete and 0 interrupted iterations
concurrency   [  67% ] 29/50 VUs  4m59.9s/7m30.0s

running (5m01.0s), 30/50 VUs, 3537 complete and 0 interrupted iterations
concurrency   [  67% ] 30/50 VUs  5m00.9s/7m30.0s

running (5m02.0s), 30/50 VUs, 3570 complete and 0 interrupted iterations
concurrency   [  67% ] 30/50 VUs  5m01.9s/7m30.0s

running (5m03.0s), 30/50 VUs, 3606 complete and 0 interrupted iterations
concurrency   [  67% ] 30/50 VUs  5m02.9s/7m30.0s

running (5m04.0s), 31/50 VUs, 3644 complete and 0 interrupted iterations
concurrency   [  68% ] 31/50 VUs  5m03.9s/7m30.0s

running (5m05.0s), 31/50 VUs, 3684 complete and 0 interrupted iterations
concurrency   [  68% ] 31/50 VUs  5m04.9s/7m30.0s
time="2026-08-11T20:19:50Z" level=warning msg="The test has generated metrics with 100011 unique time series, which is higher than the suggested limit of 100000 and could cause high memory usage. Consider not using high-cardinality values like unique IDs as metric tags or, if you need them in the URL, use the name metric tag or URL grouping. See https://grafana.com/docs/k6/latest/using-k6/tags-and-groups/ for details." component=metrics-engine-ingester

running (5m06.0s), 31/50 VUs, 3720 complete and 0 interrupted iterations
concurrency   [  68% ] 31/50 VUs  5m05.9s/7m30.0s

running (5m07.0s), 32/50 VUs, 3755 complete and 0 interrupted iterations
concurrency   [  68% ] 32/50 VUs  5m06.9s/7m30.0s

running (5m08.0s), 32/50 VUs, 3794 complete and 0 interrupted iterations
concurrency   [  68% ] 32/50 VUs  5m07.9s/7m30.0s

running (5m09.0s), 32/50 VUs, 3833 complete and 0 interrupted iterations
concurrency   [  69% ] 32/50 VUs  5m08.9s/7m30.0s

running (5m10.0s), 33/50 VUs, 3877 complete and 0 interrupted iterations
concurrency   [  69% ] 33/50 VUs  5m09.9s/7m30.0s

running (5m11.0s), 33/50 VUs, 3914 complete and 0 interrupted iterations
concurrency   [  69% ] 33/50 VUs  5m10.9s/7m30.0s

running (5m12.0s), 33/50 VUs, 3951 complete and 0 interrupted iterations
concurrency   [  69% ] 33/50 VUs  5m11.9s/7m30.0s

running (5m13.0s), 34/50 VUs, 3991 complete and 0 interrupted iterations
concurrency   [  70% ] 34/50 VUs  5m12.9s/7m30.0s

running (5m14.0s), 34/50 VUs, 4030 complete and 0 interrupted iterations
concurrency   [  70% ] 34/50 VUs  5m13.9s/7m30.0s

running (5m15.0s), 34/50 VUs, 4071 complete and 0 interrupted iterations
concurrency   [  70% ] 34/50 VUs  5m14.9s/7m30.0s

running (5m16.0s), 35/50 VUs, 4109 complete and 0 interrupted iterations
concurrency   [  70% ] 35/50 VUs  5m15.9s/7m30.0s

running (5m17.0s), 35/50 VUs, 4147 complete and 0 interrupted iterations
concurrency   [  70% ] 35/50 VUs  5m16.9s/7m30.0s

running (5m18.0s), 35/50 VUs, 4186 complete and 0 interrupted iterations
concurrency   [  71% ] 35/50 VUs  5m17.9s/7m30.0s

running (5m19.0s), 36/50 VUs, 4227 complete and 0 interrupted iterations
concurrency   [  71% ] 36/50 VUs  5m18.9s/7m30.0s

running (5m20.0s), 36/50 VUs, 4268 complete and 0 interrupted iterations
concurrency   [  71% ] 36/50 VUs  5m19.9s/7m30.0s

running (5m21.0s), 36/50 VUs, 4321 complete and 0 interrupted iterations
concurrency   [  71% ] 36/50 VUs  5m20.9s/7m30.0s

running (5m22.0s), 37/50 VUs, 4361 complete and 0 interrupted iterations
concurrency   [  72% ] 37/50 VUs  5m21.9s/7m30.0s

running (5m23.0s), 37/50 VUs, 4399 complete and 0 interrupted iterations
concurrency   [  72% ] 37/50 VUs  5m22.9s/7m30.0s

running (5m24.0s), 37/50 VUs, 4440 complete and 0 interrupted iterations
concurrency   [  72% ] 37/50 VUs  5m23.9s/7m30.0s

running (5m25.0s), 38/50 VUs, 4482 complete and 0 interrupted iterations
concurrency   [  72% ] 38/50 VUs  5m24.9s/7m30.0s

running (5m26.0s), 38/50 VUs, 4525 complete and 0 interrupted iterations
concurrency   [  72% ] 38/50 VUs  5m25.9s/7m30.0s

running (5m27.0s), 38/50 VUs, 4566 complete and 0 interrupted iterations
concurrency   [  73% ] 38/50 VUs  5m26.9s/7m30.0s

running (5m28.0s), 39/50 VUs, 4609 complete and 0 interrupted iterations
concurrency   [  73% ] 39/50 VUs  5m27.9s/7m30.0s

running (5m29.0s), 39/50 VUs, 4653 complete and 0 interrupted iterations
concurrency   [  73% ] 39/50 VUs  5m28.9s/7m30.0s

running (5m30.0s), 39/50 VUs, 4705 complete and 0 interrupted iterations
concurrency   [  73% ] 39/50 VUs  5m29.9s/7m30.0s

running (5m31.0s), 40/50 VUs, 4755 complete and 0 interrupted iterations
concurrency   [  74% ] 40/50 VUs  5m30.9s/7m30.0s

running (5m32.0s), 40/50 VUs, 4800 complete and 0 interrupted iterations
concurrency   [  74% ] 40/50 VUs  5m31.9s/7m30.0s

running (5m33.0s), 40/50 VUs, 4845 complete and 0 interrupted iterations
concurrency   [  74% ] 40/50 VUs  5m32.9s/7m30.0s

running (5m34.0s), 41/50 VUs, 4888 complete and 0 interrupted iterations
concurrency   [  74% ] 41/50 VUs  5m33.9s/7m30.0s

running (5m35.0s), 41/50 VUs, 4933 complete and 0 interrupted iterations
concurrency   [  74% ] 41/50 VUs  5m34.9s/7m30.0s

running (5m36.0s), 41/50 VUs, 4977 complete and 0 interrupted iterations
concurrency   [  75% ] 41/50 VUs  5m35.9s/7m30.0s

running (5m37.0s), 42/50 VUs, 5024 complete and 0 interrupted iterations
concurrency   [  75% ] 42/50 VUs  5m36.9s/7m30.0s

running (5m38.0s), 42/50 VUs, 5073 complete and 0 interrupted iterations
concurrency   [  75% ] 42/50 VUs  5m37.9s/7m30.0s

running (5m39.0s), 42/50 VUs, 5119 complete and 0 interrupted iterations
concurrency   [  75% ] 42/50 VUs  5m38.9s/7m30.0s

running (5m40.0s), 43/50 VUs, 5168 complete and 0 interrupted iterations
concurrency   [  76% ] 43/50 VUs  5m39.9s/7m30.0s

running (5m41.0s), 43/50 VUs, 5220 complete and 0 interrupted iterations
concurrency   [  76% ] 43/50 VUs  5m40.9s/7m30.0s

running (5m42.0s), 43/50 VUs, 5268 complete and 0 interrupted iterations
concurrency   [  76% ] 43/50 VUs  5m41.9s/7m30.0s

running (5m43.0s), 44/50 VUs, 5316 complete and 0 interrupted iterations
concurrency   [  76% ] 44/50 VUs  5m42.9s/7m30.0s

running (5m44.0s), 44/50 VUs, 5364 complete and 0 interrupted iterations
concurrency   [  76% ] 44/50 VUs  5m43.9s/7m30.0s

running (5m45.0s), 44/50 VUs, 5413 complete and 0 interrupted iterations
concurrency   [  77% ] 44/50 VUs  5m44.9s/7m30.0s

running (5m46.0s), 45/50 VUs, 5461 complete and 0 interrupted iterations
concurrency   [  77% ] 45/50 VUs  5m45.9s/7m30.0s

running (5m47.0s), 45/50 VUs, 5516 complete and 0 interrupted iterations
concurrency   [  77% ] 45/50 VUs  5m46.9s/7m30.0s

running (5m48.0s), 45/50 VUs, 5563 complete and 0 interrupted iterations
concurrency   [  77% ] 45/50 VUs  5m47.9s/7m30.0s

running (5m49.0s), 46/50 VUs, 5616 complete and 0 interrupted iterations
concurrency   [  78% ] 46/50 VUs  5m48.9s/7m30.0s

running (5m50.0s), 46/50 VUs, 5666 complete and 0 interrupted iterations
concurrency   [  78% ] 46/50 VUs  5m49.9s/7m30.0s

running (5m51.0s), 46/50 VUs, 5716 complete and 0 interrupted iterations
concurrency   [  78% ] 46/50 VUs  5m50.9s/7m30.0s

running (5m52.0s), 47/50 VUs, 5764 complete and 0 interrupted iterations
concurrency   [  78% ] 47/50 VUs  5m51.9s/7m30.0s

running (5m53.0s), 47/50 VUs, 5821 complete and 0 interrupted iterations
concurrency   [  78% ] 47/50 VUs  5m52.9s/7m30.0s

running (5m54.0s), 47/50 VUs, 5874 complete and 0 interrupted iterations
concurrency   [  79% ] 47/50 VUs  5m53.9s/7m30.0s

running (5m55.0s), 48/50 VUs, 5923 complete and 0 interrupted iterations
concurrency   [  79% ] 48/50 VUs  5m54.9s/7m30.0s

running (5m56.0s), 48/50 VUs, 5974 complete and 0 interrupted iterations
concurrency   [  79% ] 48/50 VUs  5m55.9s/7m30.0s

running (5m57.0s), 48/50 VUs, 6032 complete and 0 interrupted iterations
concurrency   [  79% ] 48/50 VUs  5m56.9s/7m30.0s

running (5m58.0s), 49/50 VUs, 6082 complete and 0 interrupted iterations
concurrency   [  80% ] 49/50 VUs  5m57.9s/7m30.0s

running (5m59.0s), 49/50 VUs, 6139 complete and 0 interrupted iterations
concurrency   [  80% ] 49/50 VUs  5m58.9s/7m30.0s

running (6m00.0s), 49/50 VUs, 6194 complete and 0 interrupted iterations
concurrency   [  80% ] 49/50 VUs  5m59.9s/7m30.0s

running (6m01.0s), 50/50 VUs, 6240 complete and 0 interrupted iterations
concurrency   [  80% ] 50/50 VUs  6m00.9s/7m30.0s

running (6m02.0s), 50/50 VUs, 6295 complete and 0 interrupted iterations
concurrency   [  80% ] 50/50 VUs  6m01.9s/7m30.0s

running (6m03.0s), 50/50 VUs, 6352 complete and 0 interrupted iterations
concurrency   [  81% ] 50/50 VUs  6m02.9s/7m30.0s

running (6m04.0s), 50/50 VUs, 6403 complete and 0 interrupted iterations
concurrency   [  81% ] 50/50 VUs  6m03.9s/7m30.0s

running (6m05.0s), 50/50 VUs, 6459 complete and 0 interrupted iterations
concurrency   [  81% ] 50/50 VUs  6m04.9s/7m30.0s

running (6m06.0s), 50/50 VUs, 6522 complete and 0 interrupted iterations
concurrency   [  81% ] 50/50 VUs  6m05.9s/7m30.0s

running (6m07.0s), 50/50 VUs, 6573 complete and 0 interrupted iterations
concurrency   [  82% ] 50/50 VUs  6m06.9s/7m30.0s

running (6m08.0s), 50/50 VUs, 6627 complete and 0 interrupted iterations
concurrency   [  82% ] 50/50 VUs  6m07.9s/7m30.0s

running (6m09.0s), 50/50 VUs, 6682 complete and 0 interrupted iterations
concurrency   [  82% ] 50/50 VUs  6m08.9s/7m30.0s

running (6m10.0s), 50/50 VUs, 6734 complete and 0 interrupted iterations
concurrency   [  82% ] 50/50 VUs  6m09.9s/7m30.0s

running (6m11.0s), 50/50 VUs, 6790 complete and 0 interrupted iterations
concurrency   [  82% ] 50/50 VUs  6m10.9s/7m30.0s

running (6m12.0s), 50/50 VUs, 6841 complete and 0 interrupted iterations
concurrency   [  83% ] 50/50 VUs  6m11.9s/7m30.0s

running (6m13.0s), 50/50 VUs, 6893 complete and 0 interrupted iterations
concurrency   [  83% ] 50/50 VUs  6m12.9s/7m30.0s

running (6m14.0s), 50/50 VUs, 6945 complete and 0 interrupted iterations
concurrency   [  83% ] 50/50 VUs  6m13.9s/7m30.0s

running (6m15.0s), 50/50 VUs, 6999 complete and 0 interrupted iterations
concurrency   [  83% ] 50/50 VUs  6m14.9s/7m30.0s

running (6m16.0s), 50/50 VUs, 7053 complete and 0 interrupted iterations
concurrency   [  84% ] 50/50 VUs  6m15.9s/7m30.0s

running (6m17.0s), 50/50 VUs, 7109 complete and 0 interrupted iterations
concurrency   [  84% ] 50/50 VUs  6m16.9s/7m30.0s

running (6m18.0s), 50/50 VUs, 7169 complete and 0 interrupted iterations
concurrency   [  84% ] 50/50 VUs  6m17.9s/7m30.0s

running (6m19.0s), 50/50 VUs, 7232 complete and 0 interrupted iterations
concurrency   [  84% ] 50/50 VUs  6m18.9s/7m30.0s

running (6m20.0s), 50/50 VUs, 7286 complete and 0 interrupted iterations
concurrency   [  84% ] 50/50 VUs  6m19.9s/7m30.0s

running (6m21.0s), 50/50 VUs, 7346 complete and 0 interrupted iterations
concurrency   [  85% ] 50/50 VUs  6m20.9s/7m30.0s
time="2026-08-11T20:21:07Z" level=warning msg="The test has generated metrics with 200091 unique time series, which is higher than the suggested limit of 100000 and could cause high memory usage. Consider not using high-cardinality values like unique IDs as metric tags or, if you need them in the URL, use the name metric tag or URL grouping. See https://grafana.com/docs/k6/latest/using-k6/tags-and-groups/ for details." component=metrics-engine-ingester

running (6m22.0s), 50/50 VUs, 7399 complete and 0 interrupted iterations
concurrency   [  85% ] 50/50 VUs  6m21.9s/7m30.0s

running (6m23.0s), 50/50 VUs, 7450 complete and 0 interrupted iterations
concurrency   [  85% ] 50/50 VUs  6m22.9s/7m30.0s

running (6m24.0s), 50/50 VUs, 7502 complete and 0 interrupted iterations
concurrency   [  85% ] 50/50 VUs  6m23.9s/7m30.0s

running (6m25.0s), 50/50 VUs, 7556 complete and 0 interrupted iterations
concurrency   [  86% ] 50/50 VUs  6m24.9s/7m30.0s

running (6m26.0s), 50/50 VUs, 7620 complete and 0 interrupted iterations
concurrency   [  86% ] 50/50 VUs  6m25.9s/7m30.0s

running (6m27.0s), 50/50 VUs, 7678 complete and 0 interrupted iterations
concurrency   [  86% ] 50/50 VUs  6m26.9s/7m30.0s

running (6m28.0s), 50/50 VUs, 7740 complete and 0 interrupted iterations
concurrency   [  86% ] 50/50 VUs  6m27.9s/7m30.0s

running (6m29.0s), 50/50 VUs, 7801 complete and 0 interrupted iterations
concurrency   [  86% ] 50/50 VUs  6m28.9s/7m30.0s

running (6m30.0s), 50/50 VUs, 7854 complete and 0 interrupted iterations
concurrency   [  87% ] 50/50 VUs  6m29.9s/7m30.0s

running (6m31.0s), 50/50 VUs, 7907 complete and 0 interrupted iterations
concurrency   [  87% ] 50/50 VUs  6m30.9s/7m30.0s

running (6m32.0s), 50/50 VUs, 7963 complete and 0 interrupted iterations
concurrency   [  87% ] 50/50 VUs  6m31.9s/7m30.0s

running (6m33.0s), 50/50 VUs, 8014 complete and 0 interrupted iterations
concurrency   [  87% ] 50/50 VUs  6m32.9s/7m30.0s

running (6m34.0s), 50/50 VUs, 8066 complete and 0 interrupted iterations
concurrency   [  88% ] 50/50 VUs  6m33.9s/7m30.0s

running (6m35.0s), 50/50 VUs, 8118 complete and 0 interrupted iterations
concurrency   [  88% ] 50/50 VUs  6m34.9s/7m30.0s

running (6m36.0s), 50/50 VUs, 8171 complete and 0 interrupted iterations
concurrency   [  88% ] 50/50 VUs  6m35.9s/7m30.0s

running (6m37.0s), 50/50 VUs, 8223 complete and 0 interrupted iterations
concurrency   [  88% ] 50/50 VUs  6m36.9s/7m30.0s

running (6m38.0s), 50/50 VUs, 8277 complete and 0 interrupted iterations
concurrency   [  88% ] 50/50 VUs  6m37.9s/7m30.0s

running (6m39.0s), 50/50 VUs, 8333 complete and 0 interrupted iterations
concurrency   [  89% ] 50/50 VUs  6m38.9s/7m30.0s

running (6m40.0s), 50/50 VUs, 8395 complete and 0 interrupted iterations
concurrency   [  89% ] 50/50 VUs  6m39.9s/7m30.0s

running (6m41.0s), 50/50 VUs, 8453 complete and 0 interrupted iterations
concurrency   [  89% ] 50/50 VUs  6m40.9s/7m30.0s

running (6m42.0s), 50/50 VUs, 8522 complete and 0 interrupted iterations
concurrency   [  89% ] 50/50 VUs  6m41.9s/7m30.0s

running (6m43.0s), 50/50 VUs, 8574 complete and 0 interrupted iterations
concurrency   [  90% ] 50/50 VUs  6m42.9s/7m30.0s

running (6m44.0s), 50/50 VUs, 8626 complete and 0 interrupted iterations
concurrency   [  90% ] 50/50 VUs  6m43.9s/7m30.0s

running (6m45.0s), 50/50 VUs, 8679 complete and 0 interrupted iterations
concurrency   [  90% ] 50/50 VUs  6m44.9s/7m30.0s

running (6m46.0s), 50/50 VUs, 8735 complete and 0 interrupted iterations
concurrency   [  90% ] 50/50 VUs  6m45.9s/7m30.0s

running (6m47.0s), 50/50 VUs, 8789 complete and 0 interrupted iterations
concurrency   [  90% ] 50/50 VUs  6m46.9s/7m30.0s

running (6m48.0s), 50/50 VUs, 8843 complete and 0 interrupted iterations
concurrency   [  91% ] 50/50 VUs  6m47.9s/7m30.0s

running (6m49.0s), 50/50 VUs, 8896 complete and 0 interrupted iterations
concurrency   [  91% ] 50/50 VUs  6m48.9s/7m30.0s

running (6m50.0s), 50/50 VUs, 8964 complete and 0 interrupted iterations
concurrency   [  91% ] 50/50 VUs  6m49.9s/7m30.0s

running (6m51.0s), 50/50 VUs, 9026 complete and 0 interrupted iterations
concurrency   [  91% ] 50/50 VUs  6m50.9s/7m30.0s

running (6m52.0s), 50/50 VUs, 9086 complete and 0 interrupted iterations
concurrency   [  92% ] 50/50 VUs  6m51.9s/7m30.0s

running (6m53.0s), 50/50 VUs, 9141 complete and 0 interrupted iterations
concurrency   [  92% ] 50/50 VUs  6m52.9s/7m30.0s

running (6m54.0s), 50/50 VUs, 9193 complete and 0 interrupted iterations
concurrency   [  92% ] 50/50 VUs  6m53.9s/7m30.0s

running (6m55.0s), 50/50 VUs, 9244 complete and 0 interrupted iterations
concurrency   [  92% ] 50/50 VUs  6m54.9s/7m30.0s

running (6m56.0s), 50/50 VUs, 9298 complete and 0 interrupted iterations
concurrency   [  92% ] 50/50 VUs  6m55.9s/7m30.0s

running (6m57.0s), 50/50 VUs, 9349 complete and 0 interrupted iterations
concurrency   [  93% ] 50/50 VUs  6m56.9s/7m30.0s

running (6m58.0s), 50/50 VUs, 9404 complete and 0 interrupted iterations
concurrency   [  93% ] 50/50 VUs  6m57.9s/7m30.0s

running (6m59.0s), 50/50 VUs, 9461 complete and 0 interrupted iterations
concurrency   [  93% ] 50/50 VUs  6m58.9s/7m30.0s

running (7m00.0s), 50/50 VUs, 9518 complete and 0 interrupted iterations
concurrency   [  93% ] 50/50 VUs  6m59.9s/7m30.0s

running (7m01.0s), 50/50 VUs, 9574 complete and 0 interrupted iterations
concurrency   [  94% ] 50/50 VUs  7m00.9s/7m30.0s

running (7m02.0s), 50/50 VUs, 9633 complete and 0 interrupted iterations
concurrency   [  94% ] 50/50 VUs  7m01.9s/7m30.0s

running (7m03.0s), 50/50 VUs, 9689 complete and 0 interrupted iterations
concurrency   [  94% ] 50/50 VUs  7m02.9s/7m30.0s

running (7m04.0s), 50/50 VUs, 9749 complete and 0 interrupted iterations
concurrency   [  94% ] 50/50 VUs  7m03.9s/7m30.0s

running (7m05.0s), 50/50 VUs, 9810 complete and 0 interrupted iterations
concurrency   [  94% ] 50/50 VUs  7m04.9s/7m30.0s

running (7m06.0s), 50/50 VUs, 9865 complete and 0 interrupted iterations
concurrency   [  95% ] 50/50 VUs  7m05.9s/7m30.0s

running (7m07.0s), 50/50 VUs, 9923 complete and 0 interrupted iterations
concurrency   [  95% ] 50/50 VUs  7m06.9s/7m30.0s

running (7m08.0s), 50/50 VUs, 9976 complete and 0 interrupted iterations
concurrency   [  95% ] 50/50 VUs  7m07.9s/7m30.0s

running (7m09.0s), 50/50 VUs, 10031 complete and 0 interrupted iterations
concurrency   [  95% ] 50/50 VUs  7m08.9s/7m30.0s

running (7m10.0s), 50/50 VUs, 10082 complete and 0 interrupted iterations
concurrency   [  96% ] 50/50 VUs  7m09.9s/7m30.0s

running (7m11.0s), 50/50 VUs, 10134 complete and 0 interrupted iterations
concurrency   [  96% ] 50/50 VUs  7m10.9s/7m30.0s

running (7m12.0s), 50/50 VUs, 10188 complete and 0 interrupted iterations
concurrency   [  96% ] 50/50 VUs  7m11.9s/7m30.0s

running (7m13.0s), 50/50 VUs, 10244 complete and 0 interrupted iterations
concurrency   [  96% ] 50/50 VUs  7m12.9s/7m30.0s

running (7m14.0s), 50/50 VUs, 10299 complete and 0 interrupted iterations
concurrency   [  96% ] 50/50 VUs  7m13.9s/7m30.0s

running (7m15.0s), 50/50 VUs, 10360 complete and 0 interrupted iterations
concurrency   [  97% ] 50/50 VUs  7m14.9s/7m30.0s

running (7m16.0s), 50/50 VUs, 10412 complete and 0 interrupted iterations
concurrency   [  97% ] 50/50 VUs  7m15.9s/7m30.0s

running (7m17.0s), 50/50 VUs, 10457 complete and 0 interrupted iterations
concurrency   [  97% ] 50/50 VUs  7m16.9s/7m30.0s

running (7m18.0s), 50/50 VUs, 10507 complete and 0 interrupted iterations
concurrency   [  97% ] 50/50 VUs  7m17.9s/7m30.0s

running (7m19.0s), 50/50 VUs, 10565 complete and 0 interrupted iterations
concurrency   [  98% ] 50/50 VUs  7m18.9s/7m30.0s

running (7m20.0s), 50/50 VUs, 10618 complete and 0 interrupted iterations
concurrency   [  98% ] 50/50 VUs  7m19.9s/7m30.0s

running (7m21.0s), 50/50 VUs, 10675 complete and 0 interrupted iterations
concurrency   [  98% ] 50/50 VUs  7m20.9s/7m30.0s

running (7m22.0s), 50/50 VUs, 10737 complete and 0 interrupted iterations
concurrency   [  98% ] 50/50 VUs  7m21.9s/7m30.0s

running (7m23.0s), 50/50 VUs, 10804 complete and 0 interrupted iterations
concurrency   [  98% ] 50/50 VUs  7m22.9s/7m30.0s

running (7m24.0s), 50/50 VUs, 10859 complete and 0 interrupted iterations
concurrency   [  99% ] 50/50 VUs  7m23.9s/7m30.0s

running (7m25.0s), 50/50 VUs, 10911 complete and 0 interrupted iterations
concurrency   [  99% ] 50/50 VUs  7m24.9s/7m30.0s

running (7m26.0s), 50/50 VUs, 10966 complete and 0 interrupted iterations
concurrency   [  99% ] 50/50 VUs  7m25.9s/7m30.0s

running (7m27.0s), 50/50 VUs, 11019 complete and 0 interrupted iterations
concurrency   [  99% ] 50/50 VUs  7m26.9s/7m30.0s

running (7m28.0s), 50/50 VUs, 11073 complete and 0 interrupted iterations
concurrency   [ 100% ] 50/50 VUs  7m27.9s/7m30.0s

running (7m29.0s), 50/50 VUs, 11127 complete and 0 interrupted iterations
concurrency   [ 100% ] 50/50 VUs  7m28.9s/7m30.0s

running (7m30.0s), 50/50 VUs, 11179 complete and 0 interrupted iterations
concurrency   [ 100% ] 50/50 VUs  7m29.9s/7m30.0s

running (7m31.0s), 06/50 VUs, 11230 complete and 0 interrupted iterations
concurrency ↓ [ 100% ] 50/50 VUs  7m30s

================ DSP benchmark summary ================
-- per-phase latency --
  catalog                    p50=28.3 ms  p95=125.0 ms  p99=157.8 ms  max=207.8 ms  n=11236
  negotiation init (POST)    p50=12.9 ms  p95=52.8 ms  p99=68.5 ms  max=126.8 ms  n=11236
  time-to-AGREED (async)     p50=252.0 ms  p95=253.0 ms  p99=254.0 ms  max=264.0 ms  n=11236
  transfer init (POST)       p50=20.6 ms  p95=38.6 ms  p99=49.6 ms  max=111.8 ms  n=11236
  time-to-EDR (async)        p50=252.0 ms  p95=253.0 ms  p99=255.0 ms  max=263.0 ms  n=11236
  data pull                  p50=12.2 ms  p95=22.9 ms  p99=29.5 ms  max=85.3 ms  n=11236
-- end-to-end + throughput --
  e2e transaction            p50=847.0 ms  p95=983.3 ms  p99=1025.0 ms  max=1087.0 ms  n=11236
  data throughput (MB/s)     p50=0.0  p95=0.0  p99=0.0  max=0.1  n=11236
-- outcomes --
  transactions succeeded     count=11236  rate=24.913/s
  transactions failed        (no data)
  failed rate                rate=0.00%  (pass=0 fail=11236)
    of which TERMINATED      (no data)
    of which TIMED OUT       (no data)
    of which HTTP-FAILED     (no data)
  failure accounting       (no failures)
-- observer effect (poll load) --
  negotiation polls          count=22471  rate=49.824/s
  edr polls                  count=22472  rate=49.826/s
  polls per transaction     negotiation=2.0  edr=2.0  (timeout ceiling=120)
=======================================================
(full summary -> /home/rohitj/edc/benchmarking-dsp-native-basyx/k6-scripts/results/basyx/off/concurrency-closed/2026-08-11T20-13-24Z/k6-summary.json; POLL_INTERVAL_MS=250; IDENTITY_MODE=off)

running (7m31.0s), 00/50 VUs, 11236 complete and 0 interrupted iterations
concurrency ✓ [ 100% ] 00/50 VUs  7m30s
