2026-08-11T17:42:15.635Z  WARN 1 --- [BasyxStarterApp] [pool-7-thread-9] o.f.l.c.e.p.s.h.SendContractAgreedTask   : Error sending AGREED MESSAGE to http://consumer-controlplane:9020/dsp/negotiations/9521b4d1-c9c7-44a6-96f2-10179486cb03/agreement for 47492cab-e365-405c-a568-0cc0162012e0
2026-08-11T17:42:15.636Z  WARN 1 --- [BasyxStarterApp] [pool-7-thread-9] o.f.l.c.e.p.s.h.SendContractAgreedTask   : Status code: 500 INTERNAL_SERVER_ERROR
2026-08-11T17:42:15.638Z  WARN 1 --- [BasyxStarterApp] [pool-7-thread-9] o.f.l.c.e.p.s.h.SendContractAgreedTask   : Response from consumer
<html>
<head>
<meta http-equiv="Content-Type" content="text/html;charset=ISO-8859-1"/>
<title>Error 500 Internal Server Error</title>
</head>
<body>
<h2>HTTP ERROR 500 Internal Server Error</h2>
<table>
<tr><th>URI:</th><td>http://consumer-controlplane:9020/dsp/negotiations/9521b4d1-c9c7-44a6-96f2-10179486cb03/agreement</td></tr>
<tr><th>STATUS:</th><td>500</td></tr>
<tr><th>MESSAGE:</th><td>Internal Server Error</td></tr>
</table>

</body>
</html>

2026-08-11T17:42:15.638Z  WARN 1 --- [BasyxStarterApp] [pool-7-thread-9] o.f.l.c.e.p.s.h.SendContractAgreedTask   : As bytes: [60, 104, 116, 109, 108, 62, 10, 60, 104, 101, 97, 100, 62, 10, 60, 109, 101, 116, 97, 32, 104, 116, 116, 112, 45, 101, 113, 117, 105, 118, 61, 34, 67, 111, 110, 116, 101, 110, 116, 45, 84, 121, 112, 101, 34, 32, 99, 111, 110, 116, 101, 110, 116, 61, 34, 116, 101, 120, 116, 47, 104, 116, 109, 108, 59, 99, 104, 97, 114, 115, 101, 116, 61, 73, 83, 79, 45, 56, 56, 53, 57, 45, 49, 34, 47, 62, 10, 60, 116, 105, 116, 108, 101, 62, 69, 114, 114, 111, 114, 32, 53, 48, 48, 32, 73, 110, 116, 101, 114, 110, 97, 108, 32, 83, 101, 114, 118, 101, 114, 32, 69, 114, 114, 111, 114, 60, 47, 116, 105, 116, 108, 101, 62, 10, 60, 47, 104, 101, 97, 100, 62, 10, 60, 98, 111, 100, 121, 62, 10, 60, 104, 50, 62, 72, 84, 84, 80, 32, 69, 82, 82, 79, 82, 32, 53, 48, 48, 32, 73, 110, 116, 101, 114, 110, 97, 108, 32, 83, 101, 114, 118, 101, 114, 32, 69, 114, 114, 111, 114, 60, 47, 104, 50, 62, 10, 60, 116, 97, 98, 108, 101, 62, 10, 60, 116, 114, 62, 60, 116, 104, 62, 85, 82, 73, 58, 60, 47, 116, 104, 62, 60, 116, 100, 62, 104, 116, 116, 112, 58, 47, 47, 99, 111, 110, 115, 117, 109, 101, 114, 45, 99, 111, 110, 116, 114, 111, 108, 112, 108, 97, 110, 101, 58, 57, 48, 50, 48, 47, 100, 115, 112, 47, 110, 101, 103, 111, 116, 105, 97, 116, 105, 111, 110, 115, 47, 57, 53, 50, 49, 98, 52, 100, 49, 45, 99, 57, 99, 55, 45, 52, 52, 97, 54, 45, 57, 54, 102, 50, 45, 49, 48, 49, 55, 57, 52, 56, 54, 99, 98, 48, 51, 47, 97, 103, 114, 101, 101, 109, 101, 110, 116, 60, 47, 116, 100, 62, 60, 47, 116, 114, 62, 10, 60, 116, 114, 62, 60, 116, 104, 62, 83, 84, 65, 84, 85, 83, 58, 60, 47, 116, 104, 62, 60, 116, 100, 62, 53, 48, 48, 60, 47, 116, 100, 62, 60, 47, 116, 114, 62, 10, 60, 116, 114, 62, 60, 116, 104, 62, 77, 69, 83, 83, 65, 71, 69, 58, 60, 47, 116, 104, 62, 60, 116, 100, 62, 73, 110, 116, 101, 114, 110, 97, 108, 32, 83, 101, 114, 118, 101, 114, 32, 69, 114, 114, 111, 114, 60, 47, 116, 100, 62, 60, 47, 116, 114, 62, 10, 60, 47, 116, 97, 98, 108, 101, 62, 10, 10, 60, 47, 98, 111, 100, 121, 62, 10, 60, 47, 104, 116, 109, 108, 62, 10]
2026-08-11T17:42:15.639Z  WARN 1 --- [BasyxStarterApp] [pool-7-thread-9] o.f.l.c.e.p.s.h.SendContractAgreedTask   : Body: 
{
    "@context": {
        "@vocab": "https://w3id.org/edc/v0.0.1/ns/",
        "edc": "https://w3id.org/edc/v0.0.1/ns/",
        "dcat": "http://www.w3.org/ns/dcat#",
        "dct": "http://purl.org/dc/terms/",
        "odrl": "http://www.w3.org/ns/odrl/2/",
        "dspace": "https://w3id.org/dspace/v0.8/"
    },
    "@type": "dspace:ContractAgreementMessage",
    "dspace:consumerPid": "9521b4d1-c9c7-44a6-96f2-10179486cb03",
    "dspace:providerPid": "47492cab-e365-405c-a568-0cc0162012e0",
    "dspace:agreement": {
        "@type": "odrl:Agreement",
        "@id": "898d4608-6987-458f-a744-2f052b340530",
        "odrl:target": "e38a0f92-4ee8-436c-a535-0f9cdad4c3c8",
        "dspace:timestamp": "2026-08-11T17:42:15Z",
        "odrl:assignee": "did:web:consumer-idhub:user:consumer",
        "odrl:assigner": "did:web:provider-idhub:user:provider"
    },
    "dspace:callbackAddress": "http://dsp-native-basyx:8090/dsp"
}
2026-08-11T17:42:30.782Z  WARN 1 --- [BasyxStarterApp] [pool-7-thread-9] .f.l.c.e.p.s.h.SendContractFinalizedTask : Error sending FINALIZED MESSAGE to http://consumer-controlplane:9020/dsp/negotiations/92761f66-272f-4145-894b-1fa38a4b9eb5/events for 857b6bad-4e6c-4cc5-88c6-398ef597259d
2026-08-11T17:42:30.782Z  WARN 1 --- [BasyxStarterApp] [pool-7-thread-9] .f.l.c.e.p.s.h.SendContractFinalizedTask : Status code: 500 INTERNAL_SERVER_ERROR
2026-08-11T17:42:58.814Z  WARN 1 --- [BasyxStarterApp] [ool-7-thread-11] o.f.l.c.e.p.s.h.SendTransferStartedTask  : Error sending STARTED MESSAGE to http://consumer-controlplane:9020/dsp/transfers/b117a1aa-69b6-4487-b881-a0c6a3be6969/start for 2ae8ec08-4391-4958-a554-b4c532428156
2026-08-11T17:42:58.814Z  WARN 1 --- [BasyxStarterApp] [ool-7-thread-11] o.f.l.c.e.p.s.h.SendTransferStartedTask  : Status code: 500 INTERNAL_SERVER_ERROR
2026-08-11T17:42:58.814Z  WARN 1 --- [BasyxStarterApp] [ool-7-thread-11] o.f.l.c.e.p.s.h.SendTransferStartedTask  : Body: {"@context":{"@vocab":"https://w3id.org/edc/v0.0.1/ns/","edc":"https://w3id.org/edc/v0.0.1/ns/","dcat":"http://www.w3.org/ns/dcat#","dct":"http://purl.org/dc/terms/","odrl":"http://www.w3.org/ns/odrl/2/","dspace":"https://w3id.org/dspace/v0.8/"},"@type":"dspace:TransferStartMessage","dspace:consumerPid":"b117a1aa-69b6-4487-b881-a0c6a3be6969","dspace:providerPid":"2ae8ec08-4391-4958-a554-b4c532428156","dspace:dataAddress":{"@type":"dspace:DataAddress","dspace:endpointType":"https://w3id.org/idsa/v4.1/HTTP","dspace:endpoint":"http://dsp-native-basyx:8090/dsp/data-access/e38a0f92-4ee8-436c-a535-0f9cdad4c3c8","dspace:endpointProperties":[{"@type":"dspace:EndpointProperty","dspace:name":"authorization","dspace:value":"eyJhbGciOiJIUzI1NiJ9.eyJpc3MiOiJkaWQ6d2ViOnByb3ZpZGVyLWlkaHViOnVzZXI6cHJvdmlkZXIvc2luZ2xlQXNzZXRSZWFkT25seURhdGFBY2Nlc3NJc3N1ZXIiLCJleHAiOjE3ODY0NzA0NzgsImlhdCI6MTc4NjQ3MDE3OCwiZGFkIjoiaHR0cDovL2RzcC1uYXRpdmUtYmFzeXg6ODA5MC9kc3AvZGF0YS1hY2Nlc3MvZTM4YTBmOTItNGVlOC00MzZjLWE1MzUtMGY5Y2RhZDRjM2M4IiwiY2lkIjoiOTU1NGI2NDItYmFmYS00MTEwLWIwZTctZjEwNWQwODI0NTViIn0.uBv70Lc1LrYI10YqdtqpDlUC3FAGhTpQ0-b-CciWNaY"},{"@type":"dspace:EndpointProperty","dspace:name":"authType","dspace:value":"Bearer"},{"@type":"dspace:EndpointProperty","dspace:name":"https://w3id.org/edc/v0.0.1/ns/authorization","dspace:value":"eyJhbGciOiJIUzI1NiJ9.eyJpc3MiOiJkaWQ6d2ViOnByb3ZpZGVyLWlkaHViOnVzZXI6cHJvdmlkZXIvc2luZ2xlQXNzZXRSZWFkT25seURhdGFBY2Nlc3NJc3N1ZXIiLCJleHAiOjE3ODY0NzA0NzgsImlhdCI6MTc4NjQ3MDE3OCwiZGFkIjoiaHR0cDovL2RzcC1uYXRpdmUtYmFzeXg6ODA5MC9kc3AvZGF0YS1hY2Nlc3MvZTM4YTBmOTItNGVlOC00MzZjLWE1MzUtMGY5Y2RhZDRjM2M4IiwiY2lkIjoiOTU1NGI2NDItYmFmYS00MTEwLWIwZTctZjEwNWQwODI0NTViIn0.uBv70Lc1LrYI10YqdtqpDlUC3FAGhTpQ0-b-CciWNaY"},{"@type":"dspace:EndpointProperty","dspace:name":"https://w3id.org/edc/v0.0.1/ns/endpoint","dspace:value":"http://dsp-native-basyx:8090/dsp/data-access/e38a0f92-4ee8-436c-a535-0f9cdad4c3c8"},{"@type":"dspace:EndpointProperty","dspace:name":"https://w3id.org/edc/v0.0.1/ns/authType","dspace:value":"Bearer"},{"@type":"dspace:EndpointProperty","dspace:name":"https://w3id.org/edc/v0.0.1/ns/refreshToken","dspace:value":"eyJhbGciOiJIUzI1NiJ9.eyJpc3MiOiJkaWQ6d2ViOnByb3ZpZGVyLWlkaHViOnVzZXI6cHJvdmlkZXIvc2luZ2xlQXNzZXRSZWFkT25seURhdGFBY2Nlc3NJc3N1ZXIiLCJzdWIiOiJkaWQ6d2ViOmNvbnN1bWVyLWlkaHViOnVzZXI6Y29uc3VtZXIiLCJleHAiOjE3ODY0NzE5NzgsImlhdCI6MTc4NjQ3MDE3OCwidG9rZW4iOiJleUpoYkdjaU9pSklVekkxTmlKOS5leUpwYzNNaU9pSmthV1E2ZDJWaU9uQnliM1pwWkdWeUxXbGthSFZpT25WelpYSTZjSEp2ZG1sa1pYSXZjMmx1WjJ4bFFYTnpaWFJTWldGa1QyNXNlVVJoZEdGQlkyTmxjM05KYzNOMVpYSWlMQ0psZUhBaU9qRTNPRFkwTnpBME56Z3NJbWxoZENJNk1UYzROalEzTURFM09Dd2laR0ZrSWpvaWFIUjBjRG92TDJSemNDMXVZWFJwZG1VdFltRnplWGc2T0RBNU1DOWtjM0F2WkdGMFlTMWhZMk5sYzNNdlpUTTRZVEJtT1RJdE5HVmxPQzAwTXpaakxXRTFNelV0TUdZNVkyUmhaRFJqTTJNNElpd2lZMmxrSWpvaU9UVTFOR0kyTkRJdFltRm1ZUzAwTVRFd0xXSXdaVGN0WmpFd05XUXdPREkwTlRWaUluMC51QnY3MExjMUxyWUkxMFlxZHRxcERsVUMzRkFHaFRwUTAtYi1DY2lXTmFZIn0.HF1gRrNmKMZMwhAQFA9tvGQd2Cl3dSrRM4By4A7eAYU"},{"@type":"dspace:EndpointProperty","dspace:name":"https://w3id.org/edc/v0.0.1/ns/expiresIn","dspace:value":"300"},{"@type":"dspace:EndpointProperty","dspace:name":"https://w3id.org/edc/v0.0.1/ns/refreshEndpoint","dspace:value":"http://dsp-native-basyx:8090/dsp/authorization/refresh"}]}}
2026-08-11T17:43:19.340Z  WARN 1 --- [BasyxStarterApp] [ool-7-thread-19] o.f.l.c.e.p.s.h.SendTransferStartedTask  : Error sending STARTED MESSAGE to http://consumer-controlplane:9020/dsp/transfers/02d52001-3120-4de8-bf67-46e6402c8b5b/start for 88f1c602-6abb-4dca-aa5b-c89ff258ec96
2026-08-11T17:43:19.340Z  WARN 1 --- [BasyxStarterApp] [ool-7-thread-19] o.f.l.c.e.p.s.h.SendTransferStartedTask  : Status code: 500 INTERNAL_SERVER_ERROR
2026-08-11T17:43:19.340Z  WARN 1 --- [BasyxStarterApp] [ool-7-thread-19] o.f.l.c.e.p.s.h.SendTransferStartedTask  : Body: {"@context":{"@vocab":"https://w3id.org/edc/v0.0.1/ns/","edc":"https://w3id.org/edc/v0.0.1/ns/","dcat":"http://www.w3.org/ns/dcat#","dct":"http://purl.org/dc/terms/","odrl":"http://www.w3.org/ns/odrl/2/","dspace":"https://w3id.org/dspace/v0.8/"},"@type":"dspace:TransferStartMessage","dspace:consumerPid":"02d52001-3120-4de8-bf67-46e6402c8b5b","dspace:providerPid":"88f1c602-6abb-4dca-aa5b-c89ff258ec96","dspace:dataAddress":{"@type":"dspace:DataAddress","dspace:endpointType":"https://w3id.org/idsa/v4.1/HTTP","dspace:endpoint":"http://dsp-native-basyx:8090/dsp/data-access/e38a0f92-4ee8-436c-a535-0f9cdad4c3c8","dspace:endpointProperties":[{"@type":"dspace:EndpointProperty","dspace:name":"authorization","dspace:value":"eyJhbGciOiJIUzI1NiJ9.eyJpc3MiOiJkaWQ6d2ViOnByb3ZpZGVyLWlkaHViOnVzZXI6cHJvdmlkZXIvc2luZ2xlQXNzZXRSZWFkT25seURhdGFBY2Nlc3NJc3N1ZXIiLCJleHAiOjE3ODY0NzA0OTksImlhdCI6MTc4NjQ3MDE5OSwiZGFkIjoiaHR0cDovL2RzcC1uYXRpdmUtYmFzeXg6ODA5MC9kc3AvZGF0YS1hY2Nlc3MvZTM4YTBmOTItNGVlOC00MzZjLWE1MzUtMGY5Y2RhZDRjM2M4IiwiY2lkIjoiOTViNzA3MGMtNGZkYS00YjJhLTg0MGYtNWE2NTg0M2QxZTQ1In0.PyaMoG3VuXNQZ35spDmnTgeyBc73m9IRi81bNvOh0Hk"},{"@type":"dspace:EndpointProperty","dspace:name":"authType","dspace:value":"Bearer"},{"@type":"dspace:EndpointProperty","dspace:name":"https://w3id.org/edc/v0.0.1/ns/authorization","dspace:value":"eyJhbGciOiJIUzI1NiJ9.eyJpc3MiOiJkaWQ6d2ViOnByb3ZpZGVyLWlkaHViOnVzZXI6cHJvdmlkZXIvc2luZ2xlQXNzZXRSZWFkT25seURhdGFBY2Nlc3NJc3N1ZXIiLCJleHAiOjE3ODY0NzA0OTksImlhdCI6MTc4NjQ3MDE5OSwiZGFkIjoiaHR0cDovL2RzcC1uYXRpdmUtYmFzeXg6ODA5MC9kc3AvZGF0YS1hY2Nlc3MvZTM4YTBmOTItNGVlOC00MzZjLWE1MzUtMGY5Y2RhZDRjM2M4IiwiY2lkIjoiOTViNzA3MGMtNGZkYS00YjJhLTg0MGYtNWE2NTg0M2QxZTQ1In0.PyaMoG3VuXNQZ35spDmnTgeyBc73m9IRi81bNvOh0Hk"},{"@type":"dspace:EndpointProperty","dspace:name":"https://w3id.org/edc/v0.0.1/ns/endpoint","dspace:value":"http://dsp-native-basyx:8090/dsp/data-access/e38a0f92-4ee8-436c-a535-0f9cdad4c3c8"},{"@type":"dspace:EndpointProperty","dspace:name":"https://w3id.org/edc/v0.0.1/ns/authType","dspace:value":"Bearer"},{"@type":"dspace:EndpointProperty","dspace:name":"https://w3id.org/edc/v0.0.1/ns/refreshToken","dspace:value":"eyJhbGciOiJIUzI1NiJ9.eyJpc3MiOiJkaWQ6d2ViOnByb3ZpZGVyLWlkaHViOnVzZXI6cHJvdmlkZXIvc2luZ2xlQXNzZXRSZWFkT25seURhdGFBY2Nlc3NJc3N1ZXIiLCJzdWIiOiJkaWQ6d2ViOmNvbnN1bWVyLWlkaHViOnVzZXI6Y29uc3VtZXIiLCJleHAiOjE3ODY0NzE5OTksImlhdCI6MTc4NjQ3MDE5OSwidG9rZW4iOiJleUpoYkdjaU9pSklVekkxTmlKOS5leUpwYzNNaU9pSmthV1E2ZDJWaU9uQnliM1pwWkdWeUxXbGthSFZpT25WelpYSTZjSEp2ZG1sa1pYSXZjMmx1WjJ4bFFYTnpaWFJTWldGa1QyNXNlVVJoZEdGQlkyTmxjM05KYzNOMVpYSWlMQ0psZUhBaU9qRTNPRFkwTnpBME9Ua3NJbWxoZENJNk1UYzROalEzTURFNU9Td2laR0ZrSWpvaWFIUjBjRG92TDJSemNDMXVZWFJwZG1VdFltRnplWGc2T0RBNU1DOWtjM0F2WkdGMFlTMWhZMk5sYzNNdlpUTTRZVEJtT1RJdE5HVmxPQzAwTXpaakxXRTFNelV0TUdZNVkyUmhaRFJqTTJNNElpd2lZMmxrSWpvaU9UVmlOekEzTUdNdE5HWmtZUzAwWWpKaExUZzBNR1l0TldFMk5UZzBNMlF4WlRRMUluMC5QeWFNb0czVnVYTlFaMzVzcERtblRnZXlCYzczbTlJUmk4MWJOdk9oMEhrIn0.rdBWKvHFLTB_x8mq4nJ4-Xs7y-wqQn-xCnnWG3emLbc"},{"@type":"dspace:EndpointProperty","dspace:name":"https://w3id.org/edc/v0.0.1/ns/expiresIn","dspace:value":"300"},{"@type":"dspace:EndpointProperty","dspace:name":"https://w3id.org/edc/v0.0.1/ns/refreshEndpoint","dspace:value":"http://dsp-native-basyx:8090/dsp/authorization/refresh"}]}}
2026-08-11T17:43:31.063Z  WARN 1 --- [BasyxStarterApp] [pool-7-thread-9] o.f.l.c.e.p.s.h.SendContractAgreedTask   : Error sending AGREED MESSAGE to http://consumer-controlplane:9020/dsp/negotiations/008fb4aa-7ae4-4944-8b8c-f7517b09dff2/agreement for ba71b7a6-ff3f-4367-b3a1-6baeeec5d6fb
2026-08-11T17:43:31.064Z  WARN 1 --- [BasyxStarterApp] [pool-7-thread-9] o.f.l.c.e.p.s.h.SendContractAgreedTask   : Status code: 500 INTERNAL_SERVER_ERROR
2026-08-11T17:43:31.065Z  WARN 1 --- [BasyxStarterApp] [pool-7-thread-9] o.f.l.c.e.p.s.h.SendContractAgreedTask   : Response from consumer
<html>
<head>
<meta http-equiv="Content-Type" content="text/html;charset=ISO-8859-1"/>
<title>Error 500 Internal Server Error</title>
</head>
<body>
<h2>HTTP ERROR 500 Internal Server Error</h2>
<table>
<tr><th>URI:</th><td>http://consumer-controlplane:9020/dsp/negotiations/008fb4aa-7ae4-4944-8b8c-f7517b09dff2/agreement</td></tr>
<tr><th>STATUS:</th><td>500</td></tr>
<tr><th>MESSAGE:</th><td>Internal Server Error</td></tr>
</table>

</body>
</html>

2026-08-11T17:43:31.065Z  WARN 1 --- [BasyxStarterApp] [pool-7-thread-9] o.f.l.c.e.p.s.h.SendContractAgreedTask   : As bytes: [60, 104, 116, 109, 108, 62, 10, 60, 104, 101, 97, 100, 62, 10, 60, 109, 101, 116, 97, 32, 104, 116, 116, 112, 45, 101, 113, 117, 105, 118, 61, 34, 67, 111, 110, 116, 101, 110, 116, 45, 84, 121, 112, 101, 34, 32, 99, 111, 110, 116, 101, 110, 116, 61, 34, 116, 101, 120, 116, 47, 104, 116, 109, 108, 59, 99, 104, 97, 114, 115, 101, 116, 61, 73, 83, 79, 45, 56, 56, 53, 57, 45, 49, 34, 47, 62, 10, 60, 116, 105, 116, 108, 101, 62, 69, 114, 114, 111, 114, 32, 53, 48, 48, 32, 73, 110, 116, 101, 114, 110, 97, 108, 32, 83, 101, 114, 118, 101, 114, 32, 69, 114, 114, 111, 114, 60, 47, 116, 105, 116, 108, 101, 62, 10, 60, 47, 104, 101, 97, 100, 62, 10, 60, 98, 111, 100, 121, 62, 10, 60, 104, 50, 62, 72, 84, 84, 80, 32, 69, 82, 82, 79, 82, 32, 53, 48, 48, 32, 73, 110, 116, 101, 114, 110, 97, 108, 32, 83, 101, 114, 118, 101, 114, 32, 69, 114, 114, 111, 114, 60, 47, 104, 50, 62, 10, 60, 116, 97, 98, 108, 101, 62, 10, 60, 116, 114, 62, 60, 116, 104, 62, 85, 82, 73, 58, 60, 47, 116, 104, 62, 60, 116, 100, 62, 104, 116, 116, 112, 58, 47, 47, 99, 111, 110, 115, 117, 109, 101, 114, 45, 99, 111, 110, 116, 114, 111, 108, 112, 108, 97, 110, 101, 58, 57, 48, 50, 48, 47, 100, 115, 112, 47, 110, 101, 103, 111, 116, 105, 97, 116, 105, 111, 110, 115, 47, 48, 48, 56, 102, 98, 52, 97, 97, 45, 55, 97, 101, 52, 45, 52, 57, 52, 52, 45, 56, 98, 56, 99, 45, 102, 55, 53, 49, 55, 98, 48, 57, 100, 102, 102, 50, 47, 97, 103, 114, 101, 101, 109, 101, 110, 116, 60, 47, 116, 100, 62, 60, 47, 116, 114, 62, 10, 60, 116, 114, 62, 60, 116, 104, 62, 83, 84, 65, 84, 85, 83, 58, 60, 47, 116, 104, 62, 60, 116, 100, 62, 53, 48, 48, 60, 47, 116, 100, 62, 60, 47, 116, 114, 62, 10, 60, 116, 114, 62, 60, 116, 104, 62, 77, 69, 83, 83, 65, 71, 69, 58, 60, 47, 116, 104, 62, 60, 116, 100, 62, 73, 110, 116, 101, 114, 110, 97, 108, 32, 83, 101, 114, 118, 101, 114, 32, 69, 114, 114, 111, 114, 60, 47, 116, 100, 62, 60, 47, 116, 114, 62, 10, 60, 47, 116, 97, 98, 108, 101, 62, 10, 10, 60, 47, 98, 111, 100, 121, 62, 10, 60, 47, 104, 116, 109, 108, 62, 10]
2026-08-11T17:43:31.066Z  WARN 1 --- [BasyxStarterApp] [pool-7-thread-9] o.f.l.c.e.p.s.h.SendContractAgreedTask   : Body: 
{
    "@context": {
        "@vocab": "https://w3id.org/edc/v0.0.1/ns/",
        "edc": "https://w3id.org/edc/v0.0.1/ns/",
        "dcat": "http://www.w3.org/ns/dcat#",
        "dct": "http://purl.org/dc/terms/",
        "odrl": "http://www.w3.org/ns/odrl/2/",
        "dspace": "https://w3id.org/dspace/v0.8/"
    },
    "@type": "dspace:ContractAgreementMessage",
    "dspace:consumerPid": "008fb4aa-7ae4-4944-8b8c-f7517b09dff2",
    "dspace:providerPid": "ba71b7a6-ff3f-4367-b3a1-6baeeec5d6fb",
    "dspace:agreement": {
        "@type": "odrl:Agreement",
        "@id": "65d510bb-be11-454e-a549-a38c2e0c9c5a",
        "odrl:target": "e38a0f92-4ee8-436c-a535-0f9cdad4c3c8",
        "dspace:timestamp": "2026-08-11T17:43:31Z",
        "odrl:assignee": "did:web:consumer-idhub:user:consumer",
        "odrl:assigner": "did:web:provider-idhub:user:provider"
    },
    "dspace:callbackAddress": "http://dsp-native-basyx:8090/dsp"
}
2026-08-11T17:43:31.081Z  WARN 1 --- [BasyxStarterApp] [ool-7-thread-19] .f.l.c.e.p.s.h.SendContractFinalizedTask : Error sending FINALIZED MESSAGE to http://consumer-controlplane:9020/dsp/negotiations/0909e23d-321f-4d74-9b3c-0f7a612f929f/events for 40e07e16-4e75-4aa7-bf2c-fed85bf70fa3
2026-08-11T17:43:31.081Z  WARN 1 --- [BasyxStarterApp] [ool-7-thread-19] .f.l.c.e.p.s.h.SendContractFinalizedTask : Status code: 500 INTERNAL_SERVER_ERROR
2026-08-11T17:43:35.541Z  WARN 1 --- [BasyxStarterApp] [pool-7-thread-9] o.f.l.c.e.p.s.h.SendTransferStartedTask  : Error sending STARTED MESSAGE to http://consumer-controlplane:9020/dsp/transfers/60951ab4-125b-4922-87da-dc32360b5a73/start for 2d73dd7c-21aa-4a2d-b4f5-d5d11259b66e
2026-08-11T17:43:35.541Z  WARN 1 --- [BasyxStarterApp] [pool-7-thread-9] o.f.l.c.e.p.s.h.SendTransferStartedTask  : Status code: 500 INTERNAL_SERVER_ERROR
2026-08-11T17:43:35.541Z  WARN 1 --- [BasyxStarterApp] [pool-7-thread-9] o.f.l.c.e.p.s.h.SendTransferStartedTask  : Body: {"@context":{"@vocab":"https://w3id.org/edc/v0.0.1/ns/","edc":"https://w3id.org/edc/v0.0.1/ns/","dcat":"http://www.w3.org/ns/dcat#","dct":"http://purl.org/dc/terms/","odrl":"http://www.w3.org/ns/odrl/2/","dspace":"https://w3id.org/dspace/v0.8/"},"@type":"dspace:TransferStartMessage","dspace:consumerPid":"60951ab4-125b-4922-87da-dc32360b5a73","dspace:providerPid":"2d73dd7c-21aa-4a2d-b4f5-d5d11259b66e","dspace:dataAddress":{"@type":"dspace:DataAddress","dspace:endpointType":"https://w3id.org/idsa/v4.1/HTTP","dspace:endpoint":"http://dsp-native-basyx:8090/dsp/data-access/e38a0f92-4ee8-436c-a535-0f9cdad4c3c8","dspace:endpointProperties":[{"@type":"dspace:EndpointProperty","dspace:name":"authorization","dspace:value":"eyJhbGciOiJIUzI1NiJ9.eyJpc3MiOiJkaWQ6d2ViOnByb3ZpZGVyLWlkaHViOnVzZXI6cHJvdmlkZXIvc2luZ2xlQXNzZXRSZWFkT25seURhdGFBY2Nlc3NJc3N1ZXIiLCJleHAiOjE3ODY0NzA1MTUsImlhdCI6MTc4NjQ3MDIxNSwiZGFkIjoiaHR0cDovL2RzcC1uYXRpdmUtYmFzeXg6ODA5MC9kc3AvZGF0YS1hY2Nlc3MvZTM4YTBmOTItNGVlOC00MzZjLWE1MzUtMGY5Y2RhZDRjM2M4IiwiY2lkIjoiNDBjN2VjN2ItNjEyNy00ZmMzLWFkYjAtNjBkM2VmZDlmODQyIn0.-3FtYx4uaHeT2YcOZnPN20w4DsgznS6z7Tyi_Q3TaQU"},{"@type":"dspace:EndpointProperty","dspace:name":"authType","dspace:value":"Bearer"},{"@type":"dspace:EndpointProperty","dspace:name":"https://w3id.org/edc/v0.0.1/ns/authorization","dspace:value":"eyJhbGciOiJIUzI1NiJ9.eyJpc3MiOiJkaWQ6d2ViOnByb3ZpZGVyLWlkaHViOnVzZXI6cHJvdmlkZXIvc2luZ2xlQXNzZXRSZWFkT25seURhdGFBY2Nlc3NJc3N1ZXIiLCJleHAiOjE3ODY0NzA1MTUsImlhdCI6MTc4NjQ3MDIxNSwiZGFkIjoiaHR0cDovL2RzcC1uYXRpdmUtYmFzeXg6ODA5MC9kc3AvZGF0YS1hY2Nlc3MvZTM4YTBmOTItNGVlOC00MzZjLWE1MzUtMGY5Y2RhZDRjM2M4IiwiY2lkIjoiNDBjN2VjN2ItNjEyNy00ZmMzLWFkYjAtNjBkM2VmZDlmODQyIn0.-3FtYx4uaHeT2YcOZnPN20w4DsgznS6z7Tyi_Q3TaQU"},{"@type":"dspace:EndpointProperty","dspace:name":"https://w3id.org/edc/v0.0.1/ns/endpoint","dspace:value":"http://dsp-native-basyx:8090/dsp/data-access/e38a0f92-4ee8-436c-a535-0f9cdad4c3c8"},{"@type":"dspace:EndpointProperty","dspace:name":"https://w3id.org/edc/v0.0.1/ns/authType","dspace:value":"Bearer"},{"@type":"dspace:EndpointProperty","dspace:name":"https://w3id.org/edc/v0.0.1/ns/refreshToken","dspace:value":"eyJhbGciOiJIUzI1NiJ9.eyJpc3MiOiJkaWQ6d2ViOnByb3ZpZGVyLWlkaHViOnVzZXI6cHJvdmlkZXIvc2luZ2xlQXNzZXRSZWFkT25seURhdGFBY2Nlc3NJc3N1ZXIiLCJzdWIiOiJkaWQ6d2ViOmNvbnN1bWVyLWlkaHViOnVzZXI6Y29uc3VtZXIiLCJleHAiOjE3ODY0NzIwMTUsImlhdCI6MTc4NjQ3MDIxNSwidG9rZW4iOiJleUpoYkdjaU9pSklVekkxTmlKOS5leUpwYzNNaU9pSmthV1E2ZDJWaU9uQnliM1pwWkdWeUxXbGthSFZpT25WelpYSTZjSEp2ZG1sa1pYSXZjMmx1WjJ4bFFYTnpaWFJTWldGa1QyNXNlVVJoZEdGQlkyTmxjM05KYzNOMVpYSWlMQ0psZUhBaU9qRTNPRFkwTnpBMU1UVXNJbWxoZENJNk1UYzROalEzTURJeE5Td2laR0ZrSWpvaWFIUjBjRG92TDJSemNDMXVZWFJwZG1VdFltRnplWGc2T0RBNU1DOWtjM0F2WkdGMFlTMWhZMk5sYzNNdlpUTTRZVEJtT1RJdE5HVmxPQzAwTXpaakxXRTFNelV0TUdZNVkyUmhaRFJqTTJNNElpd2lZMmxrSWpvaU5EQmpOMlZqTjJJdE5qRXlOeTAwWm1NekxXRmtZakF0TmpCa00yVm1aRGxtT0RReUluMC4tM0Z0WXg0dWFIZVQyWWNPWm5QTjIwdzREc2d6blM2ejdUeWlfUTNUYVFVIn0.7D41XfEgknjvlFxJYeHJspjOkMH0hq5YkohgkgUbd2U"},{"@type":"dspace:EndpointProperty","dspace:name":"https://w3id.org/edc/v0.0.1/ns/expiresIn","dspace:value":"300"},{"@type":"dspace:EndpointProperty","dspace:name":"https://w3id.org/edc/v0.0.1/ns/refreshEndpoint","dspace:value":"http://dsp-native-basyx:8090/dsp/authorization/refresh"}]}}
2026-08-11T17:43:56.670Z  WARN 1 --- [BasyxStarterApp] [ool-7-thread-11] o.f.l.c.e.p.s.h.SendTransferStartedTask  : Error sending STARTED MESSAGE to http://consumer-controlplane:9020/dsp/transfers/1b15f8aa-1bc3-4f3e-a378-ea85147c9b0e/start for 54cb847c-56c3-45f8-80ca-9dc7a62228c6
2026-08-11T17:43:56.670Z  WARN 1 --- [BasyxStarterApp] [ool-7-thread-11] o.f.l.c.e.p.s.h.SendTransferStartedTask  : Status code: 500 INTERNAL_SERVER_ERROR
2026-08-11T17:43:56.670Z  WARN 1 --- [BasyxStarterApp] [ool-7-thread-11] o.f.l.c.e.p.s.h.SendTransferStartedTask  : Body: {"@context":{"@vocab":"https://w3id.org/edc/v0.0.1/ns/","edc":"https://w3id.org/edc/v0.0.1/ns/","dcat":"http://www.w3.org/ns/dcat#","dct":"http://purl.org/dc/terms/","odrl":"http://www.w3.org/ns/odrl/2/","dspace":"https://w3id.org/dspace/v0.8/"},"@type":"dspace:TransferStartMessage","dspace:consumerPid":"1b15f8aa-1bc3-4f3e-a378-ea85147c9b0e","dspace:providerPid":"54cb847c-56c3-45f8-80ca-9dc7a62228c6","dspace:dataAddress":{"@type":"dspace:DataAddress","dspace:endpointType":"https://w3id.org/idsa/v4.1/HTTP","dspace:endpoint":"http://dsp-native-basyx:8090/dsp/data-access/e38a0f92-4ee8-436c-a535-0f9cdad4c3c8","dspace:endpointProperties":[{"@type":"dspace:EndpointProperty","dspace:name":"authorization","dspace:value":"eyJhbGciOiJIUzI1NiJ9.eyJpc3MiOiJkaWQ6d2ViOnByb3ZpZGVyLWlkaHViOnVzZXI6cHJvdmlkZXIvc2luZ2xlQXNzZXRSZWFkT25seURhdGFBY2Nlc3NJc3N1ZXIiLCJleHAiOjE3ODY0NzA1MzYsImlhdCI6MTc4NjQ3MDIzNiwiZGFkIjoiaHR0cDovL2RzcC1uYXRpdmUtYmFzeXg6ODA5MC9kc3AvZGF0YS1hY2Nlc3MvZTM4YTBmOTItNGVlOC00MzZjLWE1MzUtMGY5Y2RhZDRjM2M4IiwiY2lkIjoiNGY4YjVjMjYtM2NhYS00YjkzLWIzOWQtMWQwOGVmZGI1YTlmIn0._UqBPot-TFOMmTjnRH7t7MKvkAcQv2_H7Ekf_55zKe4"},{"@type":"dspace:EndpointProperty","dspace:name":"authType","dspace:value":"Bearer"},{"@type":"dspace:EndpointProperty","dspace:name":"https://w3id.org/edc/v0.0.1/ns/authorization","dspace:value":"eyJhbGciOiJIUzI1NiJ9.eyJpc3MiOiJkaWQ6d2ViOnByb3ZpZGVyLWlkaHViOnVzZXI6cHJvdmlkZXIvc2luZ2xlQXNzZXRSZWFkT25seURhdGFBY2Nlc3NJc3N1ZXIiLCJleHAiOjE3ODY0NzA1MzYsImlhdCI6MTc4NjQ3MDIzNiwiZGFkIjoiaHR0cDovL2RzcC1uYXRpdmUtYmFzeXg6ODA5MC9kc3AvZGF0YS1hY2Nlc3MvZTM4YTBmOTItNGVlOC00MzZjLWE1MzUtMGY5Y2RhZDRjM2M4IiwiY2lkIjoiNGY4YjVjMjYtM2NhYS00YjkzLWIzOWQtMWQwOGVmZGI1YTlmIn0._UqBPot-TFOMmTjnRH7t7MKvkAcQv2_H7Ekf_55zKe4"},{"@type":"dspace:EndpointProperty","dspace:name":"https://w3id.org/edc/v0.0.1/ns/endpoint","dspace:value":"http://dsp-native-basyx:8090/dsp/data-access/e38a0f92-4ee8-436c-a535-0f9cdad4c3c8"},{"@type":"dspace:EndpointProperty","dspace:name":"https://w3id.org/edc/v0.0.1/ns/authType","dspace:value":"Bearer"},{"@type":"dspace:EndpointProperty","dspace:name":"https://w3id.org/edc/v0.0.1/ns/refreshToken","dspace:value":"eyJhbGciOiJIUzI1NiJ9.eyJpc3MiOiJkaWQ6d2ViOnByb3ZpZGVyLWlkaHViOnVzZXI6cHJvdmlkZXIvc2luZ2xlQXNzZXRSZWFkT25seURhdGFBY2Nlc3NJc3N1ZXIiLCJzdWIiOiJkaWQ6d2ViOmNvbnN1bWVyLWlkaHViOnVzZXI6Y29uc3VtZXIiLCJleHAiOjE3ODY0NzIwMzYsImlhdCI6MTc4NjQ3MDIzNiwidG9rZW4iOiJleUpoYkdjaU9pSklVekkxTmlKOS5leUpwYzNNaU9pSmthV1E2ZDJWaU9uQnliM1pwWkdWeUxXbGthSFZpT25WelpYSTZjSEp2ZG1sa1pYSXZjMmx1WjJ4bFFYTnpaWFJTWldGa1QyNXNlVVJoZEdGQlkyTmxjM05KYzNOMVpYSWlMQ0psZUhBaU9qRTNPRFkwTnpBMU16WXNJbWxoZENJNk1UYzROalEzTURJek5pd2laR0ZrSWpvaWFIUjBjRG92TDJSemNDMXVZWFJwZG1VdFltRnplWGc2T0RBNU1DOWtjM0F2WkdGMFlTMWhZMk5sYzNNdlpUTTRZVEJtT1RJdE5HVmxPQzAwTXpaakxXRTFNelV0TUdZNVkyUmhaRFJqTTJNNElpd2lZMmxrSWpvaU5HWTRZalZqTWpZdE0yTmhZUzAwWWprekxXSXpPV1F0TVdRd09HVm1aR0kxWVRsbUluMC5fVXFCUG90LVRGT01tVGpuUkg3dDdNS3ZrQWNRdjJfSDdFa2ZfNTV6S2U0In0.jYsWh6v4caQrLagszTZg0rSJAG_qJEbs5c7jnSEr6rI"},{"@type":"dspace:EndpointProperty","dspace:name":"https://w3id.org/edc/v0.0.1/ns/expiresIn","dspace:value":"300"},{"@type":"dspace:EndpointProperty","dspace:name":"https://w3id.org/edc/v0.0.1/ns/refreshEndpoint","dspace:value":"http://dsp-native-basyx:8090/dsp/authorization/refresh"}]}}
2026-08-11T17:44:43.759Z  WARN 1 --- [BasyxStarterApp] [ool-7-thread-11] .f.l.c.e.p.s.h.SendContractFinalizedTask : Error sending FINALIZED MESSAGE to http://consumer-controlplane:9020/dsp/negotiations/38d8a589-1791-4f22-a52d-353fde9bb79b/events for de4025b2-670d-4c58-8ff0-11b6d75c9cf9
2026-08-11T17:44:43.760Z  WARN 1 --- [BasyxStarterApp] [ool-7-thread-11] .f.l.c.e.p.s.h.SendContractFinalizedTask : Status code: 500 INTERNAL_SERVER_ERROR
2026-08-11T17:44:43.823Z  WARN 1 --- [BasyxStarterApp] [pool-7-thread-9] o.f.l.c.e.p.s.h.SendTransferStartedTask  : Error sending STARTED MESSAGE to http://consumer-controlplane:9020/dsp/transfers/b2017bc7-15b3-4c08-82ab-725041b224e5/start for 25b75e3c-a3d9-4bed-83ed-065d9a64a89e
2026-08-11T17:44:43.823Z  WARN 1 --- [BasyxStarterApp] [pool-7-thread-9] o.f.l.c.e.p.s.h.SendTransferStartedTask  : Status code: 500 INTERNAL_SERVER_ERROR
2026-08-11T17:44:43.823Z  WARN 1 --- [BasyxStarterApp] [pool-7-thread-9] o.f.l.c.e.p.s.h.SendTransferStartedTask  : Body: {"@context":{"@vocab":"https://w3id.org/edc/v0.0.1/ns/","edc":"https://w3id.org/edc/v0.0.1/ns/","dcat":"http://www.w3.org/ns/dcat#","dct":"http://purl.org/dc/terms/","odrl":"http://www.w3.org/ns/odrl/2/","dspace":"https://w3id.org/dspace/v0.8/"},"@type":"dspace:TransferStartMessage","dspace:consumerPid":"b2017bc7-15b3-4c08-82ab-725041b224e5","dspace:providerPid":"25b75e3c-a3d9-4bed-83ed-065d9a64a89e","dspace:dataAddress":{"@type":"dspace:DataAddress","dspace:endpointType":"https://w3id.org/idsa/v4.1/HTTP","dspace:endpoint":"http://dsp-native-basyx:8090/dsp/data-access/e38a0f92-4ee8-436c-a535-0f9cdad4c3c8","dspace:endpointProperties":[{"@type":"dspace:EndpointProperty","dspace:name":"authorization","dspace:value":"eyJhbGciOiJIUzI1NiJ9.eyJpc3MiOiJkaWQ6d2ViOnByb3ZpZGVyLWlkaHViOnVzZXI6cHJvdmlkZXIvc2luZ2xlQXNzZXRSZWFkT25seURhdGFBY2Nlc3NJc3N1ZXIiLCJleHAiOjE3ODY0NzA1ODMsImlhdCI6MTc4NjQ3MDI4MywiZGFkIjoiaHR0cDovL2RzcC1uYXRpdmUtYmFzeXg6ODA5MC9kc3AvZGF0YS1hY2Nlc3MvZTM4YTBmOTItNGVlOC00MzZjLWE1MzUtMGY5Y2RhZDRjM2M4IiwiY2lkIjoiZjNkZmYzZmQtYTUxMC00YjQyLTliMWQtOWI3OWY4OWE0ZWM0In0.tSceut0vYLKzD6gudKhQZGUWo0DPAgT1nxBwzKorRWA"},{"@type":"dspace:EndpointProperty","dspace:name":"authType","dspace:value":"Bearer"},{"@type":"dspace:EndpointProperty","dspace:name":"https://w3id.org/edc/v0.0.1/ns/authorization","dspace:value":"eyJhbGciOiJIUzI1NiJ9.eyJpc3MiOiJkaWQ6d2ViOnByb3ZpZGVyLWlkaHViOnVzZXI6cHJvdmlkZXIvc2luZ2xlQXNzZXRSZWFkT25seURhdGFBY2Nlc3NJc3N1ZXIiLCJleHAiOjE3ODY0NzA1ODMsImlhdCI6MTc4NjQ3MDI4MywiZGFkIjoiaHR0cDovL2RzcC1uYXRpdmUtYmFzeXg6ODA5MC9kc3AvZGF0YS1hY2Nlc3MvZTM4YTBmOTItNGVlOC00MzZjLWE1MzUtMGY5Y2RhZDRjM2M4IiwiY2lkIjoiZjNkZmYzZmQtYTUxMC00YjQyLTliMWQtOWI3OWY4OWE0ZWM0In0.tSceut0vYLKzD6gudKhQZGUWo0DPAgT1nxBwzKorRWA"},{"@type":"dspace:EndpointProperty","dspace:name":"https://w3id.org/edc/v0.0.1/ns/endpoint","dspace:value":"http://dsp-native-basyx:8090/dsp/data-access/e38a0f92-4ee8-436c-a535-0f9cdad4c3c8"},{"@type":"dspace:EndpointProperty","dspace:name":"https://w3id.org/edc/v0.0.1/ns/authType","dspace:value":"Bearer"},{"@type":"dspace:EndpointProperty","dspace:name":"https://w3id.org/edc/v0.0.1/ns/refreshToken","dspace:value":"eyJhbGciOiJIUzI1NiJ9.eyJpc3MiOiJkaWQ6d2ViOnByb3ZpZGVyLWlkaHViOnVzZXI6cHJvdmlkZXIvc2luZ2xlQXNzZXRSZWFkT25seURhdGFBY2Nlc3NJc3N1ZXIiLCJzdWIiOiJkaWQ6d2ViOmNvbnN1bWVyLWlkaHViOnVzZXI6Y29uc3VtZXIiLCJleHAiOjE3ODY0NzIwODMsImlhdCI6MTc4NjQ3MDI4MywidG9rZW4iOiJleUpoYkdjaU9pSklVekkxTmlKOS5leUpwYzNNaU9pSmthV1E2ZDJWaU9uQnliM1pwWkdWeUxXbGthSFZpT25WelpYSTZjSEp2ZG1sa1pYSXZjMmx1WjJ4bFFYTnpaWFJTWldGa1QyNXNlVVJoZEdGQlkyTmxjM05KYzNOMVpYSWlMQ0psZUhBaU9qRTNPRFkwTnpBMU9ETXNJbWxoZENJNk1UYzROalEzTURJNE15d2laR0ZrSWpvaWFIUjBjRG92TDJSemNDMXVZWFJwZG1VdFltRnplWGc2T0RBNU1DOWtjM0F2WkdGMFlTMWhZMk5sYzNNdlpUTTRZVEJtT1RJdE5HVmxPQzAwTXpaakxXRTFNelV0TUdZNVkyUmhaRFJqTTJNNElpd2lZMmxrSWpvaVpqTmtabVl6Wm1RdFlUVXhNQzAwWWpReUxUbGlNV1F0T1dJM09XWTRPV0UwWldNMEluMC50U2NldXQwdllMS3pENmd1ZEtoUVpHVVdvMERQQWdUMW54Qnd6S29yUldBIn0.3RoJfAXvAZFQhefasm1dGea1tIBD3Hc5f6Hd82IOAjY"},{"@type":"dspace:EndpointProperty","dspace:name":"https://w3id.org/edc/v0.0.1/ns/expiresIn","dspace:value":"300"},{"@type":"dspace:EndpointProperty","dspace:name":"https://w3id.org/edc/v0.0.1/ns/refreshEndpoint","dspace:value":"http://dsp-native-basyx:8090/dsp/authorization/refresh"}]}}
