
         /\      Grafana   /‾‾/  
    /\  /  \     |\  __   /  /   
   /  \/    \    | |/ /  /   ‾‾\ 
  /          \   |   (  |  (‾)  |
 / __________ \  |_|\_\  \_____/ 


     execution: local
        script: /home/rohitj/edc/benchmarking-dsp-native-basyx/k6-scripts/basyx-off/smoke.js
        output: Prometheus remote write (http://localhost:9090/api/v1/write)

     scenarios: (100.00%) 1 scenario, 1 max VUs, 5m30s max duration (incl. graceful stop):
              * smoke: 5 iterations for each of 1 VUs (maxDuration: 5m0s, gracefulStop: 30s)

time="2026-08-11T19:17:00Z" level=info msg="seed: {\"seeded\":true,\"status\":409,\"shellId\":\"e38a0f92-4ee8-436c-a535-0f9cdad4c3c8\"}" source=console

running (0m01.0s), 1/1 VUs, 0 complete and 0 interrupted iterations
smoke   [   0% ] 1 VUs  0m00.8s/5m0s  0/5 iters, 5 per VU

running (0m02.0s), 1/1 VUs, 2 complete and 0 interrupted iterations
smoke   [  40% ] 1 VUs  0m01.8s/5m0s  2/5 iters, 5 per VU

running (0m03.0s), 1/1 VUs, 3 complete and 0 interrupted iterations
smoke   [  60% ] 1 VUs  0m02.8s/5m0s  3/5 iters, 5 per VU

running (0m04.0s), 1/1 VUs, 4 complete and 0 interrupted iterations
smoke   [  80% ] 1 VUs  0m03.8s/5m0s  4/5 iters, 5 per VU

================ DSP benchmark summary ================
-- per-phase latency --
  catalog                    p50=23.0 ms  p95=34.6 ms  p99=36.8 ms  max=37.4 ms  n=5
  negotiation init (POST)    p50=15.3 ms  p95=15.9 ms  p99=16.0 ms  max=16.0 ms  n=5
  time-to-AGREED (async)     p50=253.0 ms  p95=254.0 ms  p99=254.0 ms  max=254.0 ms  n=5
  transfer init (POST)       p50=15.5 ms  p95=16.5 ms  p99=16.6 ms  max=16.7 ms  n=5
  time-to-EDR (async)        p50=253.0 ms  p95=253.8 ms  p99=254.0 ms  max=254.0 ms  n=5
  data pull                  p50=8.1 ms  p95=8.8 ms  p99=8.8 ms  max=8.8 ms  n=5
-- end-to-end + throughput --
  e2e transaction            p50=835.0 ms  p95=847.0 ms  p99=848.6 ms  max=849.0 ms  n=5
  data throughput (MB/s)     p50=0.0  p95=0.0  p99=0.0  max=0.0  n=5
-- outcomes --
  transactions succeeded     count=5  rate=1.142/s
  transactions failed        (no data)
  failed rate                rate=0.00%  (pass=0 fail=5)
    of which TERMINATED      (no data)
    of which TIMED OUT       (no data)
    of which HTTP-FAILED     (no data)
  failure accounting       (no failures)
-- observer effect (poll load) --
  negotiation polls          count=10  rate=2.285/s
  edr polls                  count=10  rate=2.285/s
  polls per transaction     negotiation=2.0  edr=2.0  (timeout ceiling=120)
=======================================================
(full summary -> /home/rohitj/edc/benchmarking-dsp-native-basyx/k6-scripts/results/basyx/off/smoke/2026-08-11T19-15-35Z/k6-summary.json; POLL_INTERVAL_MS=250; IDENTITY_MODE=off)

running (0m04.4s), 0/1 VUs, 5 complete and 0 interrupted iterations
smoke ✓ [ 100% ] 1 VUs  0m04.2s/5m0s  5/5 iters, 5 per VU
