ERROR 2026-08-11T17:21:11.174068995 JerseyExtension: Unexpected exception caught
org.eclipse.edc.spi.EdcException: Entity is currently leased!
	at org.eclipse.edc.transaction.local.LocalTransactionContext.execute(LocalTransactionContext.java:81)
	at org.eclipse.edc.transaction.local.LocalTransactionContext.execute(LocalTransactionContext.java:56)
	at org.eclipse.edc.sql.lease.SqlLeaseContext.acquireLease(SqlLeaseContext.java:76)
	at org.eclipse.edc.connector.controlplane.store.sql.contractnegotiation.store.SqlContractNegotiationStore.lambda$findByIdAndLease$3(SqlContractNegotiationStore.java:110)
	at org.eclipse.edc.transaction.local.LocalTransactionContext.execute(LocalTransactionContext.java:74)
	at org.eclipse.edc.connector.controlplane.store.sql.contractnegotiation.store.SqlContractNegotiationStore.findByIdAndLease(SqlContractNegotiationStore.java:103)
	at org.eclipse.edc.connector.controlplane.services.contractnegotiation.ContractNegotiationProtocolServiceImpl.getAndLeaseNegotiation(ContractNegotiationProtocolServiceImpl.java:356)
	at org.eclipse.edc.connector.controlplane.services.contractnegotiation.ContractNegotiationProtocolServiceImpl.onMessageDo(ContractNegotiationProtocolServiceImpl.java:215)
	at org.eclipse.edc.connector.controlplane.services.contractnegotiation.ContractNegotiationProtocolServiceImpl.lambda$notifyAgreed$20(ContractNegotiationProtocolServiceImpl.java:165)
	at org.eclipse.edc.spi.result.AbstractResult.compose(AbstractResult.java:185)
	at org.eclipse.edc.connector.controlplane.services.contractnegotiation.ContractNegotiationProtocolServiceImpl.lambda$notifyAgreed$21(ContractNegotiationProtocolServiceImpl.java:165)
	at org.eclipse.edc.transaction.local.LocalTransactionContext.execute(LocalTransactionContext.java:74)
	at org.eclipse.edc.connector.controlplane.services.contractnegotiation.ContractNegotiationProtocolServiceImpl.notifyAgreed(ContractNegotiationProtocolServiceImpl.java:162)
	at org.eclipse.edc.protocol.dsp.http.message.DspRequestHandlerImpl.updateResource(DspRequestHandlerImpl.java:204)
	at org.eclipse.edc.protocol.dsp.negotiation.http.api.controller.BaseDspNegotiationApiController.createAgreement(BaseDspNegotiationApiController.java:294)
	at java.base/jdk.internal.reflect.DirectMethodHandleAccessor.invoke(Unknown Source)
	at java.base/java.lang.reflect.Method.invoke(Unknown Source)
	at org.glassfish.jersey.server.model.internal.ResourceMethodInvocationHandlerFactory.lambda$static$0(ResourceMethodInvocationHandlerFactory.java:52)
	at org.glassfish.jersey.server.model.internal.AbstractJavaResourceMethodDispatcher$1.run(AbstractJavaResourceMethodDispatcher.java:146)
	at org.glassfish.jersey.server.model.internal.AbstractJavaResourceMethodDispatcher.invoke(AbstractJavaResourceMethodDispatcher.java:189)
	at org.glassfish.jersey.server.model.internal.JavaResourceMethodDispatcherProvider$ResponseOutInvoker.doDispatch(JavaResourceMethodDispatcherProvider.java:176)
	at org.glassfish.jersey.server.model.internal.AbstractJavaResourceMethodDispatcher.dispatch(AbstractJavaResourceMethodDispatcher.java:93)
	at org.glassfish.jersey.server.model.ResourceMethodInvoker.invoke(ResourceMethodInvoker.java:478)
	at org.glassfish.jersey.server.model.ResourceMethodInvoker.apply(ResourceMethodInvoker.java:400)
	at org.glassfish.jersey.server.model.ResourceMethodInvoker.apply(ResourceMethodInvoker.java:81)
	at org.glassfish.jersey.server.ServerRuntime$1.run(ServerRuntime.java:274)
	at org.glassfish.jersey.internal.Errors$1.call(Errors.java:248)
	at org.glassfish.jersey.internal.Errors$1.call(Errors.java:244)
	at org.glassfish.jersey.internal.Errors.process(Errors.java:292)
	at org.glassfish.jersey.internal.Errors.process(Errors.java:274)
	at org.glassfish.jersey.internal.Errors.process(Errors.java:244)
	at org.glassfish.jersey.process.internal.RequestScope.runInScope(RequestScope.java:266)
	at org.glassfish.jersey.server.ServerRuntime.process(ServerRuntime.java:253)
	at org.glassfish.jersey.server.ApplicationHandler.handle(ApplicationHandler.java:696)
	at org.glassfish.jersey.servlet.WebComponent.serviceImpl(WebComponent.java:397)
	at org.glassfish.jersey.servlet.WebComponent.service(WebComponent.java:349)
	at org.glassfish.jersey.servlet.ServletContainer.service(ServletContainer.java:358)
	at org.glassfish.jersey.servlet.ServletContainer.service(ServletContainer.java:312)
	at org.glassfish.jersey.servlet.ServletContainer.service(ServletContainer.java:205)
	at org.eclipse.jetty.ee10.servlet.ServletHolder.handle(ServletHolder.java:736)
	at org.eclipse.jetty.ee10.servlet.ServletHandler$ChainEnd.doFilter(ServletHandler.java:1622)
	at org.eclipse.jetty.ee10.servlet.ServletHandler$MappedServlet.handle(ServletHandler.java:1555)
	at org.eclipse.jetty.ee10.servlet.ServletChannel.dispatch(ServletChannel.java:823)
	at org.eclipse.jetty.ee10.servlet.ServletChannel.handle(ServletChannel.java:440)
	at org.eclipse.jetty.ee10.servlet.ServletHandler.handle(ServletHandler.java:470)
	at org.eclipse.jetty.server.handler.ContextHandler.handle(ContextHandler.java:1071)
	at org.eclipse.jetty.server.handler.ContextHandlerCollection.handle(ContextHandlerCollection.java:181)
	at org.eclipse.jetty.server.Server.handle(Server.java:182)
	at org.eclipse.jetty.server.internal.HttpChannelState$HandlerInvoker.run(HttpChannelState.java:678)
	at org.eclipse.jetty.server.internal.HttpConnection.onFillable(HttpConnection.java:416)
	at org.eclipse.jetty.io.AbstractConnection$ReadCallback.succeeded(AbstractConnection.java:322)
	at org.eclipse.jetty.io.FillInterest.fillable(FillInterest.java:99)
	at org.eclipse.jetty.io.SelectableChannelEndPoint$1.run(SelectableChannelEndPoint.java:53)
	at org.eclipse.jetty.util.thread.strategy.AdaptiveExecutionStrategy.runTask(AdaptiveExecutionStrategy.java:480)
	at org.eclipse.jetty.util.thread.strategy.AdaptiveExecutionStrategy.consumeTask(AdaptiveExecutionStrategy.java:443)
	at org.eclipse.jetty.util.thread.strategy.AdaptiveExecutionStrategy.tryProduce(AdaptiveExecutionStrategy.java:293)
	at org.eclipse.jetty.util.thread.strategy.AdaptiveExecutionStrategy.run(AdaptiveExecutionStrategy.java:201)
	at org.eclipse.jetty.util.thread.ReservedThreadExecutor$ReservedThread.run(ReservedThreadExecutor.java:311)
	at org.eclipse.jetty.util.thread.QueuedThreadPool.runJob(QueuedThreadPool.java:981)
	at org.eclipse.jetty.util.thread.QueuedThreadPool$Runner.doRunJob(QueuedThreadPool.java:1211)
	at org.eclipse.jetty.util.thread.QueuedThreadPool$Runner.run(QueuedThreadPool.java:1166)
	at java.base/java.lang.Thread.run(Unknown Source)
Caused by: java.lang.IllegalStateException: Entity is currently leased!
	at org.eclipse.edc.sql.lease.SqlLeaseContext.lambda$acquireLease$1(SqlLeaseContext.java:82)
	at org.eclipse.edc.transaction.local.LocalTransactionContext.lambda$execute$0(LocalTransactionContext.java:57)
	at org.eclipse.edc.transaction.local.LocalTransactionContext.execute(LocalTransactionContext.java:74)
	... 61 more
ERROR 2026-08-11T17:21:28.498314115 JerseyExtension: Unexpected exception caught
org.eclipse.edc.spi.EdcException: Entity is currently leased!
	at org.eclipse.edc.transaction.local.LocalTransactionContext.execute(LocalTransactionContext.java:81)
	at org.eclipse.edc.transaction.local.LocalTransactionContext.execute(LocalTransactionContext.java:56)
	at org.eclipse.edc.sql.lease.SqlLeaseContext.acquireLease(SqlLeaseContext.java:76)
	at org.eclipse.edc.connector.controlplane.store.sql.contractnegotiation.store.SqlContractNegotiationStore.lambda$findByIdAndLease$3(SqlContractNegotiationStore.java:110)
	at org.eclipse.edc.transaction.local.LocalTransactionContext.execute(LocalTransactionContext.java:74)
	at org.eclipse.edc.connector.controlplane.store.sql.contractnegotiation.store.SqlContractNegotiationStore.findByIdAndLease(SqlContractNegotiationStore.java:103)
	at org.eclipse.edc.connector.controlplane.services.contractnegotiation.ContractNegotiationProtocolServiceImpl.getAndLeaseNegotiation(ContractNegotiationProtocolServiceImpl.java:356)
	at org.eclipse.edc.connector.controlplane.services.contractnegotiation.ContractNegotiationProtocolServiceImpl.onMessageDo(ContractNegotiationProtocolServiceImpl.java:215)
	at org.eclipse.edc.connector.controlplane.services.contractnegotiation.ContractNegotiationProtocolServiceImpl.lambda$notifyAgreed$20(ContractNegotiationProtocolServiceImpl.java:165)
	at org.eclipse.edc.spi.result.AbstractResult.compose(AbstractResult.java:185)
	at org.eclipse.edc.connector.controlplane.services.contractnegotiation.ContractNegotiationProtocolServiceImpl.lambda$notifyAgreed$21(ContractNegotiationProtocolServiceImpl.java:165)
	at org.eclipse.edc.transaction.local.LocalTransactionContext.execute(LocalTransactionContext.java:74)
	at org.eclipse.edc.connector.controlplane.services.contractnegotiation.ContractNegotiationProtocolServiceImpl.notifyAgreed(ContractNegotiationProtocolServiceImpl.java:162)
	at org.eclipse.edc.protocol.dsp.http.message.DspRequestHandlerImpl.updateResource(DspRequestHandlerImpl.java:204)
	at org.eclipse.edc.protocol.dsp.negotiation.http.api.controller.BaseDspNegotiationApiController.createAgreement(BaseDspNegotiationApiController.java:294)
	at java.base/jdk.internal.reflect.DirectMethodHandleAccessor.invoke(Unknown Source)
	at java.base/java.lang.reflect.Method.invoke(Unknown Source)
	at org.glassfish.jersey.server.model.internal.ResourceMethodInvocationHandlerFactory.lambda$static$0(ResourceMethodInvocationHandlerFactory.java:52)
	at org.glassfish.jersey.server.model.internal.AbstractJavaResourceMethodDispatcher$1.run(AbstractJavaResourceMethodDispatcher.java:146)
	at org.glassfish.jersey.server.model.internal.AbstractJavaResourceMethodDispatcher.invoke(AbstractJavaResourceMethodDispatcher.java:189)
	at org.glassfish.jersey.server.model.internal.JavaResourceMethodDispatcherProvider$ResponseOutInvoker.doDispatch(JavaResourceMethodDispatcherProvider.java:176)
	at org.glassfish.jersey.server.model.internal.AbstractJavaResourceMethodDispatcher.dispatch(AbstractJavaResourceMethodDispatcher.java:93)
	at org.glassfish.jersey.server.model.ResourceMethodInvoker.invoke(ResourceMethodInvoker.java:478)
	at org.glassfish.jersey.server.model.ResourceMethodInvoker.apply(ResourceMethodInvoker.java:400)
	at org.glassfish.jersey.server.model.ResourceMethodInvoker.apply(ResourceMethodInvoker.java:81)
	at org.glassfish.jersey.server.ServerRuntime$1.run(ServerRuntime.java:274)
	at org.glassfish.jersey.internal.Errors$1.call(Errors.java:248)
	at org.glassfish.jersey.internal.Errors$1.call(Errors.java:244)
	at org.glassfish.jersey.internal.Errors.process(Errors.java:292)
	at org.glassfish.jersey.internal.Errors.process(Errors.java:274)
	at org.glassfish.jersey.internal.Errors.process(Errors.java:244)
	at org.glassfish.jersey.process.internal.RequestScope.runInScope(RequestScope.java:266)
	at org.glassfish.jersey.server.ServerRuntime.process(ServerRuntime.java:253)
	at org.glassfish.jersey.server.ApplicationHandler.handle(ApplicationHandler.java:696)
	at org.glassfish.jersey.servlet.WebComponent.serviceImpl(WebComponent.java:397)
	at org.glassfish.jersey.servlet.WebComponent.service(WebComponent.java:349)
	at org.glassfish.jersey.servlet.ServletContainer.service(ServletContainer.java:358)
	at org.glassfish.jersey.servlet.ServletContainer.service(ServletContainer.java:312)
	at org.glassfish.jersey.servlet.ServletContainer.service(ServletContainer.java:205)
	at org.eclipse.jetty.ee10.servlet.ServletHolder.handle(ServletHolder.java:736)
	at org.eclipse.jetty.ee10.servlet.ServletHandler$ChainEnd.doFilter(ServletHandler.java:1622)
	at org.eclipse.jetty.ee10.servlet.ServletHandler$MappedServlet.handle(ServletHandler.java:1555)
	at org.eclipse.jetty.ee10.servlet.ServletChannel.dispatch(ServletChannel.java:823)
	at org.eclipse.jetty.ee10.servlet.ServletChannel.handle(ServletChannel.java:440)
	at org.eclipse.jetty.ee10.servlet.ServletHandler.handle(ServletHandler.java:470)
	at org.eclipse.jetty.server.handler.ContextHandler.handle(ContextHandler.java:1071)
	at org.eclipse.jetty.server.handler.ContextHandlerCollection.handle(ContextHandlerCollection.java:181)
	at org.eclipse.jetty.server.Server.handle(Server.java:182)
	at org.eclipse.jetty.server.internal.HttpChannelState$HandlerInvoker.run(HttpChannelState.java:678)
	at org.eclipse.jetty.server.internal.HttpConnection.onFillable(HttpConnection.java:416)
	at org.eclipse.jetty.io.AbstractConnection$ReadCallback.succeeded(AbstractConnection.java:322)
	at org.eclipse.jetty.io.FillInterest.fillable(FillInterest.java:99)
	at org.eclipse.jetty.io.SelectableChannelEndPoint$1.run(SelectableChannelEndPoint.java:53)
	at org.eclipse.jetty.util.thread.strategy.AdaptiveExecutionStrategy.runTask(AdaptiveExecutionStrategy.java:480)
	at org.eclipse.jetty.util.thread.strategy.AdaptiveExecutionStrategy.consumeTask(AdaptiveExecutionStrategy.java:443)
	at org.eclipse.jetty.util.thread.strategy.AdaptiveExecutionStrategy.tryProduce(AdaptiveExecutionStrategy.java:293)
	at org.eclipse.jetty.util.thread.strategy.AdaptiveExecutionStrategy.run(AdaptiveExecutionStrategy.java:201)
	at org.eclipse.jetty.util.thread.ReservedThreadExecutor$ReservedThread.run(ReservedThreadExecutor.java:311)
	at org.eclipse.jetty.util.thread.QueuedThreadPool.runJob(QueuedThreadPool.java:981)
	at org.eclipse.jetty.util.thread.QueuedThreadPool$Runner.doRunJob(QueuedThreadPool.java:1211)
	at org.eclipse.jetty.util.thread.QueuedThreadPool$Runner.run(QueuedThreadPool.java:1166)
	at java.base/java.lang.Thread.run(Unknown Source)
Caused by: java.lang.IllegalStateException: Entity is currently leased!
	at org.eclipse.edc.sql.lease.SqlLeaseContext.lambda$acquireLease$1(SqlLeaseContext.java:82)
	at org.eclipse.edc.transaction.local.LocalTransactionContext.lambda$execute$0(LocalTransactionContext.java:57)
	at org.eclipse.edc.transaction.local.LocalTransactionContext.execute(LocalTransactionContext.java:74)
	... 61 more
ERROR 2026-08-11T17:21:46.992157544 JerseyExtension: Unexpected exception caught
org.eclipse.edc.spi.EdcException: Entity is currently leased!
	at org.eclipse.edc.transaction.local.LocalTransactionContext.execute(LocalTransactionContext.java:81)
	at org.eclipse.edc.transaction.local.LocalTransactionContext.execute(LocalTransactionContext.java:56)
	at org.eclipse.edc.sql.lease.SqlLeaseContext.acquireLease(SqlLeaseContext.java:76)
	at org.eclipse.edc.connector.controlplane.store.sql.transferprocess.store.SqlTransferProcessStore.lambda$findByIdAndLease$3(SqlTransferProcessStore.java:114)
	at org.eclipse.edc.transaction.local.LocalTransactionContext.execute(LocalTransactionContext.java:74)
	at org.eclipse.edc.connector.controlplane.store.sql.transferprocess.store.SqlTransferProcessStore.findByIdAndLease(SqlTransferProcessStore.java:107)
	at org.eclipse.edc.connector.controlplane.services.transferprocess.TransferProcessProtocolServiceImpl.findAndLease(TransferProcessProtocolServiceImpl.java:315)
	at org.eclipse.edc.connector.controlplane.services.transferprocess.TransferProcessProtocolServiceImpl.onMessageDo(TransferProcessProtocolServiceImpl.java:291)
	at org.eclipse.edc.connector.controlplane.services.transferprocess.TransferProcessProtocolServiceImpl.lambda$notifyStarted$7(TransferProcessProtocolServiceImpl.java:107)
	at org.eclipse.edc.spi.result.AbstractResult.compose(AbstractResult.java:185)
	at org.eclipse.edc.connector.controlplane.services.transferprocess.TransferProcessProtocolServiceImpl.lambda$notifyStarted$8(TransferProcessProtocolServiceImpl.java:107)
	at org.eclipse.edc.transaction.local.LocalTransactionContext.execute(LocalTransactionContext.java:74)
	at org.eclipse.edc.connector.controlplane.services.transferprocess.TransferProcessProtocolServiceImpl.notifyStarted(TransferProcessProtocolServiceImpl.java:105)
	at org.eclipse.edc.protocol.dsp.http.message.DspRequestHandlerImpl.updateResource(DspRequestHandlerImpl.java:204)
	at org.eclipse.edc.protocol.dsp.transferprocess.http.api.controller.BaseDspTransferProcessApiController.transferProcessStart(BaseDspTransferProcessApiController.java:130)
	at java.base/jdk.internal.reflect.DirectMethodHandleAccessor.invoke(Unknown Source)
	at java.base/java.lang.reflect.Method.invoke(Unknown Source)
	at org.glassfish.jersey.server.model.internal.ResourceMethodInvocationHandlerFactory.lambda$static$0(ResourceMethodInvocationHandlerFactory.java:52)
	at org.glassfish.jersey.server.model.internal.AbstractJavaResourceMethodDispatcher$1.run(AbstractJavaResourceMethodDispatcher.java:146)
	at org.glassfish.jersey.server.model.internal.AbstractJavaResourceMethodDispatcher.invoke(AbstractJavaResourceMethodDispatcher.java:189)
	at org.glassfish.jersey.server.model.internal.JavaResourceMethodDispatcherProvider$ResponseOutInvoker.doDispatch(JavaResourceMethodDispatcherProvider.java:176)
	at org.glassfish.jersey.server.model.internal.AbstractJavaResourceMethodDispatcher.dispatch(AbstractJavaResourceMethodDispatcher.java:93)
	at org.glassfish.jersey.server.model.ResourceMethodInvoker.invoke(ResourceMethodInvoker.java:478)
	at org.glassfish.jersey.server.model.ResourceMethodInvoker.apply(ResourceMethodInvoker.java:400)
	at org.glassfish.jersey.server.model.ResourceMethodInvoker.apply(ResourceMethodInvoker.java:81)
	at org.glassfish.jersey.server.ServerRuntime$1.run(ServerRuntime.java:274)
	at org.glassfish.jersey.internal.Errors$1.call(Errors.java:248)
	at org.glassfish.jersey.internal.Errors$1.call(Errors.java:244)
	at org.glassfish.jersey.internal.Errors.process(Errors.java:292)
	at org.glassfish.jersey.internal.Errors.process(Errors.java:274)
	at org.glassfish.jersey.internal.Errors.process(Errors.java:244)
	at org.glassfish.jersey.process.internal.RequestScope.runInScope(RequestScope.java:266)
	at org.glassfish.jersey.server.ServerRuntime.process(ServerRuntime.java:253)
	at org.glassfish.jersey.server.ApplicationHandler.handle(ApplicationHandler.java:696)
	at org.glassfish.jersey.servlet.WebComponent.serviceImpl(WebComponent.java:397)
	at org.glassfish.jersey.servlet.WebComponent.service(WebComponent.java:349)
	at org.glassfish.jersey.servlet.ServletContainer.service(ServletContainer.java:358)
	at org.glassfish.jersey.servlet.ServletContainer.service(ServletContainer.java:312)
	at org.glassfish.jersey.servlet.ServletContainer.service(ServletContainer.java:205)
	at org.eclipse.jetty.ee10.servlet.ServletHolder.handle(ServletHolder.java:736)
	at org.eclipse.jetty.ee10.servlet.ServletHandler$ChainEnd.doFilter(ServletHandler.java:1622)
	at org.eclipse.jetty.ee10.servlet.ServletHandler$MappedServlet.handle(ServletHandler.java:1555)
	at org.eclipse.jetty.ee10.servlet.ServletChannel.dispatch(ServletChannel.java:823)
	at org.eclipse.jetty.ee10.servlet.ServletChannel.handle(ServletChannel.java:440)
	at org.eclipse.jetty.ee10.servlet.ServletHandler.handle(ServletHandler.java:470)
	at org.eclipse.jetty.server.handler.ContextHandler.handle(ContextHandler.java:1071)
	at org.eclipse.jetty.server.handler.ContextHandlerCollection.handle(ContextHandlerCollection.java:181)
	at org.eclipse.jetty.server.Server.handle(Server.java:182)
	at org.eclipse.jetty.server.internal.HttpChannelState$HandlerInvoker.run(HttpChannelState.java:678)
	at org.eclipse.jetty.server.internal.HttpConnection.onFillable(HttpConnection.java:416)
	at org.eclipse.jetty.io.AbstractConnection$ReadCallback.succeeded(AbstractConnection.java:322)
	at org.eclipse.jetty.io.FillInterest.fillable(FillInterest.java:99)
	at org.eclipse.jetty.io.SelectableChannelEndPoint$1.run(SelectableChannelEndPoint.java:53)
	at org.eclipse.jetty.util.thread.strategy.AdaptiveExecutionStrategy.runTask(AdaptiveExecutionStrategy.java:480)
	at org.eclipse.jetty.util.thread.strategy.AdaptiveExecutionStrategy.consumeTask(AdaptiveExecutionStrategy.java:443)
	at org.eclipse.jetty.util.thread.strategy.AdaptiveExecutionStrategy.tryProduce(AdaptiveExecutionStrategy.java:293)
	at org.eclipse.jetty.util.thread.strategy.AdaptiveExecutionStrategy.run(AdaptiveExecutionStrategy.java:201)
	at org.eclipse.jetty.util.thread.ReservedThreadExecutor$ReservedThread.run(ReservedThreadExecutor.java:311)
	at org.eclipse.jetty.util.thread.QueuedThreadPool.runJob(QueuedThreadPool.java:981)
	at org.eclipse.jetty.util.thread.QueuedThreadPool$Runner.doRunJob(QueuedThreadPool.java:1211)
	at org.eclipse.jetty.util.thread.QueuedThreadPool$Runner.run(QueuedThreadPool.java:1166)
	at java.base/java.lang.Thread.run(Unknown Source)
Caused by: java.lang.IllegalStateException: Entity is currently leased!
	at org.eclipse.edc.sql.lease.SqlLeaseContext.lambda$acquireLease$1(SqlLeaseContext.java:82)
	at org.eclipse.edc.transaction.local.LocalTransactionContext.lambda$execute$0(LocalTransactionContext.java:57)
	at org.eclipse.edc.transaction.local.LocalTransactionContext.execute(LocalTransactionContext.java:74)
	... 61 more
ERROR 2026-08-11T17:22:59.049077181 JerseyExtension: Unexpected exception caught
org.eclipse.edc.spi.EdcException: Entity is currently leased!
	at org.eclipse.edc.transaction.local.LocalTransactionContext.execute(LocalTransactionContext.java:81)
	at org.eclipse.edc.transaction.local.LocalTransactionContext.execute(LocalTransactionContext.java:56)
	at org.eclipse.edc.sql.lease.SqlLeaseContext.acquireLease(SqlLeaseContext.java:76)
	at org.eclipse.edc.connector.controlplane.store.sql.contractnegotiation.store.SqlContractNegotiationStore.lambda$findByIdAndLease$3(SqlContractNegotiationStore.java:110)
	at org.eclipse.edc.transaction.local.LocalTransactionContext.execute(LocalTransactionContext.java:74)
	at org.eclipse.edc.connector.controlplane.store.sql.contractnegotiation.store.SqlContractNegotiationStore.findByIdAndLease(SqlContractNegotiationStore.java:103)
	at org.eclipse.edc.connector.controlplane.services.contractnegotiation.ContractNegotiationProtocolServiceImpl.getAndLeaseNegotiation(ContractNegotiationProtocolServiceImpl.java:356)
	at org.eclipse.edc.connector.controlplane.services.contractnegotiation.ContractNegotiationProtocolServiceImpl.onMessageDo(ContractNegotiationProtocolServiceImpl.java:215)
	at org.eclipse.edc.connector.controlplane.services.contractnegotiation.ContractNegotiationProtocolServiceImpl.lambda$notifyAgreed$20(ContractNegotiationProtocolServiceImpl.java:165)
	at org.eclipse.edc.spi.result.AbstractResult.compose(AbstractResult.java:185)
	at org.eclipse.edc.connector.controlplane.services.contractnegotiation.ContractNegotiationProtocolServiceImpl.lambda$notifyAgreed$21(ContractNegotiationProtocolServiceImpl.java:165)
	at org.eclipse.edc.transaction.local.LocalTransactionContext.execute(LocalTransactionContext.java:74)
	at org.eclipse.edc.connector.controlplane.services.contractnegotiation.ContractNegotiationProtocolServiceImpl.notifyAgreed(ContractNegotiationProtocolServiceImpl.java:162)
	at org.eclipse.edc.protocol.dsp.http.message.DspRequestHandlerImpl.updateResource(DspRequestHandlerImpl.java:204)
	at org.eclipse.edc.protocol.dsp.negotiation.http.api.controller.BaseDspNegotiationApiController.createAgreement(BaseDspNegotiationApiController.java:294)
	at java.base/jdk.internal.reflect.DirectMethodHandleAccessor.invoke(Unknown Source)
	at java.base/java.lang.reflect.Method.invoke(Unknown Source)
	at org.glassfish.jersey.server.model.internal.ResourceMethodInvocationHandlerFactory.lambda$static$0(ResourceMethodInvocationHandlerFactory.java:52)
	at org.glassfish.jersey.server.model.internal.AbstractJavaResourceMethodDispatcher$1.run(AbstractJavaResourceMethodDispatcher.java:146)
	at org.glassfish.jersey.server.model.internal.AbstractJavaResourceMethodDispatcher.invoke(AbstractJavaResourceMethodDispatcher.java:189)
	at org.glassfish.jersey.server.model.internal.JavaResourceMethodDispatcherProvider$ResponseOutInvoker.doDispatch(JavaResourceMethodDispatcherProvider.java:176)
	at org.glassfish.jersey.server.model.internal.AbstractJavaResourceMethodDispatcher.dispatch(AbstractJavaResourceMethodDispatcher.java:93)
	at org.glassfish.jersey.server.model.ResourceMethodInvoker.invoke(ResourceMethodInvoker.java:478)
	at org.glassfish.jersey.server.model.ResourceMethodInvoker.apply(ResourceMethodInvoker.java:400)
	at org.glassfish.jersey.server.model.ResourceMethodInvoker.apply(ResourceMethodInvoker.java:81)
	at org.glassfish.jersey.server.ServerRuntime$1.run(ServerRuntime.java:274)
	at org.glassfish.jersey.internal.Errors$1.call(Errors.java:248)
	at org.glassfish.jersey.internal.Errors$1.call(Errors.java:244)
	at org.glassfish.jersey.internal.Errors.process(Errors.java:292)
	at org.glassfish.jersey.internal.Errors.process(Errors.java:274)
	at org.glassfish.jersey.internal.Errors.process(Errors.java:244)
	at org.glassfish.jersey.process.internal.RequestScope.runInScope(RequestScope.java:266)
	at org.glassfish.jersey.server.ServerRuntime.process(ServerRuntime.java:253)
	at org.glassfish.jersey.server.ApplicationHandler.handle(ApplicationHandler.java:696)
	at org.glassfish.jersey.servlet.WebComponent.serviceImpl(WebComponent.java:397)
	at org.glassfish.jersey.servlet.WebComponent.service(WebComponent.java:349)
	at org.glassfish.jersey.servlet.ServletContainer.service(ServletContainer.java:358)
	at org.glassfish.jersey.servlet.ServletContainer.service(ServletContainer.java:312)
	at org.glassfish.jersey.servlet.ServletContainer.service(ServletContainer.java:205)
	at org.eclipse.jetty.ee10.servlet.ServletHolder.handle(ServletHolder.java:736)
	at org.eclipse.jetty.ee10.servlet.ServletHandler$ChainEnd.doFilter(ServletHandler.java:1622)
	at org.eclipse.jetty.ee10.servlet.ServletHandler$MappedServlet.handle(ServletHandler.java:1555)
	at org.eclipse.jetty.ee10.servlet.ServletChannel.dispatch(ServletChannel.java:823)
	at org.eclipse.jetty.ee10.servlet.ServletChannel.handle(ServletChannel.java:440)
	at org.eclipse.jetty.ee10.servlet.ServletHandler.handle(ServletHandler.java:470)
	at org.eclipse.jetty.server.handler.ContextHandler.handle(ContextHandler.java:1071)
	at org.eclipse.jetty.server.handler.ContextHandlerCollection.handle(ContextHandlerCollection.java:181)
	at org.eclipse.jetty.server.Server.handle(Server.java:182)
	at org.eclipse.jetty.server.internal.HttpChannelState$HandlerInvoker.run(HttpChannelState.java:678)
	at org.eclipse.jetty.server.internal.HttpConnection.onFillable(HttpConnection.java:416)
	at org.eclipse.jetty.io.AbstractConnection$ReadCallback.succeeded(AbstractConnection.java:322)
	at org.eclipse.jetty.io.FillInterest.fillable(FillInterest.java:99)
	at org.eclipse.jetty.io.SelectableChannelEndPoint$1.run(SelectableChannelEndPoint.java:53)
	at org.eclipse.jetty.util.thread.strategy.AdaptiveExecutionStrategy.runTask(AdaptiveExecutionStrategy.java:480)
	at org.eclipse.jetty.util.thread.strategy.AdaptiveExecutionStrategy.consumeTask(AdaptiveExecutionStrategy.java:443)
	at org.eclipse.jetty.util.thread.strategy.AdaptiveExecutionStrategy.tryProduce(AdaptiveExecutionStrategy.java:293)
	at org.eclipse.jetty.util.thread.strategy.AdaptiveExecutionStrategy.run(AdaptiveExecutionStrategy.java:201)
	at org.eclipse.jetty.util.thread.ReservedThreadExecutor$ReservedThread.run(ReservedThreadExecutor.java:311)
	at org.eclipse.jetty.util.thread.QueuedThreadPool.runJob(QueuedThreadPool.java:981)
	at org.eclipse.jetty.util.thread.QueuedThreadPool$Runner.doRunJob(QueuedThreadPool.java:1211)
	at org.eclipse.jetty.util.thread.QueuedThreadPool$Runner.run(QueuedThreadPool.java:1166)
	at java.base/java.lang.Thread.run(Unknown Source)
Caused by: java.lang.IllegalStateException: Entity is currently leased!
	at org.eclipse.edc.sql.lease.SqlLeaseContext.lambda$acquireLease$1(SqlLeaseContext.java:82)
	at org.eclipse.edc.transaction.local.LocalTransactionContext.lambda$execute$0(LocalTransactionContext.java:57)
	at org.eclipse.edc.transaction.local.LocalTransactionContext.execute(LocalTransactionContext.java:74)
	... 61 more
ERROR 2026-08-11T17:23:02.237995623 JerseyExtension: Unexpected exception caught
org.eclipse.edc.spi.EdcException: Entity is currently leased!
	at org.eclipse.edc.transaction.local.LocalTransactionContext.execute(LocalTransactionContext.java:81)
	at org.eclipse.edc.transaction.local.LocalTransactionContext.execute(LocalTransactionContext.java:56)
	at org.eclipse.edc.sql.lease.SqlLeaseContext.acquireLease(SqlLeaseContext.java:76)
	at org.eclipse.edc.connector.controlplane.store.sql.contractnegotiation.store.SqlContractNegotiationStore.lambda$findByIdAndLease$3(SqlContractNegotiationStore.java:110)
	at org.eclipse.edc.transaction.local.LocalTransactionContext.execute(LocalTransactionContext.java:74)
	at org.eclipse.edc.connector.controlplane.store.sql.contractnegotiation.store.SqlContractNegotiationStore.findByIdAndLease(SqlContractNegotiationStore.java:103)
	at org.eclipse.edc.connector.controlplane.services.contractnegotiation.ContractNegotiationProtocolServiceImpl.getAndLeaseNegotiation(ContractNegotiationProtocolServiceImpl.java:356)
	at org.eclipse.edc.connector.controlplane.services.contractnegotiation.ContractNegotiationProtocolServiceImpl.onMessageDo(ContractNegotiationProtocolServiceImpl.java:215)
	at org.eclipse.edc.connector.controlplane.services.contractnegotiation.ContractNegotiationProtocolServiceImpl.lambda$notifyAgreed$20(ContractNegotiationProtocolServiceImpl.java:165)
	at org.eclipse.edc.spi.result.AbstractResult.compose(AbstractResult.java:185)
	at org.eclipse.edc.connector.controlplane.services.contractnegotiation.ContractNegotiationProtocolServiceImpl.lambda$notifyAgreed$21(ContractNegotiationProtocolServiceImpl.java:165)
	at org.eclipse.edc.transaction.local.LocalTransactionContext.execute(LocalTransactionContext.java:74)
	at org.eclipse.edc.connector.controlplane.services.contractnegotiation.ContractNegotiationProtocolServiceImpl.notifyAgreed(ContractNegotiationProtocolServiceImpl.java:162)
	at org.eclipse.edc.protocol.dsp.http.message.DspRequestHandlerImpl.updateResource(DspRequestHandlerImpl.java:204)
	at org.eclipse.edc.protocol.dsp.negotiation.http.api.controller.BaseDspNegotiationApiController.createAgreement(BaseDspNegotiationApiController.java:294)
	at java.base/jdk.internal.reflect.DirectMethodHandleAccessor.invoke(Unknown Source)
	at java.base/java.lang.reflect.Method.invoke(Unknown Source)
	at org.glassfish.jersey.server.model.internal.ResourceMethodInvocationHandlerFactory.lambda$static$0(ResourceMethodInvocationHandlerFactory.java:52)
	at org.glassfish.jersey.server.model.internal.AbstractJavaResourceMethodDispatcher$1.run(AbstractJavaResourceMethodDispatcher.java:146)
	at org.glassfish.jersey.server.model.internal.AbstractJavaResourceMethodDispatcher.invoke(AbstractJavaResourceMethodDispatcher.java:189)
	at org.glassfish.jersey.server.model.internal.JavaResourceMethodDispatcherProvider$ResponseOutInvoker.doDispatch(JavaResourceMethodDispatcherProvider.java:176)
	at org.glassfish.jersey.server.model.internal.AbstractJavaResourceMethodDispatcher.dispatch(AbstractJavaResourceMethodDispatcher.java:93)
	at org.glassfish.jersey.server.model.ResourceMethodInvoker.invoke(ResourceMethodInvoker.java:478)
	at org.glassfish.jersey.server.model.ResourceMethodInvoker.apply(ResourceMethodInvoker.java:400)
	at org.glassfish.jersey.server.model.ResourceMethodInvoker.apply(ResourceMethodInvoker.java:81)
	at org.glassfish.jersey.server.ServerRuntime$1.run(ServerRuntime.java:274)
	at org.glassfish.jersey.internal.Errors$1.call(Errors.java:248)
	at org.glassfish.jersey.internal.Errors$1.call(Errors.java:244)
	at org.glassfish.jersey.internal.Errors.process(Errors.java:292)
	at org.glassfish.jersey.internal.Errors.process(Errors.java:274)
	at org.glassfish.jersey.internal.Errors.process(Errors.java:244)
	at org.glassfish.jersey.process.internal.RequestScope.runInScope(RequestScope.java:266)
	at org.glassfish.jersey.server.ServerRuntime.process(ServerRuntime.java:253)
	at org.glassfish.jersey.server.ApplicationHandler.handle(ApplicationHandler.java:696)
	at org.glassfish.jersey.servlet.WebComponent.serviceImpl(WebComponent.java:397)
	at org.glassfish.jersey.servlet.WebComponent.service(WebComponent.java:349)
	at org.glassfish.jersey.servlet.ServletContainer.service(ServletContainer.java:358)
	at org.glassfish.jersey.servlet.ServletContainer.service(ServletContainer.java:312)
	at org.glassfish.jersey.servlet.ServletContainer.service(ServletContainer.java:205)
	at org.eclipse.jetty.ee10.servlet.ServletHolder.handle(ServletHolder.java:736)
	at org.eclipse.jetty.ee10.servlet.ServletHandler$ChainEnd.doFilter(ServletHandler.java:1622)
	at org.eclipse.jetty.ee10.servlet.ServletHandler$MappedServlet.handle(ServletHandler.java:1555)
	at org.eclipse.jetty.ee10.servlet.ServletChannel.dispatch(ServletChannel.java:823)
	at org.eclipse.jetty.ee10.servlet.ServletChannel.handle(ServletChannel.java:440)
	at org.eclipse.jetty.ee10.servlet.ServletHandler.handle(ServletHandler.java:470)
	at org.eclipse.jetty.server.handler.ContextHandler.handle(ContextHandler.java:1071)
	at org.eclipse.jetty.server.handler.ContextHandlerCollection.handle(ContextHandlerCollection.java:181)
	at org.eclipse.jetty.server.Server.handle(Server.java:182)
	at org.eclipse.jetty.server.internal.HttpChannelState$HandlerInvoker.run(HttpChannelState.java:678)
	at org.eclipse.jetty.server.internal.HttpConnection.onFillable(HttpConnection.java:416)
	at org.eclipse.jetty.io.AbstractConnection$ReadCallback.succeeded(AbstractConnection.java:322)
	at org.eclipse.jetty.io.FillInterest.fillable(FillInterest.java:99)
	at org.eclipse.jetty.io.SelectableChannelEndPoint$1.run(SelectableChannelEndPoint.java:53)
	at org.eclipse.jetty.util.thread.strategy.AdaptiveExecutionStrategy.runTask(AdaptiveExecutionStrategy.java:480)
	at org.eclipse.jetty.util.thread.strategy.AdaptiveExecutionStrategy.consumeTask(AdaptiveExecutionStrategy.java:443)
	at org.eclipse.jetty.util.thread.strategy.AdaptiveExecutionStrategy.tryProduce(AdaptiveExecutionStrategy.java:293)
	at org.eclipse.jetty.util.thread.strategy.AdaptiveExecutionStrategy.run(AdaptiveExecutionStrategy.java:201)
	at org.eclipse.jetty.util.thread.ReservedThreadExecutor$ReservedThread.run(ReservedThreadExecutor.java:311)
	at org.eclipse.jetty.util.thread.QueuedThreadPool.runJob(QueuedThreadPool.java:981)
	at org.eclipse.jetty.util.thread.QueuedThreadPool$Runner.doRunJob(QueuedThreadPool.java:1211)
	at org.eclipse.jetty.util.thread.QueuedThreadPool$Runner.run(QueuedThreadPool.java:1166)
	at java.base/java.lang.Thread.run(Unknown Source)
Caused by: java.lang.IllegalStateException: Entity is currently leased!
	at org.eclipse.edc.sql.lease.SqlLeaseContext.lambda$acquireLease$1(SqlLeaseContext.java:82)
	at org.eclipse.edc.transaction.local.LocalTransactionContext.lambda$execute$0(LocalTransactionContext.java:57)
	at org.eclipse.edc.transaction.local.LocalTransactionContext.execute(LocalTransactionContext.java:74)
	... 61 more
ERROR 2026-08-11T17:23:05.449301741 JerseyExtension: Unexpected exception caught
org.eclipse.edc.spi.EdcException: Entity is currently leased!
	at org.eclipse.edc.transaction.local.LocalTransactionContext.execute(LocalTransactionContext.java:81)
	at org.eclipse.edc.transaction.local.LocalTransactionContext.execute(LocalTransactionContext.java:56)
	at org.eclipse.edc.sql.lease.SqlLeaseContext.acquireLease(SqlLeaseContext.java:76)
	at org.eclipse.edc.connector.controlplane.store.sql.contractnegotiation.store.SqlContractNegotiationStore.lambda$findByIdAndLease$3(SqlContractNegotiationStore.java:110)
	at org.eclipse.edc.transaction.local.LocalTransactionContext.execute(LocalTransactionContext.java:74)
	at org.eclipse.edc.connector.controlplane.store.sql.contractnegotiation.store.SqlContractNegotiationStore.findByIdAndLease(SqlContractNegotiationStore.java:103)
	at org.eclipse.edc.connector.controlplane.services.contractnegotiation.ContractNegotiationProtocolServiceImpl.getAndLeaseNegotiation(ContractNegotiationProtocolServiceImpl.java:356)
	at org.eclipse.edc.connector.controlplane.services.contractnegotiation.ContractNegotiationProtocolServiceImpl.onMessageDo(ContractNegotiationProtocolServiceImpl.java:215)
	at org.eclipse.edc.connector.controlplane.services.contractnegotiation.ContractNegotiationProtocolServiceImpl.lambda$notifyAgreed$20(ContractNegotiationProtocolServiceImpl.java:165)
	at org.eclipse.edc.spi.result.AbstractResult.compose(AbstractResult.java:185)
	at org.eclipse.edc.connector.controlplane.services.contractnegotiation.ContractNegotiationProtocolServiceImpl.lambda$notifyAgreed$21(ContractNegotiationProtocolServiceImpl.java:165)
	at org.eclipse.edc.transaction.local.LocalTransactionContext.execute(LocalTransactionContext.java:74)
	at org.eclipse.edc.connector.controlplane.services.contractnegotiation.ContractNegotiationProtocolServiceImpl.notifyAgreed(ContractNegotiationProtocolServiceImpl.java:162)
	at org.eclipse.edc.protocol.dsp.http.message.DspRequestHandlerImpl.updateResource(DspRequestHandlerImpl.java:204)
	at org.eclipse.edc.protocol.dsp.negotiation.http.api.controller.BaseDspNegotiationApiController.createAgreement(BaseDspNegotiationApiController.java:294)
	at java.base/jdk.internal.reflect.DirectMethodHandleAccessor.invoke(Unknown Source)
	at java.base/java.lang.reflect.Method.invoke(Unknown Source)
	at org.glassfish.jersey.server.model.internal.ResourceMethodInvocationHandlerFactory.lambda$static$0(ResourceMethodInvocationHandlerFactory.java:52)
	at org.glassfish.jersey.server.model.internal.AbstractJavaResourceMethodDispatcher$1.run(AbstractJavaResourceMethodDispatcher.java:146)
	at org.glassfish.jersey.server.model.internal.AbstractJavaResourceMethodDispatcher.invoke(AbstractJavaResourceMethodDispatcher.java:189)
	at org.glassfish.jersey.server.model.internal.JavaResourceMethodDispatcherProvider$ResponseOutInvoker.doDispatch(JavaResourceMethodDispatcherProvider.java:176)
	at org.glassfish.jersey.server.model.internal.AbstractJavaResourceMethodDispatcher.dispatch(AbstractJavaResourceMethodDispatcher.java:93)
	at org.glassfish.jersey.server.model.ResourceMethodInvoker.invoke(ResourceMethodInvoker.java:478)
	at org.glassfish.jersey.server.model.ResourceMethodInvoker.apply(ResourceMethodInvoker.java:400)
	at org.glassfish.jersey.server.model.ResourceMethodInvoker.apply(ResourceMethodInvoker.java:81)
	at org.glassfish.jersey.server.ServerRuntime$1.run(ServerRuntime.java:274)
	at org.glassfish.jersey.internal.Errors$1.call(Errors.java:248)
	at org.glassfish.jersey.internal.Errors$1.call(Errors.java:244)
	at org.glassfish.jersey.internal.Errors.process(Errors.java:292)
	at org.glassfish.jersey.internal.Errors.process(Errors.java:274)
	at org.glassfish.jersey.internal.Errors.process(Errors.java:244)
	at org.glassfish.jersey.process.internal.RequestScope.runInScope(RequestScope.java:266)
	at org.glassfish.jersey.server.ServerRuntime.process(ServerRuntime.java:253)
	at org.glassfish.jersey.server.ApplicationHandler.handle(ApplicationHandler.java:696)
	at org.glassfish.jersey.servlet.WebComponent.serviceImpl(WebComponent.java:397)
	at org.glassfish.jersey.servlet.WebComponent.service(WebComponent.java:349)
	at org.glassfish.jersey.servlet.ServletContainer.service(ServletContainer.java:358)
	at org.glassfish.jersey.servlet.ServletContainer.service(ServletContainer.java:312)
	at org.glassfish.jersey.servlet.ServletContainer.service(ServletContainer.java:205)
	at org.eclipse.jetty.ee10.servlet.ServletHolder.handle(ServletHolder.java:736)
	at org.eclipse.jetty.ee10.servlet.ServletHandler$ChainEnd.doFilter(ServletHandler.java:1622)
	at org.eclipse.jetty.ee10.servlet.ServletHandler$MappedServlet.handle(ServletHandler.java:1555)
	at org.eclipse.jetty.ee10.servlet.ServletChannel.dispatch(ServletChannel.java:823)
	at org.eclipse.jetty.ee10.servlet.ServletChannel.handle(ServletChannel.java:440)
	at org.eclipse.jetty.ee10.servlet.ServletHandler.handle(ServletHandler.java:470)
	at org.eclipse.jetty.server.handler.ContextHandler.handle(ContextHandler.java:1071)
	at org.eclipse.jetty.server.handler.ContextHandlerCollection.handle(ContextHandlerCollection.java:181)
	at org.eclipse.jetty.server.Server.handle(Server.java:182)
	at org.eclipse.jetty.server.internal.HttpChannelState$HandlerInvoker.run(HttpChannelState.java:678)
	at org.eclipse.jetty.server.internal.HttpConnection.onFillable(HttpConnection.java:416)
	at org.eclipse.jetty.io.AbstractConnection$ReadCallback.succeeded(AbstractConnection.java:322)
	at org.eclipse.jetty.io.FillInterest.fillable(FillInterest.java:99)
	at org.eclipse.jetty.io.SelectableChannelEndPoint$1.run(SelectableChannelEndPoint.java:53)
	at org.eclipse.jetty.util.thread.strategy.AdaptiveExecutionStrategy.runTask(AdaptiveExecutionStrategy.java:480)
	at org.eclipse.jetty.util.thread.strategy.AdaptiveExecutionStrategy.consumeTask(AdaptiveExecutionStrategy.java:443)
	at org.eclipse.jetty.util.thread.strategy.AdaptiveExecutionStrategy.tryProduce(AdaptiveExecutionStrategy.java:293)
	at org.eclipse.jetty.util.thread.strategy.AdaptiveExecutionStrategy.run(AdaptiveExecutionStrategy.java:201)
	at org.eclipse.jetty.util.thread.ReservedThreadExecutor$ReservedThread.run(ReservedThreadExecutor.java:311)
	at org.eclipse.jetty.util.thread.QueuedThreadPool.runJob(QueuedThreadPool.java:981)
	at org.eclipse.jetty.util.thread.QueuedThreadPool$Runner.doRunJob(QueuedThreadPool.java:1211)
	at org.eclipse.jetty.util.thread.QueuedThreadPool$Runner.run(QueuedThreadPool.java:1166)
	at java.base/java.lang.Thread.run(Unknown Source)
Caused by: java.lang.IllegalStateException: Entity is currently leased!
	at org.eclipse.edc.sql.lease.SqlLeaseContext.lambda$acquireLease$1(SqlLeaseContext.java:82)
	at org.eclipse.edc.transaction.local.LocalTransactionContext.lambda$execute$0(LocalTransactionContext.java:57)
	at org.eclipse.edc.transaction.local.LocalTransactionContext.execute(LocalTransactionContext.java:74)
	... 61 more
ERROR 2026-08-11T17:23:18.299514141 JerseyExtension: Unexpected exception caught
org.eclipse.edc.spi.EdcException: Entity is currently leased!
	at org.eclipse.edc.transaction.local.LocalTransactionContext.execute(LocalTransactionContext.java:81)
	at org.eclipse.edc.transaction.local.LocalTransactionContext.execute(LocalTransactionContext.java:56)
	at org.eclipse.edc.sql.lease.SqlLeaseContext.acquireLease(SqlLeaseContext.java:76)
	at org.eclipse.edc.connector.controlplane.store.sql.contractnegotiation.store.SqlContractNegotiationStore.lambda$findByIdAndLease$3(SqlContractNegotiationStore.java:110)
	at org.eclipse.edc.transaction.local.LocalTransactionContext.execute(LocalTransactionContext.java:74)
	at org.eclipse.edc.connector.controlplane.store.sql.contractnegotiation.store.SqlContractNegotiationStore.findByIdAndLease(SqlContractNegotiationStore.java:103)
	at org.eclipse.edc.connector.controlplane.services.contractnegotiation.ContractNegotiationProtocolServiceImpl.getAndLeaseNegotiation(ContractNegotiationProtocolServiceImpl.java:356)
	at org.eclipse.edc.connector.controlplane.services.contractnegotiation.ContractNegotiationProtocolServiceImpl.onMessageDo(ContractNegotiationProtocolServiceImpl.java:215)
	at org.eclipse.edc.connector.controlplane.services.contractnegotiation.ContractNegotiationProtocolServiceImpl.lambda$notifyAgreed$20(ContractNegotiationProtocolServiceImpl.java:165)
	at org.eclipse.edc.spi.result.AbstractResult.compose(AbstractResult.java:185)
	at org.eclipse.edc.connector.controlplane.services.contractnegotiation.ContractNegotiationProtocolServiceImpl.lambda$notifyAgreed$21(ContractNegotiationProtocolServiceImpl.java:165)
	at org.eclipse.edc.transaction.local.LocalTransactionContext.execute(LocalTransactionContext.java:74)
	at org.eclipse.edc.connector.controlplane.services.contractnegotiation.ContractNegotiationProtocolServiceImpl.notifyAgreed(ContractNegotiationProtocolServiceImpl.java:162)
	at org.eclipse.edc.protocol.dsp.http.message.DspRequestHandlerImpl.updateResource(DspRequestHandlerImpl.java:204)
	at org.eclipse.edc.protocol.dsp.negotiation.http.api.controller.BaseDspNegotiationApiController.createAgreement(BaseDspNegotiationApiController.java:294)
	at java.base/jdk.internal.reflect.DirectMethodHandleAccessor.invoke(Unknown Source)
	at java.base/java.lang.reflect.Method.invoke(Unknown Source)
	at org.glassfish.jersey.server.model.internal.ResourceMethodInvocationHandlerFactory.lambda$static$0(ResourceMethodInvocationHandlerFactory.java:52)
	at org.glassfish.jersey.server.model.internal.AbstractJavaResourceMethodDispatcher$1.run(AbstractJavaResourceMethodDispatcher.java:146)
	at org.glassfish.jersey.server.model.internal.AbstractJavaResourceMethodDispatcher.invoke(AbstractJavaResourceMethodDispatcher.java:189)
	at org.glassfish.jersey.server.model.internal.JavaResourceMethodDispatcherProvider$ResponseOutInvoker.doDispatch(JavaResourceMethodDispatcherProvider.java:176)
	at org.glassfish.jersey.server.model.internal.AbstractJavaResourceMethodDispatcher.dispatch(AbstractJavaResourceMethodDispatcher.java:93)
	at org.glassfish.jersey.server.model.ResourceMethodInvoker.invoke(ResourceMethodInvoker.java:478)
	at org.glassfish.jersey.server.model.ResourceMethodInvoker.apply(ResourceMethodInvoker.java:400)
	at org.glassfish.jersey.server.model.ResourceMethodInvoker.apply(ResourceMethodInvoker.java:81)
	at org.glassfish.jersey.server.ServerRuntime$1.run(ServerRuntime.java:274)
	at org.glassfish.jersey.internal.Errors$1.call(Errors.java:248)
	at org.glassfish.jersey.internal.Errors$1.call(Errors.java:244)
	at org.glassfish.jersey.internal.Errors.process(Errors.java:292)
	at org.glassfish.jersey.internal.Errors.process(Errors.java:274)
	at org.glassfish.jersey.internal.Errors.process(Errors.java:244)
	at org.glassfish.jersey.process.internal.RequestScope.runInScope(RequestScope.java:266)
	at org.glassfish.jersey.server.ServerRuntime.process(ServerRuntime.java:253)
	at org.glassfish.jersey.server.ApplicationHandler.handle(ApplicationHandler.java:696)
	at org.glassfish.jersey.servlet.WebComponent.serviceImpl(WebComponent.java:397)
	at org.glassfish.jersey.servlet.WebComponent.service(WebComponent.java:349)
	at org.glassfish.jersey.servlet.ServletContainer.service(ServletContainer.java:358)
	at org.glassfish.jersey.servlet.ServletContainer.service(ServletContainer.java:312)
	at org.glassfish.jersey.servlet.ServletContainer.service(ServletContainer.java:205)
	at org.eclipse.jetty.ee10.servlet.ServletHolder.handle(ServletHolder.java:736)
	at org.eclipse.jetty.ee10.servlet.ServletHandler$ChainEnd.doFilter(ServletHandler.java:1622)
	at org.eclipse.jetty.ee10.servlet.ServletHandler$MappedServlet.handle(ServletHandler.java:1555)
	at org.eclipse.jetty.ee10.servlet.ServletChannel.dispatch(ServletChannel.java:823)
	at org.eclipse.jetty.ee10.servlet.ServletChannel.handle(ServletChannel.java:440)
	at org.eclipse.jetty.ee10.servlet.ServletHandler.handle(ServletHandler.java:470)
	at org.eclipse.jetty.server.handler.ContextHandler.handle(ContextHandler.java:1071)
	at org.eclipse.jetty.server.handler.ContextHandlerCollection.handle(ContextHandlerCollection.java:181)
	at org.eclipse.jetty.server.Server.handle(Server.java:182)
	at org.eclipse.jetty.server.internal.HttpChannelState$HandlerInvoker.run(HttpChannelState.java:678)
	at org.eclipse.jetty.server.internal.HttpConnection.onFillable(HttpConnection.java:416)
	at org.eclipse.jetty.io.AbstractConnection$ReadCallback.succeeded(AbstractConnection.java:322)
	at org.eclipse.jetty.io.FillInterest.fillable(FillInterest.java:99)
	at org.eclipse.jetty.io.SelectableChannelEndPoint$1.run(SelectableChannelEndPoint.java:53)
	at org.eclipse.jetty.util.thread.strategy.AdaptiveExecutionStrategy.runTask(AdaptiveExecutionStrategy.java:480)
	at org.eclipse.jetty.util.thread.strategy.AdaptiveExecutionStrategy.consumeTask(AdaptiveExecutionStrategy.java:443)
	at org.eclipse.jetty.util.thread.strategy.AdaptiveExecutionStrategy.tryProduce(AdaptiveExecutionStrategy.java:293)
	at org.eclipse.jetty.util.thread.strategy.AdaptiveExecutionStrategy.run(AdaptiveExecutionStrategy.java:201)
	at org.eclipse.jetty.util.thread.ReservedThreadExecutor$ReservedThread.run(ReservedThreadExecutor.java:311)
	at org.eclipse.jetty.util.thread.QueuedThreadPool.runJob(QueuedThreadPool.java:981)
	at org.eclipse.jetty.util.thread.QueuedThreadPool$Runner.doRunJob(QueuedThreadPool.java:1211)
	at org.eclipse.jetty.util.thread.QueuedThreadPool$Runner.run(QueuedThreadPool.java:1166)
	at java.base/java.lang.Thread.run(Unknown Source)
Caused by: java.lang.IllegalStateException: Entity is currently leased!
	at org.eclipse.edc.sql.lease.SqlLeaseContext.lambda$acquireLease$1(SqlLeaseContext.java:82)
	at org.eclipse.edc.transaction.local.LocalTransactionContext.lambda$execute$0(LocalTransactionContext.java:57)
	at org.eclipse.edc.transaction.local.LocalTransactionContext.execute(LocalTransactionContext.java:74)
	... 61 more
ERROR 2026-08-11T17:23:22.804347622 JerseyExtension: Unexpected exception caught
org.eclipse.edc.spi.EdcException: Entity is currently leased!
	at org.eclipse.edc.transaction.local.LocalTransactionContext.execute(LocalTransactionContext.java:81)
	at org.eclipse.edc.transaction.local.LocalTransactionContext.execute(LocalTransactionContext.java:56)
	at org.eclipse.edc.sql.lease.SqlLeaseContext.acquireLease(SqlLeaseContext.java:76)
	at org.eclipse.edc.connector.controlplane.store.sql.contractnegotiation.store.SqlContractNegotiationStore.lambda$findByIdAndLease$3(SqlContractNegotiationStore.java:110)
	at org.eclipse.edc.transaction.local.LocalTransactionContext.execute(LocalTransactionContext.java:74)
	at org.eclipse.edc.connector.controlplane.store.sql.contractnegotiation.store.SqlContractNegotiationStore.findByIdAndLease(SqlContractNegotiationStore.java:103)
	at org.eclipse.edc.connector.controlplane.services.contractnegotiation.ContractNegotiationProtocolServiceImpl.getAndLeaseNegotiation(ContractNegotiationProtocolServiceImpl.java:356)
	at org.eclipse.edc.connector.controlplane.services.contractnegotiation.ContractNegotiationProtocolServiceImpl.onMessageDo(ContractNegotiationProtocolServiceImpl.java:215)
	at org.eclipse.edc.connector.controlplane.services.contractnegotiation.ContractNegotiationProtocolServiceImpl.lambda$notifyFinalized$30(ContractNegotiationProtocolServiceImpl.java:185)
	at org.eclipse.edc.spi.result.AbstractResult.compose(AbstractResult.java:185)
	at org.eclipse.edc.connector.controlplane.services.contractnegotiation.ContractNegotiationProtocolServiceImpl.lambda$notifyFinalized$31(ContractNegotiationProtocolServiceImpl.java:185)
	at org.eclipse.edc.transaction.local.LocalTransactionContext.execute(LocalTransactionContext.java:74)
	at org.eclipse.edc.connector.controlplane.services.contractnegotiation.ContractNegotiationProtocolServiceImpl.notifyFinalized(ContractNegotiationProtocolServiceImpl.java:182)
	at org.eclipse.edc.protocol.dsp.negotiation.http.api.controller.BaseDspNegotiationApiController.lambda$createEvent$1(BaseDspNegotiationApiController.java:183)
	at org.eclipse.edc.protocol.dsp.http.message.DspRequestHandlerImpl.updateResource(DspRequestHandlerImpl.java:204)
	at org.eclipse.edc.protocol.dsp.negotiation.http.api.controller.BaseDspNegotiationApiController.createEvent(BaseDspNegotiationApiController.java:190)
	at java.base/jdk.internal.reflect.DirectMethodHandleAccessor.invoke(Unknown Source)
	at java.base/java.lang.reflect.Method.invoke(Unknown Source)
	at org.glassfish.jersey.server.model.internal.ResourceMethodInvocationHandlerFactory.lambda$static$0(ResourceMethodInvocationHandlerFactory.java:52)
	at org.glassfish.jersey.server.model.internal.AbstractJavaResourceMethodDispatcher$1.run(AbstractJavaResourceMethodDispatcher.java:146)
	at org.glassfish.jersey.server.model.internal.AbstractJavaResourceMethodDispatcher.invoke(AbstractJavaResourceMethodDispatcher.java:189)
	at org.glassfish.jersey.server.model.internal.JavaResourceMethodDispatcherProvider$ResponseOutInvoker.doDispatch(JavaResourceMethodDispatcherProvider.java:176)
	at org.glassfish.jersey.server.model.internal.AbstractJavaResourceMethodDispatcher.dispatch(AbstractJavaResourceMethodDispatcher.java:93)
	at org.glassfish.jersey.server.model.ResourceMethodInvoker.invoke(ResourceMethodInvoker.java:478)
	at org.glassfish.jersey.server.model.ResourceMethodInvoker.apply(ResourceMethodInvoker.java:400)
	at org.glassfish.jersey.server.model.ResourceMethodInvoker.apply(ResourceMethodInvoker.java:81)
	at org.glassfish.jersey.server.ServerRuntime$1.run(ServerRuntime.java:274)
	at org.glassfish.jersey.internal.Errors$1.call(Errors.java:248)
	at org.glassfish.jersey.internal.Errors$1.call(Errors.java:244)
	at org.glassfish.jersey.internal.Errors.process(Errors.java:292)
	at org.glassfish.jersey.internal.Errors.process(Errors.java:274)
	at org.glassfish.jersey.internal.Errors.process(Errors.java:244)
	at org.glassfish.jersey.process.internal.RequestScope.runInScope(RequestScope.java:266)
	at org.glassfish.jersey.server.ServerRuntime.process(ServerRuntime.java:253)
	at org.glassfish.jersey.server.ApplicationHandler.handle(ApplicationHandler.java:696)
	at org.glassfish.jersey.servlet.WebComponent.serviceImpl(WebComponent.java:397)
	at org.glassfish.jersey.servlet.WebComponent.service(WebComponent.java:349)
	at org.glassfish.jersey.servlet.ServletContainer.service(ServletContainer.java:358)
	at org.glassfish.jersey.servlet.ServletContainer.service(ServletContainer.java:312)
	at org.glassfish.jersey.servlet.ServletContainer.service(ServletContainer.java:205)
	at org.eclipse.jetty.ee10.servlet.ServletHolder.handle(ServletHolder.java:736)
	at org.eclipse.jetty.ee10.servlet.ServletHandler$ChainEnd.doFilter(ServletHandler.java:1622)
	at org.eclipse.jetty.ee10.servlet.ServletHandler$MappedServlet.handle(ServletHandler.java:1555)
	at org.eclipse.jetty.ee10.servlet.ServletChannel.dispatch(ServletChannel.java:823)
	at org.eclipse.jetty.ee10.servlet.ServletChannel.handle(ServletChannel.java:440)
	at org.eclipse.jetty.ee10.servlet.ServletHandler.handle(ServletHandler.java:470)
	at org.eclipse.jetty.server.handler.ContextHandler.handle(ContextHandler.java:1071)
	at org.eclipse.jetty.server.handler.ContextHandlerCollection.handle(ContextHandlerCollection.java:181)
	at org.eclipse.jetty.server.Server.handle(Server.java:182)
	at org.eclipse.jetty.server.internal.HttpChannelState$HandlerInvoker.run(HttpChannelState.java:678)
	at org.eclipse.jetty.server.internal.HttpConnection.onFillable(HttpConnection.java:416)
	at org.eclipse.jetty.io.AbstractConnection$ReadCallback.succeeded(AbstractConnection.java:322)
	at org.eclipse.jetty.io.FillInterest.fillable(FillInterest.java:99)
	at org.eclipse.jetty.io.SelectableChannelEndPoint$1.run(SelectableChannelEndPoint.java:53)
	at org.eclipse.jetty.util.thread.strategy.AdaptiveExecutionStrategy.runTask(AdaptiveExecutionStrategy.java:480)
	at org.eclipse.jetty.util.thread.strategy.AdaptiveExecutionStrategy.consumeTask(AdaptiveExecutionStrategy.java:443)
	at org.eclipse.jetty.util.thread.strategy.AdaptiveExecutionStrategy.tryProduce(AdaptiveExecutionStrategy.java:293)
	at org.eclipse.jetty.util.thread.strategy.AdaptiveExecutionStrategy.run(AdaptiveExecutionStrategy.java:201)
	at org.eclipse.jetty.util.thread.ReservedThreadExecutor$ReservedThread.run(ReservedThreadExecutor.java:311)
	at org.eclipse.jetty.util.thread.QueuedThreadPool.runJob(QueuedThreadPool.java:981)
	at org.eclipse.jetty.util.thread.QueuedThreadPool$Runner.doRunJob(QueuedThreadPool.java:1211)
	at org.eclipse.jetty.util.thread.QueuedThreadPool$Runner.run(QueuedThreadPool.java:1166)
	at java.base/java.lang.Thread.run(Unknown Source)
Caused by: java.lang.IllegalStateException: Entity is currently leased!
	at org.eclipse.edc.sql.lease.SqlLeaseContext.lambda$acquireLease$1(SqlLeaseContext.java:82)
	at org.eclipse.edc.transaction.local.LocalTransactionContext.lambda$execute$0(LocalTransactionContext.java:57)
	at org.eclipse.edc.transaction.local.LocalTransactionContext.execute(LocalTransactionContext.java:74)
	... 62 more
ERROR 2026-08-11T17:24:28.108804591 JerseyExtension: Unexpected exception caught
org.eclipse.edc.spi.EdcException: Entity is currently leased!
	at org.eclipse.edc.transaction.local.LocalTransactionContext.execute(LocalTransactionContext.java:81)
	at org.eclipse.edc.transaction.local.LocalTransactionContext.execute(LocalTransactionContext.java:56)
	at org.eclipse.edc.sql.lease.SqlLeaseContext.acquireLease(SqlLeaseContext.java:76)
	at org.eclipse.edc.connector.controlplane.store.sql.contractnegotiation.store.SqlContractNegotiationStore.lambda$findByIdAndLease$3(SqlContractNegotiationStore.java:110)
	at org.eclipse.edc.transaction.local.LocalTransactionContext.execute(LocalTransactionContext.java:74)
	at org.eclipse.edc.connector.controlplane.store.sql.contractnegotiation.store.SqlContractNegotiationStore.findByIdAndLease(SqlContractNegotiationStore.java:103)
	at org.eclipse.edc.connector.controlplane.services.contractnegotiation.ContractNegotiationProtocolServiceImpl.getAndLeaseNegotiation(ContractNegotiationProtocolServiceImpl.java:356)
	at org.eclipse.edc.connector.controlplane.services.contractnegotiation.ContractNegotiationProtocolServiceImpl.onMessageDo(ContractNegotiationProtocolServiceImpl.java:215)
	at org.eclipse.edc.connector.controlplane.services.contractnegotiation.ContractNegotiationProtocolServiceImpl.lambda$notifyFinalized$30(ContractNegotiationProtocolServiceImpl.java:185)
	at org.eclipse.edc.spi.result.AbstractResult.compose(AbstractResult.java:185)
	at org.eclipse.edc.connector.controlplane.services.contractnegotiation.ContractNegotiationProtocolServiceImpl.lambda$notifyFinalized$31(ContractNegotiationProtocolServiceImpl.java:185)
	at org.eclipse.edc.transaction.local.LocalTransactionContext.execute(LocalTransactionContext.java:74)
	at org.eclipse.edc.connector.controlplane.services.contractnegotiation.ContractNegotiationProtocolServiceImpl.notifyFinalized(ContractNegotiationProtocolServiceImpl.java:182)
	at org.eclipse.edc.protocol.dsp.negotiation.http.api.controller.BaseDspNegotiationApiController.lambda$createEvent$1(BaseDspNegotiationApiController.java:183)
	at org.eclipse.edc.protocol.dsp.http.message.DspRequestHandlerImpl.updateResource(DspRequestHandlerImpl.java:204)
	at org.eclipse.edc.protocol.dsp.negotiation.http.api.controller.BaseDspNegotiationApiController.createEvent(BaseDspNegotiationApiController.java:190)
	at java.base/jdk.internal.reflect.DirectMethodHandleAccessor.invoke(Unknown Source)
	at java.base/java.lang.reflect.Method.invoke(Unknown Source)
	at org.glassfish.jersey.server.model.internal.ResourceMethodInvocationHandlerFactory.lambda$static$0(ResourceMethodInvocationHandlerFactory.java:52)
	at org.glassfish.jersey.server.model.internal.AbstractJavaResourceMethodDispatcher$1.run(AbstractJavaResourceMethodDispatcher.java:146)
	at org.glassfish.jersey.server.model.internal.AbstractJavaResourceMethodDispatcher.invoke(AbstractJavaResourceMethodDispatcher.java:189)
	at org.glassfish.jersey.server.model.internal.JavaResourceMethodDispatcherProvider$ResponseOutInvoker.doDispatch(JavaResourceMethodDispatcherProvider.java:176)
	at org.glassfish.jersey.server.model.internal.AbstractJavaResourceMethodDispatcher.dispatch(AbstractJavaResourceMethodDispatcher.java:93)
	at org.glassfish.jersey.server.model.ResourceMethodInvoker.invoke(ResourceMethodInvoker.java:478)
	at org.glassfish.jersey.server.model.ResourceMethodInvoker.apply(ResourceMethodInvoker.java:400)
	at org.glassfish.jersey.server.model.ResourceMethodInvoker.apply(ResourceMethodInvoker.java:81)
	at org.glassfish.jersey.server.ServerRuntime$1.run(ServerRuntime.java:274)
	at org.glassfish.jersey.internal.Errors$1.call(Errors.java:248)
	at org.glassfish.jersey.internal.Errors$1.call(Errors.java:244)
	at org.glassfish.jersey.internal.Errors.process(Errors.java:292)
	at org.glassfish.jersey.internal.Errors.process(Errors.java:274)
	at org.glassfish.jersey.internal.Errors.process(Errors.java:244)
	at org.glassfish.jersey.process.internal.RequestScope.runInScope(RequestScope.java:266)
	at org.glassfish.jersey.server.ServerRuntime.process(ServerRuntime.java:253)
	at org.glassfish.jersey.server.ApplicationHandler.handle(ApplicationHandler.java:696)
	at org.glassfish.jersey.servlet.WebComponent.serviceImpl(WebComponent.java:397)
	at org.glassfish.jersey.servlet.WebComponent.service(WebComponent.java:349)
	at org.glassfish.jersey.servlet.ServletContainer.service(ServletContainer.java:358)
	at org.glassfish.jersey.servlet.ServletContainer.service(ServletContainer.java:312)
	at org.glassfish.jersey.servlet.ServletContainer.service(ServletContainer.java:205)
	at org.eclipse.jetty.ee10.servlet.ServletHolder.handle(ServletHolder.java:736)
	at org.eclipse.jetty.ee10.servlet.ServletHandler$ChainEnd.doFilter(ServletHandler.java:1622)
	at org.eclipse.jetty.ee10.servlet.ServletHandler$MappedServlet.handle(ServletHandler.java:1555)
	at org.eclipse.jetty.ee10.servlet.ServletChannel.dispatch(ServletChannel.java:823)
	at org.eclipse.jetty.ee10.servlet.ServletChannel.handle(ServletChannel.java:440)
	at org.eclipse.jetty.ee10.servlet.ServletHandler.handle(ServletHandler.java:470)
	at org.eclipse.jetty.server.handler.ContextHandler.handle(ContextHandler.java:1071)
	at org.eclipse.jetty.server.handler.ContextHandlerCollection.handle(ContextHandlerCollection.java:181)
	at org.eclipse.jetty.server.Server.handle(Server.java:182)
	at org.eclipse.jetty.server.internal.HttpChannelState$HandlerInvoker.run(HttpChannelState.java:678)
	at org.eclipse.jetty.server.internal.HttpConnection.onFillable(HttpConnection.java:416)
	at org.eclipse.jetty.io.AbstractConnection$ReadCallback.succeeded(AbstractConnection.java:322)
	at org.eclipse.jetty.io.FillInterest.fillable(FillInterest.java:99)
	at org.eclipse.jetty.io.SelectableChannelEndPoint$1.run(SelectableChannelEndPoint.java:53)
	at org.eclipse.jetty.util.thread.strategy.AdaptiveExecutionStrategy.runTask(AdaptiveExecutionStrategy.java:480)
	at org.eclipse.jetty.util.thread.strategy.AdaptiveExecutionStrategy.consumeTask(AdaptiveExecutionStrategy.java:443)
	at org.eclipse.jetty.util.thread.strategy.AdaptiveExecutionStrategy.tryProduce(AdaptiveExecutionStrategy.java:293)
	at org.eclipse.jetty.util.thread.strategy.AdaptiveExecutionStrategy.run(AdaptiveExecutionStrategy.java:201)
	at org.eclipse.jetty.util.thread.ReservedThreadExecutor$ReservedThread.run(ReservedThreadExecutor.java:311)
	at org.eclipse.jetty.util.thread.QueuedThreadPool.runJob(QueuedThreadPool.java:981)
	at org.eclipse.jetty.util.thread.QueuedThreadPool$Runner.doRunJob(QueuedThreadPool.java:1211)
	at org.eclipse.jetty.util.thread.QueuedThreadPool$Runner.run(QueuedThreadPool.java:1166)
	at java.base/java.lang.Thread.run(Unknown Source)
Caused by: java.lang.IllegalStateException: Entity is currently leased!
	at org.eclipse.edc.sql.lease.SqlLeaseContext.lambda$acquireLease$1(SqlLeaseContext.java:82)
	at org.eclipse.edc.transaction.local.LocalTransactionContext.lambda$execute$0(LocalTransactionContext.java:57)
	at org.eclipse.edc.transaction.local.LocalTransactionContext.execute(LocalTransactionContext.java:74)
	... 62 more
ERROR 2026-08-11T17:24:28.149512794 JerseyExtension: Unexpected exception caught
org.eclipse.edc.spi.EdcException: Entity is currently leased!
	at org.eclipse.edc.transaction.local.LocalTransactionContext.execute(LocalTransactionContext.java:81)
	at org.eclipse.edc.transaction.local.LocalTransactionContext.execute(LocalTransactionContext.java:56)
	at org.eclipse.edc.sql.lease.SqlLeaseContext.acquireLease(SqlLeaseContext.java:76)
	at org.eclipse.edc.connector.controlplane.store.sql.transferprocess.store.SqlTransferProcessStore.lambda$findByIdAndLease$3(SqlTransferProcessStore.java:114)
	at org.eclipse.edc.transaction.local.LocalTransactionContext.execute(LocalTransactionContext.java:74)
	at org.eclipse.edc.connector.controlplane.store.sql.transferprocess.store.SqlTransferProcessStore.findByIdAndLease(SqlTransferProcessStore.java:107)
	at org.eclipse.edc.connector.controlplane.services.transferprocess.TransferProcessProtocolServiceImpl.findAndLease(TransferProcessProtocolServiceImpl.java:315)
	at org.eclipse.edc.connector.controlplane.services.transferprocess.TransferProcessProtocolServiceImpl.onMessageDo(TransferProcessProtocolServiceImpl.java:291)
	at org.eclipse.edc.connector.controlplane.services.transferprocess.TransferProcessProtocolServiceImpl.lambda$notifyStarted$7(TransferProcessProtocolServiceImpl.java:107)
	at org.eclipse.edc.spi.result.AbstractResult.compose(AbstractResult.java:185)
	at org.eclipse.edc.connector.controlplane.services.transferprocess.TransferProcessProtocolServiceImpl.lambda$notifyStarted$8(TransferProcessProtocolServiceImpl.java:107)
	at org.eclipse.edc.transaction.local.LocalTransactionContext.execute(LocalTransactionContext.java:74)
	at org.eclipse.edc.connector.controlplane.services.transferprocess.TransferProcessProtocolServiceImpl.notifyStarted(TransferProcessProtocolServiceImpl.java:105)
	at org.eclipse.edc.protocol.dsp.http.message.DspRequestHandlerImpl.updateResource(DspRequestHandlerImpl.java:204)
	at org.eclipse.edc.protocol.dsp.transferprocess.http.api.controller.BaseDspTransferProcessApiController.transferProcessStart(BaseDspTransferProcessApiController.java:130)
	at java.base/jdk.internal.reflect.DirectMethodHandleAccessor.invoke(Unknown Source)
	at java.base/java.lang.reflect.Method.invoke(Unknown Source)
	at org.glassfish.jersey.server.model.internal.ResourceMethodInvocationHandlerFactory.lambda$static$0(ResourceMethodInvocationHandlerFactory.java:52)
	at org.glassfish.jersey.server.model.internal.AbstractJavaResourceMethodDispatcher$1.run(AbstractJavaResourceMethodDispatcher.java:146)
	at org.glassfish.jersey.server.model.internal.AbstractJavaResourceMethodDispatcher.invoke(AbstractJavaResourceMethodDispatcher.java:189)
	at org.glassfish.jersey.server.model.internal.JavaResourceMethodDispatcherProvider$ResponseOutInvoker.doDispatch(JavaResourceMethodDispatcherProvider.java:176)
	at org.glassfish.jersey.server.model.internal.AbstractJavaResourceMethodDispatcher.dispatch(AbstractJavaResourceMethodDispatcher.java:93)
	at org.glassfish.jersey.server.model.ResourceMethodInvoker.invoke(ResourceMethodInvoker.java:478)
	at org.glassfish.jersey.server.model.ResourceMethodInvoker.apply(ResourceMethodInvoker.java:400)
	at org.glassfish.jersey.server.model.ResourceMethodInvoker.apply(ResourceMethodInvoker.java:81)
	at org.glassfish.jersey.server.ServerRuntime$1.run(ServerRuntime.java:274)
	at org.glassfish.jersey.internal.Errors$1.call(Errors.java:248)
	at org.glassfish.jersey.internal.Errors$1.call(Errors.java:244)
	at org.glassfish.jersey.internal.Errors.process(Errors.java:292)
	at org.glassfish.jersey.internal.Errors.process(Errors.java:274)
	at org.glassfish.jersey.internal.Errors.process(Errors.java:244)
	at org.glassfish.jersey.process.internal.RequestScope.runInScope(RequestScope.java:266)
	at org.glassfish.jersey.server.ServerRuntime.process(ServerRuntime.java:253)
	at org.glassfish.jersey.server.ApplicationHandler.handle(ApplicationHandler.java:696)
	at org.glassfish.jersey.servlet.WebComponent.serviceImpl(WebComponent.java:397)
	at org.glassfish.jersey.servlet.WebComponent.service(WebComponent.java:349)
	at org.glassfish.jersey.servlet.ServletContainer.service(ServletContainer.java:358)
	at org.glassfish.jersey.servlet.ServletContainer.service(ServletContainer.java:312)
	at org.glassfish.jersey.servlet.ServletContainer.service(ServletContainer.java:205)
	at org.eclipse.jetty.ee10.servlet.ServletHolder.handle(ServletHolder.java:736)
	at org.eclipse.jetty.ee10.servlet.ServletHandler$ChainEnd.doFilter(ServletHandler.java:1622)
	at org.eclipse.jetty.ee10.servlet.ServletHandler$MappedServlet.handle(ServletHandler.java:1555)
	at org.eclipse.jetty.ee10.servlet.ServletChannel.dispatch(ServletChannel.java:823)
	at org.eclipse.jetty.ee10.servlet.ServletChannel.handle(ServletChannel.java:440)
	at org.eclipse.jetty.ee10.servlet.ServletHandler.handle(ServletHandler.java:470)
	at org.eclipse.jetty.server.handler.ContextHandler.handle(ContextHandler.java:1071)
	at org.eclipse.jetty.server.handler.ContextHandlerCollection.handle(ContextHandlerCollection.java:181)
	at org.eclipse.jetty.server.Server.handle(Server.java:182)
	at org.eclipse.jetty.server.internal.HttpChannelState$HandlerInvoker.run(HttpChannelState.java:678)
	at org.eclipse.jetty.server.internal.HttpConnection.onFillable(HttpConnection.java:416)
	at org.eclipse.jetty.io.AbstractConnection$ReadCallback.succeeded(AbstractConnection.java:322)
	at org.eclipse.jetty.io.FillInterest.fillable(FillInterest.java:99)
	at org.eclipse.jetty.io.SelectableChannelEndPoint$1.run(SelectableChannelEndPoint.java:53)
	at org.eclipse.jetty.util.thread.strategy.AdaptiveExecutionStrategy.runTask(AdaptiveExecutionStrategy.java:480)
	at org.eclipse.jetty.util.thread.strategy.AdaptiveExecutionStrategy.consumeTask(AdaptiveExecutionStrategy.java:443)
	at org.eclipse.jetty.util.thread.strategy.AdaptiveExecutionStrategy.tryProduce(AdaptiveExecutionStrategy.java:293)
	at org.eclipse.jetty.util.thread.strategy.AdaptiveExecutionStrategy.run(AdaptiveExecutionStrategy.java:201)
	at org.eclipse.jetty.util.thread.ReservedThreadExecutor$ReservedThread.run(ReservedThreadExecutor.java:311)
	at org.eclipse.jetty.util.thread.QueuedThreadPool.runJob(QueuedThreadPool.java:981)
	at org.eclipse.jetty.util.thread.QueuedThreadPool$Runner.doRunJob(QueuedThreadPool.java:1211)
	at org.eclipse.jetty.util.thread.QueuedThreadPool$Runner.run(QueuedThreadPool.java:1166)
	at java.base/java.lang.Thread.run(Unknown Source)
Caused by: java.lang.IllegalStateException: Entity is currently leased!
	at org.eclipse.edc.sql.lease.SqlLeaseContext.lambda$acquireLease$1(SqlLeaseContext.java:82)
	at org.eclipse.edc.transaction.local.LocalTransactionContext.lambda$execute$0(LocalTransactionContext.java:57)
	at org.eclipse.edc.transaction.local.LocalTransactionContext.execute(LocalTransactionContext.java:74)
	... 61 more
ERROR 2026-08-11T17:24:38.954090992 JerseyExtension: Unexpected exception caught
org.eclipse.edc.spi.EdcException: Entity is currently leased!
	at org.eclipse.edc.transaction.local.LocalTransactionContext.execute(LocalTransactionContext.java:81)
	at org.eclipse.edc.transaction.local.LocalTransactionContext.execute(LocalTransactionContext.java:56)
	at org.eclipse.edc.sql.lease.SqlLeaseContext.acquireLease(SqlLeaseContext.java:76)
	at org.eclipse.edc.connector.controlplane.store.sql.contractnegotiation.store.SqlContractNegotiationStore.lambda$findByIdAndLease$3(SqlContractNegotiationStore.java:110)
	at org.eclipse.edc.transaction.local.LocalTransactionContext.execute(LocalTransactionContext.java:74)
	at org.eclipse.edc.connector.controlplane.store.sql.contractnegotiation.store.SqlContractNegotiationStore.findByIdAndLease(SqlContractNegotiationStore.java:103)
	at org.eclipse.edc.connector.controlplane.services.contractnegotiation.ContractNegotiationProtocolServiceImpl.getAndLeaseNegotiation(ContractNegotiationProtocolServiceImpl.java:356)
	at org.eclipse.edc.connector.controlplane.services.contractnegotiation.ContractNegotiationProtocolServiceImpl.onMessageDo(ContractNegotiationProtocolServiceImpl.java:215)
	at org.eclipse.edc.connector.controlplane.services.contractnegotiation.ContractNegotiationProtocolServiceImpl.lambda$notifyFinalized$30(ContractNegotiationProtocolServiceImpl.java:185)
	at org.eclipse.edc.spi.result.AbstractResult.compose(AbstractResult.java:185)
	at org.eclipse.edc.connector.controlplane.services.contractnegotiation.ContractNegotiationProtocolServiceImpl.lambda$notifyFinalized$31(ContractNegotiationProtocolServiceImpl.java:185)
	at org.eclipse.edc.transaction.local.LocalTransactionContext.execute(LocalTransactionContext.java:74)
	at org.eclipse.edc.connector.controlplane.services.contractnegotiation.ContractNegotiationProtocolServiceImpl.notifyFinalized(ContractNegotiationProtocolServiceImpl.java:182)
	at org.eclipse.edc.protocol.dsp.negotiation.http.api.controller.BaseDspNegotiationApiController.lambda$createEvent$1(BaseDspNegotiationApiController.java:183)
	at org.eclipse.edc.protocol.dsp.http.message.DspRequestHandlerImpl.updateResource(DspRequestHandlerImpl.java:204)
	at org.eclipse.edc.protocol.dsp.negotiation.http.api.controller.BaseDspNegotiationApiController.createEvent(BaseDspNegotiationApiController.java:190)
	at java.base/jdk.internal.reflect.DirectMethodHandleAccessor.invoke(Unknown Source)
	at java.base/java.lang.reflect.Method.invoke(Unknown Source)
	at org.glassfish.jersey.server.model.internal.ResourceMethodInvocationHandlerFactory.lambda$static$0(ResourceMethodInvocationHandlerFactory.java:52)
	at org.glassfish.jersey.server.model.internal.AbstractJavaResourceMethodDispatcher$1.run(AbstractJavaResourceMethodDispatcher.java:146)
	at org.glassfish.jersey.server.model.internal.AbstractJavaResourceMethodDispatcher.invoke(AbstractJavaResourceMethodDispatcher.java:189)
	at org.glassfish.jersey.server.model.internal.JavaResourceMethodDispatcherProvider$ResponseOutInvoker.doDispatch(JavaResourceMethodDispatcherProvider.java:176)
	at org.glassfish.jersey.server.model.internal.AbstractJavaResourceMethodDispatcher.dispatch(AbstractJavaResourceMethodDispatcher.java:93)
	at org.glassfish.jersey.server.model.ResourceMethodInvoker.invoke(ResourceMethodInvoker.java:478)
	at org.glassfish.jersey.server.model.ResourceMethodInvoker.apply(ResourceMethodInvoker.java:400)
	at org.glassfish.jersey.server.model.ResourceMethodInvoker.apply(ResourceMethodInvoker.java:81)
	at org.glassfish.jersey.server.ServerRuntime$1.run(ServerRuntime.java:274)
	at org.glassfish.jersey.internal.Errors$1.call(Errors.java:248)
	at org.glassfish.jersey.internal.Errors$1.call(Errors.java:244)
	at org.glassfish.jersey.internal.Errors.process(Errors.java:292)
	at org.glassfish.jersey.internal.Errors.process(Errors.java:274)
	at org.glassfish.jersey.internal.Errors.process(Errors.java:244)
	at org.glassfish.jersey.process.internal.RequestScope.runInScope(RequestScope.java:266)
	at org.glassfish.jersey.server.ServerRuntime.process(ServerRuntime.java:253)
	at org.glassfish.jersey.server.ApplicationHandler.handle(ApplicationHandler.java:696)
	at org.glassfish.jersey.servlet.WebComponent.serviceImpl(WebComponent.java:397)
	at org.glassfish.jersey.servlet.WebComponent.service(WebComponent.java:349)
	at org.glassfish.jersey.servlet.ServletContainer.service(ServletContainer.java:358)
	at org.glassfish.jersey.servlet.ServletContainer.service(ServletContainer.java:312)
	at org.glassfish.jersey.servlet.ServletContainer.service(ServletContainer.java:205)
	at org.eclipse.jetty.ee10.servlet.ServletHolder.handle(ServletHolder.java:736)
	at org.eclipse.jetty.ee10.servlet.ServletHandler$ChainEnd.doFilter(ServletHandler.java:1622)
	at org.eclipse.jetty.ee10.servlet.ServletHandler$MappedServlet.handle(ServletHandler.java:1555)
	at org.eclipse.jetty.ee10.servlet.ServletChannel.dispatch(ServletChannel.java:823)
	at org.eclipse.jetty.ee10.servlet.ServletChannel.handle(ServletChannel.java:440)
	at org.eclipse.jetty.ee10.servlet.ServletHandler.handle(ServletHandler.java:470)
	at org.eclipse.jetty.server.handler.ContextHandler.handle(ContextHandler.java:1071)
	at org.eclipse.jetty.server.handler.ContextHandlerCollection.handle(ContextHandlerCollection.java:181)
	at org.eclipse.jetty.server.Server.handle(Server.java:182)
	at org.eclipse.jetty.server.internal.HttpChannelState$HandlerInvoker.run(HttpChannelState.java:678)
	at org.eclipse.jetty.server.internal.HttpConnection.onFillable(HttpConnection.java:416)
	at org.eclipse.jetty.io.AbstractConnection$ReadCallback.succeeded(AbstractConnection.java:322)
	at org.eclipse.jetty.io.FillInterest.fillable(FillInterest.java:99)
	at org.eclipse.jetty.io.SelectableChannelEndPoint$1.run(SelectableChannelEndPoint.java:53)
	at org.eclipse.jetty.util.thread.strategy.AdaptiveExecutionStrategy.runTask(AdaptiveExecutionStrategy.java:480)
	at org.eclipse.jetty.util.thread.strategy.AdaptiveExecutionStrategy.consumeTask(AdaptiveExecutionStrategy.java:443)
	at org.eclipse.jetty.util.thread.strategy.AdaptiveExecutionStrategy.tryProduce(AdaptiveExecutionStrategy.java:293)
	at org.eclipse.jetty.util.thread.strategy.AdaptiveExecutionStrategy.run(AdaptiveExecutionStrategy.java:201)
	at org.eclipse.jetty.util.thread.ReservedThreadExecutor$ReservedThread.run(ReservedThreadExecutor.java:311)
	at org.eclipse.jetty.util.thread.QueuedThreadPool.runJob(QueuedThreadPool.java:981)
	at org.eclipse.jetty.util.thread.QueuedThreadPool$Runner.doRunJob(QueuedThreadPool.java:1211)
	at org.eclipse.jetty.util.thread.QueuedThreadPool$Runner.run(QueuedThreadPool.java:1166)
	at java.base/java.lang.Thread.run(Unknown Source)
Caused by: java.lang.IllegalStateException: Entity is currently leased!
	at org.eclipse.edc.sql.lease.SqlLeaseContext.lambda$acquireLease$1(SqlLeaseContext.java:82)
	at org.eclipse.edc.transaction.local.LocalTransactionContext.lambda$execute$0(LocalTransactionContext.java:57)
	at org.eclipse.edc.transaction.local.LocalTransactionContext.execute(LocalTransactionContext.java:74)
	... 62 more
ERROR 2026-08-11T17:24:41.064593705 JerseyExtension: Unexpected exception caught
org.eclipse.edc.spi.EdcException: Entity is currently leased!
	at org.eclipse.edc.transaction.local.LocalTransactionContext.execute(LocalTransactionContext.java:81)
	at org.eclipse.edc.transaction.local.LocalTransactionContext.execute(LocalTransactionContext.java:56)
	at org.eclipse.edc.sql.lease.SqlLeaseContext.acquireLease(SqlLeaseContext.java:76)
	at org.eclipse.edc.connector.controlplane.store.sql.contractnegotiation.store.SqlContractNegotiationStore.lambda$findByIdAndLease$3(SqlContractNegotiationStore.java:110)
	at org.eclipse.edc.transaction.local.LocalTransactionContext.execute(LocalTransactionContext.java:74)
	at org.eclipse.edc.connector.controlplane.store.sql.contractnegotiation.store.SqlContractNegotiationStore.findByIdAndLease(SqlContractNegotiationStore.java:103)
	at org.eclipse.edc.connector.controlplane.services.contractnegotiation.ContractNegotiationProtocolServiceImpl.getAndLeaseNegotiation(ContractNegotiationProtocolServiceImpl.java:356)
	at org.eclipse.edc.connector.controlplane.services.contractnegotiation.ContractNegotiationProtocolServiceImpl.onMessageDo(ContractNegotiationProtocolServiceImpl.java:215)
	at org.eclipse.edc.connector.controlplane.services.contractnegotiation.ContractNegotiationProtocolServiceImpl.lambda$notifyAgreed$20(ContractNegotiationProtocolServiceImpl.java:165)
	at org.eclipse.edc.spi.result.AbstractResult.compose(AbstractResult.java:185)
	at org.eclipse.edc.connector.controlplane.services.contractnegotiation.ContractNegotiationProtocolServiceImpl.lambda$notifyAgreed$21(ContractNegotiationProtocolServiceImpl.java:165)
	at org.eclipse.edc.transaction.local.LocalTransactionContext.execute(LocalTransactionContext.java:74)
	at org.eclipse.edc.connector.controlplane.services.contractnegotiation.ContractNegotiationProtocolServiceImpl.notifyAgreed(ContractNegotiationProtocolServiceImpl.java:162)
	at org.eclipse.edc.protocol.dsp.http.message.DspRequestHandlerImpl.updateResource(DspRequestHandlerImpl.java:204)
	at org.eclipse.edc.protocol.dsp.negotiation.http.api.controller.BaseDspNegotiationApiController.createAgreement(BaseDspNegotiationApiController.java:294)
	at java.base/jdk.internal.reflect.DirectMethodHandleAccessor.invoke(Unknown Source)
	at java.base/java.lang.reflect.Method.invoke(Unknown Source)
	at org.glassfish.jersey.server.model.internal.ResourceMethodInvocationHandlerFactory.lambda$static$0(ResourceMethodInvocationHandlerFactory.java:52)
	at org.glassfish.jersey.server.model.internal.AbstractJavaResourceMethodDispatcher$1.run(AbstractJavaResourceMethodDispatcher.java:146)
	at org.glassfish.jersey.server.model.internal.AbstractJavaResourceMethodDispatcher.invoke(AbstractJavaResourceMethodDispatcher.java:189)
	at org.glassfish.jersey.server.model.internal.JavaResourceMethodDispatcherProvider$ResponseOutInvoker.doDispatch(JavaResourceMethodDispatcherProvider.java:176)
	at org.glassfish.jersey.server.model.internal.AbstractJavaResourceMethodDispatcher.dispatch(AbstractJavaResourceMethodDispatcher.java:93)
	at org.glassfish.jersey.server.model.ResourceMethodInvoker.invoke(ResourceMethodInvoker.java:478)
	at org.glassfish.jersey.server.model.ResourceMethodInvoker.apply(ResourceMethodInvoker.java:400)
	at org.glassfish.jersey.server.model.ResourceMethodInvoker.apply(ResourceMethodInvoker.java:81)
	at org.glassfish.jersey.server.ServerRuntime$1.run(ServerRuntime.java:274)
	at org.glassfish.jersey.internal.Errors$1.call(Errors.java:248)
	at org.glassfish.jersey.internal.Errors$1.call(Errors.java:244)
	at org.glassfish.jersey.internal.Errors.process(Errors.java:292)
	at org.glassfish.jersey.internal.Errors.process(Errors.java:274)
	at org.glassfish.jersey.internal.Errors.process(Errors.java:244)
	at org.glassfish.jersey.process.internal.RequestScope.runInScope(RequestScope.java:266)
	at org.glassfish.jersey.server.ServerRuntime.process(ServerRuntime.java:253)
	at org.glassfish.jersey.server.ApplicationHandler.handle(ApplicationHandler.java:696)
	at org.glassfish.jersey.servlet.WebComponent.serviceImpl(WebComponent.java:397)
	at org.glassfish.jersey.servlet.WebComponent.service(WebComponent.java:349)
	at org.glassfish.jersey.servlet.ServletContainer.service(ServletContainer.java:358)
	at org.glassfish.jersey.servlet.ServletContainer.service(ServletContainer.java:312)
	at org.glassfish.jersey.servlet.ServletContainer.service(ServletContainer.java:205)
	at org.eclipse.jetty.ee10.servlet.ServletHolder.handle(ServletHolder.java:736)
	at org.eclipse.jetty.ee10.servlet.ServletHandler$ChainEnd.doFilter(ServletHandler.java:1622)
	at org.eclipse.jetty.ee10.servlet.ServletHandler$MappedServlet.handle(ServletHandler.java:1555)
	at org.eclipse.jetty.ee10.servlet.ServletChannel.dispatch(ServletChannel.java:823)
	at org.eclipse.jetty.ee10.servlet.ServletChannel.handle(ServletChannel.java:440)
	at org.eclipse.jetty.ee10.servlet.ServletHandler.handle(ServletHandler.java:470)
	at org.eclipse.jetty.server.handler.ContextHandler.handle(ContextHandler.java:1071)
	at org.eclipse.jetty.server.handler.ContextHandlerCollection.handle(ContextHandlerCollection.java:181)
	at org.eclipse.jetty.server.Server.handle(Server.java:182)
	at org.eclipse.jetty.server.internal.HttpChannelState$HandlerInvoker.run(HttpChannelState.java:678)
	at org.eclipse.jetty.server.internal.HttpConnection.onFillable(HttpConnection.java:416)
	at org.eclipse.jetty.io.AbstractConnection$ReadCallback.succeeded(AbstractConnection.java:322)
	at org.eclipse.jetty.io.FillInterest.fillable(FillInterest.java:99)
	at org.eclipse.jetty.io.SelectableChannelEndPoint$1.run(SelectableChannelEndPoint.java:53)
	at org.eclipse.jetty.util.thread.strategy.AdaptiveExecutionStrategy.runTask(AdaptiveExecutionStrategy.java:480)
	at org.eclipse.jetty.util.thread.strategy.AdaptiveExecutionStrategy.consumeTask(AdaptiveExecutionStrategy.java:443)
	at org.eclipse.jetty.util.thread.strategy.AdaptiveExecutionStrategy.tryProduce(AdaptiveExecutionStrategy.java:293)
	at org.eclipse.jetty.util.thread.strategy.AdaptiveExecutionStrategy.run(AdaptiveExecutionStrategy.java:201)
	at org.eclipse.jetty.util.thread.ReservedThreadExecutor$ReservedThread.run(ReservedThreadExecutor.java:311)
	at org.eclipse.jetty.util.thread.QueuedThreadPool.runJob(QueuedThreadPool.java:981)
	at org.eclipse.jetty.util.thread.QueuedThreadPool$Runner.doRunJob(QueuedThreadPool.java:1211)
	at org.eclipse.jetty.util.thread.QueuedThreadPool$Runner.run(QueuedThreadPool.java:1166)
	at java.base/java.lang.Thread.run(Unknown Source)
Caused by: java.lang.IllegalStateException: Entity is currently leased!
	at org.eclipse.edc.sql.lease.SqlLeaseContext.lambda$acquireLease$1(SqlLeaseContext.java:82)
	at org.eclipse.edc.transaction.local.LocalTransactionContext.lambda$execute$0(LocalTransactionContext.java:57)
	at org.eclipse.edc.transaction.local.LocalTransactionContext.execute(LocalTransactionContext.java:74)
	... 61 more
ERROR 2026-08-11T17:24:45.328442840 JerseyExtension: Unexpected exception caught
org.eclipse.edc.spi.EdcException: Entity is currently leased!
	at org.eclipse.edc.transaction.local.LocalTransactionContext.execute(LocalTransactionContext.java:81)
	at org.eclipse.edc.transaction.local.LocalTransactionContext.execute(LocalTransactionContext.java:56)
	at org.eclipse.edc.sql.lease.SqlLeaseContext.acquireLease(SqlLeaseContext.java:76)
	at org.eclipse.edc.connector.controlplane.store.sql.contractnegotiation.store.SqlContractNegotiationStore.lambda$findByIdAndLease$3(SqlContractNegotiationStore.java:110)
	at org.eclipse.edc.transaction.local.LocalTransactionContext.execute(LocalTransactionContext.java:74)
	at org.eclipse.edc.connector.controlplane.store.sql.contractnegotiation.store.SqlContractNegotiationStore.findByIdAndLease(SqlContractNegotiationStore.java:103)
	at org.eclipse.edc.connector.controlplane.services.contractnegotiation.ContractNegotiationProtocolServiceImpl.getAndLeaseNegotiation(ContractNegotiationProtocolServiceImpl.java:356)
	at org.eclipse.edc.connector.controlplane.services.contractnegotiation.ContractNegotiationProtocolServiceImpl.onMessageDo(ContractNegotiationProtocolServiceImpl.java:215)
	at org.eclipse.edc.connector.controlplane.services.contractnegotiation.ContractNegotiationProtocolServiceImpl.lambda$notifyAgreed$20(ContractNegotiationProtocolServiceImpl.java:165)
	at org.eclipse.edc.spi.result.AbstractResult.compose(AbstractResult.java:185)
	at org.eclipse.edc.connector.controlplane.services.contractnegotiation.ContractNegotiationProtocolServiceImpl.lambda$notifyAgreed$21(ContractNegotiationProtocolServiceImpl.java:165)
	at org.eclipse.edc.transaction.local.LocalTransactionContext.execute(LocalTransactionContext.java:74)
	at org.eclipse.edc.connector.controlplane.services.contractnegotiation.ContractNegotiationProtocolServiceImpl.notifyAgreed(ContractNegotiationProtocolServiceImpl.java:162)
	at org.eclipse.edc.protocol.dsp.http.message.DspRequestHandlerImpl.updateResource(DspRequestHandlerImpl.java:204)
	at org.eclipse.edc.protocol.dsp.negotiation.http.api.controller.BaseDspNegotiationApiController.createAgreement(BaseDspNegotiationApiController.java:294)
	at java.base/jdk.internal.reflect.DirectMethodHandleAccessor.invoke(Unknown Source)
	at java.base/java.lang.reflect.Method.invoke(Unknown Source)
	at org.glassfish.jersey.server.model.internal.ResourceMethodInvocationHandlerFactory.lambda$static$0(ResourceMethodInvocationHandlerFactory.java:52)
	at org.glassfish.jersey.server.model.internal.AbstractJavaResourceMethodDispatcher$1.run(AbstractJavaResourceMethodDispatcher.java:146)
	at org.glassfish.jersey.server.model.internal.AbstractJavaResourceMethodDispatcher.invoke(AbstractJavaResourceMethodDispatcher.java:189)
	at org.glassfish.jersey.server.model.internal.JavaResourceMethodDispatcherProvider$ResponseOutInvoker.doDispatch(JavaResourceMethodDispatcherProvider.java:176)
	at org.glassfish.jersey.server.model.internal.AbstractJavaResourceMethodDispatcher.dispatch(AbstractJavaResourceMethodDispatcher.java:93)
	at org.glassfish.jersey.server.model.ResourceMethodInvoker.invoke(ResourceMethodInvoker.java:478)
	at org.glassfish.jersey.server.model.ResourceMethodInvoker.apply(ResourceMethodInvoker.java:400)
	at org.glassfish.jersey.server.model.ResourceMethodInvoker.apply(ResourceMethodInvoker.java:81)
	at org.glassfish.jersey.server.ServerRuntime$1.run(ServerRuntime.java:274)
	at org.glassfish.jersey.internal.Errors$1.call(Errors.java:248)
	at org.glassfish.jersey.internal.Errors$1.call(Errors.java:244)
	at org.glassfish.jersey.internal.Errors.process(Errors.java:292)
	at org.glassfish.jersey.internal.Errors.process(Errors.java:274)
	at org.glassfish.jersey.internal.Errors.process(Errors.java:244)
	at org.glassfish.jersey.process.internal.RequestScope.runInScope(RequestScope.java:266)
	at org.glassfish.jersey.server.ServerRuntime.process(ServerRuntime.java:253)
	at org.glassfish.jersey.server.ApplicationHandler.handle(ApplicationHandler.java:696)
	at org.glassfish.jersey.servlet.WebComponent.serviceImpl(WebComponent.java:397)
	at org.glassfish.jersey.servlet.WebComponent.service(WebComponent.java:349)
	at org.glassfish.jersey.servlet.ServletContainer.service(ServletContainer.java:358)
	at org.glassfish.jersey.servlet.ServletContainer.service(ServletContainer.java:312)
	at org.glassfish.jersey.servlet.ServletContainer.service(ServletContainer.java:205)
	at org.eclipse.jetty.ee10.servlet.ServletHolder.handle(ServletHolder.java:736)
	at org.eclipse.jetty.ee10.servlet.ServletHandler$ChainEnd.doFilter(ServletHandler.java:1622)
	at org.eclipse.jetty.ee10.servlet.ServletHandler$MappedServlet.handle(ServletHandler.java:1555)
	at org.eclipse.jetty.ee10.servlet.ServletChannel.dispatch(ServletChannel.java:823)
	at org.eclipse.jetty.ee10.servlet.ServletChannel.handle(ServletChannel.java:440)
	at org.eclipse.jetty.ee10.servlet.ServletHandler.handle(ServletHandler.java:470)
	at org.eclipse.jetty.server.handler.ContextHandler.handle(ContextHandler.java:1071)
	at org.eclipse.jetty.server.handler.ContextHandlerCollection.handle(ContextHandlerCollection.java:181)
	at org.eclipse.jetty.server.Server.handle(Server.java:182)
	at org.eclipse.jetty.server.internal.HttpChannelState$HandlerInvoker.run(HttpChannelState.java:678)
	at org.eclipse.jetty.server.internal.HttpConnection.onFillable(HttpConnection.java:416)
	at org.eclipse.jetty.io.AbstractConnection$ReadCallback.succeeded(AbstractConnection.java:322)
	at org.eclipse.jetty.io.FillInterest.fillable(FillInterest.java:99)
	at org.eclipse.jetty.io.SelectableChannelEndPoint$1.run(SelectableChannelEndPoint.java:53)
	at org.eclipse.jetty.util.thread.strategy.AdaptiveExecutionStrategy.runTask(AdaptiveExecutionStrategy.java:480)
	at org.eclipse.jetty.util.thread.strategy.AdaptiveExecutionStrategy.consumeTask(AdaptiveExecutionStrategy.java:443)
	at org.eclipse.jetty.util.thread.strategy.AdaptiveExecutionStrategy.tryProduce(AdaptiveExecutionStrategy.java:293)
	at org.eclipse.jetty.util.thread.strategy.AdaptiveExecutionStrategy.run(AdaptiveExecutionStrategy.java:201)
	at org.eclipse.jetty.util.thread.ReservedThreadExecutor$ReservedThread.run(ReservedThreadExecutor.java:311)
	at org.eclipse.jetty.util.thread.QueuedThreadPool.runJob(QueuedThreadPool.java:981)
	at org.eclipse.jetty.util.thread.QueuedThreadPool$Runner.doRunJob(QueuedThreadPool.java:1211)
	at org.eclipse.jetty.util.thread.QueuedThreadPool$Runner.run(QueuedThreadPool.java:1166)
	at java.base/java.lang.Thread.run(Unknown Source)
Caused by: java.lang.IllegalStateException: Entity is currently leased!
	at org.eclipse.edc.sql.lease.SqlLeaseContext.lambda$acquireLease$1(SqlLeaseContext.java:82)
	at org.eclipse.edc.transaction.local.LocalTransactionContext.lambda$execute$0(LocalTransactionContext.java:57)
	at org.eclipse.edc.transaction.local.LocalTransactionContext.execute(LocalTransactionContext.java:74)
	... 61 more
